

================================================================
== Vitis HLS Report for 'pageRankReduce_Pipeline_VITIS_LOOP_38_2'
================================================================
* Date:           Wed Apr  1 20:05:05 2026

* Version:        2025.1 (Build 6135595 on May 21 2025)
* Project:        pagerankreduce
* Solution:       hls (Vivado IP Flow Target)
* Product family: virtexuplusHBM
* Target device:  xcu55c-fsvh2892-2LV-e


================================================================
== Performance Estimates
================================================================
+ Timing: 
    * Summary: 
    +--------+---------+----------+------------+
    |  Clock |  Target | Estimated| Uncertainty|
    +--------+---------+----------+------------+
    |ap_clk  |  4.00 ns|  1.654 ns|     1.08 ns|
    +--------+---------+----------+------------+

+ Latency: 
    * Summary: 
    +---------+---------+----------+----------+-----+-----+------------------------------------------------+
    |  Latency (cycles) |  Latency (absolute) |  Interval |                    Pipeline                    |
    |   min   |   max   |    min   |    max   | min | max |                      Type                      |
    +---------+---------+----------+----------+-----+-----+------------------------------------------------+
    |        ?|        ?|         ?|         ?|    0|    0|  loop auto-rewind stp (delay=0 clock cycles(s))|
    +---------+---------+----------+----------+-----+-----+------------------------------------------------+

    + Detail: 
        * Instance: 
        N/A

        * Loop: 
        +-------------------+---------+---------+----------+-----------+-----------+------+----------+
        |                   |  Latency (cycles) | Iteration|  Initiation Interval  | Trip |          |
        |     Loop Name     |   min   |   max   |  Latency |  achieved |   target  | Count| Pipelined|
        +-------------------+---------+---------+----------+-----------+-----------+------+----------+
        |- VITIS_LOOP_38_2  |        ?|        ?|         2|          1|          1|     ?|       yes|
        +-------------------+---------+---------+----------+-----------+-----------+------+----------+

============================================================
+ Verbose Summary: Synthesis Manager
============================================================
InlineROM: 1
ExposeGlobal: 0
============================================================
+ Verbose Summary: CDFG Model
============================================================
IsTopModel: 0
ResetActiveHigh: 1
IsCombinational: 0
IsDatapathOnly: 0
HasWiredReturn: 1
HasMFsm: 2
HasVarLatency: 1
IsPipeline: 0
IsRtlPipelined: 0
IsInstanceOverlapped: 0
IsDontTouch: 0
HasImplIP: 0
IsGatedGlobalClock: 0

+ Individual pipeline summary: 
  * Pipeline-0: initiation interval (II) = 1, depth = 2


============================================================
+ Verbose Summary: Schedule
============================================================
* Number of FSM states : 2
* Pipeline : 1
  Pipeline-0 : II = 1, D = 2, States = { 1 2 }
* Dataflow Pipeline: 0

* FSM state transitions: 
1 --> 2 
2 --> 

* FSM state operations: 

State 1 <SV = 0> <Delay = 1.65>
ST_1 : Operation 5 [1/1] (0.00ns)   --->   "%vmap_task_vertex = alloca i32 1" [pageRank.cpp:40]   --->   Operation 5 'alloca' 'vmap_task_vertex' <Predicate = true> <Delay = 0.00>
ST_1 : Operation 6 [1/1] (0.00ns)   --->   "%specinterface_ln0 = specinterface void @_ssdm_op_SpecInterface, i512 %taskOutGlobal, void @empty, i32 0, i32 0, void @empty_0, i32 0, i32 0, void @empty_1, void @empty_1, void @empty_1, i32 0, i32 0, i32 0, i32 0, void @empty_1, void @empty_1, i32 4294967295, i32 0, i32 0"   --->   Operation 6 'specinterface' 'specinterface_ln0' <Predicate = true> <Delay = 0.00>
ST_1 : Operation 7 [1/1] (0.00ns)   --->   "%base_task_pPrNext_read = read i64 @_ssdm_op_Read.ap_auto.i64, i64 %base_task_pPrNext"   --->   Operation 7 'read' 'base_task_pPrNext_read' <Predicate = true> <Delay = 0.00>
ST_1 : Operation 8 [1/1] (0.00ns)   --->   "%tmp = read i512 @_ssdm_op_Read.ap_auto.i512, i512 %empty"   --->   Operation 8 'read' 'tmp' <Predicate = true> <Delay = 0.00>
ST_1 : Operation 9 [1/1] (0.00ns)   --->   "%base_task_vertex_count_read = read i32 @_ssdm_op_Read.ap_auto.i32, i32 %base_task_vertex_count"   --->   Operation 9 'read' 'base_task_vertex_count_read' <Predicate = true> <Delay = 0.00>
ST_1 : Operation 10 [1/1] (0.38ns)   --->   "%store_ln40 = store i32 0, i32 %vmap_task_vertex" [pageRank.cpp:40]   --->   Operation 10 'store' 'store_ln40' <Predicate = true> <Delay = 0.38>
ST_1 : Operation 11 [1/1] (0.00ns)   --->   "%br_ln0 = br void %for.inc"   --->   Operation 11 'br' 'br_ln0' <Predicate = true> <Delay = 0.00>
ST_1 : Operation 12 [1/1] (0.00ns)   --->   "%i_2 = load i32 %vmap_task_vertex" [pageRank.cpp:38]   --->   Operation 12 'load' 'i_2' <Predicate = true> <Delay = 0.00>
ST_1 : Operation 13 [1/1] (0.88ns)   --->   "%icmp_ln38 = icmp_eq  i32 %i_2, i32 %base_task_vertex_count_read" [pageRank.cpp:38]   --->   Operation 13 'icmp' 'icmp_ln38' <Predicate = true> <Delay = 0.88> <CoreInst = "Cmp">   --->   Core 9 'Cmp' <Latency = 0> <II = 1> <Delay = 0.88> <FuncUnit> <Opcode : 'seteq' 'setne' 'setle' 'setge' 'setlt' 'setgt'> <InPorts = 2> <OutPorts = 1>
ST_1 : Operation 14 [1/1] (0.00ns)   --->   "%br_ln38 = br i1 %icmp_ln38, void %for.inc.split, void %for.end.exitStub" [pageRank.cpp:38]   --->   Operation 14 'br' 'br_ln38' <Predicate = true> <Delay = 0.00>
ST_1 : Operation 15 [1/1] (0.88ns)   --->   "%i = add i32 %i_2, i32 1" [pageRank.cpp:38]   --->   Operation 15 'add' 'i' <Predicate = (!icmp_ln38)> <Delay = 0.88> <CoreInst = "Adder">   --->   Core 1 'Adder' <Latency = 0> <II = 1> <Delay = 0.88> <FuncUnit> <Opcode : 'add' 'sub'> <InPorts = 2> <OutPorts = 1>
ST_1 : Operation 16 [1/1] (0.38ns)   --->   "%store_ln40 = store i32 %i, i32 %vmap_task_vertex" [pageRank.cpp:40]   --->   Operation 16 'store' 'store_ln40' <Predicate = (!icmp_ln38)> <Delay = 0.38>
ST_1 : Operation 28 [1/1] (0.38ns)   --->   "%ret_ln0 = ret"   --->   Operation 28 'ret' 'ret_ln0' <Predicate = (icmp_ln38)> <Delay = 0.38>

State 2 <SV = 1> <Delay = 0.84>
ST_2 : Operation 17 [1/1] (0.00ns)   --->   "%specpipeline_ln39 = specpipeline void @_ssdm_op_SpecPipeline, i32 1, i32 0, i32 0, i32 0, void @empty_1" [pageRank.cpp:39]   --->   Operation 17 'specpipeline' 'specpipeline_ln39' <Predicate = true> <Delay = 0.00>
ST_2 : Operation 18 [1/1] (0.00ns)   --->   "%specloopname_ln38 = specloopname void @_ssdm_op_SpecLoopName, void @empty_3" [pageRank.cpp:38]   --->   Operation 18 'specloopname' 'specloopname_ln38' <Predicate = true> <Delay = 0.00>
ST_2 : Operation 19 [1/1] (0.00ns)   --->   "%tmp1 = partselect i64 @_ssdm_op_PartSelect.i64.i512.i32.i32, i512 %tmp, i32 64, i32 127" [pageRank.cpp:50]   --->   Operation 19 'partselect' 'tmp1' <Predicate = true> <Delay = 0.00>
ST_2 : Operation 20 [1/1] (0.00ns)   --->   "%tmp_s = partselect i64 @_ssdm_op_PartSelect.i64.i512.i32.i32, i512 %tmp, i32 128, i32 191" [pageRank.cpp:50]   --->   Operation 20 'partselect' 'tmp_s' <Predicate = true> <Delay = 0.00>
ST_2 : Operation 21 [1/1] (0.00ns)   --->   "%tmp_1 = partselect i32 @_ssdm_op_PartSelect.i32.i512.i32.i32, i512 %tmp, i32 320, i32 351" [pageRank.cpp:50]   --->   Operation 21 'partselect' 'tmp_1' <Predicate = true> <Delay = 0.00>
ST_2 : Operation 22 [1/1] (0.00ns)   --->   "%tmp_2 = partselect i32 @_ssdm_op_PartSelect.i32.i512.i32.i32, i512 %tmp, i32 384, i32 415" [pageRank.cpp:50]   --->   Operation 22 'partselect' 'tmp_2' <Predicate = true> <Delay = 0.00>
ST_2 : Operation 23 [1/1] (0.00ns)   --->   "%tmp_3 = partselect i64 @_ssdm_op_PartSelect.i64.i512.i32.i32, i512 %tmp, i32 448, i32 511" [pageRank.cpp:50]   --->   Operation 23 'partselect' 'tmp_3' <Predicate = true> <Delay = 0.00>
ST_2 : Operation 24 [1/1] (0.00ns)   --->   "%or_ln50_3 = bitconcatenate i352 @_ssdm_op_BitConcatenate.i352.i32.i32.i32.i64.i64.i64.i64, i32 %tmp_1, i32 %tmp_2, i32 %i_2, i64 %tmp1, i64 %tmp_3, i64 %tmp_s, i64 %base_task_pPrNext_read" [pageRank.cpp:50]   --->   Operation 24 'bitconcatenate' 'or_ln50_3' <Predicate = true> <Delay = 0.00>
ST_2 : Operation 25 [1/1] (0.00ns)   --->   "%zext_ln50 = zext i352 %or_ln50_3" [pageRank.cpp:50]   --->   Operation 25 'zext' 'zext_ln50' <Predicate = true> <Delay = 0.00>
ST_2 : Operation 26 [1/1] (0.84ns)   --->   "%write_ln50 = write void @_ssdm_op_Write.axis.volatile.i512P128A, i512 %taskOutGlobal, i512 %zext_ln50" [pageRank.cpp:50]   --->   Operation 26 'write' 'write_ln50' <Predicate = true> <Delay = 0.84> <CoreInst = "regslice">   --->   Core 147 'regslice' <Latency = 0> <II = 1> <Delay = 0.99> <Adapter> <Opcode : 'read' 'write'>
ST_2 : Operation 27 [1/1] (0.00ns)   --->   "%br_ln38 = br void %for.inc" [pageRank.cpp:38]   --->   Operation 27 'br' 'br_ln38' <Predicate = true> <Delay = 0.00>


============================================================
+ Verbose Summary: Binding
============================================================
STG Binding: 
---------------- STG Properties BEGIN ----------------
- Is combinational: 0
- Is one-state seq: 0
- Is datapath-only: 0
- Is pipelined: 0
- Is top level: 0
Port [ Return ] is wired: 1; IO mode=ap_ctrl_hs:ce=0
Port [ base_task_vertex_count]:  wired=1; compound=0; hidden=0; nouse=0; global=0; static=0; extern=0; dir=0; type=0; pingpong=0; private_global=0; IO mode=ap_none:ce=0
Port [ empty]:  wired=1; compound=0; hidden=0; nouse=0; global=0; static=0; extern=0; dir=0; type=0; pingpong=0; private_global=0; IO mode=ap_none:ce=0
Port [ base_task_pPrNext]:  wired=1; compound=0; hidden=0; nouse=0; global=0; static=0; extern=0; dir=0; type=0; pingpong=0; private_global=0; IO mode=ap_none:ce=0
Port [ taskOutGlobal]:  wired=1; compound=1; hidden=0; nouse=0; global=0; static=0; extern=0; dir=1; type=0; pingpong=0; private_global=0; IO mode=axis:ce=0
---------------- STG Properties END ------------------

---------------- Datapath Model BEGIN ----------------

<LifeTime>
<method=bitvector/>
vmap_task_vertex            (alloca        ) [ 010]
specinterface_ln0           (specinterface ) [ 000]
base_task_pPrNext_read      (read          ) [ 011]
tmp                         (read          ) [ 011]
base_task_vertex_count_read (read          ) [ 000]
store_ln40                  (store         ) [ 000]
br_ln0                      (br            ) [ 000]
i_2                         (load          ) [ 011]
icmp_ln38                   (icmp          ) [ 010]
br_ln38                     (br            ) [ 000]
i                           (add           ) [ 000]
store_ln40                  (store         ) [ 000]
specpipeline_ln39           (specpipeline  ) [ 000]
specloopname_ln38           (specloopname  ) [ 000]
tmp1                        (partselect    ) [ 000]
tmp_s                       (partselect    ) [ 000]
tmp_1                       (partselect    ) [ 000]
tmp_2                       (partselect    ) [ 000]
tmp_3                       (partselect    ) [ 000]
or_ln50_3                   (bitconcatenate) [ 000]
zext_ln50                   (zext          ) [ 000]
write_ln50                  (write         ) [ 000]
br_ln38                     (br            ) [ 000]
ret_ln0                     (ret           ) [ 000]
</LifeTime>

<model>

<comp_list>
<comp id="0" class="1000" name="base_task_vertex_count">
<pin_list>
<pin id="1" dir="1" index="0" bw="1" slack="0"/>
</pin_list>
<bind>
<StgValue><ssdm name="base_task_vertex_count"/></StgValue>
</bind>
</comp>

<comp id="2" class="1000" name="empty">
<pin_list>
<pin id="3" dir="1" index="0" bw="1" slack="0"/>
</pin_list>
<bind>
<StgValue><ssdm name="empty"/></StgValue>
</bind>
</comp>

<comp id="4" class="1000" name="base_task_pPrNext">
<pin_list>
<pin id="5" dir="1" index="0" bw="1" slack="0"/>
</pin_list>
<bind>
<StgValue><ssdm name="base_task_pPrNext"/></StgValue>
</bind>
</comp>

<comp id="6" class="1000" name="taskOutGlobal">
<pin_list>
<pin id="7" dir="1" index="0" bw="1" slack="0"/>
</pin_list>
<bind>
<StgValue><ssdm name="taskOutGlobal"/></StgValue>
</bind>
</comp>

<comp id="8" class="1001" name="const_8">
<pin_list>
<pin id="9" dir="1" index="0" bw="1" slack="0"/>
</pin_list>
<bind>
<StgValue><ssdm name=""/></StgValue>
</bind>
</comp>

<comp id="10" class="1001" name="const_10">
<pin_list>
<pin id="11" dir="1" index="0" bw="1" slack="2147483647"/>
</pin_list>
<bind>
<StgValue><ssdm name="_ssdm_op_SpecInterface"/></StgValue>
</bind>
</comp>

<comp id="12" class="1001" name="const_12">
<pin_list>
<pin id="13" dir="1" index="0" bw="1" slack="2147483647"/>
</pin_list>
<bind>
<StgValue><ssdm name="empty"/></StgValue>
</bind>
</comp>

<comp id="14" class="1001" name="const_14">
<pin_list>
<pin id="15" dir="1" index="0" bw="1" slack="0"/>
</pin_list>
<bind>
<StgValue><ssdm name=""/></StgValue>
</bind>
</comp>

<comp id="16" class="1001" name="const_16">
<pin_list>
<pin id="17" dir="1" index="0" bw="1" slack="2147483647"/>
</pin_list>
<bind>
<StgValue><ssdm name="empty_0"/></StgValue>
</bind>
</comp>

<comp id="18" class="1001" name="const_18">
<pin_list>
<pin id="19" dir="1" index="0" bw="1" slack="2147483647"/>
</pin_list>
<bind>
<StgValue><ssdm name="empty_1"/></StgValue>
</bind>
</comp>

<comp id="20" class="1001" name="const_20">
<pin_list>
<pin id="21" dir="1" index="0" bw="1" slack="2147483647"/>
</pin_list>
<bind>
<StgValue><ssdm name=""/></StgValue>
</bind>
</comp>

<comp id="22" class="1001" name="const_22">
<pin_list>
<pin id="23" dir="1" index="0" bw="1" slack="0"/>
</pin_list>
<bind>
<StgValue><ssdm name="_ssdm_op_Read.ap_auto.i64"/></StgValue>
</bind>
</comp>

<comp id="24" class="1001" name="const_24">
<pin_list>
<pin id="25" dir="1" index="0" bw="1" slack="0"/>
</pin_list>
<bind>
<StgValue><ssdm name="_ssdm_op_Read.ap_auto.i512"/></StgValue>
</bind>
</comp>

<comp id="26" class="1001" name="const_26">
<pin_list>
<pin id="27" dir="1" index="0" bw="1" slack="0"/>
</pin_list>
<bind>
<StgValue><ssdm name="_ssdm_op_Read.ap_auto.i32"/></StgValue>
</bind>
</comp>

<comp id="28" class="1001" name="const_28">
<pin_list>
<pin id="29" dir="1" index="0" bw="1" slack="2147483647"/>
</pin_list>
<bind>
<StgValue><ssdm name="_ssdm_op_SpecPipeline"/></StgValue>
</bind>
</comp>

<comp id="30" class="1001" name="const_30">
<pin_list>
<pin id="31" dir="1" index="0" bw="1" slack="2147483647"/>
</pin_list>
<bind>
<StgValue><ssdm name="_ssdm_op_SpecLoopName"/></StgValue>
</bind>
</comp>

<comp id="32" class="1001" name="const_32">
<pin_list>
<pin id="33" dir="1" index="0" bw="1" slack="2147483647"/>
</pin_list>
<bind>
<StgValue><ssdm name="empty_3"/></StgValue>
</bind>
</comp>

<comp id="34" class="1001" name="const_34">
<pin_list>
<pin id="35" dir="1" index="0" bw="1" slack="0"/>
</pin_list>
<bind>
<StgValue><ssdm name="_ssdm_op_PartSelect.i64.i512.i32.i32"/></StgValue>
</bind>
</comp>

<comp id="36" class="1001" name="const_36">
<pin_list>
<pin id="37" dir="1" index="0" bw="1" slack="0"/>
</pin_list>
<bind>
<StgValue><ssdm name=""/></StgValue>
</bind>
</comp>

<comp id="38" class="1001" name="const_38">
<pin_list>
<pin id="39" dir="1" index="0" bw="1" slack="0"/>
</pin_list>
<bind>
<StgValue><ssdm name=""/></StgValue>
</bind>
</comp>

<comp id="40" class="1001" name="const_40">
<pin_list>
<pin id="41" dir="1" index="0" bw="1" slack="0"/>
</pin_list>
<bind>
<StgValue><ssdm name=""/></StgValue>
</bind>
</comp>

<comp id="42" class="1001" name="const_42">
<pin_list>
<pin id="43" dir="1" index="0" bw="1" slack="0"/>
</pin_list>
<bind>
<StgValue><ssdm name=""/></StgValue>
</bind>
</comp>

<comp id="44" class="1001" name="const_44">
<pin_list>
<pin id="45" dir="1" index="0" bw="1" slack="0"/>
</pin_list>
<bind>
<StgValue><ssdm name="_ssdm_op_PartSelect.i32.i512.i32.i32"/></StgValue>
</bind>
</comp>

<comp id="46" class="1001" name="const_46">
<pin_list>
<pin id="47" dir="1" index="0" bw="1" slack="0"/>
</pin_list>
<bind>
<StgValue><ssdm name=""/></StgValue>
</bind>
</comp>

<comp id="48" class="1001" name="const_48">
<pin_list>
<pin id="49" dir="1" index="0" bw="1" slack="0"/>
</pin_list>
<bind>
<StgValue><ssdm name=""/></StgValue>
</bind>
</comp>

<comp id="50" class="1001" name="const_50">
<pin_list>
<pin id="51" dir="1" index="0" bw="1" slack="0"/>
</pin_list>
<bind>
<StgValue><ssdm name=""/></StgValue>
</bind>
</comp>

<comp id="52" class="1001" name="const_52">
<pin_list>
<pin id="53" dir="1" index="0" bw="1" slack="0"/>
</pin_list>
<bind>
<StgValue><ssdm name=""/></StgValue>
</bind>
</comp>

<comp id="54" class="1001" name="const_54">
<pin_list>
<pin id="55" dir="1" index="0" bw="1" slack="0"/>
</pin_list>
<bind>
<StgValue><ssdm name=""/></StgValue>
</bind>
</comp>

<comp id="56" class="1001" name="const_56">
<pin_list>
<pin id="57" dir="1" index="0" bw="1" slack="0"/>
</pin_list>
<bind>
<StgValue><ssdm name=""/></StgValue>
</bind>
</comp>

<comp id="58" class="1001" name="const_58">
<pin_list>
<pin id="59" dir="1" index="0" bw="1" slack="0"/>
</pin_list>
<bind>
<StgValue><ssdm name="_ssdm_op_BitConcatenate.i352.i32.i32.i32.i64.i64.i64.i64"/></StgValue>
</bind>
</comp>

<comp id="60" class="1001" name="const_60">
<pin_list>
<pin id="61" dir="1" index="0" bw="1" slack="0"/>
</pin_list>
<bind>
<StgValue><ssdm name="_ssdm_op_Write.axis.volatile.i512P128A"/></StgValue>
</bind>
</comp>

<comp id="62" class="1004" name="vmap_task_vertex_fu_62">
<pin_list>
<pin id="63" dir="0" index="0" bw="1" slack="0"/>
<pin id="64" dir="1" index="1" bw="32" slack="0"/>
</pin_list>
<bind>
<opcode="alloca(26) " fcode="alloca"/>
<opset="vmap_task_vertex/1 "/>
</bind>
</comp>

<comp id="66" class="1004" name="base_task_pPrNext_read_read_fu_66">
<pin_list>
<pin id="67" dir="0" index="0" bw="64" slack="0"/>
<pin id="68" dir="0" index="1" bw="64" slack="0"/>
<pin id="69" dir="1" index="2" bw="64" slack="1"/>
</pin_list>
<bind>
<opcode="read(1150) " fcode="read"/>
<opset="base_task_pPrNext_read/1 "/>
</bind>
</comp>

<comp id="72" class="1004" name="tmp_read_fu_72">
<pin_list>
<pin id="73" dir="0" index="0" bw="512" slack="0"/>
<pin id="74" dir="0" index="1" bw="512" slack="0"/>
<pin id="75" dir="1" index="2" bw="512" slack="1"/>
</pin_list>
<bind>
<opcode="read(1150) " fcode="read"/>
<opset="tmp/1 "/>
</bind>
</comp>

<comp id="78" class="1004" name="base_task_vertex_count_read_read_fu_78">
<pin_list>
<pin id="79" dir="0" index="0" bw="32" slack="0"/>
<pin id="80" dir="0" index="1" bw="32" slack="0"/>
<pin id="81" dir="1" index="2" bw="32" slack="0"/>
</pin_list>
<bind>
<opcode="read(1150) " fcode="read"/>
<opset="base_task_vertex_count_read/1 "/>
</bind>
</comp>

<comp id="84" class="1004" name="write_ln50_write_fu_84">
<pin_list>
<pin id="85" dir="0" index="0" bw="0" slack="0"/>
<pin id="86" dir="0" index="1" bw="512" slack="0"/>
<pin id="87" dir="0" index="2" bw="352" slack="0"/>
<pin id="88" dir="1" index="3" bw="0" slack="2147483647"/>
</pin_list>
<bind>
<opcode="write(1151) " fcode="write"/>
<opset="write_ln50/2 "/>
</bind>
</comp>

<comp id="91" class="1004" name="store_ln40_store_fu_91">
<pin_list>
<pin id="92" dir="0" index="0" bw="1" slack="0"/>
<pin id="93" dir="0" index="1" bw="32" slack="0"/>
<pin id="94" dir="1" index="2" bw="0" slack="2147483647"/>
</pin_list>
<bind>
<opcode="store(28) " fcode="store"/>
<opset="store_ln40/1 "/>
</bind>
</comp>

<comp id="96" class="1004" name="i_2_load_fu_96">
<pin_list>
<pin id="97" dir="0" index="0" bw="32" slack="0"/>
<pin id="98" dir="1" index="1" bw="32" slack="0"/>
</pin_list>
<bind>
<opcode="load(27) " fcode="load"/>
<opset="i_2/1 "/>
</bind>
</comp>

<comp id="99" class="1004" name="icmp_ln38_fu_99">
<pin_list>
<pin id="100" dir="0" index="0" bw="32" slack="0"/>
<pin id="101" dir="0" index="1" bw="32" slack="0"/>
<pin id="102" dir="1" index="2" bw="1" slack="2147483647"/>
</pin_list>
<bind>
<opcode="icmp(45) " fcode="icmp"/>
<opset="icmp_ln38/1 "/>
</bind>
</comp>

<comp id="105" class="1004" name="i_fu_105">
<pin_list>
<pin id="106" dir="0" index="0" bw="32" slack="0"/>
<pin id="107" dir="0" index="1" bw="1" slack="0"/>
<pin id="108" dir="1" index="2" bw="32" slack="0"/>
</pin_list>
<bind>
<opcode="add(8) " fcode="add"/>
<opset="i/1 "/>
</bind>
</comp>

<comp id="111" class="1004" name="store_ln40_store_fu_111">
<pin_list>
<pin id="112" dir="0" index="0" bw="32" slack="0"/>
<pin id="113" dir="0" index="1" bw="32" slack="0"/>
<pin id="114" dir="1" index="2" bw="0" slack="2147483647"/>
</pin_list>
<bind>
<opcode="store(28) " fcode="store"/>
<opset="store_ln40/1 "/>
</bind>
</comp>

<comp id="116" class="1004" name="tmp1_fu_116">
<pin_list>
<pin id="117" dir="0" index="0" bw="64" slack="0"/>
<pin id="118" dir="0" index="1" bw="512" slack="1"/>
<pin id="119" dir="0" index="2" bw="8" slack="0"/>
<pin id="120" dir="0" index="3" bw="8" slack="0"/>
<pin id="121" dir="1" index="4" bw="64" slack="0"/>
</pin_list>
<bind>
<opcode="partselect(1002) " fcode="partselect"/>
<opset="tmp1/2 "/>
</bind>
</comp>

<comp id="125" class="1004" name="tmp_s_fu_125">
<pin_list>
<pin id="126" dir="0" index="0" bw="64" slack="0"/>
<pin id="127" dir="0" index="1" bw="512" slack="1"/>
<pin id="128" dir="0" index="2" bw="9" slack="0"/>
<pin id="129" dir="0" index="3" bw="9" slack="0"/>
<pin id="130" dir="1" index="4" bw="64" slack="0"/>
</pin_list>
<bind>
<opcode="partselect(1002) " fcode="partselect"/>
<opset="tmp_s/2 "/>
</bind>
</comp>

<comp id="134" class="1004" name="tmp_1_fu_134">
<pin_list>
<pin id="135" dir="0" index="0" bw="32" slack="0"/>
<pin id="136" dir="0" index="1" bw="512" slack="1"/>
<pin id="137" dir="0" index="2" bw="10" slack="0"/>
<pin id="138" dir="0" index="3" bw="10" slack="0"/>
<pin id="139" dir="1" index="4" bw="32" slack="0"/>
</pin_list>
<bind>
<opcode="partselect(1002) " fcode="partselect"/>
<opset="tmp_1/2 "/>
</bind>
</comp>

<comp id="143" class="1004" name="tmp_2_fu_143">
<pin_list>
<pin id="144" dir="0" index="0" bw="32" slack="0"/>
<pin id="145" dir="0" index="1" bw="512" slack="1"/>
<pin id="146" dir="0" index="2" bw="10" slack="0"/>
<pin id="147" dir="0" index="3" bw="10" slack="0"/>
<pin id="148" dir="1" index="4" bw="32" slack="0"/>
</pin_list>
<bind>
<opcode="partselect(1002) " fcode="partselect"/>
<opset="tmp_2/2 "/>
</bind>
</comp>

<comp id="152" class="1004" name="tmp_3_fu_152">
<pin_list>
<pin id="153" dir="0" index="0" bw="64" slack="0"/>
<pin id="154" dir="0" index="1" bw="512" slack="1"/>
<pin id="155" dir="0" index="2" bw="10" slack="0"/>
<pin id="156" dir="0" index="3" bw="10" slack="0"/>
<pin id="157" dir="1" index="4" bw="64" slack="0"/>
</pin_list>
<bind>
<opcode="partselect(1002) " fcode="partselect"/>
<opset="tmp_3/2 "/>
</bind>
</comp>

<comp id="161" class="1004" name="or_ln50_3_fu_161">
<pin_list>
<pin id="162" dir="0" index="0" bw="352" slack="0"/>
<pin id="163" dir="0" index="1" bw="32" slack="0"/>
<pin id="164" dir="0" index="2" bw="32" slack="0"/>
<pin id="165" dir="0" index="3" bw="32" slack="1"/>
<pin id="166" dir="0" index="4" bw="64" slack="0"/>
<pin id="167" dir="0" index="5" bw="64" slack="0"/>
<pin id="168" dir="0" index="6" bw="64" slack="0"/>
<pin id="169" dir="0" index="7" bw="64" slack="1"/>
<pin id="170" dir="1" index="8" bw="352" slack="0"/>
</pin_list>
<bind>
<opcode="bitconcatenate(1004) " fcode="bitconcatenate"/>
<opset="or_ln50_3/2 "/>
</bind>
</comp>

<comp id="177" class="1004" name="zext_ln50_fu_177">
<pin_list>
<pin id="178" dir="0" index="0" bw="352" slack="0"/>
<pin id="179" dir="1" index="1" bw="512" slack="0"/>
</pin_list>
<bind>
<opcode="zext(34) " fcode="zext"/>
<opset="zext_ln50/2 "/>
</bind>
</comp>

<comp id="182" class="1005" name="vmap_task_vertex_reg_182">
<pin_list>
<pin id="183" dir="0" index="0" bw="32" slack="0"/>
<pin id="184" dir="1" index="1" bw="32" slack="0"/>
</pin_list>
<bind>
<opset="vmap_task_vertex "/>
</bind>
</comp>

<comp id="189" class="1005" name="base_task_pPrNext_read_reg_189">
<pin_list>
<pin id="190" dir="0" index="0" bw="64" slack="1"/>
<pin id="191" dir="1" index="1" bw="64" slack="1"/>
</pin_list>
<bind>
<opset="base_task_pPrNext_read "/>
</bind>
</comp>

<comp id="194" class="1005" name="tmp_reg_194">
<pin_list>
<pin id="195" dir="0" index="0" bw="512" slack="1"/>
<pin id="196" dir="1" index="1" bw="512" slack="1"/>
</pin_list>
<bind>
<opset="tmp "/>
</bind>
</comp>

<comp id="203" class="1005" name="i_2_reg_203">
<pin_list>
<pin id="204" dir="0" index="0" bw="32" slack="1"/>
<pin id="205" dir="1" index="1" bw="32" slack="1"/>
</pin_list>
<bind>
<opset="i_2 "/>
</bind>
</comp>

</comp_list>

<net_list>
<net id="65"><net_src comp="8" pin="0"/><net_sink comp="62" pin=0"/></net>

<net id="70"><net_src comp="22" pin="0"/><net_sink comp="66" pin=0"/></net>

<net id="71"><net_src comp="4" pin="0"/><net_sink comp="66" pin=1"/></net>

<net id="76"><net_src comp="24" pin="0"/><net_sink comp="72" pin=0"/></net>

<net id="77"><net_src comp="2" pin="0"/><net_sink comp="72" pin=1"/></net>

<net id="82"><net_src comp="26" pin="0"/><net_sink comp="78" pin=0"/></net>

<net id="83"><net_src comp="0" pin="0"/><net_sink comp="78" pin=1"/></net>

<net id="89"><net_src comp="60" pin="0"/><net_sink comp="84" pin=0"/></net>

<net id="90"><net_src comp="6" pin="0"/><net_sink comp="84" pin=1"/></net>

<net id="95"><net_src comp="14" pin="0"/><net_sink comp="91" pin=0"/></net>

<net id="103"><net_src comp="96" pin="1"/><net_sink comp="99" pin=0"/></net>

<net id="104"><net_src comp="78" pin="2"/><net_sink comp="99" pin=1"/></net>

<net id="109"><net_src comp="96" pin="1"/><net_sink comp="105" pin=0"/></net>

<net id="110"><net_src comp="8" pin="0"/><net_sink comp="105" pin=1"/></net>

<net id="115"><net_src comp="105" pin="2"/><net_sink comp="111" pin=0"/></net>

<net id="122"><net_src comp="34" pin="0"/><net_sink comp="116" pin=0"/></net>

<net id="123"><net_src comp="36" pin="0"/><net_sink comp="116" pin=2"/></net>

<net id="124"><net_src comp="38" pin="0"/><net_sink comp="116" pin=3"/></net>

<net id="131"><net_src comp="34" pin="0"/><net_sink comp="125" pin=0"/></net>

<net id="132"><net_src comp="40" pin="0"/><net_sink comp="125" pin=2"/></net>

<net id="133"><net_src comp="42" pin="0"/><net_sink comp="125" pin=3"/></net>

<net id="140"><net_src comp="44" pin="0"/><net_sink comp="134" pin=0"/></net>

<net id="141"><net_src comp="46" pin="0"/><net_sink comp="134" pin=2"/></net>

<net id="142"><net_src comp="48" pin="0"/><net_sink comp="134" pin=3"/></net>

<net id="149"><net_src comp="44" pin="0"/><net_sink comp="143" pin=0"/></net>

<net id="150"><net_src comp="50" pin="0"/><net_sink comp="143" pin=2"/></net>

<net id="151"><net_src comp="52" pin="0"/><net_sink comp="143" pin=3"/></net>

<net id="158"><net_src comp="34" pin="0"/><net_sink comp="152" pin=0"/></net>

<net id="159"><net_src comp="54" pin="0"/><net_sink comp="152" pin=2"/></net>

<net id="160"><net_src comp="56" pin="0"/><net_sink comp="152" pin=3"/></net>

<net id="171"><net_src comp="58" pin="0"/><net_sink comp="161" pin=0"/></net>

<net id="172"><net_src comp="134" pin="4"/><net_sink comp="161" pin=1"/></net>

<net id="173"><net_src comp="143" pin="4"/><net_sink comp="161" pin=2"/></net>

<net id="174"><net_src comp="116" pin="4"/><net_sink comp="161" pin=4"/></net>

<net id="175"><net_src comp="152" pin="4"/><net_sink comp="161" pin=5"/></net>

<net id="176"><net_src comp="125" pin="4"/><net_sink comp="161" pin=6"/></net>

<net id="180"><net_src comp="161" pin="8"/><net_sink comp="177" pin=0"/></net>

<net id="181"><net_src comp="177" pin="1"/><net_sink comp="84" pin=2"/></net>

<net id="185"><net_src comp="62" pin="1"/><net_sink comp="182" pin=0"/></net>

<net id="186"><net_src comp="182" pin="1"/><net_sink comp="91" pin=1"/></net>

<net id="187"><net_src comp="182" pin="1"/><net_sink comp="96" pin=0"/></net>

<net id="188"><net_src comp="182" pin="1"/><net_sink comp="111" pin=1"/></net>

<net id="192"><net_src comp="66" pin="2"/><net_sink comp="189" pin=0"/></net>

<net id="193"><net_src comp="189" pin="1"/><net_sink comp="161" pin=7"/></net>

<net id="197"><net_src comp="72" pin="2"/><net_sink comp="194" pin=0"/></net>

<net id="198"><net_src comp="194" pin="1"/><net_sink comp="116" pin=1"/></net>

<net id="199"><net_src comp="194" pin="1"/><net_sink comp="125" pin=1"/></net>

<net id="200"><net_src comp="194" pin="1"/><net_sink comp="134" pin=1"/></net>

<net id="201"><net_src comp="194" pin="1"/><net_sink comp="143" pin=1"/></net>

<net id="202"><net_src comp="194" pin="1"/><net_sink comp="152" pin=1"/></net>

<net id="206"><net_src comp="96" pin="1"/><net_sink comp="203" pin=0"/></net>

<net id="207"><net_src comp="203" pin="1"/><net_sink comp="161" pin=3"/></net>

</net_list>

</model> 
---------------- Datapath Model END ------------------

* FSMD analyzer results:
  - Output states:
	Port: taskOutGlobal | {2 }
 - Input state : 
	Port: pageRankReduce_Pipeline_VITIS_LOOP_38_2 : base_task_vertex_count | {1 }
	Port: pageRankReduce_Pipeline_VITIS_LOOP_38_2 : empty | {1 }
	Port: pageRankReduce_Pipeline_VITIS_LOOP_38_2 : base_task_pPrNext | {1 }
  - Chain level:
	State 1
		store_ln40 : 1
		i_2 : 1
		icmp_ln38 : 2
		br_ln38 : 3
		i : 2
		store_ln40 : 3
	State 2
		or_ln50_3 : 1
		zext_ln50 : 2
		write_ln50 : 3


============================================================
+ Verbose Summary: Datapath Resource usage 
============================================================

* Functional unit list:
|----------|----------------------------------------|---------|---------|
| Operation|             Functional Unit            |    FF   |   LUT   |
|----------|----------------------------------------|---------|---------|
|   icmp   |             icmp_ln38_fu_99            |    0    |    39   |
|----------|----------------------------------------|---------|---------|
|    add   |                i_fu_105                |    0    |    39   |
|----------|----------------------------------------|---------|---------|
|          |    base_task_pPrNext_read_read_fu_66   |    0    |    0    |
|   read   |             tmp_read_fu_72             |    0    |    0    |
|          | base_task_vertex_count_read_read_fu_78 |    0    |    0    |
|----------|----------------------------------------|---------|---------|
|   write  |         write_ln50_write_fu_84         |    0    |    0    |
|----------|----------------------------------------|---------|---------|
|          |               tmp1_fu_116              |    0    |    0    |
|          |              tmp_s_fu_125              |    0    |    0    |
|partselect|              tmp_1_fu_134              |    0    |    0    |
|          |              tmp_2_fu_143              |    0    |    0    |
|          |              tmp_3_fu_152              |    0    |    0    |
|----------|----------------------------------------|---------|---------|
|bitconcatenate|            or_ln50_3_fu_161            |    0    |    0    |
|----------|----------------------------------------|---------|---------|
|   zext   |            zext_ln50_fu_177            |    0    |    0    |
|----------|----------------------------------------|---------|---------|
|   Total  |                                        |    0    |    78   |
|----------|----------------------------------------|---------|---------|

Memories:
N/A

* Register list:
+------------------------------+--------+
|                              |   FF   |
+------------------------------+--------+
|base_task_pPrNext_read_reg_189|   64   |
|          i_2_reg_203         |   32   |
|          tmp_reg_194         |   512  |
|   vmap_task_vertex_reg_182   |   32   |
+------------------------------+--------+
|             Total            |   640  |
+------------------------------+--------+

* Multiplexer (MUX) list: 
|--------|------|------|------|--------|
|  Comp  |  Pin | Size |  BW  | S x BW |
|--------|------|------|------|--------|
|  Total |      |      |      |    0   |
|--------|------|------|------|--------|



* Summary:
+-----------+--------+--------+
|           |   FF   |   LUT  |
+-----------+--------+--------+
|  Function |    0   |   78   |
|   Memory  |    -   |    -   |
|Multiplexer|    -   |    -   |
|  Register |   640  |    -   |
+-----------+--------+--------+
|   Total   |   640  |   78   |
+-----------+--------+--------+
