

================================================================
== Vitis HLS Report for 'pageRankReduce'
================================================================
* Date:           Wed Apr  1 20:05:05 2026

* Version:        2025.1 (Build 6135595 on May 21 2025)
* Project:        pagerankreduce
* Solution:       hls (Vivado IP Flow Target)
* Product family: virtexuplusHBM
* Target device:  xcu55c-fsvh2892-2LV-e


================================================================
== Performance Estimates
================================================================
+ Timing: 
    * Summary: 
    +--------+---------+----------+------------+
    |  Clock |  Target | Estimated| Uncertainty|
    +--------+---------+----------+------------+
    |ap_clk  |  4.00 ns|  1.654 ns|     1.08 ns|
    +--------+---------+----------+------------+

+ Latency: 
    * Summary: 
    +---------+---------+----------+----------+-----+-----+---------+
    |  Latency (cycles) |  Latency (absolute) |  Interval | Pipeline|
    |   min   |   max   |    min   |    max   | min | max |   Type  |
    +---------+---------+----------+----------+-----+-----+---------+
    |        ?|        ?|         ?|         ?|    ?|    ?|       no|
    +---------+---------+----------+----------+-----+-----+---------+

    + Detail: 
        * Instance: 
        +---------------------------------------------------+-----------------------------------------+---------+---------+----------+----------+-----+-----+------------------------------------------------+
        |                                                   |                                         |  Latency (cycles) |  Latency (absolute) |  Interval |                    Pipeline                    |
        |                      Instance                     |                  Module                 |   min   |   max   |    min   |    max   | min | max |                      Type                      |
        +---------------------------------------------------+-----------------------------------------+---------+---------+----------+----------+-----+-----+------------------------------------------------+
        |grp_pageRankReduce_Pipeline_VITIS_LOOP_38_2_fu_55  |pageRankReduce_Pipeline_VITIS_LOOP_38_2  |        ?|        ?|         ?|         ?|    0|    0|  loop auto-rewind stp (delay=0 clock cycles(s))|
        +---------------------------------------------------+-----------------------------------------+---------+---------+----------+----------+-----+-----+------------------------------------------------+

        * Loop: 
        N/A

============================================================
+ Verbose Summary: Synthesis Manager
============================================================
InlineROM: 1
ExposeGlobal: 0
============================================================
+ Verbose Summary: CDFG Model
============================================================
IsTopModel: 1
ResetActiveHigh: 1
IsCombinational: 0
IsDatapathOnly: 0
HasWiredReturn: 1
HasMFsm: 0
HasVarLatency: 1
IsPipeline: 0
IsRtlPipelined: 0
IsInstanceOverlapped: 0
IsDontTouch: 0
HasImplIP: 0
IsGatedGlobalClock: 0


============================================================
+ Verbose Summary: Schedule
============================================================
* Number of FSM states : 3
* Pipeline : 0
* Dataflow Pipeline: 0

* FSM state transitions: 
1 --> 2 
2 --> 3 
3 --> 

* FSM state operations: 

State 1 <SV = 0> <Delay = 1.34>
ST_1 : Operation 4 [1/1] (0.07ns)   --->   "%taskIn_read = read i512 @_ssdm_op_Read.axis.volatile.i512P128A, i512 %taskIn" [pageRank.cpp:29]   --->   Operation 4 'read' 'taskIn_read' <Predicate = true> <Delay = 0.07> <CoreInst = "regslice">   --->   Core 147 'regslice' <Latency = 0> <II = 1> <Delay = 0.99> <Adapter> <Opcode : 'read' 'write'>
ST_1 : Operation 5 [1/1] (0.00ns)   --->   "%base_task_pPrNext = partselect i64 @_ssdm_op_PartSelect.i64.i512.i512, i512 %taskIn_read, i512 192" [pageRank.cpp:29]   --->   Operation 5 'partselect' 'base_task_pPrNext' <Predicate = true> <Delay = 0.00>
ST_1 : Operation 6 [1/1] (0.00ns)   --->   "%base_task_vertex_count = partselect i32 @_ssdm_op_PartSelect.i32.i512.i512, i512 %taskIn_read, i512 384" [pageRank.cpp:29]   --->   Operation 6 'partselect' 'base_task_vertex_count' <Predicate = true> <Delay = 0.00>
ST_1 : Operation 7 [1/1] (0.00ns)   --->   "%base_task_cont = partselect i64 @_ssdm_op_PartSelect.i64.i512.i512, i512 %taskIn_read, i512 448" [pageRank.cpp:29]   --->   Operation 7 'partselect' 'base_task_cont' <Predicate = true> <Delay = 0.00>
ST_1 : Operation 8 [2/2] (1.26ns)   --->   "%call_ln29 = call void @pageRankReduce_Pipeline_VITIS_LOOP_38_2, i32 %base_task_vertex_count, i512 %taskIn_read, i64 %base_task_pPrNext, i512 %taskOutGlobal" [pageRank.cpp:29]   --->   Operation 8 'call' 'call_ln29' <Predicate = true> <Delay = 1.26> <CoreType = "Generic">   --->   Generic Core
ST_1 : Operation 9 [2/2] (0.59ns)   --->   "%write_ln52 = write void @_ssdm_op_Write.axis.volatile.i64P128A, i64 %argOut, i64 %base_task_cont" [pageRank.cpp:52]   --->   Operation 9 'write' 'write_ln52' <Predicate = true> <Delay = 0.59> <CoreInst = "regslice">   --->   Core 147 'regslice' <Latency = 0> <II = 1> <Delay = 0.72> <Adapter> <Opcode : 'read' 'write'>

State 2 <SV = 1> <Delay = 1.65>
ST_2 : Operation 10 [1/2] (1.65ns)   --->   "%call_ln29 = call void @pageRankReduce_Pipeline_VITIS_LOOP_38_2, i32 %base_task_vertex_count, i512 %taskIn_read, i64 %base_task_pPrNext, i512 %taskOutGlobal" [pageRank.cpp:29]   --->   Operation 10 'call' 'call_ln29' <Predicate = true> <Delay = 1.65> <CoreType = "Generic">   --->   Generic Core
ST_2 : Operation 11 [1/2] (0.59ns)   --->   "%write_ln52 = write void @_ssdm_op_Write.axis.volatile.i64P128A, i64 %argOut, i64 %base_task_cont" [pageRank.cpp:52]   --->   Operation 11 'write' 'write_ln52' <Predicate = true> <Delay = 0.59> <CoreInst = "regslice">   --->   Core 147 'regslice' <Latency = 0> <II = 1> <Delay = 0.72> <Adapter> <Opcode : 'read' 'write'>

State 3 <SV = 2> <Delay = 0.00>
ST_3 : Operation 12 [1/1] (0.00ns)   --->   "%spectopmodule_ln18 = spectopmodule void @_ssdm_op_SpecTopModule, void @empty_2" [pageRank.cpp:18]   --->   Operation 12 'spectopmodule' 'spectopmodule_ln18' <Predicate = true> <Delay = 0.00>
ST_3 : Operation 13 [1/1] (0.00ns)   --->   "%specinterface_ln0 = specinterface void @_ssdm_op_SpecInterface, i512 %taskOutGlobal, void @empty, i32 1, i32 1, void @empty_0, i32 0, i32 0, void @empty_1, void @empty_1, void @empty_1, i32 0, i32 0, i32 0, i32 0, void @empty_1, void @empty_1, i32 4294967295, i32 0, i32 0"   --->   Operation 13 'specinterface' 'specinterface_ln0' <Predicate = true> <Delay = 0.00>
ST_3 : Operation 14 [1/1] (0.00ns)   --->   "%specbitsmap_ln0 = specbitsmap void @_ssdm_op_SpecBitsMap, i512 %taskOutGlobal"   --->   Operation 14 'specbitsmap' 'specbitsmap_ln0' <Predicate = true> <Delay = 0.00>
ST_3 : Operation 15 [1/1] (0.00ns)   --->   "%specinterface_ln0 = specinterface void @_ssdm_op_SpecInterface, i512 %taskIn, void @empty, i32 1, i32 1, void @empty_0, i32 0, i32 0, void @empty_1, void @empty_1, void @empty_1, i32 0, i32 0, i32 0, i32 0, void @empty_1, void @empty_1, i32 4294967295, i32 0, i32 0"   --->   Operation 15 'specinterface' 'specinterface_ln0' <Predicate = true> <Delay = 0.00>
ST_3 : Operation 16 [1/1] (0.00ns)   --->   "%specbitsmap_ln0 = specbitsmap void @_ssdm_op_SpecBitsMap, i512 %taskIn"   --->   Operation 16 'specbitsmap' 'specbitsmap_ln0' <Predicate = true> <Delay = 0.00>
ST_3 : Operation 17 [1/1] (0.00ns)   --->   "%specinterface_ln0 = specinterface void @_ssdm_op_SpecInterface, i64 %argOut, void @empty, i32 1, i32 1, void @empty_0, i32 0, i32 0, void @empty_1, void @empty_1, void @empty_1, i32 0, i32 0, i32 0, i32 0, void @empty_1, void @empty_1, i32 4294967295, i32 0, i32 0"   --->   Operation 17 'specinterface' 'specinterface_ln0' <Predicate = true> <Delay = 0.00>
ST_3 : Operation 18 [1/1] (0.00ns)   --->   "%specbitsmap_ln0 = specbitsmap void @_ssdm_op_SpecBitsMap, i64 %argOut"   --->   Operation 18 'specbitsmap' 'specbitsmap_ln0' <Predicate = true> <Delay = 0.00>
ST_3 : Operation 19 [1/1] (0.00ns)   --->   "%ret_ln78 = ret" [pageRank.cpp:78]   --->   Operation 19 'ret' 'ret_ln78' <Predicate = true> <Delay = 0.00>


============================================================
+ Verbose Summary: Binding
============================================================
STG Binding: 
---------------- STG Properties BEGIN ----------------
- Is combinational: 0
- Is one-state seq: 0
- Is datapath-only: 0
- Is pipelined: 0
- Is top level: 1
Port [ Return ] is wired: 1; IO mode=ap_ctrl_hs:ce=0
Port [ taskOutGlobal]:  wired=1; compound=1; hidden=0; nouse=0; global=0; static=0; extern=0; dir=1; type=0; pingpong=0; private_global=0; IO mode=axis:ce=0
Port [ taskIn]:  wired=1; compound=1; hidden=0; nouse=0; global=0; static=0; extern=0; dir=0; type=0; pingpong=0; private_global=0; IO mode=axis:ce=0
Port [ argOut]:  wired=1; compound=1; hidden=0; nouse=0; global=0; static=0; extern=0; dir=1; type=0; pingpong=0; private_global=0; IO mode=axis:ce=0
---------------- STG Properties END ------------------

---------------- Datapath Model BEGIN ----------------

<LifeTime>
<method=bitvector/>
taskIn_read            (read         ) [ 0010]
base_task_pPrNext      (partselect   ) [ 0010]
base_task_vertex_count (partselect   ) [ 0010]
base_task_cont         (partselect   ) [ 0010]
call_ln29              (call         ) [ 0000]
write_ln52             (write        ) [ 0000]
spectopmodule_ln18     (spectopmodule) [ 0000]
specinterface_ln0      (specinterface) [ 0000]
specbitsmap_ln0        (specbitsmap  ) [ 0000]
specinterface_ln0      (specinterface) [ 0000]
specbitsmap_ln0        (specbitsmap  ) [ 0000]
specinterface_ln0      (specinterface) [ 0000]
specbitsmap_ln0        (specbitsmap  ) [ 0000]
ret_ln78               (ret          ) [ 0000]
</LifeTime>

<model>

<comp_list>
<comp id="0" class="1000" name="taskOutGlobal">
<pin_list>
<pin id="1" dir="1" index="0" bw="1" slack="0"/>
</pin_list>
<bind>
<StgValue><ssdm name="taskOutGlobal"/></StgValue>
</bind>
</comp>

<comp id="2" class="1000" name="taskIn">
<pin_list>
<pin id="3" dir="1" index="0" bw="1" slack="0"/>
</pin_list>
<bind>
<StgValue><ssdm name="taskIn"/></StgValue>
</bind>
</comp>

<comp id="4" class="1000" name="argOut">
<pin_list>
<pin id="5" dir="1" index="0" bw="1" slack="0"/>
</pin_list>
<bind>
<StgValue><ssdm name="argOut"/></StgValue>
</bind>
</comp>

<comp id="6" class="1001" name="const_6">
<pin_list>
<pin id="7" dir="1" index="0" bw="1" slack="0"/>
</pin_list>
<bind>
<StgValue><ssdm name="_ssdm_op_Read.axis.volatile.i512P128A"/></StgValue>
</bind>
</comp>

<comp id="8" class="1001" name="const_8">
<pin_list>
<pin id="9" dir="1" index="0" bw="1" slack="0"/>
</pin_list>
<bind>
<StgValue><ssdm name="_ssdm_op_PartSelect.i64.i512.i512"/></StgValue>
</bind>
</comp>

<comp id="10" class="1001" name="const_10">
<pin_list>
<pin id="11" dir="1" index="0" bw="1" slack="0"/>
</pin_list>
<bind>
<StgValue><ssdm name=""/></StgValue>
</bind>
</comp>

<comp id="12" class="1001" name="const_12">
<pin_list>
<pin id="13" dir="1" index="0" bw="1" slack="0"/>
</pin_list>
<bind>
<StgValue><ssdm name="_ssdm_op_PartSelect.i32.i512.i512"/></StgValue>
</bind>
</comp>

<comp id="14" class="1001" name="const_14">
<pin_list>
<pin id="15" dir="1" index="0" bw="1" slack="0"/>
</pin_list>
<bind>
<StgValue><ssdm name=""/></StgValue>
</bind>
</comp>

<comp id="16" class="1001" name="const_16">
<pin_list>
<pin id="17" dir="1" index="0" bw="1" slack="0"/>
</pin_list>
<bind>
<StgValue><ssdm name=""/></StgValue>
</bind>
</comp>

<comp id="18" class="1001" name="const_18">
<pin_list>
<pin id="19" dir="1" index="0" bw="1" slack="0"/>
</pin_list>
<bind>
<StgValue><ssdm name="pageRankReduce_Pipeline_VITIS_LOOP_38_2"/></StgValue>
</bind>
</comp>

<comp id="20" class="1001" name="const_20">
<pin_list>
<pin id="21" dir="1" index="0" bw="1" slack="0"/>
</pin_list>
<bind>
<StgValue><ssdm name="_ssdm_op_Write.axis.volatile.i64P128A"/></StgValue>
</bind>
</comp>

<comp id="22" class="1001" name="const_22">
<pin_list>
<pin id="23" dir="1" index="0" bw="1" slack="2147483647"/>
</pin_list>
<bind>
<StgValue><ssdm name="_ssdm_op_SpecTopModule"/></StgValue>
</bind>
</comp>

<comp id="24" class="1001" name="const_24">
<pin_list>
<pin id="25" dir="1" index="0" bw="1" slack="2147483647"/>
</pin_list>
<bind>
<StgValue><ssdm name="empty_2"/></StgValue>
</bind>
</comp>

<comp id="26" class="1001" name="const_26">
<pin_list>
<pin id="27" dir="1" index="0" bw="1" slack="2147483647"/>
</pin_list>
<bind>
<StgValue><ssdm name="_ssdm_op_SpecInterface"/></StgValue>
</bind>
</comp>

<comp id="28" class="1001" name="const_28">
<pin_list>
<pin id="29" dir="1" index="0" bw="1" slack="2147483647"/>
</pin_list>
<bind>
<StgValue><ssdm name="empty"/></StgValue>
</bind>
</comp>

<comp id="30" class="1001" name="const_30">
<pin_list>
<pin id="31" dir="1" index="0" bw="1" slack="2147483647"/>
</pin_list>
<bind>
<StgValue><ssdm name=""/></StgValue>
</bind>
</comp>

<comp id="32" class="1001" name="const_32">
<pin_list>
<pin id="33" dir="1" index="0" bw="1" slack="2147483647"/>
</pin_list>
<bind>
<StgValue><ssdm name="empty_0"/></StgValue>
</bind>
</comp>

<comp id="34" class="1001" name="const_34">
<pin_list>
<pin id="35" dir="1" index="0" bw="1" slack="2147483647"/>
</pin_list>
<bind>
<StgValue><ssdm name=""/></StgValue>
</bind>
</comp>

<comp id="36" class="1001" name="const_36">
<pin_list>
<pin id="37" dir="1" index="0" bw="1" slack="2147483647"/>
</pin_list>
<bind>
<StgValue><ssdm name="empty_1"/></StgValue>
</bind>
</comp>

<comp id="38" class="1001" name="const_38">
<pin_list>
<pin id="39" dir="1" index="0" bw="1" slack="2147483647"/>
</pin_list>
<bind>
<StgValue><ssdm name=""/></StgValue>
</bind>
</comp>

<comp id="40" class="1001" name="const_40">
<pin_list>
<pin id="41" dir="1" index="0" bw="1" slack="2147483647"/>
</pin_list>
<bind>
<StgValue><ssdm name="_ssdm_op_SpecBitsMap"/></StgValue>
</bind>
</comp>

<comp id="42" class="1004" name="taskIn_read_read_fu_42">
<pin_list>
<pin id="43" dir="0" index="0" bw="512" slack="0"/>
<pin id="44" dir="0" index="1" bw="512" slack="0"/>
<pin id="45" dir="1" index="2" bw="512" slack="0"/>
</pin_list>
<bind>
<opcode="read(1150) " fcode="read"/>
<opset="taskIn_read/1 "/>
</bind>
</comp>

<comp id="48" class="1004" name="grp_write_fu_48">
<pin_list>
<pin id="49" dir="0" index="0" bw="0" slack="0"/>
<pin id="50" dir="0" index="1" bw="64" slack="0"/>
<pin id="51" dir="0" index="2" bw="64" slack="0"/>
<pin id="52" dir="1" index="3" bw="0" slack="2147483647"/>
</pin_list>
<bind>
<opcode="write(1151) " fcode="write"/>
<opset="write_ln52/1 "/>
</bind>
</comp>

<comp id="55" class="1004" name="grp_pageRankReduce_Pipeline_VITIS_LOOP_38_2_fu_55">
<pin_list>
<pin id="56" dir="0" index="0" bw="0" slack="0"/>
<pin id="57" dir="0" index="1" bw="32" slack="0"/>
<pin id="58" dir="0" index="2" bw="512" slack="0"/>
<pin id="59" dir="0" index="3" bw="64" slack="0"/>
<pin id="60" dir="0" index="4" bw="512" slack="0"/>
<pin id="61" dir="1" index="5" bw="0" slack="2147483647"/>
</pin_list>
<bind>
<opcode="call(48) " fcode="call"/>
<opset="call_ln29/1 "/>
</bind>
</comp>

<comp id="65" class="1004" name="base_task_pPrNext_fu_65">
<pin_list>
<pin id="66" dir="0" index="0" bw="64" slack="0"/>
<pin id="67" dir="0" index="1" bw="512" slack="0"/>
<pin id="68" dir="0" index="2" bw="9" slack="0"/>
<pin id="69" dir="1" index="3" bw="64" slack="0"/>
</pin_list>
<bind>
<opcode="partselect(1002) " fcode="partselect"/>
<opset="base_task_pPrNext/1 "/>
</bind>
</comp>

<comp id="74" class="1004" name="base_task_vertex_count_fu_74">
<pin_list>
<pin id="75" dir="0" index="0" bw="32" slack="0"/>
<pin id="76" dir="0" index="1" bw="512" slack="0"/>
<pin id="77" dir="0" index="2" bw="10" slack="0"/>
<pin id="78" dir="1" index="3" bw="32" slack="0"/>
</pin_list>
<bind>
<opcode="partselect(1002) " fcode="partselect"/>
<opset="base_task_vertex_count/1 "/>
</bind>
</comp>

<comp id="83" class="1004" name="base_task_cont_fu_83">
<pin_list>
<pin id="84" dir="0" index="0" bw="64" slack="0"/>
<pin id="85" dir="0" index="1" bw="512" slack="0"/>
<pin id="86" dir="0" index="2" bw="10" slack="0"/>
<pin id="87" dir="1" index="3" bw="64" slack="0"/>
</pin_list>
<bind>
<opcode="partselect(1002) " fcode="partselect"/>
<opset="base_task_cont/1 "/>
</bind>
</comp>

<comp id="92" class="1005" name="taskIn_read_reg_92">
<pin_list>
<pin id="93" dir="0" index="0" bw="512" slack="1"/>
<pin id="94" dir="1" index="1" bw="512" slack="1"/>
</pin_list>
<bind>
<opset="taskIn_read "/>
</bind>
</comp>

<comp id="97" class="1005" name="base_task_pPrNext_reg_97">
<pin_list>
<pin id="98" dir="0" index="0" bw="64" slack="1"/>
<pin id="99" dir="1" index="1" bw="64" slack="1"/>
</pin_list>
<bind>
<opset="base_task_pPrNext "/>
</bind>
</comp>

<comp id="102" class="1005" name="base_task_vertex_count_reg_102">
<pin_list>
<pin id="103" dir="0" index="0" bw="32" slack="1"/>
<pin id="104" dir="1" index="1" bw="32" slack="1"/>
</pin_list>
<bind>
<opset="base_task_vertex_count "/>
</bind>
</comp>

<comp id="107" class="1005" name="base_task_cont_reg_107">
<pin_list>
<pin id="108" dir="0" index="0" bw="64" slack="1"/>
<pin id="109" dir="1" index="1" bw="64" slack="1"/>
</pin_list>
<bind>
<opset="base_task_cont "/>
</bind>
</comp>

</comp_list>

<net_list>
<net id="46"><net_src comp="6" pin="0"/><net_sink comp="42" pin=0"/></net>

<net id="47"><net_src comp="2" pin="0"/><net_sink comp="42" pin=1"/></net>

<net id="53"><net_src comp="20" pin="0"/><net_sink comp="48" pin=0"/></net>

<net id="54"><net_src comp="4" pin="0"/><net_sink comp="48" pin=1"/></net>

<net id="62"><net_src comp="18" pin="0"/><net_sink comp="55" pin=0"/></net>

<net id="63"><net_src comp="42" pin="2"/><net_sink comp="55" pin=2"/></net>

<net id="64"><net_src comp="0" pin="0"/><net_sink comp="55" pin=4"/></net>

<net id="70"><net_src comp="8" pin="0"/><net_sink comp="65" pin=0"/></net>

<net id="71"><net_src comp="42" pin="2"/><net_sink comp="65" pin=1"/></net>

<net id="72"><net_src comp="10" pin="0"/><net_sink comp="65" pin=2"/></net>

<net id="73"><net_src comp="65" pin="3"/><net_sink comp="55" pin=3"/></net>

<net id="79"><net_src comp="12" pin="0"/><net_sink comp="74" pin=0"/></net>

<net id="80"><net_src comp="42" pin="2"/><net_sink comp="74" pin=1"/></net>

<net id="81"><net_src comp="14" pin="0"/><net_sink comp="74" pin=2"/></net>

<net id="82"><net_src comp="74" pin="3"/><net_sink comp="55" pin=1"/></net>

<net id="88"><net_src comp="8" pin="0"/><net_sink comp="83" pin=0"/></net>

<net id="89"><net_src comp="42" pin="2"/><net_sink comp="83" pin=1"/></net>

<net id="90"><net_src comp="16" pin="0"/><net_sink comp="83" pin=2"/></net>

<net id="91"><net_src comp="83" pin="3"/><net_sink comp="48" pin=2"/></net>

<net id="95"><net_src comp="42" pin="2"/><net_sink comp="92" pin=0"/></net>

<net id="96"><net_src comp="92" pin="1"/><net_sink comp="55" pin=2"/></net>

<net id="100"><net_src comp="65" pin="3"/><net_sink comp="97" pin=0"/></net>

<net id="101"><net_src comp="97" pin="1"/><net_sink comp="55" pin=3"/></net>

<net id="105"><net_src comp="74" pin="3"/><net_sink comp="102" pin=0"/></net>

<net id="106"><net_src comp="102" pin="1"/><net_sink comp="55" pin=1"/></net>

<net id="110"><net_src comp="83" pin="3"/><net_sink comp="107" pin=0"/></net>

<net id="111"><net_src comp="107" pin="1"/><net_sink comp="48" pin=2"/></net>

</net_list>

</model> 
---------------- Datapath Model END ------------------

* FSMD analyzer results:
  - Output states:
	Port: taskOutGlobal | {1 2 }
	Port: argOut | {2 }
 - Input state : 
	Port: pageRankReduce : taskIn | {1 }
  - Chain level:
	State 1
		call_ln29 : 1
		write_ln52 : 1
	State 2
	State 3


============================================================
+ Verbose Summary: Datapath Resource usage 
============================================================

* Functional unit list:
|----------|---------------------------------------------------|---------|---------|
| Operation|                  Functional Unit                  |    FF   |   LUT   |
|----------|---------------------------------------------------|---------|---------|
|   call   | grp_pageRankReduce_Pipeline_VITIS_LOOP_38_2_fu_55 |   640   |    78   |
|----------|---------------------------------------------------|---------|---------|
|   read   |               taskIn_read_read_fu_42              |    0    |    0    |
|----------|---------------------------------------------------|---------|---------|
|   write  |                  grp_write_fu_48                  |    0    |    0    |
|----------|---------------------------------------------------|---------|---------|
|          |              base_task_pPrNext_fu_65              |    0    |    0    |
|partselect|            base_task_vertex_count_fu_74           |    0    |    0    |
|          |                base_task_cont_fu_83               |    0    |    0    |
|----------|---------------------------------------------------|---------|---------|
|   Total  |                                                   |   640   |    78   |
|----------|---------------------------------------------------|---------|---------|

Memories:
N/A

* Register list:
+------------------------------+--------+
|                              |   FF   |
+------------------------------+--------+
|    base_task_cont_reg_107    |   64   |
|   base_task_pPrNext_reg_97   |   64   |
|base_task_vertex_count_reg_102|   32   |
|      taskIn_read_reg_92      |   512  |
+------------------------------+--------+
|             Total            |   672  |
+------------------------------+--------+

* Multiplexer (MUX) list: 
|---------------------------------------------------|------|------|------|--------||---------||---------||---------|
|                        Comp                       |  Pin | Size |  BW  | S x BW ||  Delay  ||    FF   ||   LUT   |
|---------------------------------------------------|------|------|------|--------||---------||---------||---------|
|                  grp_write_fu_48                  |  p2  |   2  |  64  |   128  ||    0    ||    9    |
| grp_pageRankReduce_Pipeline_VITIS_LOOP_38_2_fu_55 |  p1  |   2  |  32  |   64   ||    0    ||    9    |
| grp_pageRankReduce_Pipeline_VITIS_LOOP_38_2_fu_55 |  p2  |   2  |  512 |  1024  ||    0    ||    9    |
| grp_pageRankReduce_Pipeline_VITIS_LOOP_38_2_fu_55 |  p3  |   2  |  64  |   128  ||    0    ||    9    |
|---------------------------------------------------|------|------|------|--------||---------||---------||---------|
|                       Total                       |      |      |      |  1344  ||  1.548  ||    0    ||    36   |
|---------------------------------------------------|------|------|------|--------||---------||---------||---------|



* Summary:
+-----------+--------+--------+--------+
|           |  Delay |   FF   |   LUT  |
+-----------+--------+--------+--------+
|  Function |    -   |   640  |   78   |
|   Memory  |    -   |    -   |    -   |
|Multiplexer|    1   |    0   |   36   |
|  Register |    -   |   672  |    -   |
+-----------+--------+--------+--------+
|   Total   |    1   |  1312  |   114  |
+-----------+--------+--------+--------+
