

================================================================
== Vitis HLS Report for 'pageRankReduce_Pipeline_VITIS_LOOP_38_2'
================================================================
* Date:           Wed Apr  1 20:05:05 2026

* Version:        2025.1 (Build 6135595 on May 21 2025)
* Project:        pagerankreduce
* Solution:       hls (Vivado IP Flow Target)
* Product family: virtexuplusHBM
* Target device:  xcu55c-fsvh2892-2LV-e


================================================================
== Performance Estimates
================================================================
+ Timing: 
    * Summary: 
    +--------+---------+----------+------------+
    |  Clock |  Target | Estimated| Uncertainty|
    +--------+---------+----------+------------+
    |ap_clk  |  4.00 ns|  1.654 ns|     1.08 ns|
    +--------+---------+----------+------------+

+ Latency: 
    * Summary: 
    +---------+---------+----------+----------+-----+-----+------------------------------------------------+
    |  Latency (cycles) |  Latency (absolute) |  Interval |                    Pipeline                    |
    |   min   |   max   |    min   |    max   | min | max |                      Type                      |
    +---------+---------+----------+----------+-----+-----+------------------------------------------------+
    |        ?|        ?|         ?|         ?|    0|    0|  loop auto-rewind stp (delay=0 clock cycles(s))|
    +---------+---------+----------+----------+-----+-----+------------------------------------------------+

    + Detail: 
        * Instance: 
        N/A

        * Loop: 
        +-------------------+---------+---------+----------+-----------+-----------+------+----------+
        |                   |  Latency (cycles) | Iteration|  Initiation Interval  | Trip |          |
        |     Loop Name     |   min   |   max   |  Latency |  achieved |   target  | Count| Pipelined|
        +-------------------+---------+---------+----------+-----------+-----------+------+----------+
        |- VITIS_LOOP_38_2  |        ?|        ?|         2|          1|          1|     ?|       yes|
        +-------------------+---------+---------+----------+-----------+-----------+------+----------+

============================================================
+ Verbose Summary: Synthesis Manager
============================================================
InlineROM: 1
ExposeGlobal: 0
============================================================
+ Verbose Summary: CDFG Model
============================================================
IsTopModel: 0
ResetActiveHigh: 1
IsCombinational: 0
IsDatapathOnly: 0
HasWiredReturn: 1
HasMFsm: 2
HasVarLatency: 1
IsPipeline: 0
IsRtlPipelined: 0
IsInstanceOverlapped: 0
IsDontTouch: 0
HasImplIP: 0
IsGatedGlobalClock: 0

+ Individual pipeline summary: 
  * Pipeline-0: initiation interval (II) = 1, depth = 2


============================================================
+ Verbose Summary: Schedule
============================================================
* Number of FSM states : 2
* Pipeline : 1
  Pipeline-0 : II = 1, D = 2, States = { 1 2 }
* Dataflow Pipeline: 0

* FSM state transitions: 
1 --> 2 
2 --> 

* FSM state operations: 

State 1 <SV = 0> <Delay = 1.65>
ST_1 : Operation 5 [1/1] (0.00ns)   --->   "%vmap_task_vertex = alloca i32 1" [pageRank.cpp:40]   --->   Operation 5 'alloca' 'vmap_task_vertex' <Predicate = true> <Delay = 0.00>
ST_1 : Operation 6 [1/1] (0.00ns)   --->   "%specinterface_ln0 = specinterface void @_ssdm_op_SpecInterface, i512 %taskOutGlobal, void @empty, i32 0, i32 0, void @empty_0, i32 0, i32 0, void @empty_1, void @empty_1, void @empty_1, i32 0, i32 0, i32 0, i32 0, void @empty_1, void @empty_1, i32 4294967295, i32 0, i32 0"   --->   Operation 6 'specinterface' 'specinterface_ln0' <Predicate = true> <Delay = 0.00>
ST_1 : Operation 7 [1/1] (0.00ns)   --->   "%base_task_pPrNext_read = read i64 @_ssdm_op_Read.ap_auto.i64, i64 %base_task_pPrNext"   --->   Operation 7 'read' 'base_task_pPrNext_read' <Predicate = true> <Delay = 0.00>
ST_1 : Operation 8 [1/1] (0.00ns)   --->   "%tmp = read i512 @_ssdm_op_Read.ap_auto.i512, i512 %empty"   --->   Operation 8 'read' 'tmp' <Predicate = true> <Delay = 0.00>
ST_1 : Operation 9 [1/1] (0.00ns)   --->   "%base_task_vertex_count_read = read i32 @_ssdm_op_Read.ap_auto.i32, i32 %base_task_vertex_count"   --->   Operation 9 'read' 'base_task_vertex_count_read' <Predicate = true> <Delay = 0.00>
ST_1 : Operation 10 [1/1] (0.38ns)   --->   "%store_ln40 = store i32 0, i32 %vmap_task_vertex" [pageRank.cpp:40]   --->   Operation 10 'store' 'store_ln40' <Predicate = true> <Delay = 0.38>
ST_1 : Operation 11 [1/1] (0.00ns)   --->   "%br_ln0 = br void %for.inc"   --->   Operation 11 'br' 'br_ln0' <Predicate = true> <Delay = 0.00>
ST_1 : Operation 12 [1/1] (0.00ns)   --->   "%i_2 = load i32 %vmap_task_vertex" [pageRank.cpp:38]   --->   Operation 12 'load' 'i_2' <Predicate = true> <Delay = 0.00>
ST_1 : Operation 13 [1/1] (0.88ns)   --->   "%icmp_ln38 = icmp_eq  i32 %i_2, i32 %base_task_vertex_count_read" [pageRank.cpp:38]   --->   Operation 13 'icmp' 'icmp_ln38' <Predicate = true> <Delay = 0.88> <CoreInst = "Cmp">   --->   Core 9 'Cmp' <Latency = 0> <II = 1> <Delay = 0.88> <FuncUnit> <Opcode : 'seteq' 'setne' 'setle' 'setge' 'setlt' 'setgt'> <InPorts = 2> <OutPorts = 1>
ST_1 : Operation 14 [1/1] (0.00ns)   --->   "%br_ln38 = br i1 %icmp_ln38, void %for.inc.split, void %for.end.exitStub" [pageRank.cpp:38]   --->   Operation 14 'br' 'br_ln38' <Predicate = true> <Delay = 0.00>
ST_1 : Operation 15 [1/1] (0.88ns)   --->   "%i = add i32 %i_2, i32 1" [pageRank.cpp:38]   --->   Operation 15 'add' 'i' <Predicate = (!icmp_ln38)> <Delay = 0.88> <CoreInst = "Adder">   --->   Core 1 'Adder' <Latency = 0> <II = 1> <Delay = 0.88> <FuncUnit> <Opcode : 'add' 'sub'> <InPorts = 2> <OutPorts = 1>
ST_1 : Operation 16 [1/1] (0.38ns)   --->   "%store_ln40 = store i32 %i, i32 %vmap_task_vertex" [pageRank.cpp:40]   --->   Operation 16 'store' 'store_ln40' <Predicate = (!icmp_ln38)> <Delay = 0.38>
ST_1 : Operation 28 [1/1] (0.38ns)   --->   "%ret_ln0 = ret"   --->   Operation 28 'ret' 'ret_ln0' <Predicate = (icmp_ln38)> <Delay = 0.38>

State 2 <SV = 1> <Delay = 0.84>
ST_2 : Operation 17 [1/1] (0.00ns)   --->   "%specpipeline_ln39 = specpipeline void @_ssdm_op_SpecPipeline, i32 1, i32 0, i32 0, i32 0, void @empty_1" [pageRank.cpp:39]   --->   Operation 17 'specpipeline' 'specpipeline_ln39' <Predicate = true> <Delay = 0.00>
ST_2 : Operation 18 [1/1] (0.00ns)   --->   "%specloopname_ln38 = specloopname void @_ssdm_op_SpecLoopName, void @empty_3" [pageRank.cpp:38]   --->   Operation 18 'specloopname' 'specloopname_ln38' <Predicate = true> <Delay = 0.00>
ST_2 : Operation 19 [1/1] (0.00ns)   --->   "%tmp1 = partselect i64 @_ssdm_op_PartSelect.i64.i512.i32.i32, i512 %tmp, i32 64, i32 127" [pageRank.cpp:50]   --->   Operation 19 'partselect' 'tmp1' <Predicate = true> <Delay = 0.00>
ST_2 : Operation 20 [1/1] (0.00ns)   --->   "%tmp_s = partselect i64 @_ssdm_op_PartSelect.i64.i512.i32.i32, i512 %tmp, i32 128, i32 191" [pageRank.cpp:50]   --->   Operation 20 'partselect' 'tmp_s' <Predicate = true> <Delay = 0.00>
ST_2 : Operation 21 [1/1] (0.00ns)   --->   "%tmp_1 = partselect i32 @_ssdm_op_PartSelect.i32.i512.i32.i32, i512 %tmp, i32 320, i32 351" [pageRank.cpp:50]   --->   Operation 21 'partselect' 'tmp_1' <Predicate = true> <Delay = 0.00>
ST_2 : Operation 22 [1/1] (0.00ns)   --->   "%tmp_2 = partselect i32 @_ssdm_op_PartSelect.i32.i512.i32.i32, i512 %tmp, i32 384, i32 415" [pageRank.cpp:50]   --->   Operation 22 'partselect' 'tmp_2' <Predicate = true> <Delay = 0.00>
ST_2 : Operation 23 [1/1] (0.00ns)   --->   "%tmp_3 = partselect i64 @_ssdm_op_PartSelect.i64.i512.i32.i32, i512 %tmp, i32 448, i32 511" [pageRank.cpp:50]   --->   Operation 23 'partselect' 'tmp_3' <Predicate = true> <Delay = 0.00>
ST_2 : Operation 24 [1/1] (0.00ns)   --->   "%or_ln50_3 = bitconcatenate i352 @_ssdm_op_BitConcatenate.i352.i32.i32.i32.i64.i64.i64.i64, i32 %tmp_1, i32 %tmp_2, i32 %i_2, i64 %tmp1, i64 %tmp_3, i64 %tmp_s, i64 %base_task_pPrNext_read" [pageRank.cpp:50]   --->   Operation 24 'bitconcatenate' 'or_ln50_3' <Predicate = true> <Delay = 0.00>
ST_2 : Operation 25 [1/1] (0.00ns)   --->   "%zext_ln50 = zext i352 %or_ln50_3" [pageRank.cpp:50]   --->   Operation 25 'zext' 'zext_ln50' <Predicate = true> <Delay = 0.00>
ST_2 : Operation 26 [1/1] (0.84ns)   --->   "%write_ln50 = write void @_ssdm_op_Write.axis.volatile.i512P128A, i512 %taskOutGlobal, i512 %zext_ln50" [pageRank.cpp:50]   --->   Operation 26 'write' 'write_ln50' <Predicate = true> <Delay = 0.84> <CoreInst = "regslice">   --->   Core 147 'regslice' <Latency = 0> <II = 1> <Delay = 0.99> <Adapter> <Opcode : 'read' 'write'>
ST_2 : Operation 27 [1/1] (0.00ns)   --->   "%br_ln38 = br void %for.inc" [pageRank.cpp:38]   --->   Operation 27 'br' 'br_ln38' <Predicate = true> <Delay = 0.00>


============================================================
+ Verbose Summary: Timing violations
============================================================
Target clock period: 4.000ns, clock uncertainty: 1.080ns.

 <State 1>: 1.654ns
The critical path consists of the following:
	'store' operation 0 bit ('store_ln40', pageRank.cpp:40) of constant 0 on local variable 'vmap_task.vertex', pageRank.cpp:40 [10]  (0.387 ns)
	'load' operation 32 bit ('i', pageRank.cpp:38) on local variable 'vmap_task.vertex', pageRank.cpp:40 [13]  (0.000 ns)
	'add' operation 32 bit ('i', pageRank.cpp:38) [17]  (0.880 ns)
	'store' operation 0 bit ('store_ln40', pageRank.cpp:40) of variable 'i', pageRank.cpp:38 on local variable 'vmap_task.vertex', pageRank.cpp:40 [28]  (0.387 ns)

 <State 2>: 0.845ns
The critical path consists of the following:
	axis write operation ('write_ln50', pageRank.cpp:50) on port 'taskOutGlobal' (pageRank.cpp:50) [27]  (0.845 ns)


============================================================
+ Verbose Summary: Binding
============================================================
N/A
* FSMD analyzer results:
  - Output states:
 - Input state : 
  - Chain level:
	State 1
	State 2


============================================================
+ Verbose Summary: Datapath Resource usage 
============================================================
N/A
