

================================================================
== Vitis HLS Report for 'adder_function_Pipeline_VITIS_LOOP_122_2'
================================================================
* Date:           Wed Apr  1 19:51:43 2026

* Version:        2025.1 (Build 6135595 on May 21 2025)
* Project:        vertex_map
* Solution:       hls (Vivado IP Flow Target)
* Product family: virtexuplusHBM
* Target device:  xcu55c-fsvh2892-2LV-e


================================================================
== Performance Estimates
================================================================
+ Timing: 
    * Summary: 
    +--------+---------+----------+------------+
    |  Clock |  Target | Estimated| Uncertainty|
    +--------+---------+----------+------------+
    |ap_clk  |  4.00 ns|  2.729 ns|     1.08 ns|
    +--------+---------+----------+------------+

+ Latency: 
    * Summary: 
    +---------+---------+----------+----------+-----+-----+------------------------------------------------+
    |  Latency (cycles) |  Latency (absolute) |  Interval |                    Pipeline                    |
    |   min   |   max   |    min   |    max   | min | max |                      Type                      |
    +---------+---------+----------+----------+-----+-----+------------------------------------------------+
    |       64|       64|  0.256 us|  0.256 us|   63|   63|  loop auto-rewind stp (delay=0 clock cycles(s))|
    +---------+---------+----------+----------+-----+-----+------------------------------------------------+

    + Detail: 
        * Instance: 
        N/A

        * Loop: 
        +--------------------+---------+---------+----------+-----------+-----------+------+----------+
        |                    |  Latency (cycles) | Iteration|  Initiation Interval  | Trip |          |
        |      Loop Name     |   min   |   max   |  Latency |  achieved |   target  | Count| Pipelined|
        +--------------------+---------+---------+----------+-----------+-----------+------+----------+
        |- VITIS_LOOP_122_2  |       62|       62|         9|          6|          1|    10|       yes|
        +--------------------+---------+---------+----------+-----------+-----------+------+----------+



================================================================
== Utilization Estimates
================================================================
* Summary: 
+---------------------+---------+------+---------+---------+-----+
|         Name        | BRAM_18K|  DSP |    FF   |   LUT   | URAM|
+---------------------+---------+------+---------+---------+-----+
|DSP                  |        -|     -|        -|        -|    -|
|Expression           |        -|     -|        0|       30|    -|
|FIFO                 |        -|     -|        -|        -|    -|
|Instance             |        -|     -|        -|        -|    -|
|Memory               |        -|     -|        -|        -|    -|
|Multiplexer          |        -|     -|        0|      118|    -|
|Register             |        -|     -|       79|        -|    -|
+---------------------+---------+------+---------+---------+-----+
|Total                |        0|     0|       79|      148|    0|
+---------------------+---------+------+---------+---------+-----+
|Available SLR        |     1344|  3008|   869120|   434560|  320|
+---------------------+---------+------+---------+---------+-----+
|Utilization SLR (%)  |        0|     0|       ~0|       ~0|    0|
+---------------------+---------+------+---------+---------+-----+
|Available            |     4032|  9024|  2607360|  1303680|  960|
+---------------------+---------+------+---------+---------+-----+
|Utilization (%)      |        0|     0|       ~0|       ~0|    0|
+---------------------+---------+------+---------+---------+-----+

+ Detail: 
    * Instance: 
    N/A

    * DSP: 
    N/A

    * Memory: 
    N/A

    * FIFO: 
    N/A

    * Expression: 
    +---------------------------------------+----------+----+---+----+------------+------------+
    |             Variable Name             | Operation| DSP| FF| LUT| Bitwidth P0| Bitwidth P1|
    +---------------------------------------+----------+----+---+----+------------+------------+
    |i_6_fu_82_p2                           |         +|   0|  0|  12|           4|           1|
    |ap_block_pp0_stage1_11001              |       and|   0|  0|   2|           1|           1|
    |ap_block_state2_pp0_stage1_iter0_grp1  |       and|   0|  0|   2|           1|           1|
    |icmp_ln122_fu_76_p2                    |      icmp|   0|  0|  12|           4|           4|
    |ap_enable_pp0                          |       xor|   0|  0|   2|           1|           2|
    +---------------------------------------+----------+----+---+----+------------+------------+
    |Total                                  |          |   0|  0|  30|          11|           9|
    +---------------------------------------+----------+----+---+----+------------+------------+

    * Multiplexer: 
    +-----------------------------+----+-----------+-----+-----------+
    |             Name            | LUT| Input Size| Bits| Total Bits|
    +-----------------------------+----+-----------+-----+-----------+
    |adder_in_feed_0_blk_n        |   9|          2|    1|          2|
    |ap_NS_fsm                    |  37|          7|    1|          7|
    |ap_done_int                  |   9|          2|    1|          2|
    |ap_enable_reg_pp0_iter0      |   9|          2|    1|          2|
    |ap_enable_reg_pp0_iter0_reg  |   9|          2|    1|          2|
    |ap_enable_reg_pp0_iter1      |   9|          2|    1|          2|
    |ap_sig_allocacmp_i           |   9|          2|    4|          8|
    |ap_sig_allocacmp_sum_load    |   9|          2|   32|         64|
    |i_5_fu_42                    |   9|          2|    4|          8|
    |sum_fu_38                    |   9|          2|   32|         64|
    +-----------------------------+----+-----------+-----+-----------+
    |Total                        | 118|         25|   78|        161|
    +-----------------------------+----+-----------+-----+-----------+

    * Register: 
    +-------------------------------------------+----+----+-----+-----------+
    |                    Name                   | FF | LUT| Bits| Const Bits|
    +-------------------------------------------+----+----+-----+-----------+
    |adder_in_feed_0_read_reg_129               |  32|   0|   32|          0|
    |ap_CS_fsm                                  |   6|   0|    6|          0|
    |ap_block_pp0_stage1_subdone_grp0_done_reg  |   1|   0|    1|          0|
    |ap_done_reg                                |   1|   0|    1|          0|
    |ap_enable_reg_pp0_iter0_reg                |   1|   0|    1|          0|
    |ap_enable_reg_pp0_iter1                    |   1|   0|    1|          0|
    |i_5_fu_42                                  |   4|   0|    4|          0|
    |icmp_ln122_reg_125                         |   1|   0|    1|          0|
    |sum_fu_38                                  |  32|   0|   32|          0|
    +-------------------------------------------+----+----+-----+-----------+
    |Total                                      |  79|   0|   79|          0|
    +-------------------------------------------+----+----+-----+-----------+



================================================================
== Interface
================================================================
* Summary: 
+--------------------------------+-----+-----+------------+------------------------------------------+--------------+
|            RTL Ports           | Dir | Bits|  Protocol  |               Source Object              |    C Type    |
+--------------------------------+-----+-----+------------+------------------------------------------+--------------+
|ap_clk                          |   in|    1|  ap_ctrl_hs|  adder_function_Pipeline_VITIS_LOOP_122_2|  return value|
|ap_rst                          |   in|    1|  ap_ctrl_hs|  adder_function_Pipeline_VITIS_LOOP_122_2|  return value|
|ap_start                        |   in|    1|  ap_ctrl_hs|  adder_function_Pipeline_VITIS_LOOP_122_2|  return value|
|ap_done                         |  out|    1|  ap_ctrl_hs|  adder_function_Pipeline_VITIS_LOOP_122_2|  return value|
|ap_idle                         |  out|    1|  ap_ctrl_hs|  adder_function_Pipeline_VITIS_LOOP_122_2|  return value|
|ap_ready                        |  out|    1|  ap_ctrl_hs|  adder_function_Pipeline_VITIS_LOOP_122_2|  return value|
|grp_fu_151_p_din0               |  out|   32|  ap_ctrl_hs|  adder_function_Pipeline_VITIS_LOOP_122_2|  return value|
|grp_fu_151_p_din1               |  out|   32|  ap_ctrl_hs|  adder_function_Pipeline_VITIS_LOOP_122_2|  return value|
|grp_fu_151_p_opcode             |  out|    2|  ap_ctrl_hs|  adder_function_Pipeline_VITIS_LOOP_122_2|  return value|
|grp_fu_151_p_dout0              |   in|   32|  ap_ctrl_hs|  adder_function_Pipeline_VITIS_LOOP_122_2|  return value|
|grp_fu_151_p_ce                 |  out|    1|  ap_ctrl_hs|  adder_function_Pipeline_VITIS_LOOP_122_2|  return value|
|adder_in_feed_0_dout            |   in|   32|     ap_fifo|                           adder_in_feed_0|       pointer|
|adder_in_feed_0_empty_n         |   in|    1|     ap_fifo|                           adder_in_feed_0|       pointer|
|adder_in_feed_0_read            |  out|    1|     ap_fifo|                           adder_in_feed_0|       pointer|
|adder_in_feed_0_num_data_valid  |   in|    8|     ap_fifo|                           adder_in_feed_0|       pointer|
|adder_in_feed_0_fifo_cap        |   in|    8|     ap_fifo|                           adder_in_feed_0|       pointer|
|sum_out                         |  out|   32|      ap_vld|                                   sum_out|       pointer|
|sum_out_ap_vld                  |  out|    1|      ap_vld|                                   sum_out|       pointer|
+--------------------------------+-----+-----+------------+------------------------------------------+--------------+

============================================================
+ Verbose Summary: Synthesis Manager
============================================================
InlineROM: 1
ExposeGlobal: 0
============================================================
+ Verbose Summary: CDFG Model
============================================================
IsTopModel: 0
ResetActiveHigh: 1
IsCombinational: 2
IsDatapathOnly: 2
HasWiredReturn: 1
HasMFsm: 2
HasVarLatency: 1
IsPipeline: 0
IsRtlPipelined: 0
IsInstanceOverlapped: 0
IsDontTouch: 0
HasImplIP: 0
IsGatedGlobalClock: 0

+ Individual pipeline summary: 
  * Pipeline-0: initiation interval (II) = 6, depth = 9


============================================================
+ Verbose Summary: Schedule
============================================================
* Number of FSM states : 9
* Pipeline : 1
  Pipeline-0 : II = 6, D = 9, States = { 1 2 3 4 5 6 7 8 9 }
* Dataflow Pipeline: 0

* FSM state transitions: 
1 --> 2 
2 --> 3 
3 --> 4 
4 --> 5 
5 --> 6 
6 --> 7 
7 --> 8 
8 --> 9 
9 --> 

* FSM state operations: 

State 1 <SV = 0> <Delay = 1.48>
ST_1 : Operation 12 [1/1] (0.00ns)   --->   "%sum = alloca i32 1" [../pageRankReduce/pageRank.cpp:116]   --->   Operation 12 'alloca' 'sum' <Predicate = true> <Delay = 0.00>
ST_1 : Operation 13 [1/1] (0.00ns)   --->   "%i_5 = alloca i32 1" [../pageRankReduce/pageRank.cpp:122]   --->   Operation 13 'alloca' 'i_5' <Predicate = true> <Delay = 0.00>
ST_1 : Operation 14 [1/1] (0.00ns)   --->   "%specinterface_ln0 = specinterface void @_ssdm_op_SpecInterface, i32 %adder_in_feed_0, void @empty_4, i32 0, i32 0, void @empty_16, i32 0, i32 0, void @empty_16, void @empty_16, void @empty_16, i32 0, i32 0, i32 0, i32 0, void @empty_16, void @empty_16, i32 4294967295, i32 0, i32 0"   --->   Operation 14 'specinterface' 'specinterface_ln0' <Predicate = true> <Delay = 0.00>
ST_1 : Operation 15 [1/1] (0.38ns)   --->   "%store_ln122 = store i4 0, i4 %i_5" [../pageRankReduce/pageRank.cpp:122]   --->   Operation 15 'store' 'store_ln122' <Predicate = true> <Delay = 0.38>
ST_1 : Operation 16 [1/1] (0.38ns)   --->   "%store_ln116 = store i32 0, i32 %sum" [../pageRankReduce/pageRank.cpp:116]   --->   Operation 16 'store' 'store_ln116' <Predicate = true> <Delay = 0.38>
ST_1 : Operation 17 [1/1] (0.00ns)   --->   "%br_ln122 = br void %for.inc10" [../pageRankReduce/pageRank.cpp:122]   --->   Operation 17 'br' 'br_ln122' <Predicate = true> <Delay = 0.00>
ST_1 : Operation 18 [1/1] (0.00ns)   --->   "%i = load i4 %i_5" [../pageRankReduce/pageRank.cpp:122]   --->   Operation 18 'load' 'i' <Predicate = true> <Delay = 0.00>
ST_1 : Operation 19 [1/1] (0.70ns)   --->   "%icmp_ln122 = icmp_eq  i4 %i, i4 10" [../pageRankReduce/pageRank.cpp:122]   --->   Operation 19 'icmp' 'icmp_ln122' <Predicate = true> <Delay = 0.70> <CoreInst = "Cmp">   --->   Core 9 'Cmp' <Latency = 0> <II = 1> <Delay = 0.70> <FuncUnit> <Opcode : 'seteq' 'setne' 'setle' 'setge' 'setlt' 'setgt'> <InPorts = 2> <OutPorts = 1>
ST_1 : Operation 20 [1/1] (0.70ns)   --->   "%i_6 = add i4 %i, i4 1" [../pageRankReduce/pageRank.cpp:122]   --->   Operation 20 'add' 'i_6' <Predicate = true> <Delay = 0.70> <CoreInst = "Adder">   --->   Core 1 'Adder' <Latency = 0> <II = 1> <Delay = 0.70> <FuncUnit> <Opcode : 'add' 'sub'> <InPorts = 2> <OutPorts = 1>
ST_1 : Operation 21 [1/1] (0.00ns)   --->   "%br_ln122 = br i1 %icmp_ln122, void %for.inc10.split, void %for.end12.exitStub" [../pageRankReduce/pageRank.cpp:122]   --->   Operation 21 'br' 'br_ln122' <Predicate = true> <Delay = 0.00>
ST_1 : Operation 22 [1/1] (0.38ns)   --->   "%store_ln122 = store i4 %i_6, i4 %i_5" [../pageRankReduce/pageRank.cpp:122]   --->   Operation 22 'store' 'store_ln122' <Predicate = (!icmp_ln122)> <Delay = 0.38>

State 2 <SV = 1> <Delay = 1.14>
ST_2 : Operation 23 [1/1] ( I:1.14ns O:1.14ns )   --->   "%adder_in_feed_0_read = read i32 @_ssdm_op_Read.ap_fifo.volatile.i32P0A, i32 %adder_in_feed_0" [../pageRankReduce/pageRank.cpp:124]   --->   Operation 23 'read' 'adder_in_feed_0_read' <Predicate = (!icmp_ln122)> <Delay = 1.14> <CoreInst = "FIFO">   --->   Core 77 'FIFO' <Latency = 0> <II = 1> <Delay = 1.14> <Storage> <Opcode : 'read' 'write' 'nbread' 'nbwrite'> <Ports = 0> <Width = 32> <Depth = 128> <FIFO>

State 3 <SV = 2> <Delay = 2.34>
ST_3 : Operation 24 [1/1] (0.00ns)   --->   "%sum_load = load i32 %sum" [../pageRankReduce/pageRank.cpp:124]   --->   Operation 24 'load' 'sum_load' <Predicate = (!icmp_ln122)> <Delay = 0.00>
ST_3 : Operation 25 [1/1] (0.00ns)   --->   "%bitcast_ln124 = bitcast i32 %adder_in_feed_0_read" [../pageRankReduce/pageRank.cpp:124]   --->   Operation 25 'bitcast' 'bitcast_ln124' <Predicate = (!icmp_ln122)> <Delay = 0.00>
ST_3 : Operation 26 [7/7] (2.34ns)   --->   "%sum_1 = fadd i32 %sum_load, i32 %bitcast_ln124" [../pageRankReduce/pageRank.cpp:124]   --->   Operation 26 'fadd' 'sum_1' <Predicate = (!icmp_ln122)> <Delay = 2.34> <CoreInst = "FAddSub_fulldsp">   --->   Core 18 'FAddSub_fulldsp' <Latency = 6> <II = 1> <Delay = 2.34> <FuncUnit> <Opcode : 'fadd' 'fsub'> <InPorts = 2> <OutPorts = 1>
ST_3 : Operation 38 [1/1] (0.00ns)   --->   "%sum_load_1 = load i32 %sum"   --->   Operation 38 'load' 'sum_load_1' <Predicate = (icmp_ln122)> <Delay = 0.00>
ST_3 : Operation 39 [1/1] (0.00ns)   --->   "%write_ln0 = write void @_ssdm_op_Write.ap_auto.floatP0A, i32 %sum_out, i32 %sum_load_1"   --->   Operation 39 'write' 'write_ln0' <Predicate = (icmp_ln122)> <Delay = 0.00>
ST_3 : Operation 40 [1/1] (0.38ns)   --->   "%ret_ln0 = ret"   --->   Operation 40 'ret' 'ret_ln0' <Predicate = (icmp_ln122)> <Delay = 0.38>

State 4 <SV = 3> <Delay = 2.34>
ST_4 : Operation 27 [6/7] (2.34ns)   --->   "%sum_1 = fadd i32 %sum_load, i32 %bitcast_ln124" [../pageRankReduce/pageRank.cpp:124]   --->   Operation 27 'fadd' 'sum_1' <Predicate = (!icmp_ln122)> <Delay = 2.34> <CoreInst = "FAddSub_fulldsp">   --->   Core 18 'FAddSub_fulldsp' <Latency = 6> <II = 1> <Delay = 2.34> <FuncUnit> <Opcode : 'fadd' 'fsub'> <InPorts = 2> <OutPorts = 1>

State 5 <SV = 4> <Delay = 2.34>
ST_5 : Operation 28 [5/7] (2.34ns)   --->   "%sum_1 = fadd i32 %sum_load, i32 %bitcast_ln124" [../pageRankReduce/pageRank.cpp:124]   --->   Operation 28 'fadd' 'sum_1' <Predicate = (!icmp_ln122)> <Delay = 2.34> <CoreInst = "FAddSub_fulldsp">   --->   Core 18 'FAddSub_fulldsp' <Latency = 6> <II = 1> <Delay = 2.34> <FuncUnit> <Opcode : 'fadd' 'fsub'> <InPorts = 2> <OutPorts = 1>

State 6 <SV = 5> <Delay = 2.34>
ST_6 : Operation 29 [4/7] (2.34ns)   --->   "%sum_1 = fadd i32 %sum_load, i32 %bitcast_ln124" [../pageRankReduce/pageRank.cpp:124]   --->   Operation 29 'fadd' 'sum_1' <Predicate = (!icmp_ln122)> <Delay = 2.34> <CoreInst = "FAddSub_fulldsp">   --->   Core 18 'FAddSub_fulldsp' <Latency = 6> <II = 1> <Delay = 2.34> <FuncUnit> <Opcode : 'fadd' 'fsub'> <InPorts = 2> <OutPorts = 1>

State 7 <SV = 6> <Delay = 2.34>
ST_7 : Operation 30 [3/7] (2.34ns)   --->   "%sum_1 = fadd i32 %sum_load, i32 %bitcast_ln124" [../pageRankReduce/pageRank.cpp:124]   --->   Operation 30 'fadd' 'sum_1' <Predicate = true> <Delay = 2.34> <CoreInst = "FAddSub_fulldsp">   --->   Core 18 'FAddSub_fulldsp' <Latency = 6> <II = 1> <Delay = 2.34> <FuncUnit> <Opcode : 'fadd' 'fsub'> <InPorts = 2> <OutPorts = 1>

State 8 <SV = 7> <Delay = 2.34>
ST_8 : Operation 31 [2/7] (2.34ns)   --->   "%sum_1 = fadd i32 %sum_load, i32 %bitcast_ln124" [../pageRankReduce/pageRank.cpp:124]   --->   Operation 31 'fadd' 'sum_1' <Predicate = true> <Delay = 2.34> <CoreInst = "FAddSub_fulldsp">   --->   Core 18 'FAddSub_fulldsp' <Latency = 6> <II = 1> <Delay = 2.34> <FuncUnit> <Opcode : 'fadd' 'fsub'> <InPorts = 2> <OutPorts = 1>

State 9 <SV = 8> <Delay = 2.72>
ST_9 : Operation 32 [1/1] (0.00ns)   --->   "%specpipeline_ln123 = specpipeline void @_ssdm_op_SpecPipeline, i32 4294967295, i32 0, i32 0, i32 0, void @empty_16" [../pageRankReduce/pageRank.cpp:123]   --->   Operation 32 'specpipeline' 'specpipeline_ln123' <Predicate = true> <Delay = 0.00>
ST_9 : Operation 33 [1/1] (0.00ns)   --->   "%speclooptripcount_ln116 = speclooptripcount void @_ssdm_op_SpecLoopTripCount, i64 10, i64 10, i64 10" [../pageRankReduce/pageRank.cpp:116]   --->   Operation 33 'speclooptripcount' 'speclooptripcount_ln116' <Predicate = true> <Delay = 0.00>
ST_9 : Operation 34 [1/1] (0.00ns)   --->   "%specloopname_ln122 = specloopname void @_ssdm_op_SpecLoopName, void @empty_9" [../pageRankReduce/pageRank.cpp:122]   --->   Operation 34 'specloopname' 'specloopname_ln122' <Predicate = true> <Delay = 0.00>
ST_9 : Operation 35 [1/7] (2.34ns)   --->   "%sum_1 = fadd i32 %sum_load, i32 %bitcast_ln124" [../pageRankReduce/pageRank.cpp:124]   --->   Operation 35 'fadd' 'sum_1' <Predicate = true> <Delay = 2.34> <CoreInst = "FAddSub_fulldsp">   --->   Core 18 'FAddSub_fulldsp' <Latency = 6> <II = 1> <Delay = 2.34> <FuncUnit> <Opcode : 'fadd' 'fsub'> <InPorts = 2> <OutPorts = 1>
ST_9 : Operation 36 [1/1] (0.38ns)   --->   "%store_ln116 = store i32 %sum_1, i32 %sum" [../pageRankReduce/pageRank.cpp:116]   --->   Operation 36 'store' 'store_ln116' <Predicate = true> <Delay = 0.38>
ST_9 : Operation 37 [1/1] (0.00ns)   --->   "%br_ln122 = br void %for.inc10" [../pageRankReduce/pageRank.cpp:122]   --->   Operation 37 'br' 'br_ln122' <Predicate = true> <Delay = 0.00>


============================================================
+ Verbose Summary: Binding
============================================================
STG Binding: 
---------------- STG Properties BEGIN ----------------
- Is combinational: 0
- Is one-state seq: 0
- Is datapath-only: 0
- Is pipelined: 0
- Is top level: 0
Port [ Return ] is wired: 1; IO mode=ap_ctrl_hs:ce=0
Port [ adder_in_feed_0]:  wired=1; compound=1; hidden=0; nouse=0; global=0; static=0; extern=0; dir=0; type=3; pingpong=0; private_global=0; IO mode=ap_fifo:ce=0
Port [ sum_out]:  wired=1; compound=0; hidden=0; nouse=0; global=0; static=0; extern=0; dir=1; type=0; pingpong=0; private_global=0; IO mode=ap_vld:ce=0
---------------- STG Properties END ------------------

---------------- Datapath Model BEGIN ----------------

<LifeTime>
<method=bitvector/>
sum                     (alloca           ) [ 0111111111]
i_5                     (alloca           ) [ 0100000000]
specinterface_ln0       (specinterface    ) [ 0000000000]
store_ln122             (store            ) [ 0000000000]
store_ln116             (store            ) [ 0000000000]
br_ln122                (br               ) [ 0000000000]
i                       (load             ) [ 0000000000]
icmp_ln122              (icmp             ) [ 0111111000]
i_6                     (add              ) [ 0000000000]
br_ln122                (br               ) [ 0000000000]
store_ln122             (store            ) [ 0000000000]
adder_in_feed_0_read    (read             ) [ 0001000000]
sum_load                (load             ) [ 0111111111]
bitcast_ln124           (bitcast          ) [ 0111111111]
specpipeline_ln123      (specpipeline     ) [ 0000000000]
speclooptripcount_ln116 (speclooptripcount) [ 0000000000]
specloopname_ln122      (specloopname     ) [ 0000000000]
sum_1                   (fadd             ) [ 0000000000]
store_ln116             (store            ) [ 0000000000]
br_ln122                (br               ) [ 0000000000]
sum_load_1              (load             ) [ 0000000000]
write_ln0               (write            ) [ 0000000000]
ret_ln0                 (ret              ) [ 0000000000]
</LifeTime>

<model>

<comp_list>
<comp id="0" class="1000" name="adder_in_feed_0">
<pin_list>
<pin id="1" dir="1" index="0" bw="1" slack="0"/>
</pin_list>
<bind>
<StgValue><ssdm name="adder_in_feed_0"/></StgValue>
</bind>
</comp>

<comp id="2" class="1000" name="sum_out">
<pin_list>
<pin id="3" dir="1" index="0" bw="1" slack="0"/>
</pin_list>
<bind>
<StgValue><ssdm name="sum_out"/></StgValue>
</bind>
</comp>

<comp id="4" class="1001" name="const_4">
<pin_list>
<pin id="5" dir="1" index="0" bw="1" slack="0"/>
</pin_list>
<bind>
<StgValue><ssdm name=""/></StgValue>
</bind>
</comp>

<comp id="6" class="1001" name="const_6">
<pin_list>
<pin id="7" dir="1" index="0" bw="1" slack="2147483647"/>
</pin_list>
<bind>
<StgValue><ssdm name="_ssdm_op_SpecInterface"/></StgValue>
</bind>
</comp>

<comp id="8" class="1001" name="const_8">
<pin_list>
<pin id="9" dir="1" index="0" bw="1" slack="2147483647"/>
</pin_list>
<bind>
<StgValue><ssdm name="empty_4"/></StgValue>
</bind>
</comp>

<comp id="10" class="1001" name="const_10">
<pin_list>
<pin id="11" dir="1" index="0" bw="1" slack="2147483647"/>
</pin_list>
<bind>
<StgValue><ssdm name=""/></StgValue>
</bind>
</comp>

<comp id="12" class="1001" name="const_12">
<pin_list>
<pin id="13" dir="1" index="0" bw="1" slack="2147483647"/>
</pin_list>
<bind>
<StgValue><ssdm name="empty_16"/></StgValue>
</bind>
</comp>

<comp id="14" class="1001" name="const_14">
<pin_list>
<pin id="15" dir="1" index="0" bw="1" slack="2147483647"/>
</pin_list>
<bind>
<StgValue><ssdm name=""/></StgValue>
</bind>
</comp>

<comp id="16" class="1001" name="const_16">
<pin_list>
<pin id="17" dir="1" index="0" bw="1" slack="0"/>
</pin_list>
<bind>
<StgValue><ssdm name=""/></StgValue>
</bind>
</comp>

<comp id="18" class="1001" name="const_18">
<pin_list>
<pin id="19" dir="1" index="0" bw="1" slack="0"/>
</pin_list>
<bind>
<StgValue><ssdm name=""/></StgValue>
</bind>
</comp>

<comp id="20" class="1001" name="const_20">
<pin_list>
<pin id="21" dir="1" index="0" bw="1" slack="0"/>
</pin_list>
<bind>
<StgValue><ssdm name=""/></StgValue>
</bind>
</comp>

<comp id="22" class="1001" name="const_22">
<pin_list>
<pin id="23" dir="1" index="0" bw="1" slack="0"/>
</pin_list>
<bind>
<StgValue><ssdm name=""/></StgValue>
</bind>
</comp>

<comp id="24" class="1001" name="const_24">
<pin_list>
<pin id="25" dir="1" index="0" bw="1" slack="0"/>
</pin_list>
<bind>
<StgValue><ssdm name="_ssdm_op_Read.ap_fifo.volatile.i32P0A"/></StgValue>
</bind>
</comp>

<comp id="26" class="1001" name="const_26">
<pin_list>
<pin id="27" dir="1" index="0" bw="1" slack="2147483647"/>
</pin_list>
<bind>
<StgValue><ssdm name="_ssdm_op_SpecPipeline"/></StgValue>
</bind>
</comp>

<comp id="28" class="1001" name="const_28">
<pin_list>
<pin id="29" dir="1" index="0" bw="1" slack="2147483647"/>
</pin_list>
<bind>
<StgValue><ssdm name="_ssdm_op_SpecLoopTripCount"/></StgValue>
</bind>
</comp>

<comp id="30" class="1001" name="const_30">
<pin_list>
<pin id="31" dir="1" index="0" bw="1" slack="2147483647"/>
</pin_list>
<bind>
<StgValue><ssdm name=""/></StgValue>
</bind>
</comp>

<comp id="32" class="1001" name="const_32">
<pin_list>
<pin id="33" dir="1" index="0" bw="1" slack="2147483647"/>
</pin_list>
<bind>
<StgValue><ssdm name="_ssdm_op_SpecLoopName"/></StgValue>
</bind>
</comp>

<comp id="34" class="1001" name="const_34">
<pin_list>
<pin id="35" dir="1" index="0" bw="1" slack="2147483647"/>
</pin_list>
<bind>
<StgValue><ssdm name="empty_9"/></StgValue>
</bind>
</comp>

<comp id="36" class="1001" name="const_36">
<pin_list>
<pin id="37" dir="1" index="0" bw="1" slack="0"/>
</pin_list>
<bind>
<StgValue><ssdm name="_ssdm_op_Write.ap_auto.floatP0A"/></StgValue>
</bind>
</comp>

<comp id="38" class="1004" name="sum_fu_38">
<pin_list>
<pin id="39" dir="0" index="0" bw="1" slack="0"/>
<pin id="40" dir="1" index="1" bw="32" slack="0"/>
</pin_list>
<bind>
<opcode="alloca(26) " fcode="alloca"/>
<opset="sum/1 "/>
</bind>
</comp>

<comp id="42" class="1004" name="i_5_fu_42">
<pin_list>
<pin id="43" dir="0" index="0" bw="1" slack="0"/>
<pin id="44" dir="1" index="1" bw="4" slack="0"/>
</pin_list>
<bind>
<opcode="alloca(26) " fcode="alloca"/>
<opset="i_5/1 "/>
</bind>
</comp>

<comp id="46" class="1004" name="adder_in_feed_0_read_read_fu_46">
<pin_list>
<pin id="47" dir="0" index="0" bw="32" slack="0"/>
<pin id="48" dir="0" index="1" bw="32" slack="0"/>
<pin id="49" dir="1" index="2" bw="32" slack="1"/>
</pin_list>
<bind>
<opcode="read(1150) " fcode="read"/>
<opset="adder_in_feed_0_read/2 "/>
</bind>
</comp>

<comp id="52" class="1004" name="write_ln0_write_fu_52">
<pin_list>
<pin id="53" dir="0" index="0" bw="0" slack="0"/>
<pin id="54" dir="0" index="1" bw="32" slack="0"/>
<pin id="55" dir="0" index="2" bw="32" slack="0"/>
<pin id="56" dir="1" index="3" bw="0" slack="2147483647"/>
</pin_list>
<bind>
<opcode="write(1151) " fcode="write"/>
<opset="write_ln0/3 "/>
</bind>
</comp>

<comp id="59" class="1004" name="grp_fu_59">
<pin_list>
<pin id="60" dir="0" index="0" bw="32" slack="0"/>
<pin id="61" dir="0" index="1" bw="32" slack="0"/>
<pin id="62" dir="1" index="2" bw="32" slack="0"/>
</pin_list>
<bind>
<opcode="fadd(9) " fcode="fadd"/>
<opset="sum_1/3 "/>
</bind>
</comp>

<comp id="63" class="1004" name="store_ln122_store_fu_63">
<pin_list>
<pin id="64" dir="0" index="0" bw="1" slack="0"/>
<pin id="65" dir="0" index="1" bw="4" slack="0"/>
<pin id="66" dir="1" index="2" bw="0" slack="2147483647"/>
</pin_list>
<bind>
<opcode="store(28) " fcode="store"/>
<opset="store_ln122/1 "/>
</bind>
</comp>

<comp id="68" class="1004" name="store_ln116_store_fu_68">
<pin_list>
<pin id="69" dir="0" index="0" bw="32" slack="0"/>
<pin id="70" dir="0" index="1" bw="32" slack="0"/>
<pin id="71" dir="1" index="2" bw="0" slack="2147483647"/>
</pin_list>
<bind>
<opcode="store(28) " fcode="store"/>
<opset="store_ln116/1 "/>
</bind>
</comp>

<comp id="73" class="1004" name="i_load_fu_73">
<pin_list>
<pin id="74" dir="0" index="0" bw="4" slack="0"/>
<pin id="75" dir="1" index="1" bw="4" slack="0"/>
</pin_list>
<bind>
<opcode="load(27) " fcode="load"/>
<opset="i/1 "/>
</bind>
</comp>

<comp id="76" class="1004" name="icmp_ln122_fu_76">
<pin_list>
<pin id="77" dir="0" index="0" bw="4" slack="0"/>
<pin id="78" dir="0" index="1" bw="4" slack="0"/>
<pin id="79" dir="1" index="2" bw="1" slack="1"/>
</pin_list>
<bind>
<opcode="icmp(45) " fcode="icmp"/>
<opset="icmp_ln122/1 "/>
</bind>
</comp>

<comp id="82" class="1004" name="i_6_fu_82">
<pin_list>
<pin id="83" dir="0" index="0" bw="4" slack="0"/>
<pin id="84" dir="0" index="1" bw="1" slack="0"/>
<pin id="85" dir="1" index="2" bw="4" slack="0"/>
</pin_list>
<bind>
<opcode="add(8) " fcode="add"/>
<opset="i_6/1 "/>
</bind>
</comp>

<comp id="88" class="1004" name="store_ln122_store_fu_88">
<pin_list>
<pin id="89" dir="0" index="0" bw="4" slack="0"/>
<pin id="90" dir="0" index="1" bw="4" slack="0"/>
<pin id="91" dir="1" index="2" bw="0" slack="2147483647"/>
</pin_list>
<bind>
<opcode="store(28) " fcode="store"/>
<opset="store_ln122/1 "/>
</bind>
</comp>

<comp id="93" class="1004" name="sum_load_load_fu_93">
<pin_list>
<pin id="94" dir="0" index="0" bw="32" slack="2"/>
<pin id="95" dir="1" index="1" bw="32" slack="0"/>
</pin_list>
<bind>
<opcode="load(27) " fcode="load"/>
<opset="sum_load/3 "/>
</bind>
</comp>

<comp id="97" class="1004" name="bitcast_ln124_fu_97">
<pin_list>
<pin id="98" dir="0" index="0" bw="32" slack="1"/>
<pin id="99" dir="1" index="1" bw="32" slack="0"/>
</pin_list>
<bind>
<opcode="bitcast(44) " fcode="bitcast"/>
<opset="bitcast_ln124/3 "/>
</bind>
</comp>

<comp id="101" class="1004" name="store_ln116_store_fu_101">
<pin_list>
<pin id="102" dir="0" index="0" bw="32" slack="0"/>
<pin id="103" dir="0" index="1" bw="32" slack="8"/>
<pin id="104" dir="1" index="2" bw="0" slack="2147483647"/>
</pin_list>
<bind>
<opcode="store(28) " fcode="store"/>
<opset="store_ln116/9 "/>
</bind>
</comp>

<comp id="106" class="1004" name="sum_load_1_load_fu_106">
<pin_list>
<pin id="107" dir="0" index="0" bw="32" slack="2"/>
<pin id="108" dir="1" index="1" bw="32" slack="0"/>
</pin_list>
<bind>
<opcode="load(27) " fcode="load"/>
<opset="sum_load_1/3 "/>
</bind>
</comp>

<comp id="110" class="1005" name="sum_reg_110">
<pin_list>
<pin id="111" dir="0" index="0" bw="32" slack="0"/>
<pin id="112" dir="1" index="1" bw="32" slack="0"/>
</pin_list>
<bind>
<opset="sum "/>
</bind>
</comp>

<comp id="118" class="1005" name="i_5_reg_118">
<pin_list>
<pin id="119" dir="0" index="0" bw="4" slack="0"/>
<pin id="120" dir="1" index="1" bw="4" slack="0"/>
</pin_list>
<bind>
<opset="i_5 "/>
</bind>
</comp>

<comp id="125" class="1005" name="icmp_ln122_reg_125">
<pin_list>
<pin id="126" dir="0" index="0" bw="1" slack="1"/>
<pin id="127" dir="1" index="1" bw="1" slack="2147483647"/>
</pin_list>
<bind>
<opset="icmp_ln122 "/>
</bind>
</comp>

<comp id="129" class="1005" name="adder_in_feed_0_read_reg_129">
<pin_list>
<pin id="130" dir="0" index="0" bw="32" slack="1"/>
<pin id="131" dir="1" index="1" bw="32" slack="1"/>
</pin_list>
<bind>
<opset="adder_in_feed_0_read "/>
</bind>
</comp>

<comp id="134" class="1005" name="sum_load_reg_134">
<pin_list>
<pin id="135" dir="0" index="0" bw="32" slack="1"/>
<pin id="136" dir="1" index="1" bw="32" slack="1"/>
</pin_list>
<bind>
<opset="sum_load "/>
</bind>
</comp>

<comp id="139" class="1005" name="bitcast_ln124_reg_139">
<pin_list>
<pin id="140" dir="0" index="0" bw="32" slack="1"/>
<pin id="141" dir="1" index="1" bw="32" slack="1"/>
</pin_list>
<bind>
<opset="bitcast_ln124 "/>
</bind>
</comp>

</comp_list>

<net_list>
<net id="41"><net_src comp="4" pin="0"/><net_sink comp="38" pin=0"/></net>

<net id="45"><net_src comp="4" pin="0"/><net_sink comp="42" pin=0"/></net>

<net id="50"><net_src comp="24" pin="0"/><net_sink comp="46" pin=0"/></net>

<net id="51"><net_src comp="0" pin="0"/><net_sink comp="46" pin=1"/></net>

<net id="57"><net_src comp="36" pin="0"/><net_sink comp="52" pin=0"/></net>

<net id="58"><net_src comp="2" pin="0"/><net_sink comp="52" pin=1"/></net>

<net id="67"><net_src comp="16" pin="0"/><net_sink comp="63" pin=0"/></net>

<net id="72"><net_src comp="18" pin="0"/><net_sink comp="68" pin=0"/></net>

<net id="80"><net_src comp="73" pin="1"/><net_sink comp="76" pin=0"/></net>

<net id="81"><net_src comp="20" pin="0"/><net_sink comp="76" pin=1"/></net>

<net id="86"><net_src comp="73" pin="1"/><net_sink comp="82" pin=0"/></net>

<net id="87"><net_src comp="22" pin="0"/><net_sink comp="82" pin=1"/></net>

<net id="92"><net_src comp="82" pin="2"/><net_sink comp="88" pin=0"/></net>

<net id="96"><net_src comp="93" pin="1"/><net_sink comp="59" pin=0"/></net>

<net id="100"><net_src comp="97" pin="1"/><net_sink comp="59" pin=1"/></net>

<net id="105"><net_src comp="59" pin="2"/><net_sink comp="101" pin=0"/></net>

<net id="109"><net_src comp="106" pin="1"/><net_sink comp="52" pin=2"/></net>

<net id="113"><net_src comp="38" pin="1"/><net_sink comp="110" pin=0"/></net>

<net id="114"><net_src comp="110" pin="1"/><net_sink comp="68" pin=1"/></net>

<net id="115"><net_src comp="110" pin="1"/><net_sink comp="93" pin=0"/></net>

<net id="116"><net_src comp="110" pin="1"/><net_sink comp="101" pin=1"/></net>

<net id="117"><net_src comp="110" pin="1"/><net_sink comp="106" pin=0"/></net>

<net id="121"><net_src comp="42" pin="1"/><net_sink comp="118" pin=0"/></net>

<net id="122"><net_src comp="118" pin="1"/><net_sink comp="63" pin=1"/></net>

<net id="123"><net_src comp="118" pin="1"/><net_sink comp="73" pin=0"/></net>

<net id="124"><net_src comp="118" pin="1"/><net_sink comp="88" pin=1"/></net>

<net id="128"><net_src comp="76" pin="2"/><net_sink comp="125" pin=0"/></net>

<net id="132"><net_src comp="46" pin="2"/><net_sink comp="129" pin=0"/></net>

<net id="133"><net_src comp="129" pin="1"/><net_sink comp="97" pin=0"/></net>

<net id="137"><net_src comp="93" pin="1"/><net_sink comp="134" pin=0"/></net>

<net id="138"><net_src comp="134" pin="1"/><net_sink comp="59" pin=0"/></net>

<net id="142"><net_src comp="97" pin="1"/><net_sink comp="139" pin=0"/></net>

<net id="143"><net_src comp="139" pin="1"/><net_sink comp="59" pin=1"/></net>

</net_list>

</model> 
---------------- Datapath Model END ------------------

* FSMD analyzer results:
  - Output states:
	Port: adder_in_feed_0 | {}
	Port: sum_out | {3 }
 - Input state : 
	Port: adder_function_Pipeline_VITIS_LOOP_122_2 : adder_in_feed_0 | {2 }
  - Chain level:
	State 1
		store_ln122 : 1
		store_ln116 : 1
		i : 1
		icmp_ln122 : 2
		i_6 : 2
		br_ln122 : 3
		store_ln122 : 3
	State 2
	State 3
		sum_1 : 1
		write_ln0 : 1
	State 4
	State 5
	State 6
	State 7
	State 8
	State 9
		store_ln116 : 1


============================================================
+ Verbose Summary: Datapath Resource usage 
============================================================

* Functional unit list:
|----------|---------------------------------|---------|---------|---------|
| Operation|         Functional Unit         |   DSP   |    FF   |   LUT   |
|----------|---------------------------------|---------|---------|---------|
|   fadd   |            grp_fu_59            |    2    |   318   |   198   |
|----------|---------------------------------|---------|---------|---------|
|   icmp   |         icmp_ln122_fu_76        |    0    |    0    |    12   |
|----------|---------------------------------|---------|---------|---------|
|    add   |            i_6_fu_82            |    0    |    0    |    12   |
|----------|---------------------------------|---------|---------|---------|
|   read   | adder_in_feed_0_read_read_fu_46 |    0    |    0    |    0    |
|----------|---------------------------------|---------|---------|---------|
|   write  |      write_ln0_write_fu_52      |    0    |    0    |    0    |
|----------|---------------------------------|---------|---------|---------|
|   Total  |                                 |    2    |   318   |   222   |
|----------|---------------------------------|---------|---------|---------|

Memories:
N/A

* Register list:
+----------------------------+--------+
|                            |   FF   |
+----------------------------+--------+
|adder_in_feed_0_read_reg_129|   32   |
|    bitcast_ln124_reg_139   |   32   |
|         i_5_reg_118        |    4   |
|     icmp_ln122_reg_125     |    1   |
|      sum_load_reg_134      |   32   |
|         sum_reg_110        |   32   |
+----------------------------+--------+
|            Total           |   133  |
+----------------------------+--------+

* Multiplexer (MUX) list: 
|-----------|------|------|------|--------||---------||---------||---------|
|    Comp   |  Pin | Size |  BW  | S x BW ||  Delay  ||    FF   ||   LUT   |
|-----------|------|------|------|--------||---------||---------||---------|
| grp_fu_59 |  p0  |   2  |  32  |   64   ||    0    ||    9    |
| grp_fu_59 |  p1  |   2  |  32  |   64   ||    0    ||    9    |
|-----------|------|------|------|--------||---------||---------||---------|
|   Total   |      |      |      |   128  ||  0.774  ||    0    ||    18   |
|-----------|------|------|------|--------||---------||---------||---------|



* Summary:
+-----------+--------+--------+--------+--------+
|           |   DSP  |  Delay |   FF   |   LUT  |
+-----------+--------+--------+--------+--------+
|  Function |    2   |    -   |   318  |   222  |
|   Memory  |    -   |    -   |    -   |    -   |
|Multiplexer|    -   |    0   |    0   |   18   |
|  Register |    -   |    -   |   133  |    -   |
+-----------+--------+--------+--------+--------+
|   Total   |    2   |    0   |   451  |   240  |
+-----------+--------+--------+--------+--------+
