

================================================================
== Vitis HLS Report for 'adder_function'
================================================================
* Date:           Wed Apr  1 19:51:40 2026

* Version:        2025.1 (Build 6135595 on May 21 2025)
* Project:        vertex_map
* Solution:       hls (Vivado IP Flow Target)
* Product family: virtexuplusHBM
* Target device:  xcu55c-fsvh2892-2LV-e


================================================================
== Performance Estimates
================================================================
+ Timing: 
    * Summary: 
    +--------+---------+----------+------------+
    |  Clock |  Target | Estimated| Uncertainty|
    +--------+---------+----------+------------+
    |ap_clk  |  4.00 ns|  2.729 ns|     1.08 ns|
    +--------+---------+----------+------------+

+ Latency: 
    * Summary: 
    +---------+---------+----------+----------+-----+-----+---------+
    |  Latency (cycles) |  Latency (absolute) |  Interval | Pipeline|
    |   min   |   max   |    min   |    max   | min | max |   Type  |
    +---------+---------+----------+----------+-----+-----+---------+
    |        ?|        ?|         ?|         ?|    ?|    ?|       no|
    +---------+---------+----------+----------+-----+-----+---------+

    + Detail: 
        * Instance: 
        N/A

        * Loop: 
        N/A

============================================================
+ Verbose Summary: Synthesis Manager
============================================================
InlineROM: 1
ExposeGlobal: 0
============================================================
+ Verbose Summary: CDFG Model
============================================================
IsTopModel: 0
ResetActiveHigh: 1
IsCombinational: 2
IsDatapathOnly: 0
HasWiredReturn: 1
HasMFsm: 0
HasVarLatency: 1
IsPipeline: 0
IsRtlPipelined: 0
IsInstanceOverlapped: 0
IsDontTouch: 0
HasImplIP: 0
IsGatedGlobalClock: 0


============================================================
+ Verbose Summary: Schedule
============================================================
* Number of FSM states : 5
* Pipeline : 0
* Dataflow Pipeline: 0

* FSM state transitions: 
1 --> 2 
2 --> 3 
3 --> 4 
4 --> 5 
5 --> 

* FSM state operations: 

State 1 <SV = 0> <Delay = 2.69>
ST_1 : Operation 6 [1/1] (0.00ns)   --->   "%sum_loc = alloca i64 1"   --->   Operation 6 'alloca' 'sum_loc' <Predicate = true> <Delay = 0.00>
ST_1 : Operation 7 [1/1] ( I:1.43ns O:1.43ns )   --->   "%v_size = read i32 @_ssdm_op_Read.ap_fifo.volatile.i32P0A, i32 %v_size_2" [../pageRankReduce/pageRank.cpp:115]   --->   Operation 7 'read' 'v_size' <Predicate = true> <Delay = 1.43> <CoreInst = "FIFO_SRL">   --->   Core 80 'FIFO_SRL' <Latency = 0> <II = 1> <Delay = 1.43> <Storage> <Opcode : 'read' 'write' 'nbread' 'nbwrite'> <Ports = 0> <Width = 32> <Depth = 9> <FIFO>
ST_1 : Operation 8 [1/1] (0.00ns)   --->   "%fence_ln117 = fence void @_ssdm_op_Fence, i32 %v_size_2, i32 4294967295, i32 %adder_in_feed_0, i32 %adder_in_feed_1, i32 %adder_results, i32 0" [../pageRankReduce/pageRank.cpp:117]   --->   Operation 8 'fence' 'fence_ln117' <Predicate = true> <Delay = 0.00>
ST_1 : Operation 9 [2/2] (1.26ns)   --->   "%call_ln115 = call void @adder_function_Pipeline_VITIS_LOOP_117_1, i32 %v_size, i32 %adder_in_feed_0, i32 %adder_in_feed_1, i32 %adder_results" [../pageRankReduce/pageRank.cpp:115]   --->   Operation 9 'call' 'call_ln115' <Predicate = true> <Delay = 1.26> <CoreType = "Generic">   --->   Generic Core

State 2 <SV = 1> <Delay = 0.00>
ST_2 : Operation 10 [1/2] (0.00ns)   --->   "%call_ln115 = call void @adder_function_Pipeline_VITIS_LOOP_117_1, i32 %v_size, i32 %adder_in_feed_0, i32 %adder_in_feed_1, i32 %adder_results" [../pageRankReduce/pageRank.cpp:115]   --->   Operation 10 'call' 'call_ln115' <Predicate = true> <Delay = 0.00> <CoreType = "Generic">   --->   Generic Core

State 3 <SV = 2> <Delay = 0.00>
ST_3 : Operation 11 [1/1] (0.00ns)   --->   "%fence_ln122 = fence void @_ssdm_op_Fence, i32 %adder_in_feed_0, i32 %adder_in_feed_1, i32 %adder_results, i32 4294967295, i32 %adder_in_feed_0, i32 %sums_stream, i32 0" [../pageRankReduce/pageRank.cpp:122]   --->   Operation 11 'fence' 'fence_ln122' <Predicate = true> <Delay = 0.00>
ST_3 : Operation 12 [1/1] (0.00ns)   --->   "%fence_ln122 = fence void @_ssdm_op_Fence, i32 %v_size_2, i32 %adder_in_feed_0, i32 %adder_in_feed_1, i32 %adder_results, i32 4294967295, i32 %adder_in_feed_0, i32 0" [../pageRankReduce/pageRank.cpp:122]   --->   Operation 12 'fence' 'fence_ln122' <Predicate = true> <Delay = 0.00>
ST_3 : Operation 13 [2/2] (0.00ns)   --->   "%call_ln0 = call void @adder_function_Pipeline_VITIS_LOOP_122_2, i32 %adder_in_feed_0, i32 %sum_loc"   --->   Operation 13 'call' 'call_ln0' <Predicate = true> <Delay = 0.00> <CoreType = "Generic">   --->   Generic Core

State 4 <SV = 3> <Delay = 0.00>
ST_4 : Operation 14 [1/2] (0.00ns)   --->   "%call_ln0 = call void @adder_function_Pipeline_VITIS_LOOP_122_2, i32 %adder_in_feed_0, i32 %sum_loc"   --->   Operation 14 'call' 'call_ln0' <Predicate = true> <Delay = 0.00> <CoreType = "Generic">   --->   Generic Core

State 5 <SV = 4> <Delay = 1.43>
ST_5 : Operation 15 [1/1] (0.00ns)   --->   "%specinterface_ln0 = specinterface void @_ssdm_op_SpecInterface, i32 %sums_stream, void @empty_4, i32 0, i32 0, void @empty_16, i32 0, i32 0, void @empty_16, void @empty_16, void @empty_16, i32 0, i32 0, i32 0, i32 0, void @empty_16, void @empty_16, i32 4294967295, i32 0, i32 0"   --->   Operation 15 'specinterface' 'specinterface_ln0' <Predicate = true> <Delay = 0.00>
ST_5 : Operation 16 [1/1] (0.00ns)   --->   "%specinterface_ln0 = specinterface void @_ssdm_op_SpecInterface, i32 %v_size_2, void @empty_4, i32 0, i32 0, void @empty_16, i32 0, i32 0, void @empty_16, void @empty_16, void @empty_16, i32 0, i32 0, i32 0, i32 0, void @empty_16, void @empty_16, i32 4294967295, i32 0, i32 0"   --->   Operation 16 'specinterface' 'specinterface_ln0' <Predicate = true> <Delay = 0.00>
ST_5 : Operation 17 [1/1] (0.00ns)   --->   "%specinterface_ln0 = specinterface void @_ssdm_op_SpecInterface, i32 %adder_results, void @empty_4, i32 0, i32 0, void @empty_16, i32 0, i32 0, void @empty_16, void @empty_16, void @empty_16, i32 0, i32 0, i32 0, i32 0, void @empty_16, void @empty_16, i32 4294967295, i32 0, i32 0"   --->   Operation 17 'specinterface' 'specinterface_ln0' <Predicate = true> <Delay = 0.00>
ST_5 : Operation 18 [1/1] (0.00ns)   --->   "%specinterface_ln0 = specinterface void @_ssdm_op_SpecInterface, i32 %adder_in_feed_1, void @empty_4, i32 0, i32 0, void @empty_16, i32 0, i32 0, void @empty_16, void @empty_16, void @empty_16, i32 0, i32 0, i32 0, i32 0, void @empty_16, void @empty_16, i32 4294967295, i32 0, i32 0"   --->   Operation 18 'specinterface' 'specinterface_ln0' <Predicate = true> <Delay = 0.00>
ST_5 : Operation 19 [1/1] (0.00ns)   --->   "%specinterface_ln0 = specinterface void @_ssdm_op_SpecInterface, i32 %adder_in_feed_0, void @empty_4, i32 0, i32 0, void @empty_16, i32 0, i32 0, void @empty_16, void @empty_16, void @empty_16, i32 0, i32 0, i32 0, i32 0, void @empty_16, void @empty_16, i32 4294967295, i32 0, i32 0"   --->   Operation 19 'specinterface' 'specinterface_ln0' <Predicate = true> <Delay = 0.00>
ST_5 : Operation 20 [1/1] (0.00ns)   --->   "%fence_ln127 = fence void @_ssdm_op_Fence, i32 %adder_in_feed_0, i32 4294967295, i32 %sums_stream, i32 0" [../pageRankReduce/pageRank.cpp:127]   --->   Operation 20 'fence' 'fence_ln127' <Predicate = true> <Delay = 0.00>
ST_5 : Operation 21 [1/1] (0.00ns)   --->   "%sum_loc_load = load i32 %sum_loc"   --->   Operation 21 'load' 'sum_loc_load' <Predicate = true> <Delay = 0.00>
ST_5 : Operation 22 [1/1] (0.00ns)   --->   "%bitcast_ln127 = bitcast i32 %sum_loc_load" [../pageRankReduce/pageRank.cpp:127]   --->   Operation 22 'bitcast' 'bitcast_ln127' <Predicate = true> <Delay = 0.00>
ST_5 : Operation 23 [1/1] ( I:1.43ns O:1.43ns )   --->   "%write_ln127 = write void @_ssdm_op_Write.ap_fifo.volatile.i32P0A, i32 %sums_stream, i32 %bitcast_ln127" [../pageRankReduce/pageRank.cpp:127]   --->   Operation 23 'write' 'write_ln127' <Predicate = true> <Delay = 1.43> <CoreInst = "FIFO_SRL">   --->   Core 80 'FIFO_SRL' <Latency = 0> <II = 1> <Delay = 1.43> <Storage> <Opcode : 'read' 'write' 'nbread' 'nbwrite'> <Ports = 0> <Width = 32> <Depth = 9> <FIFO>
ST_5 : Operation 24 [1/1] (0.00ns)   --->   "%ret_ln129 = ret" [../pageRankReduce/pageRank.cpp:129]   --->   Operation 24 'ret' 'ret_ln129' <Predicate = true> <Delay = 0.00>


============================================================
+ Verbose Summary: Timing violations
============================================================
Target clock period: 4.000ns, clock uncertainty: 1.080ns.

 <State 1>: 2.699ns
The critical path consists of the following:
	fifo read operation ('v_size', ../pageRankReduce/pageRank.cpp:115) on port 'v_size_2' (../pageRankReduce/pageRank.cpp:115) [12]  (1.432 ns)
	'call' operation 0 bit ('call_ln115', ../pageRankReduce/pageRank.cpp:115) to 'adder_function_Pipeline_VITIS_LOOP_117_1' [14]  (1.267 ns)

 <State 2>: 0.000ns
The critical path consists of the following:

 <State 3>: 0.000ns
The critical path consists of the following:

 <State 4>: 0.000ns
The critical path consists of the following:

 <State 5>: 1.432ns
The critical path consists of the following:
	'load' operation 32 bit ('sum_loc_load') on local variable 'sum_loc' [19]  (0.000 ns)
	fifo write operation ('write_ln127', ../pageRankReduce/pageRank.cpp:127) on port 'sums_stream' (../pageRankReduce/pageRank.cpp:127) [21]  (1.432 ns)


============================================================
+ Verbose Summary: Binding
============================================================
N/A
* FSMD analyzer results:
  - Output states:
 - Input state : 
  - Chain level:
	State 1
	State 2
	State 3
	State 4
	State 5


============================================================
+ Verbose Summary: Datapath Resource usage 
============================================================
N/A
