

================================================================
== Vitis HLS Report for 'adder_function_Pipeline_VITIS_LOOP_117_1'
================================================================
* Date:           Wed Apr  1 19:51:40 2026

* Version:        2025.1 (Build 6135595 on May 21 2025)
* Project:        vertex_map
* Solution:       hls (Vivado IP Flow Target)
* Product family: virtexuplusHBM
* Target device:  xcu55c-fsvh2892-2LV-e


================================================================
== Performance Estimates
================================================================
+ Timing: 
    * Summary: 
    +--------+---------+----------+------------+
    |  Clock |  Target | Estimated| Uncertainty|
    +--------+---------+----------+------------+
    |ap_clk  |  4.00 ns|  2.342 ns|     1.08 ns|
    +--------+---------+----------+------------+

+ Latency: 
    * Summary: 
    +---------+---------+----------+----------+-----+-----+------------------------------------------------+
    |  Latency (cycles) |  Latency (absolute) |  Interval |                    Pipeline                    |
    |   min   |   max   |    min   |    max   | min | max |                      Type                      |
    +---------+---------+----------+----------+-----+-----+------------------------------------------------+
    |        ?|        ?|         ?|         ?|    0|    0|  loop auto-rewind stp (delay=0 clock cycles(s))|
    +---------+---------+----------+----------+-----+-----+------------------------------------------------+

    + Detail: 
        * Instance: 
        N/A

        * Loop: 
        +--------------------+---------+---------+----------+-----------+-----------+------+----------+
        |                    |  Latency (cycles) | Iteration|  Initiation Interval  | Trip |          |
        |      Loop Name     |   min   |   max   |  Latency |  achieved |   target  | Count| Pipelined|
        +--------------------+---------+---------+----------+-----------+-----------+------+----------+
        |- VITIS_LOOP_117_1  |        ?|        ?|        10|          1|          1|     ?|       yes|
        +--------------------+---------+---------+----------+-----------+-----------+------+----------+

============================================================
+ Verbose Summary: Synthesis Manager
============================================================
InlineROM: 1
ExposeGlobal: 0
============================================================
+ Verbose Summary: CDFG Model
============================================================
IsTopModel: 0
ResetActiveHigh: 1
IsCombinational: 0
IsDatapathOnly: 0
HasWiredReturn: 1
HasMFsm: 2
HasVarLatency: 1
IsPipeline: 0
IsRtlPipelined: 0
IsInstanceOverlapped: 0
IsDontTouch: 0
HasImplIP: 0
IsGatedGlobalClock: 0

+ Individual pipeline summary: 
  * Pipeline-0: initiation interval (II) = 1, depth = 10


============================================================
+ Verbose Summary: Schedule
============================================================
* Number of FSM states : 10
* Pipeline : 1
  Pipeline-0 : II = 1, D = 10, States = { 1 2 3 4 5 6 7 8 9 10 }
* Dataflow Pipeline: 0

* FSM state transitions: 
1 --> 2 
2 --> 3 
3 --> 4 
4 --> 5 
5 --> 6 
6 --> 7 
7 --> 8 
8 --> 9 
9 --> 10 
10 --> 

* FSM state operations: 

State 1 <SV = 0> <Delay = 1.65>
ST_1 : Operation 13 [1/1] (0.00ns)   --->   "%i = alloca i32 1" [../pageRankReduce/pageRank.cpp:117]   --->   Operation 13 'alloca' 'i' <Predicate = true> <Delay = 0.00>
ST_1 : Operation 14 [1/1] (0.00ns)   --->   "%specinterface_ln0 = specinterface void @_ssdm_op_SpecInterface, i32 %adder_in_feed_0, void @empty_4, i32 0, i32 0, void @empty_16, i32 0, i32 0, void @empty_16, void @empty_16, void @empty_16, i32 0, i32 0, i32 0, i32 0, void @empty_16, void @empty_16, i32 4294967295, i32 0, i32 0"   --->   Operation 14 'specinterface' 'specinterface_ln0' <Predicate = true> <Delay = 0.00>
ST_1 : Operation 15 [1/1] (0.00ns)   --->   "%specinterface_ln0 = specinterface void @_ssdm_op_SpecInterface, i32 %adder_in_feed_1, void @empty_4, i32 0, i32 0, void @empty_16, i32 0, i32 0, void @empty_16, void @empty_16, void @empty_16, i32 0, i32 0, i32 0, i32 0, void @empty_16, void @empty_16, i32 4294967295, i32 0, i32 0"   --->   Operation 15 'specinterface' 'specinterface_ln0' <Predicate = true> <Delay = 0.00>
ST_1 : Operation 16 [1/1] (0.00ns)   --->   "%specinterface_ln0 = specinterface void @_ssdm_op_SpecInterface, i32 %adder_results, void @empty_4, i32 0, i32 0, void @empty_16, i32 0, i32 0, void @empty_16, void @empty_16, void @empty_16, i32 0, i32 0, i32 0, i32 0, void @empty_16, void @empty_16, i32 4294967295, i32 0, i32 0"   --->   Operation 16 'specinterface' 'specinterface_ln0' <Predicate = true> <Delay = 0.00>
ST_1 : Operation 17 [1/1] (0.00ns)   --->   "%v_size_read = read i32 @_ssdm_op_Read.ap_auto.i32, i32 %v_size" [../pageRankReduce/pageRank.cpp:107]   --->   Operation 17 'read' 'v_size_read' <Predicate = true> <Delay = 0.00>
ST_1 : Operation 18 [1/1] (0.38ns)   --->   "%store_ln117 = store i32 0, i32 %i" [../pageRankReduce/pageRank.cpp:117]   --->   Operation 18 'store' 'store_ln117' <Predicate = true> <Delay = 0.38>
ST_1 : Operation 19 [1/1] (0.00ns)   --->   "%br_ln117 = br void %for.inc" [../pageRankReduce/pageRank.cpp:117]   --->   Operation 19 'br' 'br_ln117' <Predicate = true> <Delay = 0.00>
ST_1 : Operation 20 [1/1] (0.00ns)   --->   "%i_7 = load i32 %i" [../pageRankReduce/pageRank.cpp:117]   --->   Operation 20 'load' 'i_7' <Predicate = true> <Delay = 0.00>
ST_1 : Operation 21 [1/1] (0.88ns)   --->   "%icmp_ln117 = icmp_eq  i32 %i_7, i32 %v_size_read" [../pageRankReduce/pageRank.cpp:117]   --->   Operation 21 'icmp' 'icmp_ln117' <Predicate = true> <Delay = 0.88> <CoreInst = "Cmp">   --->   Core 9 'Cmp' <Latency = 0> <II = 1> <Delay = 0.88> <FuncUnit> <Opcode : 'seteq' 'setne' 'setle' 'setge' 'setlt' 'setgt'> <InPorts = 2> <OutPorts = 1>
ST_1 : Operation 22 [1/1] (0.88ns)   --->   "%i_8 = add i32 %i_7, i32 1" [../pageRankReduce/pageRank.cpp:117]   --->   Operation 22 'add' 'i_8' <Predicate = true> <Delay = 0.88> <CoreInst = "Adder">   --->   Core 1 'Adder' <Latency = 0> <II = 1> <Delay = 0.88> <FuncUnit> <Opcode : 'add' 'sub'> <InPorts = 2> <OutPorts = 1>
ST_1 : Operation 23 [1/1] (0.00ns)   --->   "%br_ln117 = br i1 %icmp_ln117, void %for.inc.split, void %for.inc10.preheader.exitStub" [../pageRankReduce/pageRank.cpp:117]   --->   Operation 23 'br' 'br_ln117' <Predicate = true> <Delay = 0.00>
ST_1 : Operation 24 [1/1] (0.38ns)   --->   "%store_ln117 = store i32 %i_8, i32 %i" [../pageRankReduce/pageRank.cpp:117]   --->   Operation 24 'store' 'store_ln117' <Predicate = (!icmp_ln117)> <Delay = 0.38>

State 2 <SV = 1> <Delay = 1.14>
ST_2 : Operation 25 [1/1] ( I:1.14ns O:1.14ns )   --->   "%adder_in_feed_0_read = read i32 @_ssdm_op_Read.ap_fifo.volatile.i32P0A, i32 %adder_in_feed_0" [../pageRankReduce/pageRank.cpp:119]   --->   Operation 25 'read' 'adder_in_feed_0_read' <Predicate = true> <Delay = 1.14> <CoreInst = "FIFO">   --->   Core 77 'FIFO' <Latency = 0> <II = 1> <Delay = 1.14> <Storage> <Opcode : 'read' 'write' 'nbread' 'nbwrite'> <Ports = 0> <Width = 32> <Depth = 128> <FIFO>
ST_2 : Operation 26 [1/1] ( I:1.14ns O:1.14ns )   --->   "%adder_in_feed_1_read = read i32 @_ssdm_op_Read.ap_fifo.volatile.i32P0A, i32 %adder_in_feed_1" [../pageRankReduce/pageRank.cpp:119]   --->   Operation 26 'read' 'adder_in_feed_1_read' <Predicate = true> <Delay = 1.14> <CoreInst = "FIFO">   --->   Core 77 'FIFO' <Latency = 0> <II = 1> <Delay = 1.14> <Storage> <Opcode : 'read' 'write' 'nbread' 'nbwrite'> <Ports = 0> <Width = 32> <Depth = 128> <FIFO>

State 3 <SV = 2> <Delay = 2.34>
ST_3 : Operation 27 [1/1] (0.00ns)   --->   "%bitcast_ln119 = bitcast i32 %adder_in_feed_0_read" [../pageRankReduce/pageRank.cpp:119]   --->   Operation 27 'bitcast' 'bitcast_ln119' <Predicate = true> <Delay = 0.00>
ST_3 : Operation 28 [1/1] (0.00ns)   --->   "%bitcast_ln119_1 = bitcast i32 %adder_in_feed_1_read" [../pageRankReduce/pageRank.cpp:119]   --->   Operation 28 'bitcast' 'bitcast_ln119_1' <Predicate = true> <Delay = 0.00>
ST_3 : Operation 29 [7/7] (2.34ns)   --->   "%add = fadd i32 %bitcast_ln119, i32 %bitcast_ln119_1" [../pageRankReduce/pageRank.cpp:119]   --->   Operation 29 'fadd' 'add' <Predicate = true> <Delay = 2.34> <CoreInst = "FAddSub_fulldsp">   --->   Core 18 'FAddSub_fulldsp' <Latency = 6> <II = 1> <Delay = 2.34> <FuncUnit> <Opcode : 'fadd' 'fsub'> <InPorts = 2> <OutPorts = 1>

State 4 <SV = 3> <Delay = 2.34>
ST_4 : Operation 30 [6/7] (2.34ns)   --->   "%add = fadd i32 %bitcast_ln119, i32 %bitcast_ln119_1" [../pageRankReduce/pageRank.cpp:119]   --->   Operation 30 'fadd' 'add' <Predicate = true> <Delay = 2.34> <CoreInst = "FAddSub_fulldsp">   --->   Core 18 'FAddSub_fulldsp' <Latency = 6> <II = 1> <Delay = 2.34> <FuncUnit> <Opcode : 'fadd' 'fsub'> <InPorts = 2> <OutPorts = 1>

State 5 <SV = 4> <Delay = 2.34>
ST_5 : Operation 31 [5/7] (2.34ns)   --->   "%add = fadd i32 %bitcast_ln119, i32 %bitcast_ln119_1" [../pageRankReduce/pageRank.cpp:119]   --->   Operation 31 'fadd' 'add' <Predicate = true> <Delay = 2.34> <CoreInst = "FAddSub_fulldsp">   --->   Core 18 'FAddSub_fulldsp' <Latency = 6> <II = 1> <Delay = 2.34> <FuncUnit> <Opcode : 'fadd' 'fsub'> <InPorts = 2> <OutPorts = 1>

State 6 <SV = 5> <Delay = 2.34>
ST_6 : Operation 32 [4/7] (2.34ns)   --->   "%add = fadd i32 %bitcast_ln119, i32 %bitcast_ln119_1" [../pageRankReduce/pageRank.cpp:119]   --->   Operation 32 'fadd' 'add' <Predicate = true> <Delay = 2.34> <CoreInst = "FAddSub_fulldsp">   --->   Core 18 'FAddSub_fulldsp' <Latency = 6> <II = 1> <Delay = 2.34> <FuncUnit> <Opcode : 'fadd' 'fsub'> <InPorts = 2> <OutPorts = 1>

State 7 <SV = 6> <Delay = 2.34>
ST_7 : Operation 33 [3/7] (2.34ns)   --->   "%add = fadd i32 %bitcast_ln119, i32 %bitcast_ln119_1" [../pageRankReduce/pageRank.cpp:119]   --->   Operation 33 'fadd' 'add' <Predicate = true> <Delay = 2.34> <CoreInst = "FAddSub_fulldsp">   --->   Core 18 'FAddSub_fulldsp' <Latency = 6> <II = 1> <Delay = 2.34> <FuncUnit> <Opcode : 'fadd' 'fsub'> <InPorts = 2> <OutPorts = 1>

State 8 <SV = 7> <Delay = 2.34>
ST_8 : Operation 34 [2/7] (2.34ns)   --->   "%add = fadd i32 %bitcast_ln119, i32 %bitcast_ln119_1" [../pageRankReduce/pageRank.cpp:119]   --->   Operation 34 'fadd' 'add' <Predicate = true> <Delay = 2.34> <CoreInst = "FAddSub_fulldsp">   --->   Core 18 'FAddSub_fulldsp' <Latency = 6> <II = 1> <Delay = 2.34> <FuncUnit> <Opcode : 'fadd' 'fsub'> <InPorts = 2> <OutPorts = 1>

State 9 <SV = 8> <Delay = 2.34>
ST_9 : Operation 35 [1/7] (2.34ns)   --->   "%add = fadd i32 %bitcast_ln119, i32 %bitcast_ln119_1" [../pageRankReduce/pageRank.cpp:119]   --->   Operation 35 'fadd' 'add' <Predicate = true> <Delay = 2.34> <CoreInst = "FAddSub_fulldsp">   --->   Core 18 'FAddSub_fulldsp' <Latency = 6> <II = 1> <Delay = 2.34> <FuncUnit> <Opcode : 'fadd' 'fsub'> <InPorts = 2> <OutPorts = 1>
ST_9 : Operation 41 [1/1] (0.38ns)   --->   "%ret_ln0 = ret"   --->   Operation 41 'ret' 'ret_ln0' <Predicate = (icmp_ln117)> <Delay = 0.38>

State 10 <SV = 9> <Delay = 1.14>
ST_10 : Operation 36 [1/1] (0.00ns)   --->   "%specpipeline_ln118 = specpipeline void @_ssdm_op_SpecPipeline, i32 1, i32 0, i32 0, i32 0, void @empty_16" [../pageRankReduce/pageRank.cpp:118]   --->   Operation 36 'specpipeline' 'specpipeline_ln118' <Predicate = true> <Delay = 0.00>
ST_10 : Operation 37 [1/1] (0.00ns)   --->   "%specloopname_ln117 = specloopname void @_ssdm_op_SpecLoopName, void @empty_8" [../pageRankReduce/pageRank.cpp:117]   --->   Operation 37 'specloopname' 'specloopname_ln117' <Predicate = true> <Delay = 0.00>
ST_10 : Operation 38 [1/1] (0.00ns)   --->   "%bitcast_ln119_2 = bitcast i32 %add" [../pageRankReduce/pageRank.cpp:119]   --->   Operation 38 'bitcast' 'bitcast_ln119_2' <Predicate = true> <Delay = 0.00>
ST_10 : Operation 39 [1/1] ( I:1.14ns O:1.14ns )   --->   "%write_ln119 = write void @_ssdm_op_Write.ap_fifo.volatile.i32P0A, i32 %adder_results, i32 %bitcast_ln119_2" [../pageRankReduce/pageRank.cpp:119]   --->   Operation 39 'write' 'write_ln119' <Predicate = true> <Delay = 1.14> <CoreInst = "FIFO">   --->   Core 77 'FIFO' <Latency = 0> <II = 1> <Delay = 1.14> <Storage> <Opcode : 'read' 'write' 'nbread' 'nbwrite'> <Ports = 0> <Width = 32> <Depth = 128> <FIFO>
ST_10 : Operation 40 [1/1] (0.00ns)   --->   "%br_ln117 = br void %for.inc" [../pageRankReduce/pageRank.cpp:117]   --->   Operation 40 'br' 'br_ln117' <Predicate = true> <Delay = 0.00>


============================================================
+ Verbose Summary: Binding
============================================================
STG Binding: 
---------------- STG Properties BEGIN ----------------
- Is combinational: 0
- Is one-state seq: 0
- Is datapath-only: 0
- Is pipelined: 0
- Is top level: 0
Port [ Return ] is wired: 1; IO mode=ap_ctrl_hs:ce=0
Port [ v_size]:  wired=1; compound=0; hidden=0; nouse=0; global=0; static=0; extern=0; dir=0; type=0; pingpong=0; private_global=0; IO mode=ap_none:ce=0
Port [ adder_in_feed_0]:  wired=1; compound=1; hidden=0; nouse=0; global=0; static=0; extern=0; dir=0; type=3; pingpong=0; private_global=0; IO mode=ap_fifo:ce=0
Port [ adder_in_feed_1]:  wired=1; compound=1; hidden=0; nouse=0; global=0; static=0; extern=0; dir=0; type=3; pingpong=0; private_global=0; IO mode=ap_fifo:ce=0
Port [ adder_results]:  wired=1; compound=1; hidden=0; nouse=0; global=0; static=0; extern=0; dir=1; type=3; pingpong=0; private_global=0; IO mode=ap_fifo:ce=0
---------------- STG Properties END ------------------

---------------- Datapath Model BEGIN ----------------

<LifeTime>
<method=bitvector/>
i                    (alloca       ) [ 01000000000]
specinterface_ln0    (specinterface) [ 00000000000]
specinterface_ln0    (specinterface) [ 00000000000]
specinterface_ln0    (specinterface) [ 00000000000]
v_size_read          (read         ) [ 00000000000]
store_ln117          (store        ) [ 00000000000]
br_ln117             (br           ) [ 00000000000]
i_7                  (load         ) [ 00000000000]
icmp_ln117           (icmp         ) [ 01111111110]
i_8                  (add          ) [ 00000000000]
br_ln117             (br           ) [ 00000000000]
store_ln117          (store        ) [ 00000000000]
adder_in_feed_0_read (read         ) [ 01010000000]
adder_in_feed_1_read (read         ) [ 01010000000]
bitcast_ln119        (bitcast      ) [ 01001111110]
bitcast_ln119_1      (bitcast      ) [ 01001111110]
add                  (fadd         ) [ 01000000001]
specpipeline_ln118   (specpipeline ) [ 00000000000]
specloopname_ln117   (specloopname ) [ 00000000000]
bitcast_ln119_2      (bitcast      ) [ 00000000000]
write_ln119          (write        ) [ 00000000000]
br_ln117             (br           ) [ 00000000000]
ret_ln0              (ret          ) [ 00000000000]
</LifeTime>

<model>

<comp_list>
<comp id="0" class="1000" name="v_size">
<pin_list>
<pin id="1" dir="1" index="0" bw="1" slack="0"/>
</pin_list>
<bind>
<StgValue><ssdm name="v_size"/></StgValue>
</bind>
</comp>

<comp id="2" class="1000" name="adder_in_feed_0">
<pin_list>
<pin id="3" dir="1" index="0" bw="1" slack="0"/>
</pin_list>
<bind>
<StgValue><ssdm name="adder_in_feed_0"/></StgValue>
</bind>
</comp>

<comp id="4" class="1000" name="adder_in_feed_1">
<pin_list>
<pin id="5" dir="1" index="0" bw="1" slack="0"/>
</pin_list>
<bind>
<StgValue><ssdm name="adder_in_feed_1"/></StgValue>
</bind>
</comp>

<comp id="6" class="1000" name="adder_results">
<pin_list>
<pin id="7" dir="1" index="0" bw="1" slack="0"/>
</pin_list>
<bind>
<StgValue><ssdm name="adder_results"/></StgValue>
</bind>
</comp>

<comp id="8" class="1001" name="const_8">
<pin_list>
<pin id="9" dir="1" index="0" bw="1" slack="0"/>
</pin_list>
<bind>
<StgValue><ssdm name=""/></StgValue>
</bind>
</comp>

<comp id="10" class="1001" name="const_10">
<pin_list>
<pin id="11" dir="1" index="0" bw="1" slack="2147483647"/>
</pin_list>
<bind>
<StgValue><ssdm name="_ssdm_op_SpecInterface"/></StgValue>
</bind>
</comp>

<comp id="12" class="1001" name="const_12">
<pin_list>
<pin id="13" dir="1" index="0" bw="1" slack="2147483647"/>
</pin_list>
<bind>
<StgValue><ssdm name="empty_4"/></StgValue>
</bind>
</comp>

<comp id="14" class="1001" name="const_14">
<pin_list>
<pin id="15" dir="1" index="0" bw="1" slack="0"/>
</pin_list>
<bind>
<StgValue><ssdm name=""/></StgValue>
</bind>
</comp>

<comp id="16" class="1001" name="const_16">
<pin_list>
<pin id="17" dir="1" index="0" bw="1" slack="2147483647"/>
</pin_list>
<bind>
<StgValue><ssdm name="empty_16"/></StgValue>
</bind>
</comp>

<comp id="18" class="1001" name="const_18">
<pin_list>
<pin id="19" dir="1" index="0" bw="1" slack="2147483647"/>
</pin_list>
<bind>
<StgValue><ssdm name=""/></StgValue>
</bind>
</comp>

<comp id="20" class="1001" name="const_20">
<pin_list>
<pin id="21" dir="1" index="0" bw="1" slack="0"/>
</pin_list>
<bind>
<StgValue><ssdm name="_ssdm_op_Read.ap_auto.i32"/></StgValue>
</bind>
</comp>

<comp id="22" class="1001" name="const_22">
<pin_list>
<pin id="23" dir="1" index="0" bw="1" slack="0"/>
</pin_list>
<bind>
<StgValue><ssdm name="_ssdm_op_Read.ap_fifo.volatile.i32P0A"/></StgValue>
</bind>
</comp>

<comp id="24" class="1001" name="const_24">
<pin_list>
<pin id="25" dir="1" index="0" bw="1" slack="2147483647"/>
</pin_list>
<bind>
<StgValue><ssdm name="_ssdm_op_SpecPipeline"/></StgValue>
</bind>
</comp>

<comp id="26" class="1001" name="const_26">
<pin_list>
<pin id="27" dir="1" index="0" bw="1" slack="2147483647"/>
</pin_list>
<bind>
<StgValue><ssdm name="_ssdm_op_SpecLoopName"/></StgValue>
</bind>
</comp>

<comp id="28" class="1001" name="const_28">
<pin_list>
<pin id="29" dir="1" index="0" bw="1" slack="2147483647"/>
</pin_list>
<bind>
<StgValue><ssdm name="empty_8"/></StgValue>
</bind>
</comp>

<comp id="30" class="1001" name="const_30">
<pin_list>
<pin id="31" dir="1" index="0" bw="1" slack="0"/>
</pin_list>
<bind>
<StgValue><ssdm name="_ssdm_op_Write.ap_fifo.volatile.i32P0A"/></StgValue>
</bind>
</comp>

<comp id="32" class="1004" name="i_fu_32">
<pin_list>
<pin id="33" dir="0" index="0" bw="1" slack="0"/>
<pin id="34" dir="1" index="1" bw="32" slack="0"/>
</pin_list>
<bind>
<opcode="alloca(26) " fcode="alloca"/>
<opset="i/1 "/>
</bind>
</comp>

<comp id="36" class="1004" name="v_size_read_read_fu_36">
<pin_list>
<pin id="37" dir="0" index="0" bw="32" slack="0"/>
<pin id="38" dir="0" index="1" bw="32" slack="0"/>
<pin id="39" dir="1" index="2" bw="32" slack="0"/>
</pin_list>
<bind>
<opcode="read(1150) " fcode="read"/>
<opset="v_size_read/1 "/>
</bind>
</comp>

<comp id="42" class="1004" name="adder_in_feed_0_read_read_fu_42">
<pin_list>
<pin id="43" dir="0" index="0" bw="32" slack="0"/>
<pin id="44" dir="0" index="1" bw="32" slack="0"/>
<pin id="45" dir="1" index="2" bw="32" slack="1"/>
</pin_list>
<bind>
<opcode="read(1150) " fcode="read"/>
<opset="adder_in_feed_0_read/2 "/>
</bind>
</comp>

<comp id="48" class="1004" name="adder_in_feed_1_read_read_fu_48">
<pin_list>
<pin id="49" dir="0" index="0" bw="32" slack="0"/>
<pin id="50" dir="0" index="1" bw="32" slack="0"/>
<pin id="51" dir="1" index="2" bw="32" slack="1"/>
</pin_list>
<bind>
<opcode="read(1150) " fcode="read"/>
<opset="adder_in_feed_1_read/2 "/>
</bind>
</comp>

<comp id="54" class="1004" name="write_ln119_write_fu_54">
<pin_list>
<pin id="55" dir="0" index="0" bw="0" slack="0"/>
<pin id="56" dir="0" index="1" bw="32" slack="0"/>
<pin id="57" dir="0" index="2" bw="32" slack="0"/>
<pin id="58" dir="1" index="3" bw="0" slack="2147483647"/>
</pin_list>
<bind>
<opcode="write(1151) " fcode="write"/>
<opset="write_ln119/10 "/>
</bind>
</comp>

<comp id="61" class="1004" name="grp_fu_61">
<pin_list>
<pin id="62" dir="0" index="0" bw="32" slack="0"/>
<pin id="63" dir="0" index="1" bw="32" slack="0"/>
<pin id="64" dir="1" index="2" bw="32" slack="1"/>
</pin_list>
<bind>
<opcode="fadd(9) " fcode="fadd"/>
<opset="add/3 "/>
</bind>
</comp>

<comp id="65" class="1004" name="store_ln117_store_fu_65">
<pin_list>
<pin id="66" dir="0" index="0" bw="1" slack="0"/>
<pin id="67" dir="0" index="1" bw="32" slack="0"/>
<pin id="68" dir="1" index="2" bw="0" slack="2147483647"/>
</pin_list>
<bind>
<opcode="store(28) " fcode="store"/>
<opset="store_ln117/1 "/>
</bind>
</comp>

<comp id="70" class="1004" name="i_7_load_fu_70">
<pin_list>
<pin id="71" dir="0" index="0" bw="32" slack="0"/>
<pin id="72" dir="1" index="1" bw="32" slack="0"/>
</pin_list>
<bind>
<opcode="load(27) " fcode="load"/>
<opset="i_7/1 "/>
</bind>
</comp>

<comp id="73" class="1004" name="icmp_ln117_fu_73">
<pin_list>
<pin id="74" dir="0" index="0" bw="32" slack="0"/>
<pin id="75" dir="0" index="1" bw="32" slack="0"/>
<pin id="76" dir="1" index="2" bw="1" slack="8"/>
</pin_list>
<bind>
<opcode="icmp(45) " fcode="icmp"/>
<opset="icmp_ln117/1 "/>
</bind>
</comp>

<comp id="79" class="1004" name="i_8_fu_79">
<pin_list>
<pin id="80" dir="0" index="0" bw="32" slack="0"/>
<pin id="81" dir="0" index="1" bw="1" slack="0"/>
<pin id="82" dir="1" index="2" bw="32" slack="0"/>
</pin_list>
<bind>
<opcode="add(8) " fcode="add"/>
<opset="i_8/1 "/>
</bind>
</comp>

<comp id="85" class="1004" name="store_ln117_store_fu_85">
<pin_list>
<pin id="86" dir="0" index="0" bw="32" slack="0"/>
<pin id="87" dir="0" index="1" bw="32" slack="0"/>
<pin id="88" dir="1" index="2" bw="0" slack="2147483647"/>
</pin_list>
<bind>
<opcode="store(28) " fcode="store"/>
<opset="store_ln117/1 "/>
</bind>
</comp>

<comp id="90" class="1004" name="bitcast_ln119_fu_90">
<pin_list>
<pin id="91" dir="0" index="0" bw="32" slack="1"/>
<pin id="92" dir="1" index="1" bw="32" slack="0"/>
</pin_list>
<bind>
<opcode="bitcast(44) " fcode="bitcast"/>
<opset="bitcast_ln119/3 "/>
</bind>
</comp>

<comp id="94" class="1004" name="bitcast_ln119_1_fu_94">
<pin_list>
<pin id="95" dir="0" index="0" bw="32" slack="1"/>
<pin id="96" dir="1" index="1" bw="32" slack="0"/>
</pin_list>
<bind>
<opcode="bitcast(44) " fcode="bitcast"/>
<opset="bitcast_ln119_1/3 "/>
</bind>
</comp>

<comp id="98" class="1004" name="bitcast_ln119_2_fu_98">
<pin_list>
<pin id="99" dir="0" index="0" bw="32" slack="1"/>
<pin id="100" dir="1" index="1" bw="32" slack="0"/>
</pin_list>
<bind>
<opcode="bitcast(44) " fcode="bitcast"/>
<opset="bitcast_ln119_2/10 "/>
</bind>
</comp>

<comp id="102" class="1005" name="i_reg_102">
<pin_list>
<pin id="103" dir="0" index="0" bw="32" slack="0"/>
<pin id="104" dir="1" index="1" bw="32" slack="0"/>
</pin_list>
<bind>
<opset="i "/>
</bind>
</comp>

<comp id="109" class="1005" name="icmp_ln117_reg_109">
<pin_list>
<pin id="110" dir="0" index="0" bw="1" slack="8"/>
<pin id="111" dir="1" index="1" bw="1" slack="2147483647"/>
</pin_list>
<bind>
<opset="icmp_ln117 "/>
</bind>
</comp>

<comp id="113" class="1005" name="adder_in_feed_0_read_reg_113">
<pin_list>
<pin id="114" dir="0" index="0" bw="32" slack="1"/>
<pin id="115" dir="1" index="1" bw="32" slack="1"/>
</pin_list>
<bind>
<opset="adder_in_feed_0_read "/>
</bind>
</comp>

<comp id="118" class="1005" name="adder_in_feed_1_read_reg_118">
<pin_list>
<pin id="119" dir="0" index="0" bw="32" slack="1"/>
<pin id="120" dir="1" index="1" bw="32" slack="1"/>
</pin_list>
<bind>
<opset="adder_in_feed_1_read "/>
</bind>
</comp>

<comp id="123" class="1005" name="bitcast_ln119_reg_123">
<pin_list>
<pin id="124" dir="0" index="0" bw="32" slack="1"/>
<pin id="125" dir="1" index="1" bw="32" slack="1"/>
</pin_list>
<bind>
<opset="bitcast_ln119 "/>
</bind>
</comp>

<comp id="128" class="1005" name="bitcast_ln119_1_reg_128">
<pin_list>
<pin id="129" dir="0" index="0" bw="32" slack="1"/>
<pin id="130" dir="1" index="1" bw="32" slack="1"/>
</pin_list>
<bind>
<opset="bitcast_ln119_1 "/>
</bind>
</comp>

<comp id="133" class="1005" name="add_reg_133">
<pin_list>
<pin id="134" dir="0" index="0" bw="32" slack="1"/>
<pin id="135" dir="1" index="1" bw="32" slack="1"/>
</pin_list>
<bind>
<opset="add "/>
</bind>
</comp>

</comp_list>

<net_list>
<net id="35"><net_src comp="8" pin="0"/><net_sink comp="32" pin=0"/></net>

<net id="40"><net_src comp="20" pin="0"/><net_sink comp="36" pin=0"/></net>

<net id="41"><net_src comp="0" pin="0"/><net_sink comp="36" pin=1"/></net>

<net id="46"><net_src comp="22" pin="0"/><net_sink comp="42" pin=0"/></net>

<net id="47"><net_src comp="2" pin="0"/><net_sink comp="42" pin=1"/></net>

<net id="52"><net_src comp="22" pin="0"/><net_sink comp="48" pin=0"/></net>

<net id="53"><net_src comp="4" pin="0"/><net_sink comp="48" pin=1"/></net>

<net id="59"><net_src comp="30" pin="0"/><net_sink comp="54" pin=0"/></net>

<net id="60"><net_src comp="6" pin="0"/><net_sink comp="54" pin=1"/></net>

<net id="69"><net_src comp="14" pin="0"/><net_sink comp="65" pin=0"/></net>

<net id="77"><net_src comp="70" pin="1"/><net_sink comp="73" pin=0"/></net>

<net id="78"><net_src comp="36" pin="2"/><net_sink comp="73" pin=1"/></net>

<net id="83"><net_src comp="70" pin="1"/><net_sink comp="79" pin=0"/></net>

<net id="84"><net_src comp="8" pin="0"/><net_sink comp="79" pin=1"/></net>

<net id="89"><net_src comp="79" pin="2"/><net_sink comp="85" pin=0"/></net>

<net id="93"><net_src comp="90" pin="1"/><net_sink comp="61" pin=0"/></net>

<net id="97"><net_src comp="94" pin="1"/><net_sink comp="61" pin=1"/></net>

<net id="101"><net_src comp="98" pin="1"/><net_sink comp="54" pin=2"/></net>

<net id="105"><net_src comp="32" pin="1"/><net_sink comp="102" pin=0"/></net>

<net id="106"><net_src comp="102" pin="1"/><net_sink comp="65" pin=1"/></net>

<net id="107"><net_src comp="102" pin="1"/><net_sink comp="70" pin=0"/></net>

<net id="108"><net_src comp="102" pin="1"/><net_sink comp="85" pin=1"/></net>

<net id="112"><net_src comp="73" pin="2"/><net_sink comp="109" pin=0"/></net>

<net id="116"><net_src comp="42" pin="2"/><net_sink comp="113" pin=0"/></net>

<net id="117"><net_src comp="113" pin="1"/><net_sink comp="90" pin=0"/></net>

<net id="121"><net_src comp="48" pin="2"/><net_sink comp="118" pin=0"/></net>

<net id="122"><net_src comp="118" pin="1"/><net_sink comp="94" pin=0"/></net>

<net id="126"><net_src comp="90" pin="1"/><net_sink comp="123" pin=0"/></net>

<net id="127"><net_src comp="123" pin="1"/><net_sink comp="61" pin=0"/></net>

<net id="131"><net_src comp="94" pin="1"/><net_sink comp="128" pin=0"/></net>

<net id="132"><net_src comp="128" pin="1"/><net_sink comp="61" pin=1"/></net>

<net id="136"><net_src comp="61" pin="2"/><net_sink comp="133" pin=0"/></net>

<net id="137"><net_src comp="133" pin="1"/><net_sink comp="98" pin=0"/></net>

</net_list>

</model> 
---------------- Datapath Model END ------------------

* FSMD analyzer results:
  - Output states:
	Port: adder_results | {10 }
 - Input state : 
	Port: adder_function_Pipeline_VITIS_LOOP_117_1 : v_size | {1 }
	Port: adder_function_Pipeline_VITIS_LOOP_117_1 : adder_in_feed_0 | {2 }
	Port: adder_function_Pipeline_VITIS_LOOP_117_1 : adder_in_feed_1 | {2 }
  - Chain level:
	State 1
		store_ln117 : 1
		i_7 : 1
		icmp_ln117 : 2
		i_8 : 2
		br_ln117 : 3
		store_ln117 : 3
	State 2
	State 3
		add : 1
	State 4
	State 5
	State 6
	State 7
	State 8
	State 9
	State 10
		write_ln119 : 1


============================================================
+ Verbose Summary: Datapath Resource usage 
============================================================

* Functional unit list:
|----------|---------------------------------|---------|---------|---------|
| Operation|         Functional Unit         |   DSP   |    FF   |   LUT   |
|----------|---------------------------------|---------|---------|---------|
|   fadd   |            grp_fu_61            |    2    |   318   |   198   |
|----------|---------------------------------|---------|---------|---------|
|   icmp   |         icmp_ln117_fu_73        |    0    |    0    |    39   |
|----------|---------------------------------|---------|---------|---------|
|    add   |            i_8_fu_79            |    0    |    0    |    39   |
|----------|---------------------------------|---------|---------|---------|
|          |      v_size_read_read_fu_36     |    0    |    0    |    0    |
|   read   | adder_in_feed_0_read_read_fu_42 |    0    |    0    |    0    |
|          | adder_in_feed_1_read_read_fu_48 |    0    |    0    |    0    |
|----------|---------------------------------|---------|---------|---------|
|   write  |     write_ln119_write_fu_54     |    0    |    0    |    0    |
|----------|---------------------------------|---------|---------|---------|
|   Total  |                                 |    2    |   318   |   276   |
|----------|---------------------------------|---------|---------|---------|

Memories:
N/A

* Register list:
+----------------------------+--------+
|                            |   FF   |
+----------------------------+--------+
|         add_reg_133        |   32   |
|adder_in_feed_0_read_reg_113|   32   |
|adder_in_feed_1_read_reg_118|   32   |
|   bitcast_ln119_1_reg_128  |   32   |
|    bitcast_ln119_reg_123   |   32   |
|          i_reg_102         |   32   |
|     icmp_ln117_reg_109     |    1   |
+----------------------------+--------+
|            Total           |   193  |
+----------------------------+--------+

* Multiplexer (MUX) list: 
|-----------|------|------|------|--------||---------||---------||---------|
|    Comp   |  Pin | Size |  BW  | S x BW ||  Delay  ||    FF   ||   LUT   |
|-----------|------|------|------|--------||---------||---------||---------|
| grp_fu_61 |  p0  |   2  |  32  |   64   ||    0    ||    9    |
| grp_fu_61 |  p1  |   2  |  32  |   64   ||    0    ||    9    |
|-----------|------|------|------|--------||---------||---------||---------|
|   Total   |      |      |      |   128  ||  0.774  ||    0    ||    18   |
|-----------|------|------|------|--------||---------||---------||---------|



* Summary:
+-----------+--------+--------+--------+--------+
|           |   DSP  |  Delay |   FF   |   LUT  |
+-----------+--------+--------+--------+--------+
|  Function |    2   |    -   |   318  |   276  |
|   Memory  |    -   |    -   |    -   |    -   |
|Multiplexer|    -   |    0   |    0   |   18   |
|  Register |    -   |    -   |   193  |    -   |
+-----------+--------+--------+--------+--------+
|   Total   |    2   |    0   |   511  |   294  |
+-----------+--------+--------+--------+--------+
