

================================================================
== Vitis HLS Report for 'feed_adder_value_Pipeline_VITIS_LOOP_135_1'
================================================================
* Date:           Wed Apr  1 19:51:43 2026

* Version:        2025.1 (Build 6135595 on May 21 2025)
* Project:        vertex_map
* Solution:       hls (Vivado IP Flow Target)
* Product family: virtexuplusHBM
* Target device:  xcu55c-fsvh2892-2LV-e


================================================================
== Performance Estimates
================================================================
+ Timing: 
    * Summary: 
    +--------+---------+----------+------------+
    |  Clock |  Target | Estimated| Uncertainty|
    +--------+---------+----------+------------+
    |ap_clk  |  4.00 ns|  1.482 ns|     1.08 ns|
    +--------+---------+----------+------------+

+ Latency: 
    * Summary: 
    +---------+---------+-----------+-----------+-----+-----+------------------------------------------------+
    |  Latency (cycles) |   Latency (absolute)  |  Interval |                    Pipeline                    |
    |   min   |   max   |    min    |    max    | min | max |                      Type                      |
    +---------+---------+-----------+-----------+-----+-----+------------------------------------------------+
    |       12|       12|  48.000 ns|  48.000 ns|   11|   11|  loop auto-rewind stp (delay=0 clock cycles(s))|
    +---------+---------+-----------+-----------+-----+-----+------------------------------------------------+

    + Detail: 
        * Instance: 
        N/A

        * Loop: 
        +--------------------+---------+---------+----------+-----------+-----------+------+----------+
        |                    |  Latency (cycles) | Iteration|  Initiation Interval  | Trip |          |
        |      Loop Name     |   min   |   max   |  Latency |  achieved |   target  | Count| Pipelined|
        +--------------------+---------+---------+----------+-----------+-----------+------+----------+
        |- VITIS_LOOP_135_1  |       10|       10|         2|          1|          1|    10|       yes|
        +--------------------+---------+---------+----------+-----------+-----------+------+----------+



================================================================
== Utilization Estimates
================================================================
* Summary: 
+---------------------+---------+------+---------+---------+-----+
|         Name        | BRAM_18K|  DSP |    FF   |   LUT   | URAM|
+---------------------+---------+------+---------+---------+-----+
|DSP                  |        -|     -|        -|        -|    -|
|Expression           |        -|     -|        0|       28|    -|
|FIFO                 |        -|     -|        -|        -|    -|
|Instance             |        -|     -|        -|        -|    -|
|Memory               |        -|     -|        -|        -|    -|
|Multiplexer          |        -|     -|        0|       45|    -|
|Register             |        -|     -|        7|        -|    -|
+---------------------+---------+------+---------+---------+-----+
|Total                |        0|     0|        7|       73|    0|
+---------------------+---------+------+---------+---------+-----+
|Available SLR        |     1344|  3008|   869120|   434560|  320|
+---------------------+---------+------+---------+---------+-----+
|Utilization SLR (%)  |        0|     0|       ~0|       ~0|    0|
+---------------------+---------+------+---------+---------+-----+
|Available            |     4032|  9024|  2607360|  1303680|  960|
+---------------------+---------+------+---------+---------+-----+
|Utilization (%)      |        0|     0|       ~0|       ~0|    0|
+---------------------+---------+------+---------+---------+-----+

+ Detail: 
    * Instance: 
    N/A

    * DSP: 
    N/A

    * Memory: 
    N/A

    * FIFO: 
    N/A

    * Expression: 
    +--------------------------------+----------+----+---+----+------------+------------+
    |          Variable Name         | Operation| DSP| FF| LUT| Bitwidth P0| Bitwidth P1|
    +--------------------------------+----------+----+---+----+------------+------------+
    |i_5_fu_58_p2                    |         +|   0|  0|  12|           4|           1|
    |ap_block_pp0_stage0_01001_grp1  |       and|   0|  0|   2|           1|           1|
    |icmp_ln135_fu_52_p2             |      icmp|   0|  0|  12|           4|           4|
    |ap_enable_pp0                   |       xor|   0|  0|   2|           1|           2|
    +--------------------------------+----------+----+---+----+------------+------------+
    |Total                           |          |   0|  0|  28|          10|           8|
    +--------------------------------+----------+----+---+----+------------+------------+

    * Multiplexer: 
    +-------------------------+----+-----------+-----+-----------+
    |           Name          | LUT| Input Size| Bits| Total Bits|
    +-------------------------+----+-----------+-----+-----------+
    |adder_in_feed_0_blk_n    |   9|          2|    1|          2|
    |ap_done_int              |   9|          2|    1|          2|
    |ap_enable_reg_pp0_iter1  |   9|          2|    1|          2|
    |ap_sig_allocacmp_i_4     |   9|          2|    4|          8|
    |i_fu_32                  |   9|          2|    4|          8|
    +-------------------------+----+-----------+-----+-----------+
    |Total                    |  45|         10|   11|         22|
    +-------------------------+----+-----------+-----+-----------+

    * Register: 
    +-------------------------+---+----+-----+-----------+
    |           Name          | FF| LUT| Bits| Const Bits|
    +-------------------------+---+----+-----+-----------+
    |ap_CS_fsm                |  1|   0|    1|          0|
    |ap_done_reg              |  1|   0|    1|          0|
    |ap_enable_reg_pp0_iter1  |  1|   0|    1|          0|
    |i_fu_32                  |  4|   0|    4|          0|
    +-------------------------+---+----+-----+-----------+
    |Total                    |  7|   0|    7|          0|
    +-------------------------+---+----+-----+-----------+



================================================================
== Interface
================================================================
* Summary: 
+--------------------------------+-----+-----+------------+--------------------------------------------+--------------+
|            RTL Ports           | Dir | Bits|  Protocol  |                Source Object               |    C Type    |
+--------------------------------+-----+-----+------------+--------------------------------------------+--------------+
|ap_clk                          |   in|    1|  ap_ctrl_hs|  feed_adder_value_Pipeline_VITIS_LOOP_135_1|  return value|
|ap_rst                          |   in|    1|  ap_ctrl_hs|  feed_adder_value_Pipeline_VITIS_LOOP_135_1|  return value|
|ap_start                        |   in|    1|  ap_ctrl_hs|  feed_adder_value_Pipeline_VITIS_LOOP_135_1|  return value|
|ap_done                         |  out|    1|  ap_ctrl_hs|  feed_adder_value_Pipeline_VITIS_LOOP_135_1|  return value|
|ap_idle                         |  out|    1|  ap_ctrl_hs|  feed_adder_value_Pipeline_VITIS_LOOP_135_1|  return value|
|ap_ready                        |  out|    1|  ap_ctrl_hs|  feed_adder_value_Pipeline_VITIS_LOOP_135_1|  return value|
|adder_in_feed_0_din             |  out|   32|     ap_fifo|                             adder_in_feed_0|       pointer|
|adder_in_feed_0_full_n          |   in|    1|     ap_fifo|                             adder_in_feed_0|       pointer|
|adder_in_feed_0_write           |  out|    1|     ap_fifo|                             adder_in_feed_0|       pointer|
|adder_in_feed_0_num_data_valid  |   in|   32|     ap_fifo|                             adder_in_feed_0|       pointer|
|adder_in_feed_0_fifo_cap        |   in|   32|     ap_fifo|                             adder_in_feed_0|       pointer|
+--------------------------------+-----+-----+------------+--------------------------------------------+--------------+

============================================================
+ Verbose Summary: Synthesis Manager
============================================================
InlineROM: 1
ExposeGlobal: 0
============================================================
+ Verbose Summary: CDFG Model
============================================================
IsTopModel: 0
ResetActiveHigh: 1
IsCombinational: 2
IsDatapathOnly: 2
HasWiredReturn: 1
HasMFsm: 2
HasVarLatency: 1
IsPipeline: 0
IsRtlPipelined: 0
IsInstanceOverlapped: 0
IsDontTouch: 0
HasImplIP: 0
IsGatedGlobalClock: 0

+ Individual pipeline summary: 
  * Pipeline-0: initiation interval (II) = 1, depth = 2


============================================================
+ Verbose Summary: Schedule
============================================================
* Number of FSM states : 2
* Pipeline : 1
  Pipeline-0 : II = 1, D = 2, States = { 1 2 }
* Dataflow Pipeline: 0

* FSM state transitions: 
1 --> 2 
2 --> 

* FSM state operations: 

State 1 <SV = 0> <Delay = 1.48>
ST_1 : Operation 5 [1/1] (0.00ns)   --->   "%i = alloca i32 1" [../pageRankReduce/pageRank.cpp:135]   --->   Operation 5 'alloca' 'i' <Predicate = true> <Delay = 0.00>
ST_1 : Operation 6 [1/1] (0.00ns)   --->   "%specinterface_ln0 = specinterface void @_ssdm_op_SpecInterface, i32 %adder_in_feed_0, void @empty_4, i32 0, i32 0, void @empty_16, i32 0, i32 0, void @empty_16, void @empty_16, void @empty_16, i32 0, i32 0, i32 0, i32 0, void @empty_16, void @empty_16, i32 4294967295, i32 0, i32 0"   --->   Operation 6 'specinterface' 'specinterface_ln0' <Predicate = true> <Delay = 0.00>
ST_1 : Operation 7 [1/1] (0.38ns)   --->   "%store_ln135 = store i4 0, i4 %i" [../pageRankReduce/pageRank.cpp:135]   --->   Operation 7 'store' 'store_ln135' <Predicate = true> <Delay = 0.38>
ST_1 : Operation 8 [1/1] (0.00ns)   --->   "%br_ln0 = br void %for.inc"   --->   Operation 8 'br' 'br_ln0' <Predicate = true> <Delay = 0.00>
ST_1 : Operation 9 [1/1] (0.00ns)   --->   "%i_4 = load i4 %i" [../pageRankReduce/pageRank.cpp:135]   --->   Operation 9 'load' 'i_4' <Predicate = true> <Delay = 0.00>
ST_1 : Operation 10 [1/1] (0.70ns)   --->   "%icmp_ln135 = icmp_eq  i4 %i_4, i4 10" [../pageRankReduce/pageRank.cpp:135]   --->   Operation 10 'icmp' 'icmp_ln135' <Predicate = true> <Delay = 0.70> <CoreInst = "Cmp">   --->   Core 9 'Cmp' <Latency = 0> <II = 1> <Delay = 0.70> <FuncUnit> <Opcode : 'seteq' 'setne' 'setle' 'setge' 'setlt' 'setgt'> <InPorts = 2> <OutPorts = 1>
ST_1 : Operation 11 [1/1] (0.70ns)   --->   "%i_5 = add i4 %i_4, i4 1" [../pageRankReduce/pageRank.cpp:135]   --->   Operation 11 'add' 'i_5' <Predicate = true> <Delay = 0.70> <CoreInst = "Adder">   --->   Core 1 'Adder' <Latency = 0> <II = 1> <Delay = 0.70> <FuncUnit> <Opcode : 'add' 'sub'> <InPorts = 2> <OutPorts = 1>
ST_1 : Operation 12 [1/1] (0.00ns)   --->   "%br_ln135 = br i1 %icmp_ln135, void %for.inc.split, void %for.inc8.preheader.exitStub" [../pageRankReduce/pageRank.cpp:135]   --->   Operation 12 'br' 'br_ln135' <Predicate = true> <Delay = 0.00>
ST_1 : Operation 13 [1/1] (0.38ns)   --->   "%store_ln135 = store i4 %i_5, i4 %i" [../pageRankReduce/pageRank.cpp:135]   --->   Operation 13 'store' 'store_ln135' <Predicate = (!icmp_ln135)> <Delay = 0.38>
ST_1 : Operation 19 [1/1] (0.38ns)   --->   "%ret_ln0 = ret"   --->   Operation 19 'ret' 'ret_ln0' <Predicate = (icmp_ln135)> <Delay = 0.38>

State 2 <SV = 1> <Delay = 1.14>
ST_2 : Operation 14 [1/1] (0.00ns)   --->   "%specpipeline_ln136 = specpipeline void @_ssdm_op_SpecPipeline, i32 1, i32 0, i32 0, i32 0, void @empty_16" [../pageRankReduce/pageRank.cpp:136]   --->   Operation 14 'specpipeline' 'specpipeline_ln136' <Predicate = true> <Delay = 0.00>
ST_2 : Operation 15 [1/1] (0.00ns)   --->   "%speclooptripcount_ln135 = speclooptripcount void @_ssdm_op_SpecLoopTripCount, i64 10, i64 10, i64 10" [../pageRankReduce/pageRank.cpp:135]   --->   Operation 15 'speclooptripcount' 'speclooptripcount_ln135' <Predicate = true> <Delay = 0.00>
ST_2 : Operation 16 [1/1] (0.00ns)   --->   "%specloopname_ln135 = specloopname void @_ssdm_op_SpecLoopName, void @empty_10" [../pageRankReduce/pageRank.cpp:135]   --->   Operation 16 'specloopname' 'specloopname_ln135' <Predicate = true> <Delay = 0.00>
ST_2 : Operation 17 [1/1] ( I:1.14ns O:1.14ns )   --->   "%write_ln137 = write void @_ssdm_op_Write.ap_fifo.volatile.i32P0A, i32 %adder_in_feed_0, i32 0" [../pageRankReduce/pageRank.cpp:137]   --->   Operation 17 'write' 'write_ln137' <Predicate = true> <Delay = 1.14> <CoreInst = "FIFO">   --->   Core 77 'FIFO' <Latency = 0> <II = 1> <Delay = 1.14> <Storage> <Opcode : 'read' 'write' 'nbread' 'nbwrite'> <Ports = 0> <Width = 32> <Depth = 128> <FIFO>
ST_2 : Operation 18 [1/1] (0.00ns)   --->   "%br_ln135 = br void %for.inc" [../pageRankReduce/pageRank.cpp:135]   --->   Operation 18 'br' 'br_ln135' <Predicate = true> <Delay = 0.00>


============================================================
+ Verbose Summary: Binding
============================================================
STG Binding: 
---------------- STG Properties BEGIN ----------------
- Is combinational: 0
- Is one-state seq: 0
- Is datapath-only: 0
- Is pipelined: 0
- Is top level: 0
Port [ Return ] is wired: 1; IO mode=ap_ctrl_hs:ce=0
Port [ adder_in_feed_0]:  wired=1; compound=1; hidden=0; nouse=0; global=0; static=0; extern=0; dir=1; type=3; pingpong=0; private_global=0; IO mode=ap_fifo:ce=0
---------------- STG Properties END ------------------

---------------- Datapath Model BEGIN ----------------

<LifeTime>
<method=bitvector/>
i                       (alloca           ) [ 010]
specinterface_ln0       (specinterface    ) [ 000]
store_ln135             (store            ) [ 000]
br_ln0                  (br               ) [ 000]
i_4                     (load             ) [ 000]
icmp_ln135              (icmp             ) [ 010]
i_5                     (add              ) [ 000]
br_ln135                (br               ) [ 000]
store_ln135             (store            ) [ 000]
specpipeline_ln136      (specpipeline     ) [ 000]
speclooptripcount_ln135 (speclooptripcount) [ 000]
specloopname_ln135      (specloopname     ) [ 000]
write_ln137             (write            ) [ 000]
br_ln135                (br               ) [ 000]
ret_ln0                 (ret              ) [ 000]
</LifeTime>

<model>

<comp_list>
<comp id="0" class="1000" name="adder_in_feed_0">
<pin_list>
<pin id="1" dir="1" index="0" bw="1" slack="0"/>
</pin_list>
<bind>
<StgValue><ssdm name="adder_in_feed_0"/></StgValue>
</bind>
</comp>

<comp id="2" class="1001" name="const_2">
<pin_list>
<pin id="3" dir="1" index="0" bw="1" slack="0"/>
</pin_list>
<bind>
<StgValue><ssdm name=""/></StgValue>
</bind>
</comp>

<comp id="4" class="1001" name="const_4">
<pin_list>
<pin id="5" dir="1" index="0" bw="1" slack="2147483647"/>
</pin_list>
<bind>
<StgValue><ssdm name="_ssdm_op_SpecInterface"/></StgValue>
</bind>
</comp>

<comp id="6" class="1001" name="const_6">
<pin_list>
<pin id="7" dir="1" index="0" bw="1" slack="2147483647"/>
</pin_list>
<bind>
<StgValue><ssdm name="empty_4"/></StgValue>
</bind>
</comp>

<comp id="8" class="1001" name="const_8">
<pin_list>
<pin id="9" dir="1" index="0" bw="1" slack="0"/>
</pin_list>
<bind>
<StgValue><ssdm name=""/></StgValue>
</bind>
</comp>

<comp id="10" class="1001" name="const_10">
<pin_list>
<pin id="11" dir="1" index="0" bw="1" slack="2147483647"/>
</pin_list>
<bind>
<StgValue><ssdm name="empty_16"/></StgValue>
</bind>
</comp>

<comp id="12" class="1001" name="const_12">
<pin_list>
<pin id="13" dir="1" index="0" bw="1" slack="2147483647"/>
</pin_list>
<bind>
<StgValue><ssdm name=""/></StgValue>
</bind>
</comp>

<comp id="14" class="1001" name="const_14">
<pin_list>
<pin id="15" dir="1" index="0" bw="1" slack="0"/>
</pin_list>
<bind>
<StgValue><ssdm name=""/></StgValue>
</bind>
</comp>

<comp id="16" class="1001" name="const_16">
<pin_list>
<pin id="17" dir="1" index="0" bw="1" slack="0"/>
</pin_list>
<bind>
<StgValue><ssdm name=""/></StgValue>
</bind>
</comp>

<comp id="18" class="1001" name="const_18">
<pin_list>
<pin id="19" dir="1" index="0" bw="1" slack="0"/>
</pin_list>
<bind>
<StgValue><ssdm name=""/></StgValue>
</bind>
</comp>

<comp id="20" class="1001" name="const_20">
<pin_list>
<pin id="21" dir="1" index="0" bw="1" slack="2147483647"/>
</pin_list>
<bind>
<StgValue><ssdm name="_ssdm_op_SpecPipeline"/></StgValue>
</bind>
</comp>

<comp id="22" class="1001" name="const_22">
<pin_list>
<pin id="23" dir="1" index="0" bw="1" slack="2147483647"/>
</pin_list>
<bind>
<StgValue><ssdm name="_ssdm_op_SpecLoopTripCount"/></StgValue>
</bind>
</comp>

<comp id="24" class="1001" name="const_24">
<pin_list>
<pin id="25" dir="1" index="0" bw="1" slack="2147483647"/>
</pin_list>
<bind>
<StgValue><ssdm name=""/></StgValue>
</bind>
</comp>

<comp id="26" class="1001" name="const_26">
<pin_list>
<pin id="27" dir="1" index="0" bw="1" slack="2147483647"/>
</pin_list>
<bind>
<StgValue><ssdm name="_ssdm_op_SpecLoopName"/></StgValue>
</bind>
</comp>

<comp id="28" class="1001" name="const_28">
<pin_list>
<pin id="29" dir="1" index="0" bw="1" slack="2147483647"/>
</pin_list>
<bind>
<StgValue><ssdm name="empty_10"/></StgValue>
</bind>
</comp>

<comp id="30" class="1001" name="const_30">
<pin_list>
<pin id="31" dir="1" index="0" bw="1" slack="0"/>
</pin_list>
<bind>
<StgValue><ssdm name="_ssdm_op_Write.ap_fifo.volatile.i32P0A"/></StgValue>
</bind>
</comp>

<comp id="32" class="1004" name="i_fu_32">
<pin_list>
<pin id="33" dir="0" index="0" bw="1" slack="0"/>
<pin id="34" dir="1" index="1" bw="4" slack="0"/>
</pin_list>
<bind>
<opcode="alloca(26) " fcode="alloca"/>
<opset="i/1 "/>
</bind>
</comp>

<comp id="36" class="1004" name="write_ln137_write_fu_36">
<pin_list>
<pin id="37" dir="0" index="0" bw="0" slack="0"/>
<pin id="38" dir="0" index="1" bw="32" slack="0"/>
<pin id="39" dir="0" index="2" bw="1" slack="0"/>
<pin id="40" dir="1" index="3" bw="0" slack="2147483647"/>
</pin_list>
<bind>
<opcode="write(1151) " fcode="write"/>
<opset="write_ln137/2 "/>
</bind>
</comp>

<comp id="44" class="1004" name="store_ln135_store_fu_44">
<pin_list>
<pin id="45" dir="0" index="0" bw="1" slack="0"/>
<pin id="46" dir="0" index="1" bw="4" slack="0"/>
<pin id="47" dir="1" index="2" bw="0" slack="2147483647"/>
</pin_list>
<bind>
<opcode="store(28) " fcode="store"/>
<opset="store_ln135/1 "/>
</bind>
</comp>

<comp id="49" class="1004" name="i_4_load_fu_49">
<pin_list>
<pin id="50" dir="0" index="0" bw="4" slack="0"/>
<pin id="51" dir="1" index="1" bw="4" slack="0"/>
</pin_list>
<bind>
<opcode="load(27) " fcode="load"/>
<opset="i_4/1 "/>
</bind>
</comp>

<comp id="52" class="1004" name="icmp_ln135_fu_52">
<pin_list>
<pin id="53" dir="0" index="0" bw="4" slack="0"/>
<pin id="54" dir="0" index="1" bw="4" slack="0"/>
<pin id="55" dir="1" index="2" bw="1" slack="2147483647"/>
</pin_list>
<bind>
<opcode="icmp(45) " fcode="icmp"/>
<opset="icmp_ln135/1 "/>
</bind>
</comp>

<comp id="58" class="1004" name="i_5_fu_58">
<pin_list>
<pin id="59" dir="0" index="0" bw="4" slack="0"/>
<pin id="60" dir="0" index="1" bw="1" slack="0"/>
<pin id="61" dir="1" index="2" bw="4" slack="0"/>
</pin_list>
<bind>
<opcode="add(8) " fcode="add"/>
<opset="i_5/1 "/>
</bind>
</comp>

<comp id="64" class="1004" name="store_ln135_store_fu_64">
<pin_list>
<pin id="65" dir="0" index="0" bw="4" slack="0"/>
<pin id="66" dir="0" index="1" bw="4" slack="0"/>
<pin id="67" dir="1" index="2" bw="0" slack="2147483647"/>
</pin_list>
<bind>
<opcode="store(28) " fcode="store"/>
<opset="store_ln135/1 "/>
</bind>
</comp>

<comp id="69" class="1005" name="i_reg_69">
<pin_list>
<pin id="70" dir="0" index="0" bw="4" slack="0"/>
<pin id="71" dir="1" index="1" bw="4" slack="0"/>
</pin_list>
<bind>
<opset="i "/>
</bind>
</comp>

</comp_list>

<net_list>
<net id="35"><net_src comp="2" pin="0"/><net_sink comp="32" pin=0"/></net>

<net id="41"><net_src comp="30" pin="0"/><net_sink comp="36" pin=0"/></net>

<net id="42"><net_src comp="0" pin="0"/><net_sink comp="36" pin=1"/></net>

<net id="43"><net_src comp="8" pin="0"/><net_sink comp="36" pin=2"/></net>

<net id="48"><net_src comp="14" pin="0"/><net_sink comp="44" pin=0"/></net>

<net id="56"><net_src comp="49" pin="1"/><net_sink comp="52" pin=0"/></net>

<net id="57"><net_src comp="16" pin="0"/><net_sink comp="52" pin=1"/></net>

<net id="62"><net_src comp="49" pin="1"/><net_sink comp="58" pin=0"/></net>

<net id="63"><net_src comp="18" pin="0"/><net_sink comp="58" pin=1"/></net>

<net id="68"><net_src comp="58" pin="2"/><net_sink comp="64" pin=0"/></net>

<net id="72"><net_src comp="32" pin="1"/><net_sink comp="69" pin=0"/></net>

<net id="73"><net_src comp="69" pin="1"/><net_sink comp="44" pin=1"/></net>

<net id="74"><net_src comp="69" pin="1"/><net_sink comp="49" pin=0"/></net>

<net id="75"><net_src comp="69" pin="1"/><net_sink comp="64" pin=1"/></net>

</net_list>

</model> 
---------------- Datapath Model END ------------------

* FSMD analyzer results:
  - Output states:
	Port: adder_in_feed_0 | {2 }
 - Input state : 
	Port: feed_adder_value_Pipeline_VITIS_LOOP_135_1 : adder_in_feed_0 | {}
  - Chain level:
	State 1
		store_ln135 : 1
		i_4 : 1
		icmp_ln135 : 2
		i_5 : 2
		br_ln135 : 3
		store_ln135 : 3
	State 2


============================================================
+ Verbose Summary: Datapath Resource usage 
============================================================

* Functional unit list:
|----------|-------------------------|---------|---------|
| Operation|     Functional Unit     |    FF   |   LUT   |
|----------|-------------------------|---------|---------|
|   icmp   |     icmp_ln135_fu_52    |    0    |    12   |
|----------|-------------------------|---------|---------|
|    add   |        i_5_fu_58        |    0    |    12   |
|----------|-------------------------|---------|---------|
|   write  | write_ln137_write_fu_36 |    0    |    0    |
|----------|-------------------------|---------|---------|
|   Total  |                         |    0    |    24   |
|----------|-------------------------|---------|---------|

Memories:
N/A

* Register list:
+--------+--------+
|        |   FF   |
+--------+--------+
|i_reg_69|    4   |
+--------+--------+
|  Total |    4   |
+--------+--------+

* Multiplexer (MUX) list: 
|--------|------|------|------|--------|
|  Comp  |  Pin | Size |  BW  | S x BW |
|--------|------|------|------|--------|
|  Total |      |      |      |    0   |
|--------|------|------|------|--------|



* Summary:
+-----------+--------+--------+
|           |   FF   |   LUT  |
+-----------+--------+--------+
|  Function |    0   |   24   |
|   Memory  |    -   |    -   |
|Multiplexer|    -   |    -   |
|  Register |    4   |    -   |
+-----------+--------+--------+
|   Total   |    4   |   24   |
+-----------+--------+--------+
