

================================================================
== Vitis HLS Report for 'feed_adder_value_Pipeline_VITIS_LOOP_135_1'
================================================================
* Date:           Wed Apr  1 19:51:40 2026

* Version:        2025.1 (Build 6135595 on May 21 2025)
* Project:        vertex_map
* Solution:       hls (Vivado IP Flow Target)
* Product family: virtexuplusHBM
* Target device:  xcu55c-fsvh2892-2LV-e


================================================================
== Performance Estimates
================================================================
+ Timing: 
    * Summary: 
    +--------+---------+----------+------------+
    |  Clock |  Target | Estimated| Uncertainty|
    +--------+---------+----------+------------+
    |ap_clk  |  4.00 ns|  1.482 ns|     1.08 ns|
    +--------+---------+----------+------------+

+ Latency: 
    * Summary: 
    +---------+---------+-----------+-----------+-----+-----+------------------------------------------------+
    |  Latency (cycles) |   Latency (absolute)  |  Interval |                    Pipeline                    |
    |   min   |   max   |    min    |    max    | min | max |                      Type                      |
    +---------+---------+-----------+-----------+-----+-----+------------------------------------------------+
    |       12|       12|  48.000 ns|  48.000 ns|   11|   11|  loop auto-rewind stp (delay=0 clock cycles(s))|
    +---------+---------+-----------+-----------+-----+-----+------------------------------------------------+

    + Detail: 
        * Instance: 
        N/A

        * Loop: 
        +--------------------+---------+---------+----------+-----------+-----------+------+----------+
        |                    |  Latency (cycles) | Iteration|  Initiation Interval  | Trip |          |
        |      Loop Name     |   min   |   max   |  Latency |  achieved |   target  | Count| Pipelined|
        +--------------------+---------+---------+----------+-----------+-----------+------+----------+
        |- VITIS_LOOP_135_1  |       10|       10|         2|          1|          1|    10|       yes|
        +--------------------+---------+---------+----------+-----------+-----------+------+----------+

============================================================
+ Verbose Summary: Synthesis Manager
============================================================
InlineROM: 1
ExposeGlobal: 0
============================================================
+ Verbose Summary: CDFG Model
============================================================
IsTopModel: 0
ResetActiveHigh: 1
IsCombinational: 0
IsDatapathOnly: 0
HasWiredReturn: 1
HasMFsm: 2
HasVarLatency: 1
IsPipeline: 0
IsRtlPipelined: 0
IsInstanceOverlapped: 0
IsDontTouch: 0
HasImplIP: 0
IsGatedGlobalClock: 0

+ Individual pipeline summary: 
  * Pipeline-0: initiation interval (II) = 1, depth = 2


============================================================
+ Verbose Summary: Schedule
============================================================
* Number of FSM states : 2
* Pipeline : 1
  Pipeline-0 : II = 1, D = 2, States = { 1 2 }
* Dataflow Pipeline: 0

* FSM state transitions: 
1 --> 2 
2 --> 

* FSM state operations: 

State 1 <SV = 0> <Delay = 1.48>
ST_1 : Operation 5 [1/1] (0.00ns)   --->   "%i = alloca i32 1" [../pageRankReduce/pageRank.cpp:135]   --->   Operation 5 'alloca' 'i' <Predicate = true> <Delay = 0.00>
ST_1 : Operation 6 [1/1] (0.00ns)   --->   "%specinterface_ln0 = specinterface void @_ssdm_op_SpecInterface, i32 %adder_in_feed_0, void @empty_4, i32 0, i32 0, void @empty_16, i32 0, i32 0, void @empty_16, void @empty_16, void @empty_16, i32 0, i32 0, i32 0, i32 0, void @empty_16, void @empty_16, i32 4294967295, i32 0, i32 0"   --->   Operation 6 'specinterface' 'specinterface_ln0' <Predicate = true> <Delay = 0.00>
ST_1 : Operation 7 [1/1] (0.38ns)   --->   "%store_ln135 = store i4 0, i4 %i" [../pageRankReduce/pageRank.cpp:135]   --->   Operation 7 'store' 'store_ln135' <Predicate = true> <Delay = 0.38>
ST_1 : Operation 8 [1/1] (0.00ns)   --->   "%br_ln0 = br void %for.inc"   --->   Operation 8 'br' 'br_ln0' <Predicate = true> <Delay = 0.00>
ST_1 : Operation 9 [1/1] (0.00ns)   --->   "%i_4 = load i4 %i" [../pageRankReduce/pageRank.cpp:135]   --->   Operation 9 'load' 'i_4' <Predicate = true> <Delay = 0.00>
ST_1 : Operation 10 [1/1] (0.70ns)   --->   "%icmp_ln135 = icmp_eq  i4 %i_4, i4 10" [../pageRankReduce/pageRank.cpp:135]   --->   Operation 10 'icmp' 'icmp_ln135' <Predicate = true> <Delay = 0.70> <CoreInst = "Cmp">   --->   Core 9 'Cmp' <Latency = 0> <II = 1> <Delay = 0.70> <FuncUnit> <Opcode : 'seteq' 'setne' 'setle' 'setge' 'setlt' 'setgt'> <InPorts = 2> <OutPorts = 1>
ST_1 : Operation 11 [1/1] (0.70ns)   --->   "%i_5 = add i4 %i_4, i4 1" [../pageRankReduce/pageRank.cpp:135]   --->   Operation 11 'add' 'i_5' <Predicate = true> <Delay = 0.70> <CoreInst = "Adder">   --->   Core 1 'Adder' <Latency = 0> <II = 1> <Delay = 0.70> <FuncUnit> <Opcode : 'add' 'sub'> <InPorts = 2> <OutPorts = 1>
ST_1 : Operation 12 [1/1] (0.00ns)   --->   "%br_ln135 = br i1 %icmp_ln135, void %for.inc.split, void %for.inc8.preheader.exitStub" [../pageRankReduce/pageRank.cpp:135]   --->   Operation 12 'br' 'br_ln135' <Predicate = true> <Delay = 0.00>
ST_1 : Operation 13 [1/1] (0.38ns)   --->   "%store_ln135 = store i4 %i_5, i4 %i" [../pageRankReduce/pageRank.cpp:135]   --->   Operation 13 'store' 'store_ln135' <Predicate = (!icmp_ln135)> <Delay = 0.38>
ST_1 : Operation 19 [1/1] (0.38ns)   --->   "%ret_ln0 = ret"   --->   Operation 19 'ret' 'ret_ln0' <Predicate = (icmp_ln135)> <Delay = 0.38>

State 2 <SV = 1> <Delay = 1.14>
ST_2 : Operation 14 [1/1] (0.00ns)   --->   "%specpipeline_ln136 = specpipeline void @_ssdm_op_SpecPipeline, i32 1, i32 0, i32 0, i32 0, void @empty_16" [../pageRankReduce/pageRank.cpp:136]   --->   Operation 14 'specpipeline' 'specpipeline_ln136' <Predicate = true> <Delay = 0.00>
ST_2 : Operation 15 [1/1] (0.00ns)   --->   "%speclooptripcount_ln135 = speclooptripcount void @_ssdm_op_SpecLoopTripCount, i64 10, i64 10, i64 10" [../pageRankReduce/pageRank.cpp:135]   --->   Operation 15 'speclooptripcount' 'speclooptripcount_ln135' <Predicate = true> <Delay = 0.00>
ST_2 : Operation 16 [1/1] (0.00ns)   --->   "%specloopname_ln135 = specloopname void @_ssdm_op_SpecLoopName, void @empty_10" [../pageRankReduce/pageRank.cpp:135]   --->   Operation 16 'specloopname' 'specloopname_ln135' <Predicate = true> <Delay = 0.00>
ST_2 : Operation 17 [1/1] ( I:1.14ns O:1.14ns )   --->   "%write_ln137 = write void @_ssdm_op_Write.ap_fifo.volatile.i32P0A, i32 %adder_in_feed_0, i32 0" [../pageRankReduce/pageRank.cpp:137]   --->   Operation 17 'write' 'write_ln137' <Predicate = true> <Delay = 1.14> <CoreInst = "FIFO">   --->   Core 77 'FIFO' <Latency = 0> <II = 1> <Delay = 1.14> <Storage> <Opcode : 'read' 'write' 'nbread' 'nbwrite'> <Ports = 0> <Width = 32> <Depth = 128> <FIFO>
ST_2 : Operation 18 [1/1] (0.00ns)   --->   "%br_ln135 = br void %for.inc" [../pageRankReduce/pageRank.cpp:135]   --->   Operation 18 'br' 'br_ln135' <Predicate = true> <Delay = 0.00>


============================================================
+ Verbose Summary: Timing violations
============================================================
Target clock period: 4.000ns, clock uncertainty: 1.080ns.

 <State 1>: 1.482ns
The critical path consists of the following:
	'store' operation 0 bit ('store_ln135', ../pageRankReduce/pageRank.cpp:135) of constant 0 on local variable 'i', ../pageRankReduce/pageRank.cpp:135 [4]  (0.387 ns)
	'load' operation 4 bit ('i', ../pageRankReduce/pageRank.cpp:135) on local variable 'i', ../pageRankReduce/pageRank.cpp:135 [7]  (0.000 ns)
	'icmp' operation 1 bit ('icmp_ln135', ../pageRankReduce/pageRank.cpp:135) [8]  (0.708 ns)
	'store' operation 0 bit ('store_ln135', ../pageRankReduce/pageRank.cpp:135) of variable 'i', ../pageRankReduce/pageRank.cpp:135 on local variable 'i', ../pageRankReduce/pageRank.cpp:135 [16]  (0.387 ns)

 <State 2>: 1.140ns
The critical path consists of the following:
	fifo write operation ('write_ln137', ../pageRankReduce/pageRank.cpp:137) on port 'adder_in_feed_0' (../pageRankReduce/pageRank.cpp:137) [15]  (1.140 ns)


============================================================
+ Verbose Summary: Binding
============================================================
N/A
* FSMD analyzer results:
  - Output states:
 - Input state : 
  - Chain level:
	State 1
	State 2


============================================================
+ Verbose Summary: Datapath Resource usage 
============================================================
N/A
