

================================================================
== Vitis HLS Report for 'readVertex'
================================================================
* Date:           Wed Apr  1 19:51:40 2026

* Version:        2025.1 (Build 6135595 on May 21 2025)
* Project:        vertex_map
* Solution:       hls (Vivado IP Flow Target)
* Product family: virtexuplusHBM
* Target device:  xcu55c-fsvh2892-2LV-e


================================================================
== Performance Estimates
================================================================
+ Timing: 
    * Summary: 
    +--------+---------+----------+------------+
    |  Clock |  Target | Estimated| Uncertainty|
    +--------+---------+----------+------------+
    |ap_clk  |  4.00 ns|  2.920 ns|     1.08 ns|
    +--------+---------+----------+------------+

+ Latency: 
    * Summary: 
    +---------+---------+----------+----------+-----+-----+---------+
    |  Latency (cycles) |  Latency (absolute) |  Interval | Pipeline|
    |   min   |   max   |    min   |    max   | min | max |   Type  |
    +---------+---------+----------+----------+-----+-----+---------+
    |        ?|        ?|         ?|         ?|    ?|    ?|       no|
    +---------+---------+----------+----------+-----+-----+---------+

    + Detail: 
        * Instance: 
        +-----------------------------------------------+-------------------------------------+---------+---------+----------+----------+-----+-----+------------------------------------------------+
        |                                               |                                     |  Latency (cycles) |  Latency (absolute) |  Interval |                    Pipeline                    |
        |                    Instance                   |                Module               |   min   |   max   |    min   |    max   | min | max |                      Type                      |
        +-----------------------------------------------+-------------------------------------+---------+---------+----------+----------+-----+-----+------------------------------------------------+
        |grp_readVertex_Pipeline_VITIS_LOOP_94_1_fu_98  |readVertex_Pipeline_VITIS_LOOP_94_1  |        ?|        ?|         ?|         ?|    0|    0|  loop auto-rewind stp (delay=0 clock cycles(s))|
        +-----------------------------------------------+-------------------------------------+---------+---------+----------+----------+-----+-----+------------------------------------------------+

        * Loop: 
        N/A

============================================================
+ Verbose Summary: Synthesis Manager
============================================================
InlineROM: 1
ExposeGlobal: 0
============================================================
+ Verbose Summary: CDFG Model
============================================================
IsTopModel: 0
ResetActiveHigh: 1
IsCombinational: 2
IsDatapathOnly: 0
HasWiredReturn: 1
HasMFsm: 0
HasVarLatency: 1
IsPipeline: 0
IsRtlPipelined: 0
IsInstanceOverlapped: 0
IsDontTouch: 0
HasImplIP: 0
IsGatedGlobalClock: 0


============================================================
+ Verbose Summary: Schedule
============================================================
* Number of FSM states : 2
* Pipeline : 0
* Dataflow Pipeline: 0

* FSM state transitions: 
1 --> 2 
2 --> 

* FSM state operations: 

State 1 <SV = 0> <Delay = 2.69>
ST_1 : Operation 3 [1/1] (0.00ns)   --->   "%mem1_read = read i64 @_ssdm_op_Read.ap_auto.i64, i64 %mem1" [../pageRankReduce/pageRank.cpp:79]   --->   Operation 3 'read' 'mem1_read' <Predicate = true> <Delay = 0.00>
ST_1 : Operation 4 [1/1] (0.00ns)   --->   "%mem0_read = read i64 @_ssdm_op_Read.ap_auto.i64, i64 %mem0" [../pageRankReduce/pageRank.cpp:79]   --->   Operation 4 'read' 'mem0_read' <Predicate = true> <Delay = 0.00>
ST_1 : Operation 5 [1/1] ( I:1.37ns O:1.37ns )   --->   "%v_neighbours = read i64 @_ssdm_op_Read.ap_fifo.volatile.i64P0A, i64 %v_neighbours_stream" [../pageRankReduce/pageRank.cpp:89]   --->   Operation 5 'read' 'v_neighbours' <Predicate = true> <Delay = 1.37> <CoreInst = "FIFO_SRL">   --->   Core 80 'FIFO_SRL' <Latency = 0> <II = 1> <Delay = 1.37> <Storage> <Opcode : 'read' 'write' 'nbread' 'nbwrite'> <Ports = 0> <Width = 64> <Depth = 9> <FIFO>
ST_1 : Operation 6 [1/1] ( I:1.43ns O:1.43ns )   --->   "%v_size = read i32 @_ssdm_op_Read.ap_fifo.volatile.i32P0A, i32 %v_size_0" [../pageRankReduce/pageRank.cpp:90]   --->   Operation 6 'read' 'v_size' <Predicate = true> <Delay = 1.43> <CoreInst = "FIFO_SRL">   --->   Core 80 'FIFO_SRL' <Latency = 0> <II = 1> <Delay = 1.43> <Storage> <Opcode : 'read' 'write' 'nbread' 'nbwrite'> <Ports = 0> <Width = 32> <Depth = 9> <FIFO>
ST_1 : Operation 7 [1/1] ( I:1.37ns O:1.37ns )   --->   "%adj_list = read i64 @_ssdm_op_Read.ap_fifo.volatile.i64P0A, i64 %adj_lists" [../pageRankReduce/pageRank.cpp:91]   --->   Operation 7 'read' 'adj_list' <Predicate = true> <Delay = 1.37> <CoreInst = "FIFO_SRL">   --->   Core 80 'FIFO_SRL' <Latency = 0> <II = 1> <Delay = 1.37> <Storage> <Opcode : 'read' 'write' 'nbread' 'nbwrite'> <Ports = 0> <Width = 64> <Depth = 9> <FIFO>
ST_1 : Operation 8 [1/1] ( I:1.37ns O:1.37ns )   --->   "%Pcurr = read i64 @_ssdm_op_Read.ap_fifo.volatile.i64P0A, i64 %Pcurrs" [../pageRankReduce/pageRank.cpp:92]   --->   Operation 8 'read' 'Pcurr' <Predicate = true> <Delay = 1.37> <CoreInst = "FIFO_SRL">   --->   Core 80 'FIFO_SRL' <Latency = 0> <II = 1> <Delay = 1.37> <Storage> <Opcode : 'read' 'write' 'nbread' 'nbwrite'> <Ports = 0> <Width = 64> <Depth = 9> <FIFO>
ST_1 : Operation 9 [1/1] (0.00ns)   --->   "%fence_ln94 = fence void @_ssdm_op_Fence, i64 %v_neighbours_stream, i32 %v_size_0, i64 %adj_lists, i64 %Pcurrs, i32 4294967295, i32 %adder_in_feed_1, i32 0" [../pageRankReduce/pageRank.cpp:94]   --->   Operation 9 'fence' 'fence_ln94' <Predicate = true> <Delay = 0.00>
ST_1 : Operation 10 [2/2] (1.26ns)   --->   "%call_ln90 = call void @readVertex_Pipeline_VITIS_LOOP_94_1, i32 %v_size, i64 %mem0_read, i64 %v_neighbours, i64 %gmem_CHN_1, i64 %adj_list, i64 %mem1_read, i64 %Pcurr, i64 %gmem_CHN_2, i32 %adder_in_feed_1" [../pageRankReduce/pageRank.cpp:90]   --->   Operation 10 'call' 'call_ln90' <Predicate = true> <Delay = 1.26> <CoreType = "Generic">   --->   Generic Core

State 2 <SV = 1> <Delay = 0.00>
ST_2 : Operation 11 [1/1] (0.00ns)   --->   "%specmaxicache_ln0 = specmaxicache void @_ssdm_op_SpecMAXICache, i64 %gmem_CHN_1, i64 2, i64 4, i64 1, i64 0, i64 0, i64 0, void @empty_16"   --->   Operation 11 'specmaxicache' 'specmaxicache_ln0' <Predicate = true> <Delay = 0.00>
ST_2 : Operation 12 [1/1] (0.00ns)   --->   "%specmaxicache_ln0 = specmaxicache void @_ssdm_op_SpecMAXICache, i64 %gmem_CHN_2, i64 2, i64 4, i64 1, i64 0, i64 0, i64 0, void @empty_16"   --->   Operation 12 'specmaxicache' 'specmaxicache_ln0' <Predicate = true> <Delay = 0.00>
ST_2 : Operation 13 [1/1] (0.00ns)   --->   "%specinterface_ln0 = specinterface void @_ssdm_op_SpecInterface, i64 %v_neighbours_stream, void @empty_4, i32 0, i32 0, void @empty_16, i32 0, i32 0, void @empty_16, void @empty_16, void @empty_16, i32 0, i32 0, i32 0, i32 0, void @empty_16, void @empty_16, i32 4294967295, i32 0, i32 0"   --->   Operation 13 'specinterface' 'specinterface_ln0' <Predicate = true> <Delay = 0.00>
ST_2 : Operation 14 [1/1] (0.00ns)   --->   "%specinterface_ln0 = specinterface void @_ssdm_op_SpecInterface, i64 %adj_lists, void @empty_4, i32 0, i32 0, void @empty_16, i32 0, i32 0, void @empty_16, void @empty_16, void @empty_16, i32 0, i32 0, i32 0, i32 0, void @empty_16, void @empty_16, i32 4294967295, i32 0, i32 0"   --->   Operation 14 'specinterface' 'specinterface_ln0' <Predicate = true> <Delay = 0.00>
ST_2 : Operation 15 [1/1] (0.00ns)   --->   "%specinterface_ln0 = specinterface void @_ssdm_op_SpecInterface, i64 %Pcurrs, void @empty_4, i32 0, i32 0, void @empty_16, i32 0, i32 0, void @empty_16, void @empty_16, void @empty_16, i32 0, i32 0, i32 0, i32 0, void @empty_16, void @empty_16, i32 4294967295, i32 0, i32 0"   --->   Operation 15 'specinterface' 'specinterface_ln0' <Predicate = true> <Delay = 0.00>
ST_2 : Operation 16 [1/1] (0.00ns)   --->   "%specinterface_ln0 = specinterface void @_ssdm_op_SpecInterface, i32 %v_size_0, void @empty_4, i32 0, i32 0, void @empty_16, i32 0, i32 0, void @empty_16, void @empty_16, void @empty_16, i32 0, i32 0, i32 0, i32 0, void @empty_16, void @empty_16, i32 4294967295, i32 0, i32 0"   --->   Operation 16 'specinterface' 'specinterface_ln0' <Predicate = true> <Delay = 0.00>
ST_2 : Operation 17 [1/1] (0.00ns)   --->   "%specinterface_ln0 = specinterface void @_ssdm_op_SpecInterface, i32 %adder_in_feed_1, void @empty_4, i32 0, i32 0, void @empty_16, i32 0, i32 0, void @empty_16, void @empty_16, void @empty_16, i32 0, i32 0, i32 0, i32 0, void @empty_16, void @empty_16, i32 4294967295, i32 0, i32 0"   --->   Operation 17 'specinterface' 'specinterface_ln0' <Predicate = true> <Delay = 0.00>
ST_2 : Operation 18 [1/1] (0.00ns)   --->   "%specinterface_ln0 = specinterface void @_ssdm_op_SpecInterface, i64 %gmem_CHN_2, void @empty_17, i32 0, i32 0, void @empty_16, i32 64, i32 0, void @empty_15, void @empty_14, void @empty_16, i32 64, i32 1, i32 16, i32 16, void @empty_16, void @empty_16, i32 4294967295, i32 0, i32 2"   --->   Operation 18 'specinterface' 'specinterface_ln0' <Predicate = true> <Delay = 0.00>
ST_2 : Operation 19 [1/1] (0.00ns)   --->   "%specinterface_ln0 = specinterface void @_ssdm_op_SpecInterface, i64 %gmem_CHN_1, void @empty_17, i32 0, i32 0, void @empty_16, i32 64, i32 0, void @empty_15, void @empty_14, void @empty_16, i32 64, i32 1, i32 16, i32 16, void @empty_16, void @empty_16, i32 4294967295, i32 0, i32 1"   --->   Operation 19 'specinterface' 'specinterface_ln0' <Predicate = true> <Delay = 0.00>
ST_2 : Operation 20 [1/2] (0.00ns)   --->   "%call_ln90 = call void @readVertex_Pipeline_VITIS_LOOP_94_1, i32 %v_size, i64 %mem0_read, i64 %v_neighbours, i64 %gmem_CHN_1, i64 %adj_list, i64 %mem1_read, i64 %Pcurr, i64 %gmem_CHN_2, i32 %adder_in_feed_1" [../pageRankReduce/pageRank.cpp:90]   --->   Operation 20 'call' 'call_ln90' <Predicate = true> <Delay = 0.00> <CoreType = "Generic">   --->   Generic Core
ST_2 : Operation 21 [1/1] (0.00ns)   --->   "%ret_ln105 = ret" [../pageRankReduce/pageRank.cpp:105]   --->   Operation 21 'ret' 'ret_ln105' <Predicate = true> <Delay = 0.00>


============================================================
+ Verbose Summary: Binding
============================================================
STG Binding: 
---------------- STG Properties BEGIN ----------------
- Is combinational: 0
- Is one-state seq: 0
- Is datapath-only: 0
- Is pipelined: 0
- Is top level: 0
Port [ Return ] is wired: 1; IO mode=ap_ctrl_hs:ce=0
Port [ gmem_CHN_1]:  wired=1; compound=1; hidden=0; nouse=0; global=0; static=0; extern=0; dir=0; type=4; pingpong=0; private_global=0; IO mode=m_axi:ce=0
Port [ mem0]:  wired=1; compound=0; hidden=0; nouse=0; global=0; static=0; extern=0; dir=0; type=0; pingpong=0; private_global=0; IO mode=ap_none:ce=0
Port [ gmem_CHN_2]:  wired=1; compound=1; hidden=0; nouse=0; global=0; static=0; extern=0; dir=0; type=4; pingpong=0; private_global=0; IO mode=m_axi:ce=0
Port [ mem1]:  wired=1; compound=0; hidden=0; nouse=0; global=0; static=0; extern=0; dir=0; type=0; pingpong=0; private_global=0; IO mode=ap_none:ce=0
Port [ v_neighbours_stream]:  wired=1; compound=1; hidden=0; nouse=0; global=0; static=0; extern=0; dir=0; type=3; pingpong=0; private_global=0; IO mode=ap_fifo:ce=0
Port [ v_size_0]:  wired=1; compound=1; hidden=0; nouse=0; global=0; static=0; extern=0; dir=0; type=3; pingpong=0; private_global=0; IO mode=ap_fifo:ce=0
Port [ adj_lists]:  wired=1; compound=1; hidden=0; nouse=0; global=0; static=0; extern=0; dir=0; type=3; pingpong=0; private_global=0; IO mode=ap_fifo:ce=0
Port [ Pcurrs]:  wired=1; compound=1; hidden=0; nouse=0; global=0; static=0; extern=0; dir=0; type=3; pingpong=0; private_global=0; IO mode=ap_fifo:ce=0
Port [ adder_in_feed_1]:  wired=1; compound=1; hidden=0; nouse=0; global=0; static=0; extern=0; dir=1; type=3; pingpong=0; private_global=0; IO mode=ap_fifo:ce=0
---------------- STG Properties END ------------------

---------------- Datapath Model BEGIN ----------------

<LifeTime>
<method=bitvector/>
mem1_read         (read         ) [ 001]
mem0_read         (read         ) [ 001]
v_neighbours      (read         ) [ 001]
v_size            (read         ) [ 001]
adj_list          (read         ) [ 001]
Pcurr             (read         ) [ 001]
fence_ln94        (fence        ) [ 000]
specmaxicache_ln0 (specmaxicache) [ 000]
specmaxicache_ln0 (specmaxicache) [ 000]
specinterface_ln0 (specinterface) [ 000]
specinterface_ln0 (specinterface) [ 000]
specinterface_ln0 (specinterface) [ 000]
specinterface_ln0 (specinterface) [ 000]
specinterface_ln0 (specinterface) [ 000]
specinterface_ln0 (specinterface) [ 000]
specinterface_ln0 (specinterface) [ 000]
call_ln90         (call         ) [ 000]
ret_ln105         (ret          ) [ 000]
</LifeTime>

<model>

<comp_list>
<comp id="0" class="1000" name="gmem_CHN_1">
<pin_list>
<pin id="1" dir="1" index="0" bw="1" slack="0"/>
</pin_list>
<bind>
<StgValue><ssdm name="gmem_CHN_1"/><MemPortTyVec>0 </MemPortTyVec>
</StgValue>
</bind>
</comp>

<comp id="2" class="1000" name="mem0">
<pin_list>
<pin id="3" dir="1" index="0" bw="1" slack="0"/>
</pin_list>
<bind>
<StgValue><ssdm name="mem0"/></StgValue>
</bind>
</comp>

<comp id="4" class="1000" name="gmem_CHN_2">
<pin_list>
<pin id="5" dir="1" index="0" bw="1" slack="0"/>
</pin_list>
<bind>
<StgValue><ssdm name="gmem_CHN_2"/><MemPortTyVec>0 </MemPortTyVec>
</StgValue>
</bind>
</comp>

<comp id="6" class="1000" name="mem1">
<pin_list>
<pin id="7" dir="1" index="0" bw="1" slack="0"/>
</pin_list>
<bind>
<StgValue><ssdm name="mem1"/></StgValue>
</bind>
</comp>

<comp id="8" class="1000" name="v_neighbours_stream">
<pin_list>
<pin id="9" dir="1" index="0" bw="1" slack="0"/>
</pin_list>
<bind>
<StgValue><ssdm name="v_neighbours_stream"/></StgValue>
</bind>
</comp>

<comp id="10" class="1000" name="v_size_0">
<pin_list>
<pin id="11" dir="1" index="0" bw="1" slack="0"/>
</pin_list>
<bind>
<StgValue><ssdm name="v_size_0"/></StgValue>
</bind>
</comp>

<comp id="12" class="1000" name="adj_lists">
<pin_list>
<pin id="13" dir="1" index="0" bw="1" slack="0"/>
</pin_list>
<bind>
<StgValue><ssdm name="adj_lists"/></StgValue>
</bind>
</comp>

<comp id="14" class="1000" name="Pcurrs">
<pin_list>
<pin id="15" dir="1" index="0" bw="1" slack="0"/>
</pin_list>
<bind>
<StgValue><ssdm name="Pcurrs"/></StgValue>
</bind>
</comp>

<comp id="16" class="1000" name="adder_in_feed_1">
<pin_list>
<pin id="17" dir="1" index="0" bw="1" slack="0"/>
</pin_list>
<bind>
<StgValue><ssdm name="adder_in_feed_1"/></StgValue>
</bind>
</comp>

<comp id="18" class="1001" name="const_18">
<pin_list>
<pin id="19" dir="1" index="0" bw="1" slack="0"/>
</pin_list>
<bind>
<StgValue><ssdm name="_ssdm_op_Read.ap_auto.i64"/></StgValue>
</bind>
</comp>

<comp id="20" class="1001" name="const_20">
<pin_list>
<pin id="21" dir="1" index="0" bw="1" slack="0"/>
</pin_list>
<bind>
<StgValue><ssdm name="_ssdm_op_Read.ap_fifo.volatile.i64P0A"/></StgValue>
</bind>
</comp>

<comp id="22" class="1001" name="const_22">
<pin_list>
<pin id="23" dir="1" index="0" bw="1" slack="0"/>
</pin_list>
<bind>
<StgValue><ssdm name="_ssdm_op_Read.ap_fifo.volatile.i32P0A"/></StgValue>
</bind>
</comp>

<comp id="24" class="1001" name="const_24">
<pin_list>
<pin id="25" dir="1" index="0" bw="1" slack="0"/>
</pin_list>
<bind>
<StgValue><ssdm name="_ssdm_op_Fence"/></StgValue>
</bind>
</comp>

<comp id="26" class="1001" name="const_26">
<pin_list>
<pin id="27" dir="1" index="0" bw="1" slack="0"/>
</pin_list>
<bind>
<StgValue><ssdm name=""/></StgValue>
</bind>
</comp>

<comp id="28" class="1001" name="const_28">
<pin_list>
<pin id="29" dir="1" index="0" bw="1" slack="0"/>
</pin_list>
<bind>
<StgValue><ssdm name=""/></StgValue>
</bind>
</comp>

<comp id="30" class="1001" name="const_30">
<pin_list>
<pin id="31" dir="1" index="0" bw="1" slack="0"/>
</pin_list>
<bind>
<StgValue><ssdm name="readVertex_Pipeline_VITIS_LOOP_94_1"/></StgValue>
</bind>
</comp>

<comp id="32" class="1001" name="const_32">
<pin_list>
<pin id="33" dir="1" index="0" bw="1" slack="2147483647"/>
</pin_list>
<bind>
<StgValue><ssdm name="_ssdm_op_SpecMAXICache"/></StgValue>
</bind>
</comp>

<comp id="34" class="1001" name="const_34">
<pin_list>
<pin id="35" dir="1" index="0" bw="1" slack="2147483647"/>
</pin_list>
<bind>
<StgValue><ssdm name=""/></StgValue>
</bind>
</comp>

<comp id="36" class="1001" name="const_36">
<pin_list>
<pin id="37" dir="1" index="0" bw="1" slack="2147483647"/>
</pin_list>
<bind>
<StgValue><ssdm name=""/></StgValue>
</bind>
</comp>

<comp id="38" class="1001" name="const_38">
<pin_list>
<pin id="39" dir="1" index="0" bw="1" slack="2147483647"/>
</pin_list>
<bind>
<StgValue><ssdm name=""/></StgValue>
</bind>
</comp>

<comp id="40" class="1001" name="const_40">
<pin_list>
<pin id="41" dir="1" index="0" bw="1" slack="2147483647"/>
</pin_list>
<bind>
<StgValue><ssdm name=""/></StgValue>
</bind>
</comp>

<comp id="42" class="1001" name="const_42">
<pin_list>
<pin id="43" dir="1" index="0" bw="1" slack="2147483647"/>
</pin_list>
<bind>
<StgValue><ssdm name="empty_16"/></StgValue>
</bind>
</comp>

<comp id="44" class="1001" name="const_44">
<pin_list>
<pin id="45" dir="1" index="0" bw="1" slack="2147483647"/>
</pin_list>
<bind>
<StgValue><ssdm name="_ssdm_op_SpecInterface"/></StgValue>
</bind>
</comp>

<comp id="46" class="1001" name="const_46">
<pin_list>
<pin id="47" dir="1" index="0" bw="1" slack="2147483647"/>
</pin_list>
<bind>
<StgValue><ssdm name="empty_4"/></StgValue>
</bind>
</comp>

<comp id="48" class="1001" name="const_48">
<pin_list>
<pin id="49" dir="1" index="0" bw="1" slack="2147483647"/>
</pin_list>
<bind>
<StgValue><ssdm name="empty_17"/></StgValue>
</bind>
</comp>

<comp id="50" class="1001" name="const_50">
<pin_list>
<pin id="51" dir="1" index="0" bw="1" slack="2147483647"/>
</pin_list>
<bind>
<StgValue><ssdm name=""/></StgValue>
</bind>
</comp>

<comp id="52" class="1001" name="const_52">
<pin_list>
<pin id="53" dir="1" index="0" bw="1" slack="2147483647"/>
</pin_list>
<bind>
<StgValue><ssdm name="empty_15"/></StgValue>
</bind>
</comp>

<comp id="54" class="1001" name="const_54">
<pin_list>
<pin id="55" dir="1" index="0" bw="1" slack="2147483647"/>
</pin_list>
<bind>
<StgValue><ssdm name="empty_14"/></StgValue>
</bind>
</comp>

<comp id="56" class="1001" name="const_56">
<pin_list>
<pin id="57" dir="1" index="0" bw="1" slack="2147483647"/>
</pin_list>
<bind>
<StgValue><ssdm name=""/></StgValue>
</bind>
</comp>

<comp id="58" class="1001" name="const_58">
<pin_list>
<pin id="59" dir="1" index="0" bw="1" slack="2147483647"/>
</pin_list>
<bind>
<StgValue><ssdm name=""/></StgValue>
</bind>
</comp>

<comp id="60" class="1001" name="const_60">
<pin_list>
<pin id="61" dir="1" index="0" bw="1" slack="2147483647"/>
</pin_list>
<bind>
<StgValue><ssdm name=""/></StgValue>
</bind>
</comp>

<comp id="62" class="1004" name="mem1_read_read_fu_62">
<pin_list>
<pin id="63" dir="0" index="0" bw="64" slack="0"/>
<pin id="64" dir="0" index="1" bw="64" slack="0"/>
<pin id="65" dir="1" index="2" bw="64" slack="0"/>
</pin_list>
<bind>
<opcode="read(1150) " fcode="read"/>
<opset="mem1_read/1 "/>
</bind>
</comp>

<comp id="68" class="1004" name="mem0_read_read_fu_68">
<pin_list>
<pin id="69" dir="0" index="0" bw="64" slack="0"/>
<pin id="70" dir="0" index="1" bw="64" slack="0"/>
<pin id="71" dir="1" index="2" bw="64" slack="0"/>
</pin_list>
<bind>
<opcode="read(1150) " fcode="read"/>
<opset="mem0_read/1 "/>
</bind>
</comp>

<comp id="74" class="1004" name="v_neighbours_read_fu_74">
<pin_list>
<pin id="75" dir="0" index="0" bw="64" slack="0"/>
<pin id="76" dir="0" index="1" bw="64" slack="0"/>
<pin id="77" dir="1" index="2" bw="64" slack="0"/>
</pin_list>
<bind>
<opcode="read(1150) " fcode="read"/>
<opset="v_neighbours/1 "/>
</bind>
</comp>

<comp id="80" class="1004" name="v_size_read_fu_80">
<pin_list>
<pin id="81" dir="0" index="0" bw="32" slack="0"/>
<pin id="82" dir="0" index="1" bw="32" slack="0"/>
<pin id="83" dir="1" index="2" bw="32" slack="0"/>
</pin_list>
<bind>
<opcode="read(1150) " fcode="read"/>
<opset="v_size/1 "/>
</bind>
</comp>

<comp id="86" class="1004" name="adj_list_read_fu_86">
<pin_list>
<pin id="87" dir="0" index="0" bw="64" slack="0"/>
<pin id="88" dir="0" index="1" bw="64" slack="0"/>
<pin id="89" dir="1" index="2" bw="64" slack="0"/>
</pin_list>
<bind>
<opcode="read(1150) " fcode="read"/>
<opset="adj_list/1 "/>
</bind>
</comp>

<comp id="92" class="1004" name="Pcurr_read_fu_92">
<pin_list>
<pin id="93" dir="0" index="0" bw="64" slack="0"/>
<pin id="94" dir="0" index="1" bw="64" slack="0"/>
<pin id="95" dir="1" index="2" bw="64" slack="0"/>
</pin_list>
<bind>
<opcode="read(1150) " fcode="read"/>
<opset="Pcurr/1 "/>
</bind>
</comp>

<comp id="98" class="1004" name="grp_readVertex_Pipeline_VITIS_LOOP_94_1_fu_98">
<pin_list>
<pin id="99" dir="0" index="0" bw="0" slack="0"/>
<pin id="100" dir="0" index="1" bw="32" slack="0"/>
<pin id="101" dir="0" index="2" bw="64" slack="0"/>
<pin id="102" dir="0" index="3" bw="64" slack="0"/>
<pin id="103" dir="0" index="4" bw="64" slack="0"/>
<pin id="104" dir="0" index="5" bw="64" slack="0"/>
<pin id="105" dir="0" index="6" bw="64" slack="0"/>
<pin id="106" dir="0" index="7" bw="64" slack="0"/>
<pin id="107" dir="0" index="8" bw="64" slack="0"/>
<pin id="108" dir="0" index="9" bw="32" slack="0"/>
<pin id="109" dir="1" index="10" bw="0" slack="2147483647"/>
</pin_list>
<bind>
<opcode="call(48) " fcode="call"/>
<opset="call_ln90/1 "/>
</bind>
</comp>

<comp id="120" class="1004" name="fence_ln94_fu_120">
<pin_list>
<pin id="121" dir="0" index="0" bw="0" slack="0"/>
<pin id="122" dir="0" index="1" bw="64" slack="0"/>
<pin id="123" dir="0" index="2" bw="32" slack="0"/>
<pin id="124" dir="0" index="3" bw="64" slack="0"/>
<pin id="125" dir="0" index="4" bw="64" slack="0"/>
<pin id="126" dir="0" index="5" bw="1" slack="0"/>
<pin id="127" dir="0" index="6" bw="32" slack="0"/>
<pin id="128" dir="0" index="7" bw="1" slack="0"/>
<pin id="129" dir="1" index="8" bw="0" slack="2147483647"/>
</pin_list>
<bind>
<opcode="fence(30) " fcode="fence"/>
<opset="fence_ln94/1 "/>
</bind>
</comp>

<comp id="138" class="1005" name="mem1_read_reg_138">
<pin_list>
<pin id="139" dir="0" index="0" bw="64" slack="1"/>
<pin id="140" dir="1" index="1" bw="64" slack="1"/>
</pin_list>
<bind>
<opset="mem1_read "/>
</bind>
</comp>

<comp id="143" class="1005" name="mem0_read_reg_143">
<pin_list>
<pin id="144" dir="0" index="0" bw="64" slack="1"/>
<pin id="145" dir="1" index="1" bw="64" slack="1"/>
</pin_list>
<bind>
<opset="mem0_read "/>
</bind>
</comp>

<comp id="148" class="1005" name="v_neighbours_reg_148">
<pin_list>
<pin id="149" dir="0" index="0" bw="64" slack="1"/>
<pin id="150" dir="1" index="1" bw="64" slack="1"/>
</pin_list>
<bind>
<opset="v_neighbours "/>
</bind>
</comp>

<comp id="153" class="1005" name="v_size_reg_153">
<pin_list>
<pin id="154" dir="0" index="0" bw="32" slack="1"/>
<pin id="155" dir="1" index="1" bw="32" slack="1"/>
</pin_list>
<bind>
<opset="v_size "/>
</bind>
</comp>

<comp id="158" class="1005" name="adj_list_reg_158">
<pin_list>
<pin id="159" dir="0" index="0" bw="64" slack="1"/>
<pin id="160" dir="1" index="1" bw="64" slack="1"/>
</pin_list>
<bind>
<opset="adj_list "/>
</bind>
</comp>

<comp id="163" class="1005" name="Pcurr_reg_163">
<pin_list>
<pin id="164" dir="0" index="0" bw="64" slack="1"/>
<pin id="165" dir="1" index="1" bw="64" slack="1"/>
</pin_list>
<bind>
<opset="Pcurr "/>
</bind>
</comp>

</comp_list>

<net_list>
<net id="66"><net_src comp="18" pin="0"/><net_sink comp="62" pin=0"/></net>

<net id="67"><net_src comp="6" pin="0"/><net_sink comp="62" pin=1"/></net>

<net id="72"><net_src comp="18" pin="0"/><net_sink comp="68" pin=0"/></net>

<net id="73"><net_src comp="2" pin="0"/><net_sink comp="68" pin=1"/></net>

<net id="78"><net_src comp="20" pin="0"/><net_sink comp="74" pin=0"/></net>

<net id="79"><net_src comp="8" pin="0"/><net_sink comp="74" pin=1"/></net>

<net id="84"><net_src comp="22" pin="0"/><net_sink comp="80" pin=0"/></net>

<net id="85"><net_src comp="10" pin="0"/><net_sink comp="80" pin=1"/></net>

<net id="90"><net_src comp="20" pin="0"/><net_sink comp="86" pin=0"/></net>

<net id="91"><net_src comp="12" pin="0"/><net_sink comp="86" pin=1"/></net>

<net id="96"><net_src comp="20" pin="0"/><net_sink comp="92" pin=0"/></net>

<net id="97"><net_src comp="14" pin="0"/><net_sink comp="92" pin=1"/></net>

<net id="110"><net_src comp="30" pin="0"/><net_sink comp="98" pin=0"/></net>

<net id="111"><net_src comp="80" pin="2"/><net_sink comp="98" pin=1"/></net>

<net id="112"><net_src comp="68" pin="2"/><net_sink comp="98" pin=2"/></net>

<net id="113"><net_src comp="74" pin="2"/><net_sink comp="98" pin=3"/></net>

<net id="114"><net_src comp="0" pin="0"/><net_sink comp="98" pin=4"/></net>

<net id="115"><net_src comp="86" pin="2"/><net_sink comp="98" pin=5"/></net>

<net id="116"><net_src comp="62" pin="2"/><net_sink comp="98" pin=6"/></net>

<net id="117"><net_src comp="92" pin="2"/><net_sink comp="98" pin=7"/></net>

<net id="118"><net_src comp="4" pin="0"/><net_sink comp="98" pin=8"/></net>

<net id="119"><net_src comp="16" pin="0"/><net_sink comp="98" pin=9"/></net>

<net id="130"><net_src comp="24" pin="0"/><net_sink comp="120" pin=0"/></net>

<net id="131"><net_src comp="8" pin="0"/><net_sink comp="120" pin=1"/></net>

<net id="132"><net_src comp="10" pin="0"/><net_sink comp="120" pin=2"/></net>

<net id="133"><net_src comp="12" pin="0"/><net_sink comp="120" pin=3"/></net>

<net id="134"><net_src comp="14" pin="0"/><net_sink comp="120" pin=4"/></net>

<net id="135"><net_src comp="26" pin="0"/><net_sink comp="120" pin=5"/></net>

<net id="136"><net_src comp="16" pin="0"/><net_sink comp="120" pin=6"/></net>

<net id="137"><net_src comp="28" pin="0"/><net_sink comp="120" pin=7"/></net>

<net id="141"><net_src comp="62" pin="2"/><net_sink comp="138" pin=0"/></net>

<net id="142"><net_src comp="138" pin="1"/><net_sink comp="98" pin=6"/></net>

<net id="146"><net_src comp="68" pin="2"/><net_sink comp="143" pin=0"/></net>

<net id="147"><net_src comp="143" pin="1"/><net_sink comp="98" pin=2"/></net>

<net id="151"><net_src comp="74" pin="2"/><net_sink comp="148" pin=0"/></net>

<net id="152"><net_src comp="148" pin="1"/><net_sink comp="98" pin=3"/></net>

<net id="156"><net_src comp="80" pin="2"/><net_sink comp="153" pin=0"/></net>

<net id="157"><net_src comp="153" pin="1"/><net_sink comp="98" pin=1"/></net>

<net id="161"><net_src comp="86" pin="2"/><net_sink comp="158" pin=0"/></net>

<net id="162"><net_src comp="158" pin="1"/><net_sink comp="98" pin=5"/></net>

<net id="166"><net_src comp="92" pin="2"/><net_sink comp="163" pin=0"/></net>

<net id="167"><net_src comp="163" pin="1"/><net_sink comp="98" pin=7"/></net>

</net_list>

</model> 
---------------- Datapath Model END ------------------

* FSMD analyzer results:
  - Output states:
	Port: adder_in_feed_1 | {1 2 }
 - Input state : 
	Port: readVertex : gmem_CHN_1 | {1 2 }
	Port: readVertex : mem0 | {1 }
	Port: readVertex : gmem_CHN_2 | {1 2 }
	Port: readVertex : mem1 | {1 }
	Port: readVertex : v_neighbours_stream | {1 }
	Port: readVertex : v_size_0 | {1 }
	Port: readVertex : adj_lists | {1 }
	Port: readVertex : Pcurrs | {1 }
  - Chain level:
	State 1
	State 2


============================================================
+ Verbose Summary: Datapath Resource usage 
============================================================

* Functional unit list:
|----------|-----------------------------------------------|---------|---------|---------|
| Operation|                Functional Unit                |  Delay  |    FF   |   LUT   |
|----------|-----------------------------------------------|---------|---------|---------|
|   call   | grp_readVertex_Pipeline_VITIS_LOOP_94_1_fu_98 | 1.61371 |   958   |   873   |
|----------|-----------------------------------------------|---------|---------|---------|
|          |              mem1_read_read_fu_62             |    0    |    0    |    0    |
|          |              mem0_read_read_fu_68             |    0    |    0    |    0    |
|   read   |            v_neighbours_read_fu_74            |    0    |    0    |    0    |
|          |               v_size_read_fu_80               |    0    |    0    |    0    |
|          |              adj_list_read_fu_86              |    0    |    0    |    0    |
|          |                Pcurr_read_fu_92               |    0    |    0    |    0    |
|----------|-----------------------------------------------|---------|---------|---------|
|   fence  |               fence_ln94_fu_120               |    0    |    0    |    0    |
|----------|-----------------------------------------------|---------|---------|---------|
|   Total  |                                               | 1.61371 |   958   |   873   |
|----------|-----------------------------------------------|---------|---------|---------|

Memories:
N/A

* Register list:
+--------------------+--------+
|                    |   FF   |
+--------------------+--------+
|    Pcurr_reg_163   |   64   |
|  adj_list_reg_158  |   64   |
|  mem0_read_reg_143 |   64   |
|  mem1_read_reg_138 |   64   |
|v_neighbours_reg_148|   64   |
|   v_size_reg_153   |   32   |
+--------------------+--------+
|        Total       |   352  |
+--------------------+--------+

* Multiplexer (MUX) list: 
|-----------------------------------------------|------|------|------|--------||---------||---------||---------|
|                      Comp                     |  Pin | Size |  BW  | S x BW ||  Delay  ||    FF   ||   LUT   |
|-----------------------------------------------|------|------|------|--------||---------||---------||---------|
| grp_readVertex_Pipeline_VITIS_LOOP_94_1_fu_98 |  p1  |   2  |  32  |   64   ||    0    ||    9    |
| grp_readVertex_Pipeline_VITIS_LOOP_94_1_fu_98 |  p2  |   2  |  64  |   128  ||    0    ||    9    |
| grp_readVertex_Pipeline_VITIS_LOOP_94_1_fu_98 |  p3  |   2  |  64  |   128  ||    0    ||    9    |
| grp_readVertex_Pipeline_VITIS_LOOP_94_1_fu_98 |  p5  |   2  |  64  |   128  ||    0    ||    9    |
| grp_readVertex_Pipeline_VITIS_LOOP_94_1_fu_98 |  p6  |   2  |  64  |   128  ||    0    ||    9    |
| grp_readVertex_Pipeline_VITIS_LOOP_94_1_fu_98 |  p7  |   2  |  64  |   128  ||    0    ||    9    |
|-----------------------------------------------|------|------|------|--------||---------||---------||---------|
|                     Total                     |      |      |      |   704  ||  2.322  ||    0    ||    54   |
|-----------------------------------------------|------|------|------|--------||---------||---------||---------|



* Summary:
+-----------+--------+--------+--------+
|           |  Delay |   FF   |   LUT  |
+-----------+--------+--------+--------+
|  Function |    1   |   958  |   873  |
|   Memory  |    -   |    -   |    -   |
|Multiplexer|    2   |    0   |   54   |
|  Register |    -   |   352  |    -   |
+-----------+--------+--------+--------+
|   Total   |    3   |  1310  |   927  |
+-----------+--------+--------+--------+
