

================================================================
== Vitis HLS Report for 'adder_function'
================================================================
* Date:           Thu Apr  2 14:13:49 2026

* Version:        2025.1 (Build 6135595 on May 21 2025)
* Project:        vertex_map
* Solution:       hls (Vivado IP Flow Target)
* Product family: virtexuplusHBM
* Target device:  xcu55c-fsvh2892-2LV-e


================================================================
== Performance Estimates
================================================================
+ Timing: 
    * Summary: 
    +--------+---------+----------+------------+
    |  Clock |  Target | Estimated| Uncertainty|
    +--------+---------+----------+------------+
    |ap_clk  |  4.00 ns|  2.729 ns|     1.08 ns|
    +--------+---------+----------+------------+

+ Latency: 
    * Summary: 
    +---------+---------+----------+----------+-----+-----+---------+
    |  Latency (cycles) |  Latency (absolute) |  Interval | Pipeline|
    |   min   |   max   |    min   |    max   | min | max |   Type  |
    +---------+---------+----------+----------+-----+-----+---------+
    |        ?|        ?|         ?|         ?|    ?|    ?|       no|
    +---------+---------+----------+----------+-----+-----+---------+

    + Detail: 
        * Instance: 
        +----------------------------------------------------+------------------------------------------+---------+---------+----------+----------+-----+-----+------------------------------------------------+
        |                                                    |                                          |  Latency (cycles) |  Latency (absolute) |  Interval |                    Pipeline                    |
        |                      Instance                      |                  Module                  |   min   |   max   |    min   |    max   | min | max |                      Type                      |
        +----------------------------------------------------+------------------------------------------+---------+---------+----------+----------+-----+-----+------------------------------------------------+
        |grp_adder_function_Pipeline_VITIS_LOOP_118_1_fu_49  |adder_function_Pipeline_VITIS_LOOP_118_1  |        ?|        ?|         ?|         ?|    0|    0|  loop auto-rewind stp (delay=0 clock cycles(s))|
        |grp_adder_function_Pipeline_VITIS_LOOP_123_2_fu_61  |adder_function_Pipeline_VITIS_LOOP_123_2  |       64|       64|  0.256 us|  0.256 us|   63|   63|  loop auto-rewind stp (delay=0 clock cycles(s))|
        +----------------------------------------------------+------------------------------------------+---------+---------+----------+----------+-----+-----+------------------------------------------------+

        * Loop: 
        N/A



================================================================
== Utilization Estimates
================================================================
* Summary: 
+---------------------+---------+------+---------+---------+-----+
|         Name        | BRAM_18K|  DSP |    FF   |   LUT   | URAM|
+---------------------+---------+------+---------+---------+-----+
|DSP                  |        -|     -|        -|        -|    -|
|Expression           |        -|     -|        0|        2|    -|
|FIFO                 |        -|     -|        -|        -|    -|
|Instance             |        -|     2|      544|      493|    -|
|Memory               |        -|     -|        -|        -|    -|
|Multiplexer          |        -|     -|        0|      114|    -|
|Register             |        -|     -|       40|        -|    -|
+---------------------+---------+------+---------+---------+-----+
|Total                |        0|     2|      584|      609|    0|
+---------------------+---------+------+---------+---------+-----+
|Available SLR        |     1344|  3008|   869120|   434560|  320|
+---------------------+---------+------+---------+---------+-----+
|Utilization SLR (%)  |        0|    ~0|       ~0|       ~0|    0|
+---------------------+---------+------+---------+---------+-----+
|Available            |     4032|  9024|  2607360|  1303680|  960|
+---------------------+---------+------+---------+---------+-----+
|Utilization (%)      |        0|    ~0|       ~0|       ~0|    0|
+---------------------+---------+------+---------+---------+-----+

+ Detail: 
    * Instance: 
    +----------------------------------------------------+------------------------------------------+---------+----+-----+-----+-----+
    |                      Instance                      |                  Module                  | BRAM_18K| DSP|  FF | LUT | URAM|
    +----------------------------------------------------+------------------------------------------+---------+----+-----+-----+-----+
    |grp_adder_function_Pipeline_VITIS_LOOP_118_1_fu_49  |adder_function_Pipeline_VITIS_LOOP_118_1  |        0|   0|  147|  147|    0|
    |grp_adder_function_Pipeline_VITIS_LOOP_123_2_fu_61  |adder_function_Pipeline_VITIS_LOOP_123_2  |        0|   0|   79|  148|    0|
    |fadd_32ns_32ns_32_7_full_dsp_1_U51                  |fadd_32ns_32ns_32_7_full_dsp_1            |        0|   2|  318|  198|    0|
    +----------------------------------------------------+------------------------------------------+---------+----+-----+-----+-----+
    |Total                                               |                                          |        0|   2|  544|  493|    0|
    +----------------------------------------------------+------------------------------------------+---------+----+-----+-----+-----+

    * DSP: 
    N/A

    * Memory: 
    N/A

    * FIFO: 
    N/A

    * Expression: 
    +-----------------+----------+----+---+----+------------+------------+
    |  Variable Name  | Operation| DSP| FF| LUT| Bitwidth P0| Bitwidth P1|
    +-----------------+----------+----+---+----+------------+------------+
    |ap_block_state1  |        or|   0|  0|   2|           1|           1|
    +-----------------+----------+----+---+----+------------+------------+
    |Total            |          |   0|  0|   2|           1|           1|
    +-----------------+----------+----+---+----+------------+------------+

    * Multiplexer: 
    +----------------------+----+-----------+-----+-----------+
    |         Name         | LUT| Input Size| Bits| Total Bits|
    +----------------------+----+-----------+-----+-----------+
    |adder_in_feed_0_read  |  14|          3|    1|          3|
    |ap_NS_fsm             |  31|          6|    1|          6|
    |ap_done               |   9|          2|    1|          2|
    |grp_fu_151_ce         |  14|          3|    1|          3|
    |grp_fu_151_p0         |  14|          3|   32|         96|
    |grp_fu_151_p1         |  14|          3|   32|         96|
    |sums_stream_blk_n     |   9|          2|    1|          2|
    |v_size_2_blk_n        |   9|          2|    1|          2|
    +----------------------+----+-----------+-----+-----------+
    |Total                 | 114|         24|   70|        210|
    +----------------------+----+-----------+-----+-----------+

    * Register: 
    +-----------------------------------------------------------------+----+----+-----+-----------+
    |                               Name                              | FF | LUT| Bits| Const Bits|
    +-----------------------------------------------------------------+----+----+-----+-----------+
    |ap_CS_fsm                                                        |   5|   0|    5|          0|
    |ap_done_reg                                                      |   1|   0|    1|          0|
    |grp_adder_function_Pipeline_VITIS_LOOP_118_1_fu_49_ap_start_reg  |   1|   0|    1|          0|
    |grp_adder_function_Pipeline_VITIS_LOOP_123_2_fu_61_ap_start_reg  |   1|   0|    1|          0|
    |v_size_reg_146                                                   |  32|   0|   32|          0|
    +-----------------------------------------------------------------+----+----+-----+-----------+
    |Total                                                            |  40|   0|   40|          0|
    +-----------------------------------------------------------------+----+----+-----+-----------+



================================================================
== Interface
================================================================
* Summary: 
+--------------------------------+-----+-----+------------+-----------------+--------------+
|            RTL Ports           | Dir | Bits|  Protocol  |  Source Object  |    C Type    |
+--------------------------------+-----+-----+------------+-----------------+--------------+
|ap_clk                          |   in|    1|  ap_ctrl_hs|   adder_function|  return value|
|ap_rst                          |   in|    1|  ap_ctrl_hs|   adder_function|  return value|
|ap_start                        |   in|    1|  ap_ctrl_hs|   adder_function|  return value|
|ap_done                         |  out|    1|  ap_ctrl_hs|   adder_function|  return value|
|ap_continue                     |   in|    1|  ap_ctrl_hs|   adder_function|  return value|
|ap_idle                         |  out|    1|  ap_ctrl_hs|   adder_function|  return value|
|ap_ready                        |  out|    1|  ap_ctrl_hs|   adder_function|  return value|
|v_size_2_dout                   |   in|   32|     ap_fifo|         v_size_2|       pointer|
|v_size_2_empty_n                |   in|    1|     ap_fifo|         v_size_2|       pointer|
|v_size_2_read                   |  out|    1|     ap_fifo|         v_size_2|       pointer|
|v_size_2_num_data_valid         |   in|    5|     ap_fifo|         v_size_2|       pointer|
|v_size_2_fifo_cap               |   in|    5|     ap_fifo|         v_size_2|       pointer|
|sums_stream_din                 |  out|   32|     ap_fifo|      sums_stream|       pointer|
|sums_stream_full_n              |   in|    1|     ap_fifo|      sums_stream|       pointer|
|sums_stream_write               |  out|    1|     ap_fifo|      sums_stream|       pointer|
|sums_stream_num_data_valid      |   in|    5|     ap_fifo|      sums_stream|       pointer|
|sums_stream_fifo_cap            |   in|    5|     ap_fifo|      sums_stream|       pointer|
|adder_results_din               |  out|   32|     ap_fifo|    adder_results|       pointer|
|adder_results_full_n            |   in|    1|     ap_fifo|    adder_results|       pointer|
|adder_results_write             |  out|    1|     ap_fifo|    adder_results|       pointer|
|adder_results_num_data_valid    |   in|   32|     ap_fifo|    adder_results|       pointer|
|adder_results_fifo_cap          |   in|   32|     ap_fifo|    adder_results|       pointer|
|adder_in_feed_0_dout            |   in|   32|     ap_fifo|  adder_in_feed_0|       pointer|
|adder_in_feed_0_empty_n         |   in|    1|     ap_fifo|  adder_in_feed_0|       pointer|
|adder_in_feed_0_read            |  out|    1|     ap_fifo|  adder_in_feed_0|       pointer|
|adder_in_feed_0_num_data_valid  |   in|    8|     ap_fifo|  adder_in_feed_0|       pointer|
|adder_in_feed_0_fifo_cap        |   in|    8|     ap_fifo|  adder_in_feed_0|       pointer|
|adder_in_feed_1_dout            |   in|   32|     ap_fifo|  adder_in_feed_1|       pointer|
|adder_in_feed_1_empty_n         |   in|    1|     ap_fifo|  adder_in_feed_1|       pointer|
|adder_in_feed_1_read            |  out|    1|     ap_fifo|  adder_in_feed_1|       pointer|
|adder_in_feed_1_num_data_valid  |   in|    8|     ap_fifo|  adder_in_feed_1|       pointer|
|adder_in_feed_1_fifo_cap        |   in|    8|     ap_fifo|  adder_in_feed_1|       pointer|
+--------------------------------+-----+-----+------------+-----------------+--------------+

============================================================
+ Verbose Summary: Synthesis Manager
============================================================
InlineROM: 1
ExposeGlobal: 0
============================================================
+ Verbose Summary: CDFG Model
============================================================
IsTopModel: 0
ResetActiveHigh: 1
IsCombinational: 2
IsDatapathOnly: 0
HasWiredReturn: 1
HasMFsm: 0
HasVarLatency: 1
IsPipeline: 0
IsRtlPipelined: 0
IsInstanceOverlapped: 0
IsDontTouch: 0
HasImplIP: 0
IsGatedGlobalClock: 0


============================================================
+ Verbose Summary: Schedule
============================================================
* Number of FSM states : 5
* Pipeline : 0
* Dataflow Pipeline: 0

* FSM state transitions: 
1 --> 2 
2 --> 3 
3 --> 4 
4 --> 5 
5 --> 

* FSM state operations: 

State 1 <SV = 0> <Delay = 2.69>
ST_1 : Operation 6 [1/1] (0.00ns)   --->   "%sum_loc = alloca i64 1"   --->   Operation 6 'alloca' 'sum_loc' <Predicate = true> <Delay = 0.00>
ST_1 : Operation 7 [1/1] ( I:1.43ns O:1.43ns )   --->   "%v_size = read i32 @_ssdm_op_Read.ap_fifo.volatile.i32P0A, i32 %v_size_2" [../pageRankReduce/pageRank.cpp:116]   --->   Operation 7 'read' 'v_size' <Predicate = true> <Delay = 1.43> <CoreInst = "FIFO_SRL">   --->   Core 80 'FIFO_SRL' <Latency = 0> <II = 1> <Delay = 1.43> <Storage> <Opcode : 'read' 'write' 'nbread' 'nbwrite'> <Ports = 0> <Width = 32> <Depth = 9> <FIFO>
ST_1 : Operation 8 [1/1] (0.00ns)   --->   "%fence_ln118 = fence void @_ssdm_op_Fence, i32 %v_size_2, i32 4294967295, i32 %adder_in_feed_0, i32 %adder_in_feed_1, i32 %adder_results, i32 0" [../pageRankReduce/pageRank.cpp:118]   --->   Operation 8 'fence' 'fence_ln118' <Predicate = true> <Delay = 0.00>
ST_1 : Operation 9 [2/2] (1.26ns)   --->   "%call_ln116 = call void @adder_function_Pipeline_VITIS_LOOP_118_1, i32 %v_size, i32 %adder_in_feed_0, i32 %adder_in_feed_1, i32 %adder_results" [../pageRankReduce/pageRank.cpp:116]   --->   Operation 9 'call' 'call_ln116' <Predicate = true> <Delay = 1.26> <CoreType = "Generic">   --->   Generic Core

State 2 <SV = 1> <Delay = 0.00>
ST_2 : Operation 10 [1/2] (0.00ns)   --->   "%call_ln116 = call void @adder_function_Pipeline_VITIS_LOOP_118_1, i32 %v_size, i32 %adder_in_feed_0, i32 %adder_in_feed_1, i32 %adder_results" [../pageRankReduce/pageRank.cpp:116]   --->   Operation 10 'call' 'call_ln116' <Predicate = true> <Delay = 0.00> <CoreType = "Generic">   --->   Generic Core

State 3 <SV = 2> <Delay = 0.00>
ST_3 : Operation 11 [1/1] (0.00ns)   --->   "%fence_ln123 = fence void @_ssdm_op_Fence, i32 %adder_in_feed_0, i32 %adder_in_feed_1, i32 %adder_results, i32 4294967295, i32 %adder_in_feed_0, i32 %sums_stream, i32 0" [../pageRankReduce/pageRank.cpp:123]   --->   Operation 11 'fence' 'fence_ln123' <Predicate = true> <Delay = 0.00>
ST_3 : Operation 12 [1/1] (0.00ns)   --->   "%fence_ln123 = fence void @_ssdm_op_Fence, i32 %v_size_2, i32 %adder_in_feed_0, i32 %adder_in_feed_1, i32 %adder_results, i32 4294967295, i32 %adder_in_feed_0, i32 0" [../pageRankReduce/pageRank.cpp:123]   --->   Operation 12 'fence' 'fence_ln123' <Predicate = true> <Delay = 0.00>
ST_3 : Operation 13 [2/2] (0.00ns)   --->   "%call_ln0 = call void @adder_function_Pipeline_VITIS_LOOP_123_2, i32 %adder_in_feed_0, i32 %sum_loc"   --->   Operation 13 'call' 'call_ln0' <Predicate = true> <Delay = 0.00> <CoreType = "Generic">   --->   Generic Core

State 4 <SV = 3> <Delay = 0.00>
ST_4 : Operation 14 [1/2] (0.00ns)   --->   "%call_ln0 = call void @adder_function_Pipeline_VITIS_LOOP_123_2, i32 %adder_in_feed_0, i32 %sum_loc"   --->   Operation 14 'call' 'call_ln0' <Predicate = true> <Delay = 0.00> <CoreType = "Generic">   --->   Generic Core

State 5 <SV = 4> <Delay = 1.43>
ST_5 : Operation 15 [1/1] (0.00ns)   --->   "%specinterface_ln0 = specinterface void @_ssdm_op_SpecInterface, i32 %sums_stream, void @empty_4, i32 0, i32 0, void @empty_16, i32 0, i32 0, void @empty_16, void @empty_16, void @empty_16, i32 0, i32 0, i32 0, i32 0, void @empty_16, void @empty_16, i32 4294967295, i32 0, i32 0"   --->   Operation 15 'specinterface' 'specinterface_ln0' <Predicate = true> <Delay = 0.00>
ST_5 : Operation 16 [1/1] (0.00ns)   --->   "%specinterface_ln0 = specinterface void @_ssdm_op_SpecInterface, i32 %v_size_2, void @empty_4, i32 0, i32 0, void @empty_16, i32 0, i32 0, void @empty_16, void @empty_16, void @empty_16, i32 0, i32 0, i32 0, i32 0, void @empty_16, void @empty_16, i32 4294967295, i32 0, i32 0"   --->   Operation 16 'specinterface' 'specinterface_ln0' <Predicate = true> <Delay = 0.00>
ST_5 : Operation 17 [1/1] (0.00ns)   --->   "%specinterface_ln0 = specinterface void @_ssdm_op_SpecInterface, i32 %adder_results, void @empty_4, i32 0, i32 0, void @empty_16, i32 0, i32 0, void @empty_16, void @empty_16, void @empty_16, i32 0, i32 0, i32 0, i32 0, void @empty_16, void @empty_16, i32 4294967295, i32 0, i32 0"   --->   Operation 17 'specinterface' 'specinterface_ln0' <Predicate = true> <Delay = 0.00>
ST_5 : Operation 18 [1/1] (0.00ns)   --->   "%specinterface_ln0 = specinterface void @_ssdm_op_SpecInterface, i32 %adder_in_feed_1, void @empty_4, i32 0, i32 0, void @empty_16, i32 0, i32 0, void @empty_16, void @empty_16, void @empty_16, i32 0, i32 0, i32 0, i32 0, void @empty_16, void @empty_16, i32 4294967295, i32 0, i32 0"   --->   Operation 18 'specinterface' 'specinterface_ln0' <Predicate = true> <Delay = 0.00>
ST_5 : Operation 19 [1/1] (0.00ns)   --->   "%specinterface_ln0 = specinterface void @_ssdm_op_SpecInterface, i32 %adder_in_feed_0, void @empty_4, i32 0, i32 0, void @empty_16, i32 0, i32 0, void @empty_16, void @empty_16, void @empty_16, i32 0, i32 0, i32 0, i32 0, void @empty_16, void @empty_16, i32 4294967295, i32 0, i32 0"   --->   Operation 19 'specinterface' 'specinterface_ln0' <Predicate = true> <Delay = 0.00>
ST_5 : Operation 20 [1/1] (0.00ns)   --->   "%fence_ln128 = fence void @_ssdm_op_Fence, i32 %adder_in_feed_0, i32 4294967295, i32 %sums_stream, i32 0" [../pageRankReduce/pageRank.cpp:128]   --->   Operation 20 'fence' 'fence_ln128' <Predicate = true> <Delay = 0.00>
ST_5 : Operation 21 [1/1] (0.00ns)   --->   "%sum_loc_load = load i32 %sum_loc"   --->   Operation 21 'load' 'sum_loc_load' <Predicate = true> <Delay = 0.00>
ST_5 : Operation 22 [1/1] (0.00ns)   --->   "%bitcast_ln128 = bitcast i32 %sum_loc_load" [../pageRankReduce/pageRank.cpp:128]   --->   Operation 22 'bitcast' 'bitcast_ln128' <Predicate = true> <Delay = 0.00>
ST_5 : Operation 23 [1/1] ( I:1.43ns O:1.43ns )   --->   "%write_ln128 = write void @_ssdm_op_Write.ap_fifo.volatile.i32P0A, i32 %sums_stream, i32 %bitcast_ln128" [../pageRankReduce/pageRank.cpp:128]   --->   Operation 23 'write' 'write_ln128' <Predicate = true> <Delay = 1.43> <CoreInst = "FIFO_SRL">   --->   Core 80 'FIFO_SRL' <Latency = 0> <II = 1> <Delay = 1.43> <Storage> <Opcode : 'read' 'write' 'nbread' 'nbwrite'> <Ports = 0> <Width = 32> <Depth = 9> <FIFO>
ST_5 : Operation 24 [1/1] (0.00ns)   --->   "%ret_ln130 = ret" [../pageRankReduce/pageRank.cpp:130]   --->   Operation 24 'ret' 'ret_ln130' <Predicate = true> <Delay = 0.00>


============================================================
+ Verbose Summary: Binding
============================================================
STG Binding: 
---------------- STG Properties BEGIN ----------------
- Is combinational: 0
- Is one-state seq: 0
- Is datapath-only: 0
- Is pipelined: 0
- Is top level: 0
Port [ Return ] is wired: 1; IO mode=ap_ctrl_hs:ce=0
Port [ v_size_2]:  wired=1; compound=1; hidden=0; nouse=0; global=0; static=0; extern=0; dir=0; type=3; pingpong=0; private_global=0; IO mode=ap_fifo:ce=0
Port [ sums_stream]:  wired=1; compound=1; hidden=0; nouse=0; global=0; static=0; extern=0; dir=1; type=3; pingpong=0; private_global=0; IO mode=ap_fifo:ce=0
Port [ adder_results]:  wired=1; compound=1; hidden=0; nouse=0; global=0; static=0; extern=0; dir=1; type=3; pingpong=0; private_global=0; IO mode=ap_fifo:ce=0
Port [ adder_in_feed_0]:  wired=1; compound=1; hidden=0; nouse=0; global=0; static=0; extern=0; dir=0; type=3; pingpong=0; private_global=0; IO mode=ap_fifo:ce=0
Port [ adder_in_feed_1]:  wired=1; compound=1; hidden=0; nouse=0; global=0; static=0; extern=0; dir=0; type=3; pingpong=0; private_global=0; IO mode=ap_fifo:ce=0
---------------- STG Properties END ------------------

---------------- Datapath Model BEGIN ----------------

<LifeTime>
<method=bitvector/>
sum_loc           (alloca       ) [ 001111]
v_size            (read         ) [ 001000]
fence_ln118       (fence        ) [ 000000]
call_ln116        (call         ) [ 000000]
fence_ln123       (fence        ) [ 000000]
fence_ln123       (fence        ) [ 000000]
call_ln0          (call         ) [ 000000]
specinterface_ln0 (specinterface) [ 000000]
specinterface_ln0 (specinterface) [ 000000]
specinterface_ln0 (specinterface) [ 000000]
specinterface_ln0 (specinterface) [ 000000]
specinterface_ln0 (specinterface) [ 000000]
fence_ln128       (fence        ) [ 000000]
sum_loc_load      (load         ) [ 000000]
bitcast_ln128     (bitcast      ) [ 000000]
write_ln128       (write        ) [ 000000]
ret_ln130         (ret          ) [ 000000]
</LifeTime>

<model>

<comp_list>
<comp id="0" class="1000" name="v_size_2">
<pin_list>
<pin id="1" dir="1" index="0" bw="1" slack="0"/>
</pin_list>
<bind>
<StgValue><ssdm name="v_size_2"/></StgValue>
</bind>
</comp>

<comp id="2" class="1000" name="sums_stream">
<pin_list>
<pin id="3" dir="1" index="0" bw="1" slack="0"/>
</pin_list>
<bind>
<StgValue><ssdm name="sums_stream"/></StgValue>
</bind>
</comp>

<comp id="4" class="1000" name="adder_results">
<pin_list>
<pin id="5" dir="1" index="0" bw="1" slack="0"/>
</pin_list>
<bind>
<StgValue><ssdm name="adder_results"/></StgValue>
</bind>
</comp>

<comp id="6" class="1000" name="adder_in_feed_0">
<pin_list>
<pin id="7" dir="1" index="0" bw="1" slack="0"/>
</pin_list>
<bind>
<StgValue><ssdm name="adder_in_feed_0"/></StgValue>
</bind>
</comp>

<comp id="8" class="1000" name="adder_in_feed_1">
<pin_list>
<pin id="9" dir="1" index="0" bw="1" slack="0"/>
</pin_list>
<bind>
<StgValue><ssdm name="adder_in_feed_1"/></StgValue>
</bind>
</comp>

<comp id="10" class="1001" name="const_10">
<pin_list>
<pin id="11" dir="1" index="0" bw="1" slack="0"/>
</pin_list>
<bind>
<StgValue><ssdm name=""/></StgValue>
</bind>
</comp>

<comp id="12" class="1001" name="const_12">
<pin_list>
<pin id="13" dir="1" index="0" bw="1" slack="0"/>
</pin_list>
<bind>
<StgValue><ssdm name="_ssdm_op_Read.ap_fifo.volatile.i32P0A"/></StgValue>
</bind>
</comp>

<comp id="14" class="1001" name="const_14">
<pin_list>
<pin id="15" dir="1" index="0" bw="1" slack="0"/>
</pin_list>
<bind>
<StgValue><ssdm name="_ssdm_op_Fence"/></StgValue>
</bind>
</comp>

<comp id="16" class="1001" name="const_16">
<pin_list>
<pin id="17" dir="1" index="0" bw="1" slack="0"/>
</pin_list>
<bind>
<StgValue><ssdm name=""/></StgValue>
</bind>
</comp>

<comp id="18" class="1001" name="const_18">
<pin_list>
<pin id="19" dir="1" index="0" bw="1" slack="0"/>
</pin_list>
<bind>
<StgValue><ssdm name=""/></StgValue>
</bind>
</comp>

<comp id="20" class="1001" name="const_20">
<pin_list>
<pin id="21" dir="1" index="0" bw="1" slack="0"/>
</pin_list>
<bind>
<StgValue><ssdm name="adder_function_Pipeline_VITIS_LOOP_118_1"/></StgValue>
</bind>
</comp>

<comp id="22" class="1001" name="const_22">
<pin_list>
<pin id="23" dir="1" index="0" bw="1" slack="0"/>
</pin_list>
<bind>
<StgValue><ssdm name="adder_function_Pipeline_VITIS_LOOP_123_2"/></StgValue>
</bind>
</comp>

<comp id="24" class="1001" name="const_24">
<pin_list>
<pin id="25" dir="1" index="0" bw="1" slack="2147483647"/>
</pin_list>
<bind>
<StgValue><ssdm name="_ssdm_op_SpecInterface"/></StgValue>
</bind>
</comp>

<comp id="26" class="1001" name="const_26">
<pin_list>
<pin id="27" dir="1" index="0" bw="1" slack="2147483647"/>
</pin_list>
<bind>
<StgValue><ssdm name="empty_4"/></StgValue>
</bind>
</comp>

<comp id="28" class="1001" name="const_28">
<pin_list>
<pin id="29" dir="1" index="0" bw="1" slack="2147483647"/>
</pin_list>
<bind>
<StgValue><ssdm name="empty_16"/></StgValue>
</bind>
</comp>

<comp id="30" class="1001" name="const_30">
<pin_list>
<pin id="31" dir="1" index="0" bw="1" slack="0"/>
</pin_list>
<bind>
<StgValue><ssdm name="_ssdm_op_Write.ap_fifo.volatile.i32P0A"/></StgValue>
</bind>
</comp>

<comp id="32" class="1004" name="sum_loc_fu_32">
<pin_list>
<pin id="33" dir="0" index="0" bw="1" slack="0"/>
<pin id="34" dir="1" index="1" bw="32" slack="2"/>
</pin_list>
<bind>
<opcode="alloca(26) " fcode="alloca"/>
<opset="sum_loc/1 "/>
</bind>
</comp>

<comp id="36" class="1004" name="v_size_read_fu_36">
<pin_list>
<pin id="37" dir="0" index="0" bw="32" slack="0"/>
<pin id="38" dir="0" index="1" bw="32" slack="0"/>
<pin id="39" dir="1" index="2" bw="32" slack="0"/>
</pin_list>
<bind>
<opcode="read(1150) " fcode="read"/>
<opset="v_size/1 "/>
</bind>
</comp>

<comp id="42" class="1004" name="write_ln128_write_fu_42">
<pin_list>
<pin id="43" dir="0" index="0" bw="0" slack="0"/>
<pin id="44" dir="0" index="1" bw="32" slack="0"/>
<pin id="45" dir="0" index="2" bw="32" slack="0"/>
<pin id="46" dir="1" index="3" bw="0" slack="2147483647"/>
</pin_list>
<bind>
<opcode="write(1151) " fcode="write"/>
<opset="write_ln128/5 "/>
</bind>
</comp>

<comp id="49" class="1004" name="grp_adder_function_Pipeline_VITIS_LOOP_118_1_fu_49">
<pin_list>
<pin id="50" dir="0" index="0" bw="0" slack="0"/>
<pin id="51" dir="0" index="1" bw="32" slack="0"/>
<pin id="52" dir="0" index="2" bw="32" slack="0"/>
<pin id="53" dir="0" index="3" bw="32" slack="0"/>
<pin id="54" dir="0" index="4" bw="32" slack="0"/>
<pin id="55" dir="1" index="5" bw="0" slack="2147483647"/>
</pin_list>
<bind>
<opcode="call(48) " fcode="call"/>
<opset="call_ln116/1 "/>
</bind>
</comp>

<comp id="61" class="1004" name="grp_adder_function_Pipeline_VITIS_LOOP_123_2_fu_61">
<pin_list>
<pin id="62" dir="0" index="0" bw="0" slack="0"/>
<pin id="63" dir="0" index="1" bw="32" slack="0"/>
<pin id="64" dir="0" index="2" bw="32" slack="2"/>
<pin id="65" dir="1" index="3" bw="0" slack="2147483647"/>
</pin_list>
<bind>
<opcode="call(48) " fcode="call"/>
<opset="call_ln0/3 "/>
</bind>
</comp>

<comp id="68" class="1004" name="fence_ln118_fu_68">
<pin_list>
<pin id="69" dir="0" index="0" bw="0" slack="0"/>
<pin id="70" dir="0" index="1" bw="32" slack="0"/>
<pin id="71" dir="0" index="2" bw="1" slack="0"/>
<pin id="72" dir="0" index="3" bw="32" slack="0"/>
<pin id="73" dir="0" index="4" bw="32" slack="0"/>
<pin id="74" dir="0" index="5" bw="32" slack="0"/>
<pin id="75" dir="0" index="6" bw="1" slack="0"/>
<pin id="76" dir="1" index="7" bw="0" slack="2147483647"/>
</pin_list>
<bind>
<opcode="fence(30) " fcode="fence"/>
<opset="fence_ln118/1 "/>
</bind>
</comp>

<comp id="84" class="1004" name="fence_ln123_fu_84">
<pin_list>
<pin id="85" dir="0" index="0" bw="0" slack="0"/>
<pin id="86" dir="0" index="1" bw="32" slack="0"/>
<pin id="87" dir="0" index="2" bw="32" slack="0"/>
<pin id="88" dir="0" index="3" bw="32" slack="0"/>
<pin id="89" dir="0" index="4" bw="1" slack="0"/>
<pin id="90" dir="0" index="5" bw="32" slack="0"/>
<pin id="91" dir="0" index="6" bw="32" slack="0"/>
<pin id="92" dir="0" index="7" bw="1" slack="0"/>
<pin id="93" dir="1" index="8" bw="0" slack="2147483647"/>
</pin_list>
<bind>
<opcode="fence(30) " fcode="fence"/>
<opset="fence_ln123/3 "/>
</bind>
</comp>

<comp id="102" class="1004" name="fence_ln123_fu_102">
<pin_list>
<pin id="103" dir="0" index="0" bw="0" slack="0"/>
<pin id="104" dir="0" index="1" bw="32" slack="0"/>
<pin id="105" dir="0" index="2" bw="32" slack="0"/>
<pin id="106" dir="0" index="3" bw="32" slack="0"/>
<pin id="107" dir="0" index="4" bw="32" slack="0"/>
<pin id="108" dir="0" index="5" bw="1" slack="0"/>
<pin id="109" dir="0" index="6" bw="32" slack="0"/>
<pin id="110" dir="0" index="7" bw="1" slack="0"/>
<pin id="111" dir="1" index="8" bw="0" slack="2147483647"/>
</pin_list>
<bind>
<opcode="fence(30) " fcode="fence"/>
<opset="fence_ln123/3 "/>
</bind>
</comp>

<comp id="120" class="1004" name="fence_ln128_fu_120">
<pin_list>
<pin id="121" dir="0" index="0" bw="0" slack="0"/>
<pin id="122" dir="0" index="1" bw="32" slack="0"/>
<pin id="123" dir="0" index="2" bw="1" slack="0"/>
<pin id="124" dir="0" index="3" bw="32" slack="0"/>
<pin id="125" dir="0" index="4" bw="1" slack="0"/>
<pin id="126" dir="1" index="5" bw="0" slack="2147483647"/>
</pin_list>
<bind>
<opcode="fence(30) " fcode="fence"/>
<opset="fence_ln128/5 "/>
</bind>
</comp>

<comp id="132" class="1004" name="sum_loc_load_load_fu_132">
<pin_list>
<pin id="133" dir="0" index="0" bw="32" slack="4"/>
<pin id="134" dir="1" index="1" bw="32" slack="0"/>
</pin_list>
<bind>
<opcode="load(27) " fcode="load"/>
<opset="sum_loc_load/5 "/>
</bind>
</comp>

<comp id="135" class="1004" name="bitcast_ln128_fu_135">
<pin_list>
<pin id="136" dir="0" index="0" bw="32" slack="0"/>
<pin id="137" dir="1" index="1" bw="32" slack="0"/>
</pin_list>
<bind>
<opcode="bitcast(44) " fcode="bitcast"/>
<opset="bitcast_ln128/5 "/>
</bind>
</comp>

<comp id="140" class="1005" name="sum_loc_reg_140">
<pin_list>
<pin id="141" dir="0" index="0" bw="32" slack="2"/>
<pin id="142" dir="1" index="1" bw="32" slack="2"/>
</pin_list>
<bind>
<opset="sum_loc "/>
</bind>
</comp>

<comp id="146" class="1005" name="v_size_reg_146">
<pin_list>
<pin id="147" dir="0" index="0" bw="32" slack="1"/>
<pin id="148" dir="1" index="1" bw="32" slack="1"/>
</pin_list>
<bind>
<opset="v_size "/>
</bind>
</comp>

<comp id="151" class="1004" name="grp_fu_151">
<pin_list>
<pin id="152" dir="0" index="0" bw="32" slack="2147483647"/>
<pin id="153" dir="0" index="1" bw="32" slack="2147483647"/>
<pin id="154" dir="1" index="2" bw="32" slack="2147483647"/>
</pin_list>
<bind>
<opcode="fadd(9) " fcode="fadd"/>
<opset="add/3 sum_1/3 "/>
</bind>
</comp>

</comp_list>

<net_list>
<net id="35"><net_src comp="10" pin="0"/><net_sink comp="32" pin=0"/></net>

<net id="40"><net_src comp="12" pin="0"/><net_sink comp="36" pin=0"/></net>

<net id="41"><net_src comp="0" pin="0"/><net_sink comp="36" pin=1"/></net>

<net id="47"><net_src comp="30" pin="0"/><net_sink comp="42" pin=0"/></net>

<net id="48"><net_src comp="2" pin="0"/><net_sink comp="42" pin=1"/></net>

<net id="56"><net_src comp="20" pin="0"/><net_sink comp="49" pin=0"/></net>

<net id="57"><net_src comp="36" pin="2"/><net_sink comp="49" pin=1"/></net>

<net id="58"><net_src comp="6" pin="0"/><net_sink comp="49" pin=2"/></net>

<net id="59"><net_src comp="8" pin="0"/><net_sink comp="49" pin=3"/></net>

<net id="60"><net_src comp="4" pin="0"/><net_sink comp="49" pin=4"/></net>

<net id="66"><net_src comp="22" pin="0"/><net_sink comp="61" pin=0"/></net>

<net id="67"><net_src comp="6" pin="0"/><net_sink comp="61" pin=1"/></net>

<net id="77"><net_src comp="14" pin="0"/><net_sink comp="68" pin=0"/></net>

<net id="78"><net_src comp="0" pin="0"/><net_sink comp="68" pin=1"/></net>

<net id="79"><net_src comp="16" pin="0"/><net_sink comp="68" pin=2"/></net>

<net id="80"><net_src comp="6" pin="0"/><net_sink comp="68" pin=3"/></net>

<net id="81"><net_src comp="8" pin="0"/><net_sink comp="68" pin=4"/></net>

<net id="82"><net_src comp="4" pin="0"/><net_sink comp="68" pin=5"/></net>

<net id="83"><net_src comp="18" pin="0"/><net_sink comp="68" pin=6"/></net>

<net id="94"><net_src comp="14" pin="0"/><net_sink comp="84" pin=0"/></net>

<net id="95"><net_src comp="6" pin="0"/><net_sink comp="84" pin=1"/></net>

<net id="96"><net_src comp="8" pin="0"/><net_sink comp="84" pin=2"/></net>

<net id="97"><net_src comp="4" pin="0"/><net_sink comp="84" pin=3"/></net>

<net id="98"><net_src comp="16" pin="0"/><net_sink comp="84" pin=4"/></net>

<net id="99"><net_src comp="6" pin="0"/><net_sink comp="84" pin=5"/></net>

<net id="100"><net_src comp="2" pin="0"/><net_sink comp="84" pin=6"/></net>

<net id="101"><net_src comp="18" pin="0"/><net_sink comp="84" pin=7"/></net>

<net id="112"><net_src comp="14" pin="0"/><net_sink comp="102" pin=0"/></net>

<net id="113"><net_src comp="0" pin="0"/><net_sink comp="102" pin=1"/></net>

<net id="114"><net_src comp="6" pin="0"/><net_sink comp="102" pin=2"/></net>

<net id="115"><net_src comp="8" pin="0"/><net_sink comp="102" pin=3"/></net>

<net id="116"><net_src comp="4" pin="0"/><net_sink comp="102" pin=4"/></net>

<net id="117"><net_src comp="16" pin="0"/><net_sink comp="102" pin=5"/></net>

<net id="118"><net_src comp="6" pin="0"/><net_sink comp="102" pin=6"/></net>

<net id="119"><net_src comp="18" pin="0"/><net_sink comp="102" pin=7"/></net>

<net id="127"><net_src comp="14" pin="0"/><net_sink comp="120" pin=0"/></net>

<net id="128"><net_src comp="6" pin="0"/><net_sink comp="120" pin=1"/></net>

<net id="129"><net_src comp="16" pin="0"/><net_sink comp="120" pin=2"/></net>

<net id="130"><net_src comp="2" pin="0"/><net_sink comp="120" pin=3"/></net>

<net id="131"><net_src comp="18" pin="0"/><net_sink comp="120" pin=4"/></net>

<net id="138"><net_src comp="132" pin="1"/><net_sink comp="135" pin=0"/></net>

<net id="139"><net_src comp="135" pin="1"/><net_sink comp="42" pin=2"/></net>

<net id="143"><net_src comp="32" pin="1"/><net_sink comp="140" pin=0"/></net>

<net id="144"><net_src comp="140" pin="1"/><net_sink comp="61" pin=2"/></net>

<net id="145"><net_src comp="140" pin="1"/><net_sink comp="132" pin=0"/></net>

<net id="149"><net_src comp="36" pin="2"/><net_sink comp="146" pin=0"/></net>

<net id="150"><net_src comp="146" pin="1"/><net_sink comp="49" pin=1"/></net>

</net_list>

</model> 
---------------- Datapath Model END ------------------

* FSMD analyzer results:
  - Output states:
	Port: sums_stream | {5 }
	Port: adder_results | {1 2 }
 - Input state : 
	Port: adder_function : v_size_2 | {1 }
	Port: adder_function : adder_in_feed_0 | {1 2 3 4 }
	Port: adder_function : adder_in_feed_1 | {1 2 }
  - Chain level:
	State 1
	State 2
	State 3
	State 4
	State 5
		bitcast_ln128 : 1
		write_ln128 : 2


============================================================
+ Verbose Summary: Datapath Resource usage 
============================================================

* Functional unit list:
|----------|----------------------------------------------------|---------|---------|---------|---------|
| Operation|                   Functional Unit                  |   DSP   |  Delay  |    FF   |   LUT   |
|----------|----------------------------------------------------|---------|---------|---------|---------|
|   call   | grp_adder_function_Pipeline_VITIS_LOOP_118_1_fu_49 |    2    |  0.774  |   511   |   294   |
|          | grp_adder_function_Pipeline_VITIS_LOOP_123_2_fu_61 |    2    |  0.774  |   451   |   240   |
|----------|----------------------------------------------------|---------|---------|---------|---------|
|   fadd   |                     grp_fu_151                     |    2    |    0    |   318   |   198   |
|----------|----------------------------------------------------|---------|---------|---------|---------|
|   read   |                  v_size_read_fu_36                 |    0    |    0    |    0    |    0    |
|----------|----------------------------------------------------|---------|---------|---------|---------|
|   write  |               write_ln128_write_fu_42              |    0    |    0    |    0    |    0    |
|----------|----------------------------------------------------|---------|---------|---------|---------|
|          |                  fence_ln118_fu_68                 |    0    |    0    |    0    |    0    |
|   fence  |                  fence_ln123_fu_84                 |    0    |    0    |    0    |    0    |
|          |                 fence_ln123_fu_102                 |    0    |    0    |    0    |    0    |
|          |                 fence_ln128_fu_120                 |    0    |    0    |    0    |    0    |
|----------|----------------------------------------------------|---------|---------|---------|---------|
|   Total  |                                                    |    6    |  1.548  |   1280  |   732   |
|----------|----------------------------------------------------|---------|---------|---------|---------|

Memories:
N/A

* Register list:
+---------------+--------+
|               |   FF   |
+---------------+--------+
|sum_loc_reg_140|   32   |
| v_size_reg_146|   32   |
+---------------+--------+
|     Total     |   64   |
+---------------+--------+

* Multiplexer (MUX) list: 
|----------------------------------------------------|------|------|------|--------||---------||---------||---------|
|                        Comp                        |  Pin | Size |  BW  | S x BW ||  Delay  ||    FF   ||   LUT   |
|----------------------------------------------------|------|------|------|--------||---------||---------||---------|
| grp_adder_function_Pipeline_VITIS_LOOP_118_1_fu_49 |  p1  |   2  |  32  |   64   ||    0    ||    9    |
|----------------------------------------------------|------|------|------|--------||---------||---------||---------|
|                        Total                       |      |      |      |   64   ||  0.387  ||    0    ||    9    |
|----------------------------------------------------|------|------|------|--------||---------||---------||---------|



* Summary:
+-----------+--------+--------+--------+--------+
|           |   DSP  |  Delay |   FF   |   LUT  |
+-----------+--------+--------+--------+--------+
|  Function |    6   |    1   |  1280  |   732  |
|   Memory  |    -   |    -   |    -   |    -   |
|Multiplexer|    -   |    0   |    0   |    9   |
|  Register |    -   |    -   |   64   |    -   |
+-----------+--------+--------+--------+--------+
|   Total   |    6   |    1   |  1344  |   741  |
+-----------+--------+--------+--------+--------+
