

================================================================
== Vitis HLS Report for 'adder_function_Pipeline_VITIS_LOOP_118_1'
================================================================
* Date:           Thu Apr  2 14:13:46 2026

* Version:        2025.1 (Build 6135595 on May 21 2025)
* Project:        vertex_map
* Solution:       hls (Vivado IP Flow Target)
* Product family: virtexuplusHBM
* Target device:  xcu55c-fsvh2892-2LV-e


================================================================
== Performance Estimates
================================================================
+ Timing: 
    * Summary: 
    +--------+---------+----------+------------+
    |  Clock |  Target | Estimated| Uncertainty|
    +--------+---------+----------+------------+
    |ap_clk  |  4.00 ns|  2.342 ns|     1.08 ns|
    +--------+---------+----------+------------+

+ Latency: 
    * Summary: 
    +---------+---------+----------+----------+-----+-----+------------------------------------------------+
    |  Latency (cycles) |  Latency (absolute) |  Interval |                    Pipeline                    |
    |   min   |   max   |    min   |    max   | min | max |                      Type                      |
    +---------+---------+----------+----------+-----+-----+------------------------------------------------+
    |        ?|        ?|         ?|         ?|    0|    0|  loop auto-rewind stp (delay=0 clock cycles(s))|
    +---------+---------+----------+----------+-----+-----+------------------------------------------------+

    + Detail: 
        * Instance: 
        N/A

        * Loop: 
        +--------------------+---------+---------+----------+-----------+-----------+------+----------+
        |                    |  Latency (cycles) | Iteration|  Initiation Interval  | Trip |          |
        |      Loop Name     |   min   |   max   |  Latency |  achieved |   target  | Count| Pipelined|
        +--------------------+---------+---------+----------+-----------+-----------+------+----------+
        |- VITIS_LOOP_118_1  |        ?|        ?|        10|          1|          1|     ?|       yes|
        +--------------------+---------+---------+----------+-----------+-----------+------+----------+

============================================================
+ Verbose Summary: Synthesis Manager
============================================================
InlineROM: 1
ExposeGlobal: 0
============================================================
+ Verbose Summary: CDFG Model
============================================================
IsTopModel: 0
ResetActiveHigh: 1
IsCombinational: 0
IsDatapathOnly: 0
HasWiredReturn: 1
HasMFsm: 2
HasVarLatency: 1
IsPipeline: 0
IsRtlPipelined: 0
IsInstanceOverlapped: 0
IsDontTouch: 0
HasImplIP: 0
IsGatedGlobalClock: 0

+ Individual pipeline summary: 
  * Pipeline-0: initiation interval (II) = 1, depth = 10


============================================================
+ Verbose Summary: Schedule
============================================================
* Number of FSM states : 10
* Pipeline : 1
  Pipeline-0 : II = 1, D = 10, States = { 1 2 3 4 5 6 7 8 9 10 }
* Dataflow Pipeline: 0

* FSM state transitions: 
1 --> 2 
2 --> 3 
3 --> 4 
4 --> 5 
5 --> 6 
6 --> 7 
7 --> 8 
8 --> 9 
9 --> 10 
10 --> 

* FSM state operations: 

State 1 <SV = 0> <Delay = 1.65>
ST_1 : Operation 13 [1/1] (0.00ns)   --->   "%i = alloca i32 1" [../pageRankReduce/pageRank.cpp:118]   --->   Operation 13 'alloca' 'i' <Predicate = true> <Delay = 0.00>
ST_1 : Operation 14 [1/1] (0.00ns)   --->   "%specinterface_ln0 = specinterface void @_ssdm_op_SpecInterface, i32 %adder_in_feed_0, void @empty_4, i32 0, i32 0, void @empty_16, i32 0, i32 0, void @empty_16, void @empty_16, void @empty_16, i32 0, i32 0, i32 0, i32 0, void @empty_16, void @empty_16, i32 4294967295, i32 0, i32 0"   --->   Operation 14 'specinterface' 'specinterface_ln0' <Predicate = true> <Delay = 0.00>
ST_1 : Operation 15 [1/1] (0.00ns)   --->   "%specinterface_ln0 = specinterface void @_ssdm_op_SpecInterface, i32 %adder_in_feed_1, void @empty_4, i32 0, i32 0, void @empty_16, i32 0, i32 0, void @empty_16, void @empty_16, void @empty_16, i32 0, i32 0, i32 0, i32 0, void @empty_16, void @empty_16, i32 4294967295, i32 0, i32 0"   --->   Operation 15 'specinterface' 'specinterface_ln0' <Predicate = true> <Delay = 0.00>
ST_1 : Operation 16 [1/1] (0.00ns)   --->   "%specinterface_ln0 = specinterface void @_ssdm_op_SpecInterface, i32 %adder_results, void @empty_4, i32 0, i32 0, void @empty_16, i32 0, i32 0, void @empty_16, void @empty_16, void @empty_16, i32 0, i32 0, i32 0, i32 0, void @empty_16, void @empty_16, i32 4294967295, i32 0, i32 0"   --->   Operation 16 'specinterface' 'specinterface_ln0' <Predicate = true> <Delay = 0.00>
ST_1 : Operation 17 [1/1] (0.00ns)   --->   "%v_size_read = read i32 @_ssdm_op_Read.ap_auto.i32, i32 %v_size" [../pageRankReduce/pageRank.cpp:108]   --->   Operation 17 'read' 'v_size_read' <Predicate = true> <Delay = 0.00>
ST_1 : Operation 18 [1/1] (0.38ns)   --->   "%store_ln118 = store i32 0, i32 %i" [../pageRankReduce/pageRank.cpp:118]   --->   Operation 18 'store' 'store_ln118' <Predicate = true> <Delay = 0.38>
ST_1 : Operation 19 [1/1] (0.00ns)   --->   "%br_ln118 = br void %for.inc" [../pageRankReduce/pageRank.cpp:118]   --->   Operation 19 'br' 'br_ln118' <Predicate = true> <Delay = 0.00>
ST_1 : Operation 20 [1/1] (0.00ns)   --->   "%i_7 = load i32 %i" [../pageRankReduce/pageRank.cpp:118]   --->   Operation 20 'load' 'i_7' <Predicate = true> <Delay = 0.00>
ST_1 : Operation 21 [1/1] (0.88ns)   --->   "%icmp_ln118 = icmp_eq  i32 %i_7, i32 %v_size_read" [../pageRankReduce/pageRank.cpp:118]   --->   Operation 21 'icmp' 'icmp_ln118' <Predicate = true> <Delay = 0.88> <CoreInst = "Cmp">   --->   Core 9 'Cmp' <Latency = 0> <II = 1> <Delay = 0.88> <FuncUnit> <Opcode : 'seteq' 'setne' 'setle' 'setge' 'setlt' 'setgt'> <InPorts = 2> <OutPorts = 1>
ST_1 : Operation 22 [1/1] (0.88ns)   --->   "%i_8 = add i32 %i_7, i32 1" [../pageRankReduce/pageRank.cpp:118]   --->   Operation 22 'add' 'i_8' <Predicate = true> <Delay = 0.88> <CoreInst = "Adder">   --->   Core 1 'Adder' <Latency = 0> <II = 1> <Delay = 0.88> <FuncUnit> <Opcode : 'add' 'sub'> <InPorts = 2> <OutPorts = 1>
ST_1 : Operation 23 [1/1] (0.00ns)   --->   "%br_ln118 = br i1 %icmp_ln118, void %for.inc.split, void %for.inc10.preheader.exitStub" [../pageRankReduce/pageRank.cpp:118]   --->   Operation 23 'br' 'br_ln118' <Predicate = true> <Delay = 0.00>
ST_1 : Operation 24 [1/1] (0.38ns)   --->   "%store_ln118 = store i32 %i_8, i32 %i" [../pageRankReduce/pageRank.cpp:118]   --->   Operation 24 'store' 'store_ln118' <Predicate = (!icmp_ln118)> <Delay = 0.38>

State 2 <SV = 1> <Delay = 1.14>
ST_2 : Operation 25 [1/1] ( I:1.14ns O:1.14ns )   --->   "%adder_in_feed_0_read = read i32 @_ssdm_op_Read.ap_fifo.volatile.i32P0A, i32 %adder_in_feed_0" [../pageRankReduce/pageRank.cpp:120]   --->   Operation 25 'read' 'adder_in_feed_0_read' <Predicate = true> <Delay = 1.14> <CoreInst = "FIFO">   --->   Core 77 'FIFO' <Latency = 0> <II = 1> <Delay = 1.14> <Storage> <Opcode : 'read' 'write' 'nbread' 'nbwrite'> <Ports = 0> <Width = 32> <Depth = 128> <FIFO>
ST_2 : Operation 26 [1/1] ( I:1.14ns O:1.14ns )   --->   "%adder_in_feed_1_read = read i32 @_ssdm_op_Read.ap_fifo.volatile.i32P0A, i32 %adder_in_feed_1" [../pageRankReduce/pageRank.cpp:120]   --->   Operation 26 'read' 'adder_in_feed_1_read' <Predicate = true> <Delay = 1.14> <CoreInst = "FIFO">   --->   Core 77 'FIFO' <Latency = 0> <II = 1> <Delay = 1.14> <Storage> <Opcode : 'read' 'write' 'nbread' 'nbwrite'> <Ports = 0> <Width = 32> <Depth = 128> <FIFO>

State 3 <SV = 2> <Delay = 2.34>
ST_3 : Operation 27 [1/1] (0.00ns)   --->   "%bitcast_ln120 = bitcast i32 %adder_in_feed_0_read" [../pageRankReduce/pageRank.cpp:120]   --->   Operation 27 'bitcast' 'bitcast_ln120' <Predicate = true> <Delay = 0.00>
ST_3 : Operation 28 [1/1] (0.00ns)   --->   "%bitcast_ln120_1 = bitcast i32 %adder_in_feed_1_read" [../pageRankReduce/pageRank.cpp:120]   --->   Operation 28 'bitcast' 'bitcast_ln120_1' <Predicate = true> <Delay = 0.00>
ST_3 : Operation 29 [7/7] (2.34ns)   --->   "%add = fadd i32 %bitcast_ln120, i32 %bitcast_ln120_1" [../pageRankReduce/pageRank.cpp:120]   --->   Operation 29 'fadd' 'add' <Predicate = true> <Delay = 2.34> <CoreInst = "FAddSub_fulldsp">   --->   Core 18 'FAddSub_fulldsp' <Latency = 6> <II = 1> <Delay = 2.34> <FuncUnit> <Opcode : 'fadd' 'fsub'> <InPorts = 2> <OutPorts = 1>

State 4 <SV = 3> <Delay = 2.34>
ST_4 : Operation 30 [6/7] (2.34ns)   --->   "%add = fadd i32 %bitcast_ln120, i32 %bitcast_ln120_1" [../pageRankReduce/pageRank.cpp:120]   --->   Operation 30 'fadd' 'add' <Predicate = true> <Delay = 2.34> <CoreInst = "FAddSub_fulldsp">   --->   Core 18 'FAddSub_fulldsp' <Latency = 6> <II = 1> <Delay = 2.34> <FuncUnit> <Opcode : 'fadd' 'fsub'> <InPorts = 2> <OutPorts = 1>

State 5 <SV = 4> <Delay = 2.34>
ST_5 : Operation 31 [5/7] (2.34ns)   --->   "%add = fadd i32 %bitcast_ln120, i32 %bitcast_ln120_1" [../pageRankReduce/pageRank.cpp:120]   --->   Operation 31 'fadd' 'add' <Predicate = true> <Delay = 2.34> <CoreInst = "FAddSub_fulldsp">   --->   Core 18 'FAddSub_fulldsp' <Latency = 6> <II = 1> <Delay = 2.34> <FuncUnit> <Opcode : 'fadd' 'fsub'> <InPorts = 2> <OutPorts = 1>

State 6 <SV = 5> <Delay = 2.34>
ST_6 : Operation 32 [4/7] (2.34ns)   --->   "%add = fadd i32 %bitcast_ln120, i32 %bitcast_ln120_1" [../pageRankReduce/pageRank.cpp:120]   --->   Operation 32 'fadd' 'add' <Predicate = true> <Delay = 2.34> <CoreInst = "FAddSub_fulldsp">   --->   Core 18 'FAddSub_fulldsp' <Latency = 6> <II = 1> <Delay = 2.34> <FuncUnit> <Opcode : 'fadd' 'fsub'> <InPorts = 2> <OutPorts = 1>

State 7 <SV = 6> <Delay = 2.34>
ST_7 : Operation 33 [3/7] (2.34ns)   --->   "%add = fadd i32 %bitcast_ln120, i32 %bitcast_ln120_1" [../pageRankReduce/pageRank.cpp:120]   --->   Operation 33 'fadd' 'add' <Predicate = true> <Delay = 2.34> <CoreInst = "FAddSub_fulldsp">   --->   Core 18 'FAddSub_fulldsp' <Latency = 6> <II = 1> <Delay = 2.34> <FuncUnit> <Opcode : 'fadd' 'fsub'> <InPorts = 2> <OutPorts = 1>

State 8 <SV = 7> <Delay = 2.34>
ST_8 : Operation 34 [2/7] (2.34ns)   --->   "%add = fadd i32 %bitcast_ln120, i32 %bitcast_ln120_1" [../pageRankReduce/pageRank.cpp:120]   --->   Operation 34 'fadd' 'add' <Predicate = true> <Delay = 2.34> <CoreInst = "FAddSub_fulldsp">   --->   Core 18 'FAddSub_fulldsp' <Latency = 6> <II = 1> <Delay = 2.34> <FuncUnit> <Opcode : 'fadd' 'fsub'> <InPorts = 2> <OutPorts = 1>

State 9 <SV = 8> <Delay = 2.34>
ST_9 : Operation 35 [1/7] (2.34ns)   --->   "%add = fadd i32 %bitcast_ln120, i32 %bitcast_ln120_1" [../pageRankReduce/pageRank.cpp:120]   --->   Operation 35 'fadd' 'add' <Predicate = true> <Delay = 2.34> <CoreInst = "FAddSub_fulldsp">   --->   Core 18 'FAddSub_fulldsp' <Latency = 6> <II = 1> <Delay = 2.34> <FuncUnit> <Opcode : 'fadd' 'fsub'> <InPorts = 2> <OutPorts = 1>
ST_9 : Operation 41 [1/1] (0.38ns)   --->   "%ret_ln0 = ret"   --->   Operation 41 'ret' 'ret_ln0' <Predicate = (icmp_ln118)> <Delay = 0.38>

State 10 <SV = 9> <Delay = 1.14>
ST_10 : Operation 36 [1/1] (0.00ns)   --->   "%specpipeline_ln119 = specpipeline void @_ssdm_op_SpecPipeline, i32 1, i32 0, i32 0, i32 0, void @empty_16" [../pageRankReduce/pageRank.cpp:119]   --->   Operation 36 'specpipeline' 'specpipeline_ln119' <Predicate = true> <Delay = 0.00>
ST_10 : Operation 37 [1/1] (0.00ns)   --->   "%specloopname_ln118 = specloopname void @_ssdm_op_SpecLoopName, void @empty_8" [../pageRankReduce/pageRank.cpp:118]   --->   Operation 37 'specloopname' 'specloopname_ln118' <Predicate = true> <Delay = 0.00>
ST_10 : Operation 38 [1/1] (0.00ns)   --->   "%bitcast_ln120_2 = bitcast i32 %add" [../pageRankReduce/pageRank.cpp:120]   --->   Operation 38 'bitcast' 'bitcast_ln120_2' <Predicate = true> <Delay = 0.00>
ST_10 : Operation 39 [1/1] ( I:1.14ns O:1.14ns )   --->   "%write_ln120 = write void @_ssdm_op_Write.ap_fifo.volatile.i32P0A, i32 %adder_results, i32 %bitcast_ln120_2" [../pageRankReduce/pageRank.cpp:120]   --->   Operation 39 'write' 'write_ln120' <Predicate = true> <Delay = 1.14> <CoreInst = "FIFO">   --->   Core 77 'FIFO' <Latency = 0> <II = 1> <Delay = 1.14> <Storage> <Opcode : 'read' 'write' 'nbread' 'nbwrite'> <Ports = 0> <Width = 32> <Depth = 128> <FIFO>
ST_10 : Operation 40 [1/1] (0.00ns)   --->   "%br_ln118 = br void %for.inc" [../pageRankReduce/pageRank.cpp:118]   --->   Operation 40 'br' 'br_ln118' <Predicate = true> <Delay = 0.00>


============================================================
+ Verbose Summary: Timing violations
============================================================
Target clock period: 4.000ns, clock uncertainty: 1.080ns.

 <State 1>: 1.654ns
The critical path consists of the following:
	'store' operation 0 bit ('store_ln118', ../pageRankReduce/pageRank.cpp:118) of constant 0 on local variable 'i', ../pageRankReduce/pageRank.cpp:118 [10]  (0.387 ns)
	'load' operation 32 bit ('i', ../pageRankReduce/pageRank.cpp:118) on local variable 'i', ../pageRankReduce/pageRank.cpp:118 [13]  (0.000 ns)
	'icmp' operation 1 bit ('icmp_ln118', ../pageRankReduce/pageRank.cpp:118) [14]  (0.880 ns)
	'store' operation 0 bit ('store_ln118', ../pageRankReduce/pageRank.cpp:118) of variable 'i', ../pageRankReduce/pageRank.cpp:118 on local variable 'i', ../pageRankReduce/pageRank.cpp:118 [27]  (0.387 ns)

 <State 2>: 1.140ns
The critical path consists of the following:
	fifo read operation ('adder_in_feed_0_read', ../pageRankReduce/pageRank.cpp:120) on port 'adder_in_feed_0' (../pageRankReduce/pageRank.cpp:120) [20]  (1.140 ns)

 <State 3>: 2.342ns
The critical path consists of the following:
	'fadd' operation 32 bit ('add', ../pageRankReduce/pageRank.cpp:120) [24]  (2.342 ns)

 <State 4>: 2.342ns
The critical path consists of the following:
	'fadd' operation 32 bit ('add', ../pageRankReduce/pageRank.cpp:120) [24]  (2.342 ns)

 <State 5>: 2.342ns
The critical path consists of the following:
	'fadd' operation 32 bit ('add', ../pageRankReduce/pageRank.cpp:120) [24]  (2.342 ns)

 <State 6>: 2.342ns
The critical path consists of the following:
	'fadd' operation 32 bit ('add', ../pageRankReduce/pageRank.cpp:120) [24]  (2.342 ns)

 <State 7>: 2.342ns
The critical path consists of the following:
	'fadd' operation 32 bit ('add', ../pageRankReduce/pageRank.cpp:120) [24]  (2.342 ns)

 <State 8>: 2.342ns
The critical path consists of the following:
	'fadd' operation 32 bit ('add', ../pageRankReduce/pageRank.cpp:120) [24]  (2.342 ns)

 <State 9>: 2.342ns
The critical path consists of the following:
	'fadd' operation 32 bit ('add', ../pageRankReduce/pageRank.cpp:120) [24]  (2.342 ns)

 <State 10>: 1.140ns
The critical path consists of the following:
	fifo write operation ('write_ln120', ../pageRankReduce/pageRank.cpp:120) on port 'adder_results' (../pageRankReduce/pageRank.cpp:120) [26]  (1.140 ns)


============================================================
+ Verbose Summary: Binding
============================================================
N/A
* FSMD analyzer results:
  - Output states:
 - Input state : 
  - Chain level:
	State 1
	State 2
	State 3
	State 4
	State 5
	State 6
	State 7
	State 8
	State 9
	State 10


============================================================
+ Verbose Summary: Datapath Resource usage 
============================================================
N/A
