

================================================================
== Vitis HLS Report for 'feed_adder_value'
================================================================
* Date:           Thu Apr  2 14:13:46 2026

* Version:        2025.1 (Build 6135595 on May 21 2025)
* Project:        vertex_map
* Solution:       hls (Vivado IP Flow Target)
* Product family: virtexuplusHBM
* Target device:  xcu55c-fsvh2892-2LV-e


================================================================
== Performance Estimates
================================================================
+ Timing: 
    * Summary: 
    +--------+---------+----------+------------+
    |  Clock |  Target | Estimated| Uncertainty|
    +--------+---------+----------+------------+
    |ap_clk  |  4.00 ns|  2.280 ns|     1.08 ns|
    +--------+---------+----------+------------+

+ Latency: 
    * Summary: 
    +---------+---------+----------+----------+-----+-----+---------+
    |  Latency (cycles) |  Latency (absolute) |  Interval | Pipeline|
    |   min   |   max   |    min   |    max   | min | max |   Type  |
    +---------+---------+----------+----------+-----+-----+---------+
    |        ?|        ?|         ?|         ?|    ?|    ?|       no|
    +---------+---------+----------+----------+-----+-----+---------+

    + Detail: 
        * Instance: 
        +------------------------------------------------------+--------------------------------------------+---------+---------+-----------+-----------+-----+-----+------------------------------------------------+
        |                                                      |                                            |  Latency (cycles) |   Latency (absolute)  |  Interval |                    Pipeline                    |
        |                       Instance                       |                   Module                   |   min   |   max   |    min    |    max    | min | max |                      Type                      |
        +------------------------------------------------------+--------------------------------------------+---------+---------+-----------+-----------+-----+-----+------------------------------------------------+
        |grp_feed_adder_value_Pipeline_VITIS_LOOP_136_1_fu_30  |feed_adder_value_Pipeline_VITIS_LOOP_136_1  |       12|       12|  48.000 ns|  48.000 ns|   11|   11|  loop auto-rewind stp (delay=0 clock cycles(s))|
        |grp_feed_adder_value_Pipeline_VITIS_LOOP_141_2_fu_36  |feed_adder_value_Pipeline_VITIS_LOOP_141_2  |        ?|        ?|          ?|          ?|    0|    0|  loop auto-rewind stp (delay=0 clock cycles(s))|
        +------------------------------------------------------+--------------------------------------------+---------+---------+-----------+-----------+-----+-----+------------------------------------------------+

        * Loop: 
        N/A

============================================================
+ Verbose Summary: Synthesis Manager
============================================================
InlineROM: 1
ExposeGlobal: 0
============================================================
+ Verbose Summary: CDFG Model
============================================================
IsTopModel: 0
ResetActiveHigh: 1
IsCombinational: 2
IsDatapathOnly: 0
HasWiredReturn: 1
HasMFsm: 0
HasVarLatency: 1
IsPipeline: 0
IsRtlPipelined: 0
IsInstanceOverlapped: 0
IsDontTouch: 0
HasImplIP: 0
IsGatedGlobalClock: 0


============================================================
+ Verbose Summary: Schedule
============================================================
* Number of FSM states : 4
* Pipeline : 0
* Dataflow Pipeline: 0

* FSM state transitions: 
1 --> 2 
2 --> 3 
3 --> 4 
4 --> 

* FSM state operations: 

State 1 <SV = 0> <Delay = 1.43>
ST_1 : Operation 5 [1/1] ( I:1.43ns O:1.43ns )   --->   "%v_size = read i32 @_ssdm_op_Read.ap_fifo.volatile.i32P0A, i32 %v_size_1" [../pageRankReduce/pageRank.cpp:134]   --->   Operation 5 'read' 'v_size' <Predicate = true> <Delay = 1.43> <CoreInst = "FIFO_SRL">   --->   Core 80 'FIFO_SRL' <Latency = 0> <II = 1> <Delay = 1.43> <Storage> <Opcode : 'read' 'write' 'nbread' 'nbwrite'> <Ports = 0> <Width = 32> <Depth = 9> <FIFO>
ST_1 : Operation 6 [1/1] (0.00ns)   --->   "%fence_ln136 = fence void @_ssdm_op_Fence, i32 %v_size_1, i32 4294967295, i32 %adder_in_feed_0, i32 0" [../pageRankReduce/pageRank.cpp:136]   --->   Operation 6 'fence' 'fence_ln136' <Predicate = true> <Delay = 0.00>
ST_1 : Operation 7 [2/2] (0.00ns)   --->   "%call_ln0 = call void @feed_adder_value_Pipeline_VITIS_LOOP_136_1, i32 %adder_in_feed_0"   --->   Operation 7 'call' 'call_ln0' <Predicate = true> <Delay = 0.00> <CoreType = "Generic">   --->   Generic Core

State 2 <SV = 1> <Delay = 1.48>
ST_2 : Operation 8 [1/2] (1.48ns)   --->   "%call_ln0 = call void @feed_adder_value_Pipeline_VITIS_LOOP_136_1, i32 %adder_in_feed_0"   --->   Operation 8 'call' 'call_ln0' <Predicate = true> <Delay = 1.48> <CoreType = "Generic">   --->   Generic Core

State 3 <SV = 2> <Delay = 1.26>
ST_3 : Operation 9 [1/1] (0.00ns)   --->   "%fence_ln141 = fence void @_ssdm_op_Fence, i32 %adder_in_feed_0, i32 4294967295, i32 %adder_results, i32 %adder_in_feed_0, i32 0" [../pageRankReduce/pageRank.cpp:141]   --->   Operation 9 'fence' 'fence_ln141' <Predicate = true> <Delay = 0.00>
ST_3 : Operation 10 [1/1] (0.00ns)   --->   "%fence_ln141 = fence void @_ssdm_op_Fence, i32 %v_size_1, i32 %adder_in_feed_0, i32 4294967295, i32 %adder_results, i32 %adder_in_feed_0, i32 0" [../pageRankReduce/pageRank.cpp:141]   --->   Operation 10 'fence' 'fence_ln141' <Predicate = true> <Delay = 0.00>
ST_3 : Operation 11 [2/2] (1.26ns)   --->   "%call_ln134 = call void @feed_adder_value_Pipeline_VITIS_LOOP_141_2, i32 %v_size, i32 %adder_results, i32 %adder_in_feed_0" [../pageRankReduce/pageRank.cpp:134]   --->   Operation 11 'call' 'call_ln134' <Predicate = true> <Delay = 1.26> <CoreType = "Generic">   --->   Generic Core

State 4 <SV = 3> <Delay = 1.65>
ST_4 : Operation 12 [1/1] (0.00ns)   --->   "%specinterface_ln0 = specinterface void @_ssdm_op_SpecInterface, i32 %v_size_1, void @empty_4, i32 0, i32 0, void @empty_16, i32 0, i32 0, void @empty_16, void @empty_16, void @empty_16, i32 0, i32 0, i32 0, i32 0, void @empty_16, void @empty_16, i32 4294967295, i32 0, i32 0"   --->   Operation 12 'specinterface' 'specinterface_ln0' <Predicate = true> <Delay = 0.00>
ST_4 : Operation 13 [1/1] (0.00ns)   --->   "%specinterface_ln0 = specinterface void @_ssdm_op_SpecInterface, i32 %adder_results, void @empty_4, i32 0, i32 0, void @empty_16, i32 0, i32 0, void @empty_16, void @empty_16, void @empty_16, i32 0, i32 0, i32 0, i32 0, void @empty_16, void @empty_16, i32 4294967295, i32 0, i32 0"   --->   Operation 13 'specinterface' 'specinterface_ln0' <Predicate = true> <Delay = 0.00>
ST_4 : Operation 14 [1/1] (0.00ns)   --->   "%specinterface_ln0 = specinterface void @_ssdm_op_SpecInterface, i32 %adder_in_feed_0, void @empty_4, i32 0, i32 0, void @empty_16, i32 0, i32 0, void @empty_16, void @empty_16, void @empty_16, i32 0, i32 0, i32 0, i32 0, void @empty_16, void @empty_16, i32 4294967295, i32 0, i32 0"   --->   Operation 14 'specinterface' 'specinterface_ln0' <Predicate = true> <Delay = 0.00>
ST_4 : Operation 15 [1/2] (1.65ns)   --->   "%call_ln134 = call void @feed_adder_value_Pipeline_VITIS_LOOP_141_2, i32 %v_size, i32 %adder_results, i32 %adder_in_feed_0" [../pageRankReduce/pageRank.cpp:134]   --->   Operation 15 'call' 'call_ln134' <Predicate = true> <Delay = 1.65> <CoreType = "Generic">   --->   Generic Core
ST_4 : Operation 16 [1/1] (0.00ns)   --->   "%ret_ln145 = ret" [../pageRankReduce/pageRank.cpp:145]   --->   Operation 16 'ret' 'ret_ln145' <Predicate = true> <Delay = 0.00>


============================================================
+ Verbose Summary: Binding
============================================================
STG Binding: 
---------------- STG Properties BEGIN ----------------
- Is combinational: 0
- Is one-state seq: 0
- Is datapath-only: 0
- Is pipelined: 0
- Is top level: 0
Port [ Return ] is wired: 1; IO mode=ap_ctrl_hs:ce=0
Port [ v_size_1]:  wired=1; compound=1; hidden=0; nouse=0; global=0; static=0; extern=0; dir=0; type=3; pingpong=0; private_global=0; IO mode=ap_fifo:ce=0
Port [ adder_results]:  wired=1; compound=1; hidden=0; nouse=0; global=0; static=0; extern=0; dir=0; type=3; pingpong=0; private_global=0; IO mode=ap_fifo:ce=0
Port [ adder_in_feed_0]:  wired=1; compound=1; hidden=0; nouse=0; global=0; static=0; extern=0; dir=1; type=3; pingpong=0; private_global=0; IO mode=ap_fifo:ce=0
---------------- STG Properties END ------------------

---------------- Datapath Model BEGIN ----------------

<LifeTime>
<method=bitvector/>
v_size            (read         ) [ 00111]
fence_ln136       (fence        ) [ 00000]
call_ln0          (call         ) [ 00000]
fence_ln141       (fence        ) [ 00000]
fence_ln141       (fence        ) [ 00000]
specinterface_ln0 (specinterface) [ 00000]
specinterface_ln0 (specinterface) [ 00000]
specinterface_ln0 (specinterface) [ 00000]
call_ln134        (call         ) [ 00000]
ret_ln145         (ret          ) [ 00000]
</LifeTime>

<model>

<comp_list>
<comp id="0" class="1000" name="v_size_1">
<pin_list>
<pin id="1" dir="1" index="0" bw="1" slack="0"/>
</pin_list>
<bind>
<StgValue><ssdm name="v_size_1"/></StgValue>
</bind>
</comp>

<comp id="2" class="1000" name="adder_results">
<pin_list>
<pin id="3" dir="1" index="0" bw="1" slack="0"/>
</pin_list>
<bind>
<StgValue><ssdm name="adder_results"/></StgValue>
</bind>
</comp>

<comp id="4" class="1000" name="adder_in_feed_0">
<pin_list>
<pin id="5" dir="1" index="0" bw="1" slack="0"/>
</pin_list>
<bind>
<StgValue><ssdm name="adder_in_feed_0"/></StgValue>
</bind>
</comp>

<comp id="6" class="1001" name="const_6">
<pin_list>
<pin id="7" dir="1" index="0" bw="1" slack="0"/>
</pin_list>
<bind>
<StgValue><ssdm name="_ssdm_op_Read.ap_fifo.volatile.i32P0A"/></StgValue>
</bind>
</comp>

<comp id="8" class="1001" name="const_8">
<pin_list>
<pin id="9" dir="1" index="0" bw="1" slack="0"/>
</pin_list>
<bind>
<StgValue><ssdm name="_ssdm_op_Fence"/></StgValue>
</bind>
</comp>

<comp id="10" class="1001" name="const_10">
<pin_list>
<pin id="11" dir="1" index="0" bw="1" slack="0"/>
</pin_list>
<bind>
<StgValue><ssdm name=""/></StgValue>
</bind>
</comp>

<comp id="12" class="1001" name="const_12">
<pin_list>
<pin id="13" dir="1" index="0" bw="1" slack="0"/>
</pin_list>
<bind>
<StgValue><ssdm name=""/></StgValue>
</bind>
</comp>

<comp id="14" class="1001" name="const_14">
<pin_list>
<pin id="15" dir="1" index="0" bw="1" slack="0"/>
</pin_list>
<bind>
<StgValue><ssdm name="feed_adder_value_Pipeline_VITIS_LOOP_136_1"/></StgValue>
</bind>
</comp>

<comp id="16" class="1001" name="const_16">
<pin_list>
<pin id="17" dir="1" index="0" bw="1" slack="0"/>
</pin_list>
<bind>
<StgValue><ssdm name="feed_adder_value_Pipeline_VITIS_LOOP_141_2"/></StgValue>
</bind>
</comp>

<comp id="18" class="1001" name="const_18">
<pin_list>
<pin id="19" dir="1" index="0" bw="1" slack="2147483647"/>
</pin_list>
<bind>
<StgValue><ssdm name="_ssdm_op_SpecInterface"/></StgValue>
</bind>
</comp>

<comp id="20" class="1001" name="const_20">
<pin_list>
<pin id="21" dir="1" index="0" bw="1" slack="2147483647"/>
</pin_list>
<bind>
<StgValue><ssdm name="empty_4"/></StgValue>
</bind>
</comp>

<comp id="22" class="1001" name="const_22">
<pin_list>
<pin id="23" dir="1" index="0" bw="1" slack="2147483647"/>
</pin_list>
<bind>
<StgValue><ssdm name="empty_16"/></StgValue>
</bind>
</comp>

<comp id="24" class="1004" name="v_size_read_fu_24">
<pin_list>
<pin id="25" dir="0" index="0" bw="32" slack="0"/>
<pin id="26" dir="0" index="1" bw="32" slack="0"/>
<pin id="27" dir="1" index="2" bw="32" slack="2"/>
</pin_list>
<bind>
<opcode="read(1150) " fcode="read"/>
<opset="v_size/1 "/>
</bind>
</comp>

<comp id="30" class="1004" name="grp_feed_adder_value_Pipeline_VITIS_LOOP_136_1_fu_30">
<pin_list>
<pin id="31" dir="0" index="0" bw="0" slack="0"/>
<pin id="32" dir="0" index="1" bw="32" slack="0"/>
<pin id="33" dir="1" index="2" bw="0" slack="2147483647"/>
</pin_list>
<bind>
<opcode="call(48) " fcode="call"/>
<opset="call_ln0/1 "/>
</bind>
</comp>

<comp id="36" class="1004" name="grp_feed_adder_value_Pipeline_VITIS_LOOP_141_2_fu_36">
<pin_list>
<pin id="37" dir="0" index="0" bw="0" slack="0"/>
<pin id="38" dir="0" index="1" bw="32" slack="2"/>
<pin id="39" dir="0" index="2" bw="32" slack="0"/>
<pin id="40" dir="0" index="3" bw="32" slack="0"/>
<pin id="41" dir="1" index="4" bw="0" slack="2147483647"/>
</pin_list>
<bind>
<opcode="call(48) " fcode="call"/>
<opset="call_ln134/3 "/>
</bind>
</comp>

<comp id="45" class="1004" name="fence_ln136_fu_45">
<pin_list>
<pin id="46" dir="0" index="0" bw="0" slack="0"/>
<pin id="47" dir="0" index="1" bw="32" slack="0"/>
<pin id="48" dir="0" index="2" bw="1" slack="0"/>
<pin id="49" dir="0" index="3" bw="32" slack="0"/>
<pin id="50" dir="0" index="4" bw="1" slack="0"/>
<pin id="51" dir="1" index="5" bw="0" slack="2147483647"/>
</pin_list>
<bind>
<opcode="fence(30) " fcode="fence"/>
<opset="fence_ln136/1 "/>
</bind>
</comp>

<comp id="57" class="1004" name="fence_ln141_fu_57">
<pin_list>
<pin id="58" dir="0" index="0" bw="0" slack="0"/>
<pin id="59" dir="0" index="1" bw="32" slack="0"/>
<pin id="60" dir="0" index="2" bw="1" slack="0"/>
<pin id="61" dir="0" index="3" bw="32" slack="0"/>
<pin id="62" dir="0" index="4" bw="32" slack="0"/>
<pin id="63" dir="0" index="5" bw="1" slack="0"/>
<pin id="64" dir="1" index="6" bw="0" slack="2147483647"/>
</pin_list>
<bind>
<opcode="fence(30) " fcode="fence"/>
<opset="fence_ln141/3 "/>
</bind>
</comp>

<comp id="71" class="1004" name="fence_ln141_fu_71">
<pin_list>
<pin id="72" dir="0" index="0" bw="0" slack="0"/>
<pin id="73" dir="0" index="1" bw="32" slack="0"/>
<pin id="74" dir="0" index="2" bw="32" slack="0"/>
<pin id="75" dir="0" index="3" bw="1" slack="0"/>
<pin id="76" dir="0" index="4" bw="32" slack="0"/>
<pin id="77" dir="0" index="5" bw="32" slack="0"/>
<pin id="78" dir="0" index="6" bw="1" slack="0"/>
<pin id="79" dir="1" index="7" bw="0" slack="2147483647"/>
</pin_list>
<bind>
<opcode="fence(30) " fcode="fence"/>
<opset="fence_ln141/3 "/>
</bind>
</comp>

<comp id="87" class="1005" name="v_size_reg_87">
<pin_list>
<pin id="88" dir="0" index="0" bw="32" slack="2"/>
<pin id="89" dir="1" index="1" bw="32" slack="2"/>
</pin_list>
<bind>
<opset="v_size "/>
</bind>
</comp>

</comp_list>

<net_list>
<net id="28"><net_src comp="6" pin="0"/><net_sink comp="24" pin=0"/></net>

<net id="29"><net_src comp="0" pin="0"/><net_sink comp="24" pin=1"/></net>

<net id="34"><net_src comp="14" pin="0"/><net_sink comp="30" pin=0"/></net>

<net id="35"><net_src comp="4" pin="0"/><net_sink comp="30" pin=1"/></net>

<net id="42"><net_src comp="16" pin="0"/><net_sink comp="36" pin=0"/></net>

<net id="43"><net_src comp="2" pin="0"/><net_sink comp="36" pin=2"/></net>

<net id="44"><net_src comp="4" pin="0"/><net_sink comp="36" pin=3"/></net>

<net id="52"><net_src comp="8" pin="0"/><net_sink comp="45" pin=0"/></net>

<net id="53"><net_src comp="0" pin="0"/><net_sink comp="45" pin=1"/></net>

<net id="54"><net_src comp="10" pin="0"/><net_sink comp="45" pin=2"/></net>

<net id="55"><net_src comp="4" pin="0"/><net_sink comp="45" pin=3"/></net>

<net id="56"><net_src comp="12" pin="0"/><net_sink comp="45" pin=4"/></net>

<net id="65"><net_src comp="8" pin="0"/><net_sink comp="57" pin=0"/></net>

<net id="66"><net_src comp="4" pin="0"/><net_sink comp="57" pin=1"/></net>

<net id="67"><net_src comp="10" pin="0"/><net_sink comp="57" pin=2"/></net>

<net id="68"><net_src comp="2" pin="0"/><net_sink comp="57" pin=3"/></net>

<net id="69"><net_src comp="4" pin="0"/><net_sink comp="57" pin=4"/></net>

<net id="70"><net_src comp="12" pin="0"/><net_sink comp="57" pin=5"/></net>

<net id="80"><net_src comp="8" pin="0"/><net_sink comp="71" pin=0"/></net>

<net id="81"><net_src comp="0" pin="0"/><net_sink comp="71" pin=1"/></net>

<net id="82"><net_src comp="4" pin="0"/><net_sink comp="71" pin=2"/></net>

<net id="83"><net_src comp="10" pin="0"/><net_sink comp="71" pin=3"/></net>

<net id="84"><net_src comp="2" pin="0"/><net_sink comp="71" pin=4"/></net>

<net id="85"><net_src comp="4" pin="0"/><net_sink comp="71" pin=5"/></net>

<net id="86"><net_src comp="12" pin="0"/><net_sink comp="71" pin=6"/></net>

<net id="90"><net_src comp="24" pin="2"/><net_sink comp="87" pin=0"/></net>

<net id="91"><net_src comp="87" pin="1"/><net_sink comp="36" pin=1"/></net>

</net_list>

</model> 
---------------- Datapath Model END ------------------

* FSMD analyzer results:
  - Output states:
	Port: adder_in_feed_0 | {1 2 3 4 }
 - Input state : 
	Port: feed_adder_value : v_size_1 | {1 }
	Port: feed_adder_value : adder_results | {3 4 }
  - Chain level:
	State 1
	State 2
	State 3
	State 4


============================================================
+ Verbose Summary: Datapath Resource usage 
============================================================

* Functional unit list:
|----------|------------------------------------------------------|---------|---------|
| Operation|                    Functional Unit                   |    FF   |   LUT   |
|----------|------------------------------------------------------|---------|---------|
|   call   | grp_feed_adder_value_Pipeline_VITIS_LOOP_136_1_fu_30 |    4    |    24   |
|          | grp_feed_adder_value_Pipeline_VITIS_LOOP_141_2_fu_36 |    32   |    78   |
|----------|------------------------------------------------------|---------|---------|
|   read   |                   v_size_read_fu_24                  |    0    |    0    |
|----------|------------------------------------------------------|---------|---------|
|          |                   fence_ln136_fu_45                  |    0    |    0    |
|   fence  |                   fence_ln141_fu_57                  |    0    |    0    |
|          |                   fence_ln141_fu_71                  |    0    |    0    |
|----------|------------------------------------------------------|---------|---------|
|   Total  |                                                      |    36   |   102   |
|----------|------------------------------------------------------|---------|---------|

Memories:
N/A

* Register list:
+-------------+--------+
|             |   FF   |
+-------------+--------+
|v_size_reg_87|   32   |
+-------------+--------+
|    Total    |   32   |
+-------------+--------+

* Multiplexer (MUX) list: 
|--------|------|------|------|--------|
|  Comp  |  Pin | Size |  BW  | S x BW |
|--------|------|------|------|--------|
|  Total |      |      |      |    0   |
|--------|------|------|------|--------|



* Summary:
+-----------+--------+--------+
|           |   FF   |   LUT  |
+-----------+--------+--------+
|  Function |   36   |   102  |
|   Memory  |    -   |    -   |
|Multiplexer|    -   |    -   |
|  Register |   32   |    -   |
+-----------+--------+--------+
|   Total   |   68   |   102  |
+-----------+--------+--------+
