

================================================================
== Vitis HLS Report for 'readVertex'
================================================================
* Date:           Thu Apr  2 14:13:49 2026

* Version:        2025.1 (Build 6135595 on May 21 2025)
* Project:        vertex_map
* Solution:       hls (Vivado IP Flow Target)
* Product family: virtexuplusHBM
* Target device:  xcu55c-fsvh2892-2LV-e


================================================================
== Performance Estimates
================================================================
+ Timing: 
    * Summary: 
    +--------+---------+----------+------------+
    |  Clock |  Target | Estimated| Uncertainty|
    +--------+---------+----------+------------+
    |ap_clk  |  4.00 ns|  2.920 ns|     1.08 ns|
    +--------+---------+----------+------------+

+ Latency: 
    * Summary: 
    +---------+---------+----------+----------+-----+-----+---------+
    |  Latency (cycles) |  Latency (absolute) |  Interval | Pipeline|
    |   min   |   max   |    min   |    max   | min | max |   Type  |
    +---------+---------+----------+----------+-----+-----+---------+
    |        ?|        ?|         ?|         ?|    ?|    ?|       no|
    +---------+---------+----------+----------+-----+-----+---------+

    + Detail: 
        * Instance: 
        +-----------------------------------------------+-------------------------------------+---------+---------+----------+----------+-----+-----+------------------------------------------------+
        |                                               |                                     |  Latency (cycles) |  Latency (absolute) |  Interval |                    Pipeline                    |
        |                    Instance                   |                Module               |   min   |   max   |    min   |    max   | min | max |                      Type                      |
        +-----------------------------------------------+-------------------------------------+---------+---------+----------+----------+-----+-----+------------------------------------------------+
        |grp_readVertex_Pipeline_VITIS_LOOP_95_1_fu_88  |readVertex_Pipeline_VITIS_LOOP_95_1  |        ?|        ?|         ?|         ?|    0|    0|  loop auto-rewind stp (delay=0 clock cycles(s))|
        +-----------------------------------------------+-------------------------------------+---------+---------+----------+----------+-----+-----+------------------------------------------------+

        * Loop: 
        N/A



================================================================
== Utilization Estimates
================================================================
* Summary: 
+---------------------+---------+------+---------+---------+-----+
|         Name        | BRAM_18K|  DSP |    FF   |   LUT   | URAM|
+---------------------+---------+------+---------+---------+-----+
|DSP                  |        -|     -|        -|        -|    -|
|Expression           |        -|     -|        0|        2|    -|
|FIFO                 |        -|     -|        -|        -|    -|
|Instance             |        -|     -|      876|     1791|    -|
|Memory               |        -|     -|        -|        -|    -|
|Multiplexer          |        -|     -|        0|       59|    -|
|Register             |        -|     -|      356|        -|    -|
+---------------------+---------+------+---------+---------+-----+
|Total                |        0|     0|     1232|     1852|    0|
+---------------------+---------+------+---------+---------+-----+
|Available SLR        |     1344|  3008|   869120|   434560|  320|
+---------------------+---------+------+---------+---------+-----+
|Utilization SLR (%)  |        0|     0|       ~0|       ~0|    0|
+---------------------+---------+------+---------+---------+-----+
|Available            |     4032|  9024|  2607360|  1303680|  960|
+---------------------+---------+------+---------+---------+-----+
|Utilization (%)      |        0|     0|       ~0|       ~0|    0|
+---------------------+---------+------+---------+---------+-----+

+ Detail: 
    * Instance: 
    +-----------------------------------------------+-------------------------------------+---------+----+-----+------+-----+
    |                    Instance                   |                Module               | BRAM_18K| DSP|  FF |  LUT | URAM|
    +-----------------------------------------------+-------------------------------------+---------+----+-----+------+-----+
    |grp_readVertex_Pipeline_VITIS_LOOP_95_1_fu_88  |readVertex_Pipeline_VITIS_LOOP_95_1  |        0|   0|  876|  1791|    0|
    +-----------------------------------------------+-------------------------------------+---------+----+-----+------+-----+
    |Total                                          |                                     |        0|   0|  876|  1791|    0|
    +-----------------------------------------------+-------------------------------------+---------+----+-----+------+-----+

    * DSP: 
    N/A

    * Memory: 
    N/A

    * FIFO: 
    N/A

    * Expression: 
    +-----------------+----------+----+---+----+------------+------------+
    |  Variable Name  | Operation| DSP| FF| LUT| Bitwidth P0| Bitwidth P1|
    +-----------------+----------+----+---+----+------------+------------+
    |ap_block_state1  |        or|   0|  0|   2|           1|           1|
    +-----------------+----------+----+---+----+------------+------------+
    |Total            |          |   0|  0|   2|           1|           1|
    +-----------------+----------+----+---+----+------------+------------+

    * Multiplexer: 
    +---------------------------+----+-----------+-----+-----------+
    |            Name           | LUT| Input Size| Bits| Total Bits|
    +---------------------------+----+-----------+-----+-----------+
    |Pcurrs_blk_n               |   9|          2|    1|          2|
    |adj_lists_blk_n            |   9|          2|    1|          2|
    |ap_NS_fsm                  |  14|          3|    1|          3|
    |ap_done                    |   9|          2|    1|          2|
    |v_neighbours_stream_blk_n  |   9|          2|    1|          2|
    |v_size_0_blk_n             |   9|          2|    1|          2|
    +---------------------------+----+-----------+-----+-----------+
    |Total                      |  59|         13|    6|         13|
    +---------------------------+----+-----------+-----+-----------+

    * Register: 
    +------------------------------------------------------------+----+----+-----+-----------+
    |                            Name                            | FF | LUT| Bits| Const Bits|
    +------------------------------------------------------------+----+----+-----+-----------+
    |Pcurr_reg_153                                               |  64|   0|   64|          0|
    |adj_list_reg_148                                            |  64|   0|   64|          0|
    |ap_CS_fsm                                                   |   2|   0|    2|          0|
    |ap_done_reg                                                 |   1|   0|    1|          0|
    |grp_readVertex_Pipeline_VITIS_LOOP_95_1_fu_88_ap_start_reg  |   1|   0|    1|          0|
    |mem0_read_reg_133                                           |  64|   0|   64|          0|
    |mem1_read_reg_128                                           |  64|   0|   64|          0|
    |v_neighbours_reg_138                                        |  64|   0|   64|          0|
    |v_size_reg_143                                              |  32|   0|   32|          0|
    +------------------------------------------------------------+----+----+-----+-----------+
    |Total                                                       | 356|   0|  356|          0|
    +------------------------------------------------------------+----+----+-----+-----------+



================================================================
== Interface
================================================================
* Summary: 
+------------------------------------+-----+-----+------------+---------------------+--------------+
|              RTL Ports             | Dir | Bits|  Protocol  |    Source Object    |    C Type    |
+------------------------------------+-----+-----+------------+---------------------+--------------+
|ap_clk                              |   in|    1|  ap_ctrl_hs|           readVertex|  return value|
|ap_rst                              |   in|    1|  ap_ctrl_hs|           readVertex|  return value|
|ap_start                            |   in|    1|  ap_ctrl_hs|           readVertex|  return value|
|ap_done                             |  out|    1|  ap_ctrl_hs|           readVertex|  return value|
|ap_continue                         |   in|    1|  ap_ctrl_hs|           readVertex|  return value|
|ap_idle                             |  out|    1|  ap_ctrl_hs|           readVertex|  return value|
|ap_ready                            |  out|    1|  ap_ctrl_hs|           readVertex|  return value|
|m_axi_gmem_CHN_1_0_AWVALID          |  out|    1|       m_axi|                 gmem|       pointer|
|m_axi_gmem_CHN_1_0_AWREADY          |   in|    1|       m_axi|                 gmem|       pointer|
|m_axi_gmem_CHN_1_0_AWADDR           |  out|   64|       m_axi|                 gmem|       pointer|
|m_axi_gmem_CHN_1_0_AWID             |  out|    1|       m_axi|                 gmem|       pointer|
|m_axi_gmem_CHN_1_0_AWLEN            |  out|   32|       m_axi|                 gmem|       pointer|
|m_axi_gmem_CHN_1_0_AWSIZE           |  out|    3|       m_axi|                 gmem|       pointer|
|m_axi_gmem_CHN_1_0_AWBURST          |  out|    2|       m_axi|                 gmem|       pointer|
|m_axi_gmem_CHN_1_0_AWLOCK           |  out|    2|       m_axi|                 gmem|       pointer|
|m_axi_gmem_CHN_1_0_AWCACHE          |  out|    4|       m_axi|                 gmem|       pointer|
|m_axi_gmem_CHN_1_0_AWPROT           |  out|    3|       m_axi|                 gmem|       pointer|
|m_axi_gmem_CHN_1_0_AWQOS            |  out|    4|       m_axi|                 gmem|       pointer|
|m_axi_gmem_CHN_1_0_AWREGION         |  out|    4|       m_axi|                 gmem|       pointer|
|m_axi_gmem_CHN_1_0_AWUSER           |  out|    1|       m_axi|                 gmem|       pointer|
|m_axi_gmem_CHN_1_0_WVALID           |  out|    1|       m_axi|                 gmem|       pointer|
|m_axi_gmem_CHN_1_0_WREADY           |   in|    1|       m_axi|                 gmem|       pointer|
|m_axi_gmem_CHN_1_0_WDATA            |  out|   64|       m_axi|                 gmem|       pointer|
|m_axi_gmem_CHN_1_0_WSTRB            |  out|    8|       m_axi|                 gmem|       pointer|
|m_axi_gmem_CHN_1_0_WLAST            |  out|    1|       m_axi|                 gmem|       pointer|
|m_axi_gmem_CHN_1_0_WID              |  out|    1|       m_axi|                 gmem|       pointer|
|m_axi_gmem_CHN_1_0_WUSER            |  out|    1|       m_axi|                 gmem|       pointer|
|m_axi_gmem_CHN_1_0_ARVALID          |  out|    1|       m_axi|                 gmem|       pointer|
|m_axi_gmem_CHN_1_0_ARREADY          |   in|    1|       m_axi|                 gmem|       pointer|
|m_axi_gmem_CHN_1_0_ARADDR           |  out|   64|       m_axi|                 gmem|       pointer|
|m_axi_gmem_CHN_1_0_ARID             |  out|    1|       m_axi|                 gmem|       pointer|
|m_axi_gmem_CHN_1_0_ARLEN            |  out|   32|       m_axi|                 gmem|       pointer|
|m_axi_gmem_CHN_1_0_ARSIZE           |  out|    3|       m_axi|                 gmem|       pointer|
|m_axi_gmem_CHN_1_0_ARBURST          |  out|    2|       m_axi|                 gmem|       pointer|
|m_axi_gmem_CHN_1_0_ARLOCK           |  out|    2|       m_axi|                 gmem|       pointer|
|m_axi_gmem_CHN_1_0_ARCACHE          |  out|    4|       m_axi|                 gmem|       pointer|
|m_axi_gmem_CHN_1_0_ARPROT           |  out|    3|       m_axi|                 gmem|       pointer|
|m_axi_gmem_CHN_1_0_ARQOS            |  out|    4|       m_axi|                 gmem|       pointer|
|m_axi_gmem_CHN_1_0_ARREGION         |  out|    4|       m_axi|                 gmem|       pointer|
|m_axi_gmem_CHN_1_0_ARUSER           |  out|    1|       m_axi|                 gmem|       pointer|
|m_axi_gmem_CHN_1_0_RVALID           |   in|    1|       m_axi|                 gmem|       pointer|
|m_axi_gmem_CHN_1_0_RREADY           |  out|    1|       m_axi|                 gmem|       pointer|
|m_axi_gmem_CHN_1_0_RDATA            |   in|   64|       m_axi|                 gmem|       pointer|
|m_axi_gmem_CHN_1_0_RLAST            |   in|    1|       m_axi|                 gmem|       pointer|
|m_axi_gmem_CHN_1_0_RID              |   in|    1|       m_axi|                 gmem|       pointer|
|m_axi_gmem_CHN_1_0_RFIFONUM         |   in|   11|       m_axi|                 gmem|       pointer|
|m_axi_gmem_CHN_1_0_RUSER            |   in|    1|       m_axi|                 gmem|       pointer|
|m_axi_gmem_CHN_1_0_RRESP            |   in|    2|       m_axi|                 gmem|       pointer|
|m_axi_gmem_CHN_1_0_BVALID           |   in|    1|       m_axi|                 gmem|       pointer|
|m_axi_gmem_CHN_1_0_BREADY           |  out|    1|       m_axi|                 gmem|       pointer|
|m_axi_gmem_CHN_1_0_BRESP            |   in|    2|       m_axi|                 gmem|       pointer|
|m_axi_gmem_CHN_1_0_BID              |   in|    1|       m_axi|                 gmem|       pointer|
|m_axi_gmem_CHN_1_0_BUSER            |   in|    1|       m_axi|                 gmem|       pointer|
|mem0                                |   in|   64|     ap_none|                 mem0|        scalar|
|m_axi_gmem_CHN_2_0_AWVALID          |  out|    1|       m_axi|                 gmem|       pointer|
|m_axi_gmem_CHN_2_0_AWREADY          |   in|    1|       m_axi|                 gmem|       pointer|
|m_axi_gmem_CHN_2_0_AWADDR           |  out|   64|       m_axi|                 gmem|       pointer|
|m_axi_gmem_CHN_2_0_AWID             |  out|    1|       m_axi|                 gmem|       pointer|
|m_axi_gmem_CHN_2_0_AWLEN            |  out|   32|       m_axi|                 gmem|       pointer|
|m_axi_gmem_CHN_2_0_AWSIZE           |  out|    3|       m_axi|                 gmem|       pointer|
|m_axi_gmem_CHN_2_0_AWBURST          |  out|    2|       m_axi|                 gmem|       pointer|
|m_axi_gmem_CHN_2_0_AWLOCK           |  out|    2|       m_axi|                 gmem|       pointer|
|m_axi_gmem_CHN_2_0_AWCACHE          |  out|    4|       m_axi|                 gmem|       pointer|
|m_axi_gmem_CHN_2_0_AWPROT           |  out|    3|       m_axi|                 gmem|       pointer|
|m_axi_gmem_CHN_2_0_AWQOS            |  out|    4|       m_axi|                 gmem|       pointer|
|m_axi_gmem_CHN_2_0_AWREGION         |  out|    4|       m_axi|                 gmem|       pointer|
|m_axi_gmem_CHN_2_0_AWUSER           |  out|    1|       m_axi|                 gmem|       pointer|
|m_axi_gmem_CHN_2_0_WVALID           |  out|    1|       m_axi|                 gmem|       pointer|
|m_axi_gmem_CHN_2_0_WREADY           |   in|    1|       m_axi|                 gmem|       pointer|
|m_axi_gmem_CHN_2_0_WDATA            |  out|   64|       m_axi|                 gmem|       pointer|
|m_axi_gmem_CHN_2_0_WSTRB            |  out|    8|       m_axi|                 gmem|       pointer|
|m_axi_gmem_CHN_2_0_WLAST            |  out|    1|       m_axi|                 gmem|       pointer|
|m_axi_gmem_CHN_2_0_WID              |  out|    1|       m_axi|                 gmem|       pointer|
|m_axi_gmem_CHN_2_0_WUSER            |  out|    1|       m_axi|                 gmem|       pointer|
|m_axi_gmem_CHN_2_0_ARVALID          |  out|    1|       m_axi|                 gmem|       pointer|
|m_axi_gmem_CHN_2_0_ARREADY          |   in|    1|       m_axi|                 gmem|       pointer|
|m_axi_gmem_CHN_2_0_ARADDR           |  out|   64|       m_axi|                 gmem|       pointer|
|m_axi_gmem_CHN_2_0_ARID             |  out|    1|       m_axi|                 gmem|       pointer|
|m_axi_gmem_CHN_2_0_ARLEN            |  out|   32|       m_axi|                 gmem|       pointer|
|m_axi_gmem_CHN_2_0_ARSIZE           |  out|    3|       m_axi|                 gmem|       pointer|
|m_axi_gmem_CHN_2_0_ARBURST          |  out|    2|       m_axi|                 gmem|       pointer|
|m_axi_gmem_CHN_2_0_ARLOCK           |  out|    2|       m_axi|                 gmem|       pointer|
|m_axi_gmem_CHN_2_0_ARCACHE          |  out|    4|       m_axi|                 gmem|       pointer|
|m_axi_gmem_CHN_2_0_ARPROT           |  out|    3|       m_axi|                 gmem|       pointer|
|m_axi_gmem_CHN_2_0_ARQOS            |  out|    4|       m_axi|                 gmem|       pointer|
|m_axi_gmem_CHN_2_0_ARREGION         |  out|    4|       m_axi|                 gmem|       pointer|
|m_axi_gmem_CHN_2_0_ARUSER           |  out|    1|       m_axi|                 gmem|       pointer|
|m_axi_gmem_CHN_2_0_RVALID           |   in|    1|       m_axi|                 gmem|       pointer|
|m_axi_gmem_CHN_2_0_RREADY           |  out|    1|       m_axi|                 gmem|       pointer|
|m_axi_gmem_CHN_2_0_RDATA            |   in|   64|       m_axi|                 gmem|       pointer|
|m_axi_gmem_CHN_2_0_RLAST            |   in|    1|       m_axi|                 gmem|       pointer|
|m_axi_gmem_CHN_2_0_RID              |   in|    1|       m_axi|                 gmem|       pointer|
|m_axi_gmem_CHN_2_0_RFIFONUM         |   in|   11|       m_axi|                 gmem|       pointer|
|m_axi_gmem_CHN_2_0_RUSER            |   in|    1|       m_axi|                 gmem|       pointer|
|m_axi_gmem_CHN_2_0_RRESP            |   in|    2|       m_axi|                 gmem|       pointer|
|m_axi_gmem_CHN_2_0_BVALID           |   in|    1|       m_axi|                 gmem|       pointer|
|m_axi_gmem_CHN_2_0_BREADY           |  out|    1|       m_axi|                 gmem|       pointer|
|m_axi_gmem_CHN_2_0_BRESP            |   in|    2|       m_axi|                 gmem|       pointer|
|m_axi_gmem_CHN_2_0_BID              |   in|    1|       m_axi|                 gmem|       pointer|
|m_axi_gmem_CHN_2_0_BUSER            |   in|    1|       m_axi|                 gmem|       pointer|
|mem1                                |   in|   64|     ap_none|                 mem1|        scalar|
|v_neighbours_stream_dout            |   in|   64|     ap_fifo|  v_neighbours_stream|       pointer|
|v_neighbours_stream_empty_n         |   in|    1|     ap_fifo|  v_neighbours_stream|       pointer|
|v_neighbours_stream_read            |  out|    1|     ap_fifo|  v_neighbours_stream|       pointer|
|v_neighbours_stream_num_data_valid  |   in|    5|     ap_fifo|  v_neighbours_stream|       pointer|
|v_neighbours_stream_fifo_cap        |   in|    5|     ap_fifo|  v_neighbours_stream|       pointer|
|v_size_0_dout                       |   in|   32|     ap_fifo|             v_size_0|       pointer|
|v_size_0_empty_n                    |   in|    1|     ap_fifo|             v_size_0|       pointer|
|v_size_0_read                       |  out|    1|     ap_fifo|             v_size_0|       pointer|
|v_size_0_num_data_valid             |   in|    5|     ap_fifo|             v_size_0|       pointer|
|v_size_0_fifo_cap                   |   in|    5|     ap_fifo|             v_size_0|       pointer|
|adj_lists_dout                      |   in|   64|     ap_fifo|            adj_lists|       pointer|
|adj_lists_empty_n                   |   in|    1|     ap_fifo|            adj_lists|       pointer|
|adj_lists_read                      |  out|    1|     ap_fifo|            adj_lists|       pointer|
|adj_lists_num_data_valid            |   in|    5|     ap_fifo|            adj_lists|       pointer|
|adj_lists_fifo_cap                  |   in|    5|     ap_fifo|            adj_lists|       pointer|
|Pcurrs_dout                         |   in|   64|     ap_fifo|               Pcurrs|       pointer|
|Pcurrs_empty_n                      |   in|    1|     ap_fifo|               Pcurrs|       pointer|
|Pcurrs_read                         |  out|    1|     ap_fifo|               Pcurrs|       pointer|
|Pcurrs_num_data_valid               |   in|    5|     ap_fifo|               Pcurrs|       pointer|
|Pcurrs_fifo_cap                     |   in|    5|     ap_fifo|               Pcurrs|       pointer|
|adder_in_feed_1_din                 |  out|   32|     ap_fifo|      adder_in_feed_1|       pointer|
|adder_in_feed_1_full_n              |   in|    1|     ap_fifo|      adder_in_feed_1|       pointer|
|adder_in_feed_1_write               |  out|    1|     ap_fifo|      adder_in_feed_1|       pointer|
|adder_in_feed_1_num_data_valid      |   in|    8|     ap_fifo|      adder_in_feed_1|       pointer|
|adder_in_feed_1_fifo_cap            |   in|    8|     ap_fifo|      adder_in_feed_1|       pointer|
+------------------------------------+-----+-----+------------+---------------------+--------------+

============================================================
+ Verbose Summary: Synthesis Manager
============================================================
InlineROM: 1
ExposeGlobal: 0
============================================================
+ Verbose Summary: CDFG Model
============================================================
IsTopModel: 0
ResetActiveHigh: 1
IsCombinational: 2
IsDatapathOnly: 0
HasWiredReturn: 1
HasMFsm: 0
HasVarLatency: 1
IsPipeline: 0
IsRtlPipelined: 0
IsInstanceOverlapped: 0
IsDontTouch: 0
HasImplIP: 0
IsGatedGlobalClock: 0


============================================================
+ Verbose Summary: Schedule
============================================================
* Number of FSM states : 2
* Pipeline : 0
* Dataflow Pipeline: 0

* FSM state transitions: 
1 --> 2 
2 --> 

* FSM state operations: 

State 1 <SV = 0> <Delay = 2.69>
ST_1 : Operation 3 [1/1] (0.00ns)   --->   "%mem1_read = read i64 @_ssdm_op_Read.ap_auto.i64, i64 %mem1" [../pageRankReduce/pageRank.cpp:80]   --->   Operation 3 'read' 'mem1_read' <Predicate = true> <Delay = 0.00>
ST_1 : Operation 4 [1/1] (0.00ns)   --->   "%mem0_read = read i64 @_ssdm_op_Read.ap_auto.i64, i64 %mem0" [../pageRankReduce/pageRank.cpp:80]   --->   Operation 4 'read' 'mem0_read' <Predicate = true> <Delay = 0.00>
ST_1 : Operation 5 [1/1] ( I:1.37ns O:1.37ns )   --->   "%v_neighbours = read i64 @_ssdm_op_Read.ap_fifo.volatile.i64P0A, i64 %v_neighbours_stream" [../pageRankReduce/pageRank.cpp:90]   --->   Operation 5 'read' 'v_neighbours' <Predicate = true> <Delay = 1.37> <CoreInst = "FIFO_SRL">   --->   Core 80 'FIFO_SRL' <Latency = 0> <II = 1> <Delay = 1.37> <Storage> <Opcode : 'read' 'write' 'nbread' 'nbwrite'> <Ports = 0> <Width = 64> <Depth = 9> <FIFO>
ST_1 : Operation 6 [1/1] ( I:1.43ns O:1.43ns )   --->   "%v_size = read i32 @_ssdm_op_Read.ap_fifo.volatile.i32P0A, i32 %v_size_0" [../pageRankReduce/pageRank.cpp:91]   --->   Operation 6 'read' 'v_size' <Predicate = true> <Delay = 1.43> <CoreInst = "FIFO_SRL">   --->   Core 80 'FIFO_SRL' <Latency = 0> <II = 1> <Delay = 1.43> <Storage> <Opcode : 'read' 'write' 'nbread' 'nbwrite'> <Ports = 0> <Width = 32> <Depth = 9> <FIFO>
ST_1 : Operation 7 [1/1] ( I:1.37ns O:1.37ns )   --->   "%adj_list = read i64 @_ssdm_op_Read.ap_fifo.volatile.i64P0A, i64 %adj_lists" [../pageRankReduce/pageRank.cpp:92]   --->   Operation 7 'read' 'adj_list' <Predicate = true> <Delay = 1.37> <CoreInst = "FIFO_SRL">   --->   Core 80 'FIFO_SRL' <Latency = 0> <II = 1> <Delay = 1.37> <Storage> <Opcode : 'read' 'write' 'nbread' 'nbwrite'> <Ports = 0> <Width = 64> <Depth = 9> <FIFO>
ST_1 : Operation 8 [1/1] ( I:1.37ns O:1.37ns )   --->   "%Pcurr = read i64 @_ssdm_op_Read.ap_fifo.volatile.i64P0A, i64 %Pcurrs" [../pageRankReduce/pageRank.cpp:93]   --->   Operation 8 'read' 'Pcurr' <Predicate = true> <Delay = 1.37> <CoreInst = "FIFO_SRL">   --->   Core 80 'FIFO_SRL' <Latency = 0> <II = 1> <Delay = 1.37> <Storage> <Opcode : 'read' 'write' 'nbread' 'nbwrite'> <Ports = 0> <Width = 64> <Depth = 9> <FIFO>
ST_1 : Operation 9 [1/1] (0.00ns)   --->   "%fence_ln95 = fence void @_ssdm_op_Fence, i64 %v_neighbours_stream, i32 %v_size_0, i64 %adj_lists, i64 %Pcurrs, i32 4294967295, i32 %adder_in_feed_1, i32 0" [../pageRankReduce/pageRank.cpp:95]   --->   Operation 9 'fence' 'fence_ln95' <Predicate = true> <Delay = 0.00>
ST_1 : Operation 10 [2/2] (1.26ns)   --->   "%call_ln91 = call void @readVertex_Pipeline_VITIS_LOOP_95_1, i32 %v_size, i64 %mem0_read, i64 %v_neighbours, i64 %gmem_CHN_1, i64 %adj_list, i64 %mem1_read, i64 %Pcurr, i64 %gmem_CHN_2, i32 %adder_in_feed_1" [../pageRankReduce/pageRank.cpp:91]   --->   Operation 10 'call' 'call_ln91' <Predicate = true> <Delay = 1.26> <CoreType = "Generic">   --->   Generic Core

State 2 <SV = 1> <Delay = 0.00>
ST_2 : Operation 11 [1/1] (0.00ns)   --->   "%specinterface_ln0 = specinterface void @_ssdm_op_SpecInterface, i64 %v_neighbours_stream, void @empty_4, i32 0, i32 0, void @empty_16, i32 0, i32 0, void @empty_16, void @empty_16, void @empty_16, i32 0, i32 0, i32 0, i32 0, void @empty_16, void @empty_16, i32 4294967295, i32 0, i32 0"   --->   Operation 11 'specinterface' 'specinterface_ln0' <Predicate = true> <Delay = 0.00>
ST_2 : Operation 12 [1/1] (0.00ns)   --->   "%specinterface_ln0 = specinterface void @_ssdm_op_SpecInterface, i64 %adj_lists, void @empty_4, i32 0, i32 0, void @empty_16, i32 0, i32 0, void @empty_16, void @empty_16, void @empty_16, i32 0, i32 0, i32 0, i32 0, void @empty_16, void @empty_16, i32 4294967295, i32 0, i32 0"   --->   Operation 12 'specinterface' 'specinterface_ln0' <Predicate = true> <Delay = 0.00>
ST_2 : Operation 13 [1/1] (0.00ns)   --->   "%specinterface_ln0 = specinterface void @_ssdm_op_SpecInterface, i64 %Pcurrs, void @empty_4, i32 0, i32 0, void @empty_16, i32 0, i32 0, void @empty_16, void @empty_16, void @empty_16, i32 0, i32 0, i32 0, i32 0, void @empty_16, void @empty_16, i32 4294967295, i32 0, i32 0"   --->   Operation 13 'specinterface' 'specinterface_ln0' <Predicate = true> <Delay = 0.00>
ST_2 : Operation 14 [1/1] (0.00ns)   --->   "%specinterface_ln0 = specinterface void @_ssdm_op_SpecInterface, i32 %v_size_0, void @empty_4, i32 0, i32 0, void @empty_16, i32 0, i32 0, void @empty_16, void @empty_16, void @empty_16, i32 0, i32 0, i32 0, i32 0, void @empty_16, void @empty_16, i32 4294967295, i32 0, i32 0"   --->   Operation 14 'specinterface' 'specinterface_ln0' <Predicate = true> <Delay = 0.00>
ST_2 : Operation 15 [1/1] (0.00ns)   --->   "%specinterface_ln0 = specinterface void @_ssdm_op_SpecInterface, i32 %adder_in_feed_1, void @empty_4, i32 0, i32 0, void @empty_16, i32 0, i32 0, void @empty_16, void @empty_16, void @empty_16, i32 0, i32 0, i32 0, i32 0, void @empty_16, void @empty_16, i32 4294967295, i32 0, i32 0"   --->   Operation 15 'specinterface' 'specinterface_ln0' <Predicate = true> <Delay = 0.00>
ST_2 : Operation 16 [1/1] (0.00ns)   --->   "%specinterface_ln0 = specinterface void @_ssdm_op_SpecInterface, i64 %gmem_CHN_2, void @empty_17, i32 0, i32 0, void @empty_16, i32 64, i32 0, void @empty_15, void @empty_14, void @empty_16, i32 64, i32 1, i32 16, i32 16, void @empty_16, void @empty_16, i32 4294967295, i32 0, i32 2"   --->   Operation 16 'specinterface' 'specinterface_ln0' <Predicate = true> <Delay = 0.00>
ST_2 : Operation 17 [1/1] (0.00ns)   --->   "%specinterface_ln0 = specinterface void @_ssdm_op_SpecInterface, i64 %gmem_CHN_1, void @empty_17, i32 0, i32 0, void @empty_16, i32 64, i32 0, void @empty_15, void @empty_14, void @empty_16, i32 64, i32 1, i32 16, i32 16, void @empty_16, void @empty_16, i32 4294967295, i32 0, i32 1"   --->   Operation 17 'specinterface' 'specinterface_ln0' <Predicate = true> <Delay = 0.00>
ST_2 : Operation 18 [1/2] (0.00ns)   --->   "%call_ln91 = call void @readVertex_Pipeline_VITIS_LOOP_95_1, i32 %v_size, i64 %mem0_read, i64 %v_neighbours, i64 %gmem_CHN_1, i64 %adj_list, i64 %mem1_read, i64 %Pcurr, i64 %gmem_CHN_2, i32 %adder_in_feed_1" [../pageRankReduce/pageRank.cpp:91]   --->   Operation 18 'call' 'call_ln91' <Predicate = true> <Delay = 0.00> <CoreType = "Generic">   --->   Generic Core
ST_2 : Operation 19 [1/1] (0.00ns)   --->   "%ret_ln106 = ret" [../pageRankReduce/pageRank.cpp:106]   --->   Operation 19 'ret' 'ret_ln106' <Predicate = true> <Delay = 0.00>


============================================================
+ Verbose Summary: Binding
============================================================
STG Binding: 
---------------- STG Properties BEGIN ----------------
- Is combinational: 0
- Is one-state seq: 0
- Is datapath-only: 0
- Is pipelined: 0
- Is top level: 0
Port [ Return ] is wired: 1; IO mode=ap_ctrl_hs:ce=0
Port [ gmem_CHN_1]:  wired=1; compound=1; hidden=0; nouse=0; global=0; static=0; extern=0; dir=0; type=4; pingpong=0; private_global=0; IO mode=m_axi:ce=0
Port [ mem0]:  wired=1; compound=0; hidden=0; nouse=0; global=0; static=0; extern=0; dir=0; type=0; pingpong=0; private_global=0; IO mode=ap_none:ce=0
Port [ gmem_CHN_2]:  wired=1; compound=1; hidden=0; nouse=0; global=0; static=0; extern=0; dir=0; type=4; pingpong=0; private_global=0; IO mode=m_axi:ce=0
Port [ mem1]:  wired=1; compound=0; hidden=0; nouse=0; global=0; static=0; extern=0; dir=0; type=0; pingpong=0; private_global=0; IO mode=ap_none:ce=0
Port [ v_neighbours_stream]:  wired=1; compound=1; hidden=0; nouse=0; global=0; static=0; extern=0; dir=0; type=3; pingpong=0; private_global=0; IO mode=ap_fifo:ce=0
Port [ v_size_0]:  wired=1; compound=1; hidden=0; nouse=0; global=0; static=0; extern=0; dir=0; type=3; pingpong=0; private_global=0; IO mode=ap_fifo:ce=0
Port [ adj_lists]:  wired=1; compound=1; hidden=0; nouse=0; global=0; static=0; extern=0; dir=0; type=3; pingpong=0; private_global=0; IO mode=ap_fifo:ce=0
Port [ Pcurrs]:  wired=1; compound=1; hidden=0; nouse=0; global=0; static=0; extern=0; dir=0; type=3; pingpong=0; private_global=0; IO mode=ap_fifo:ce=0
Port [ adder_in_feed_1]:  wired=1; compound=1; hidden=0; nouse=0; global=0; static=0; extern=0; dir=1; type=3; pingpong=0; private_global=0; IO mode=ap_fifo:ce=0
---------------- STG Properties END ------------------

---------------- Datapath Model BEGIN ----------------

<LifeTime>
<method=bitvector/>
mem1_read         (read         ) [ 001]
mem0_read         (read         ) [ 001]
v_neighbours      (read         ) [ 001]
v_size            (read         ) [ 001]
adj_list          (read         ) [ 001]
Pcurr             (read         ) [ 001]
fence_ln95        (fence        ) [ 000]
specinterface_ln0 (specinterface) [ 000]
specinterface_ln0 (specinterface) [ 000]
specinterface_ln0 (specinterface) [ 000]
specinterface_ln0 (specinterface) [ 000]
specinterface_ln0 (specinterface) [ 000]
specinterface_ln0 (specinterface) [ 000]
specinterface_ln0 (specinterface) [ 000]
call_ln91         (call         ) [ 000]
ret_ln106         (ret          ) [ 000]
</LifeTime>

<model>

<comp_list>
<comp id="0" class="1000" name="gmem_CHN_1">
<pin_list>
<pin id="1" dir="1" index="0" bw="1" slack="0"/>
</pin_list>
<bind>
<StgValue><ssdm name="gmem_CHN_1"/><MemPortTyVec>0 </MemPortTyVec>
</StgValue>
</bind>
</comp>

<comp id="2" class="1000" name="mem0">
<pin_list>
<pin id="3" dir="1" index="0" bw="1" slack="0"/>
</pin_list>
<bind>
<StgValue><ssdm name="mem0"/></StgValue>
</bind>
</comp>

<comp id="4" class="1000" name="gmem_CHN_2">
<pin_list>
<pin id="5" dir="1" index="0" bw="1" slack="0"/>
</pin_list>
<bind>
<StgValue><ssdm name="gmem_CHN_2"/><MemPortTyVec>0 </MemPortTyVec>
</StgValue>
</bind>
</comp>

<comp id="6" class="1000" name="mem1">
<pin_list>
<pin id="7" dir="1" index="0" bw="1" slack="0"/>
</pin_list>
<bind>
<StgValue><ssdm name="mem1"/></StgValue>
</bind>
</comp>

<comp id="8" class="1000" name="v_neighbours_stream">
<pin_list>
<pin id="9" dir="1" index="0" bw="1" slack="0"/>
</pin_list>
<bind>
<StgValue><ssdm name="v_neighbours_stream"/></StgValue>
</bind>
</comp>

<comp id="10" class="1000" name="v_size_0">
<pin_list>
<pin id="11" dir="1" index="0" bw="1" slack="0"/>
</pin_list>
<bind>
<StgValue><ssdm name="v_size_0"/></StgValue>
</bind>
</comp>

<comp id="12" class="1000" name="adj_lists">
<pin_list>
<pin id="13" dir="1" index="0" bw="1" slack="0"/>
</pin_list>
<bind>
<StgValue><ssdm name="adj_lists"/></StgValue>
</bind>
</comp>

<comp id="14" class="1000" name="Pcurrs">
<pin_list>
<pin id="15" dir="1" index="0" bw="1" slack="0"/>
</pin_list>
<bind>
<StgValue><ssdm name="Pcurrs"/></StgValue>
</bind>
</comp>

<comp id="16" class="1000" name="adder_in_feed_1">
<pin_list>
<pin id="17" dir="1" index="0" bw="1" slack="0"/>
</pin_list>
<bind>
<StgValue><ssdm name="adder_in_feed_1"/></StgValue>
</bind>
</comp>

<comp id="18" class="1001" name="const_18">
<pin_list>
<pin id="19" dir="1" index="0" bw="1" slack="0"/>
</pin_list>
<bind>
<StgValue><ssdm name="_ssdm_op_Read.ap_auto.i64"/></StgValue>
</bind>
</comp>

<comp id="20" class="1001" name="const_20">
<pin_list>
<pin id="21" dir="1" index="0" bw="1" slack="0"/>
</pin_list>
<bind>
<StgValue><ssdm name="_ssdm_op_Read.ap_fifo.volatile.i64P0A"/></StgValue>
</bind>
</comp>

<comp id="22" class="1001" name="const_22">
<pin_list>
<pin id="23" dir="1" index="0" bw="1" slack="0"/>
</pin_list>
<bind>
<StgValue><ssdm name="_ssdm_op_Read.ap_fifo.volatile.i32P0A"/></StgValue>
</bind>
</comp>

<comp id="24" class="1001" name="const_24">
<pin_list>
<pin id="25" dir="1" index="0" bw="1" slack="0"/>
</pin_list>
<bind>
<StgValue><ssdm name="_ssdm_op_Fence"/></StgValue>
</bind>
</comp>

<comp id="26" class="1001" name="const_26">
<pin_list>
<pin id="27" dir="1" index="0" bw="1" slack="0"/>
</pin_list>
<bind>
<StgValue><ssdm name=""/></StgValue>
</bind>
</comp>

<comp id="28" class="1001" name="const_28">
<pin_list>
<pin id="29" dir="1" index="0" bw="1" slack="0"/>
</pin_list>
<bind>
<StgValue><ssdm name=""/></StgValue>
</bind>
</comp>

<comp id="30" class="1001" name="const_30">
<pin_list>
<pin id="31" dir="1" index="0" bw="1" slack="0"/>
</pin_list>
<bind>
<StgValue><ssdm name="readVertex_Pipeline_VITIS_LOOP_95_1"/></StgValue>
</bind>
</comp>

<comp id="32" class="1001" name="const_32">
<pin_list>
<pin id="33" dir="1" index="0" bw="1" slack="2147483647"/>
</pin_list>
<bind>
<StgValue><ssdm name="_ssdm_op_SpecInterface"/></StgValue>
</bind>
</comp>

<comp id="34" class="1001" name="const_34">
<pin_list>
<pin id="35" dir="1" index="0" bw="1" slack="2147483647"/>
</pin_list>
<bind>
<StgValue><ssdm name="empty_4"/></StgValue>
</bind>
</comp>

<comp id="36" class="1001" name="const_36">
<pin_list>
<pin id="37" dir="1" index="0" bw="1" slack="2147483647"/>
</pin_list>
<bind>
<StgValue><ssdm name="empty_16"/></StgValue>
</bind>
</comp>

<comp id="38" class="1001" name="const_38">
<pin_list>
<pin id="39" dir="1" index="0" bw="1" slack="2147483647"/>
</pin_list>
<bind>
<StgValue><ssdm name="empty_17"/></StgValue>
</bind>
</comp>

<comp id="40" class="1001" name="const_40">
<pin_list>
<pin id="41" dir="1" index="0" bw="1" slack="2147483647"/>
</pin_list>
<bind>
<StgValue><ssdm name=""/></StgValue>
</bind>
</comp>

<comp id="42" class="1001" name="const_42">
<pin_list>
<pin id="43" dir="1" index="0" bw="1" slack="2147483647"/>
</pin_list>
<bind>
<StgValue><ssdm name="empty_15"/></StgValue>
</bind>
</comp>

<comp id="44" class="1001" name="const_44">
<pin_list>
<pin id="45" dir="1" index="0" bw="1" slack="2147483647"/>
</pin_list>
<bind>
<StgValue><ssdm name="empty_14"/></StgValue>
</bind>
</comp>

<comp id="46" class="1001" name="const_46">
<pin_list>
<pin id="47" dir="1" index="0" bw="1" slack="2147483647"/>
</pin_list>
<bind>
<StgValue><ssdm name=""/></StgValue>
</bind>
</comp>

<comp id="48" class="1001" name="const_48">
<pin_list>
<pin id="49" dir="1" index="0" bw="1" slack="2147483647"/>
</pin_list>
<bind>
<StgValue><ssdm name=""/></StgValue>
</bind>
</comp>

<comp id="50" class="1001" name="const_50">
<pin_list>
<pin id="51" dir="1" index="0" bw="1" slack="2147483647"/>
</pin_list>
<bind>
<StgValue><ssdm name=""/></StgValue>
</bind>
</comp>

<comp id="52" class="1004" name="mem1_read_read_fu_52">
<pin_list>
<pin id="53" dir="0" index="0" bw="64" slack="0"/>
<pin id="54" dir="0" index="1" bw="64" slack="0"/>
<pin id="55" dir="1" index="2" bw="64" slack="0"/>
</pin_list>
<bind>
<opcode="read(1150) " fcode="read"/>
<opset="mem1_read/1 "/>
</bind>
</comp>

<comp id="58" class="1004" name="mem0_read_read_fu_58">
<pin_list>
<pin id="59" dir="0" index="0" bw="64" slack="0"/>
<pin id="60" dir="0" index="1" bw="64" slack="0"/>
<pin id="61" dir="1" index="2" bw="64" slack="0"/>
</pin_list>
<bind>
<opcode="read(1150) " fcode="read"/>
<opset="mem0_read/1 "/>
</bind>
</comp>

<comp id="64" class="1004" name="v_neighbours_read_fu_64">
<pin_list>
<pin id="65" dir="0" index="0" bw="64" slack="0"/>
<pin id="66" dir="0" index="1" bw="64" slack="0"/>
<pin id="67" dir="1" index="2" bw="64" slack="0"/>
</pin_list>
<bind>
<opcode="read(1150) " fcode="read"/>
<opset="v_neighbours/1 "/>
</bind>
</comp>

<comp id="70" class="1004" name="v_size_read_fu_70">
<pin_list>
<pin id="71" dir="0" index="0" bw="32" slack="0"/>
<pin id="72" dir="0" index="1" bw="32" slack="0"/>
<pin id="73" dir="1" index="2" bw="32" slack="0"/>
</pin_list>
<bind>
<opcode="read(1150) " fcode="read"/>
<opset="v_size/1 "/>
</bind>
</comp>

<comp id="76" class="1004" name="adj_list_read_fu_76">
<pin_list>
<pin id="77" dir="0" index="0" bw="64" slack="0"/>
<pin id="78" dir="0" index="1" bw="64" slack="0"/>
<pin id="79" dir="1" index="2" bw="64" slack="0"/>
</pin_list>
<bind>
<opcode="read(1150) " fcode="read"/>
<opset="adj_list/1 "/>
</bind>
</comp>

<comp id="82" class="1004" name="Pcurr_read_fu_82">
<pin_list>
<pin id="83" dir="0" index="0" bw="64" slack="0"/>
<pin id="84" dir="0" index="1" bw="64" slack="0"/>
<pin id="85" dir="1" index="2" bw="64" slack="0"/>
</pin_list>
<bind>
<opcode="read(1150) " fcode="read"/>
<opset="Pcurr/1 "/>
</bind>
</comp>

<comp id="88" class="1004" name="grp_readVertex_Pipeline_VITIS_LOOP_95_1_fu_88">
<pin_list>
<pin id="89" dir="0" index="0" bw="0" slack="0"/>
<pin id="90" dir="0" index="1" bw="32" slack="0"/>
<pin id="91" dir="0" index="2" bw="64" slack="0"/>
<pin id="92" dir="0" index="3" bw="64" slack="0"/>
<pin id="93" dir="0" index="4" bw="64" slack="0"/>
<pin id="94" dir="0" index="5" bw="64" slack="0"/>
<pin id="95" dir="0" index="6" bw="64" slack="0"/>
<pin id="96" dir="0" index="7" bw="64" slack="0"/>
<pin id="97" dir="0" index="8" bw="64" slack="0"/>
<pin id="98" dir="0" index="9" bw="32" slack="0"/>
<pin id="99" dir="1" index="10" bw="0" slack="2147483647"/>
</pin_list>
<bind>
<opcode="call(48) " fcode="call"/>
<opset="call_ln91/1 "/>
</bind>
</comp>

<comp id="110" class="1004" name="fence_ln95_fu_110">
<pin_list>
<pin id="111" dir="0" index="0" bw="0" slack="0"/>
<pin id="112" dir="0" index="1" bw="64" slack="0"/>
<pin id="113" dir="0" index="2" bw="32" slack="0"/>
<pin id="114" dir="0" index="3" bw="64" slack="0"/>
<pin id="115" dir="0" index="4" bw="64" slack="0"/>
<pin id="116" dir="0" index="5" bw="1" slack="0"/>
<pin id="117" dir="0" index="6" bw="32" slack="0"/>
<pin id="118" dir="0" index="7" bw="1" slack="0"/>
<pin id="119" dir="1" index="8" bw="0" slack="2147483647"/>
</pin_list>
<bind>
<opcode="fence(30) " fcode="fence"/>
<opset="fence_ln95/1 "/>
</bind>
</comp>

<comp id="128" class="1005" name="mem1_read_reg_128">
<pin_list>
<pin id="129" dir="0" index="0" bw="64" slack="1"/>
<pin id="130" dir="1" index="1" bw="64" slack="1"/>
</pin_list>
<bind>
<opset="mem1_read "/>
</bind>
</comp>

<comp id="133" class="1005" name="mem0_read_reg_133">
<pin_list>
<pin id="134" dir="0" index="0" bw="64" slack="1"/>
<pin id="135" dir="1" index="1" bw="64" slack="1"/>
</pin_list>
<bind>
<opset="mem0_read "/>
</bind>
</comp>

<comp id="138" class="1005" name="v_neighbours_reg_138">
<pin_list>
<pin id="139" dir="0" index="0" bw="64" slack="1"/>
<pin id="140" dir="1" index="1" bw="64" slack="1"/>
</pin_list>
<bind>
<opset="v_neighbours "/>
</bind>
</comp>

<comp id="143" class="1005" name="v_size_reg_143">
<pin_list>
<pin id="144" dir="0" index="0" bw="32" slack="1"/>
<pin id="145" dir="1" index="1" bw="32" slack="1"/>
</pin_list>
<bind>
<opset="v_size "/>
</bind>
</comp>

<comp id="148" class="1005" name="adj_list_reg_148">
<pin_list>
<pin id="149" dir="0" index="0" bw="64" slack="1"/>
<pin id="150" dir="1" index="1" bw="64" slack="1"/>
</pin_list>
<bind>
<opset="adj_list "/>
</bind>
</comp>

<comp id="153" class="1005" name="Pcurr_reg_153">
<pin_list>
<pin id="154" dir="0" index="0" bw="64" slack="1"/>
<pin id="155" dir="1" index="1" bw="64" slack="1"/>
</pin_list>
<bind>
<opset="Pcurr "/>
</bind>
</comp>

</comp_list>

<net_list>
<net id="56"><net_src comp="18" pin="0"/><net_sink comp="52" pin=0"/></net>

<net id="57"><net_src comp="6" pin="0"/><net_sink comp="52" pin=1"/></net>

<net id="62"><net_src comp="18" pin="0"/><net_sink comp="58" pin=0"/></net>

<net id="63"><net_src comp="2" pin="0"/><net_sink comp="58" pin=1"/></net>

<net id="68"><net_src comp="20" pin="0"/><net_sink comp="64" pin=0"/></net>

<net id="69"><net_src comp="8" pin="0"/><net_sink comp="64" pin=1"/></net>

<net id="74"><net_src comp="22" pin="0"/><net_sink comp="70" pin=0"/></net>

<net id="75"><net_src comp="10" pin="0"/><net_sink comp="70" pin=1"/></net>

<net id="80"><net_src comp="20" pin="0"/><net_sink comp="76" pin=0"/></net>

<net id="81"><net_src comp="12" pin="0"/><net_sink comp="76" pin=1"/></net>

<net id="86"><net_src comp="20" pin="0"/><net_sink comp="82" pin=0"/></net>

<net id="87"><net_src comp="14" pin="0"/><net_sink comp="82" pin=1"/></net>

<net id="100"><net_src comp="30" pin="0"/><net_sink comp="88" pin=0"/></net>

<net id="101"><net_src comp="70" pin="2"/><net_sink comp="88" pin=1"/></net>

<net id="102"><net_src comp="58" pin="2"/><net_sink comp="88" pin=2"/></net>

<net id="103"><net_src comp="64" pin="2"/><net_sink comp="88" pin=3"/></net>

<net id="104"><net_src comp="0" pin="0"/><net_sink comp="88" pin=4"/></net>

<net id="105"><net_src comp="76" pin="2"/><net_sink comp="88" pin=5"/></net>

<net id="106"><net_src comp="52" pin="2"/><net_sink comp="88" pin=6"/></net>

<net id="107"><net_src comp="82" pin="2"/><net_sink comp="88" pin=7"/></net>

<net id="108"><net_src comp="4" pin="0"/><net_sink comp="88" pin=8"/></net>

<net id="109"><net_src comp="16" pin="0"/><net_sink comp="88" pin=9"/></net>

<net id="120"><net_src comp="24" pin="0"/><net_sink comp="110" pin=0"/></net>

<net id="121"><net_src comp="8" pin="0"/><net_sink comp="110" pin=1"/></net>

<net id="122"><net_src comp="10" pin="0"/><net_sink comp="110" pin=2"/></net>

<net id="123"><net_src comp="12" pin="0"/><net_sink comp="110" pin=3"/></net>

<net id="124"><net_src comp="14" pin="0"/><net_sink comp="110" pin=4"/></net>

<net id="125"><net_src comp="26" pin="0"/><net_sink comp="110" pin=5"/></net>

<net id="126"><net_src comp="16" pin="0"/><net_sink comp="110" pin=6"/></net>

<net id="127"><net_src comp="28" pin="0"/><net_sink comp="110" pin=7"/></net>

<net id="131"><net_src comp="52" pin="2"/><net_sink comp="128" pin=0"/></net>

<net id="132"><net_src comp="128" pin="1"/><net_sink comp="88" pin=6"/></net>

<net id="136"><net_src comp="58" pin="2"/><net_sink comp="133" pin=0"/></net>

<net id="137"><net_src comp="133" pin="1"/><net_sink comp="88" pin=2"/></net>

<net id="141"><net_src comp="64" pin="2"/><net_sink comp="138" pin=0"/></net>

<net id="142"><net_src comp="138" pin="1"/><net_sink comp="88" pin=3"/></net>

<net id="146"><net_src comp="70" pin="2"/><net_sink comp="143" pin=0"/></net>

<net id="147"><net_src comp="143" pin="1"/><net_sink comp="88" pin=1"/></net>

<net id="151"><net_src comp="76" pin="2"/><net_sink comp="148" pin=0"/></net>

<net id="152"><net_src comp="148" pin="1"/><net_sink comp="88" pin=5"/></net>

<net id="156"><net_src comp="82" pin="2"/><net_sink comp="153" pin=0"/></net>

<net id="157"><net_src comp="153" pin="1"/><net_sink comp="88" pin=7"/></net>

</net_list>

</model> 
---------------- Datapath Model END ------------------

* FSMD analyzer results:
  - Output states:
	Port: gmem_CHN_1 | {}
	Port: gmem_CHN_2 | {}
	Port: adder_in_feed_1 | {1 2 }
 - Input state : 
	Port: readVertex : gmem_CHN_1 | {1 2 }
	Port: readVertex : mem0 | {1 }
	Port: readVertex : gmem_CHN_2 | {1 2 }
	Port: readVertex : mem1 | {1 }
	Port: readVertex : v_neighbours_stream | {1 }
	Port: readVertex : v_size_0 | {1 }
	Port: readVertex : adj_lists | {1 }
	Port: readVertex : Pcurrs | {1 }
  - Chain level:
	State 1
	State 2


============================================================
+ Verbose Summary: Datapath Resource usage 
============================================================

* Functional unit list:
|----------|-----------------------------------------------|---------|---------|---------|
| Operation|                Functional Unit                |  Delay  |    FF   |   LUT   |
|----------|-----------------------------------------------|---------|---------|---------|
|   call   | grp_readVertex_Pipeline_VITIS_LOOP_95_1_fu_88 | 1.61371 |   958   |   873   |
|----------|-----------------------------------------------|---------|---------|---------|
|          |              mem1_read_read_fu_52             |    0    |    0    |    0    |
|          |              mem0_read_read_fu_58             |    0    |    0    |    0    |
|   read   |            v_neighbours_read_fu_64            |    0    |    0    |    0    |
|          |               v_size_read_fu_70               |    0    |    0    |    0    |
|          |              adj_list_read_fu_76              |    0    |    0    |    0    |
|          |                Pcurr_read_fu_82               |    0    |    0    |    0    |
|----------|-----------------------------------------------|---------|---------|---------|
|   fence  |               fence_ln95_fu_110               |    0    |    0    |    0    |
|----------|-----------------------------------------------|---------|---------|---------|
|   Total  |                                               | 1.61371 |   958   |   873   |
|----------|-----------------------------------------------|---------|---------|---------|

Memories:
N/A

* Register list:
+--------------------+--------+
|                    |   FF   |
+--------------------+--------+
|    Pcurr_reg_153   |   64   |
|  adj_list_reg_148  |   64   |
|  mem0_read_reg_133 |   64   |
|  mem1_read_reg_128 |   64   |
|v_neighbours_reg_138|   64   |
|   v_size_reg_143   |   32   |
+--------------------+--------+
|        Total       |   352  |
+--------------------+--------+

* Multiplexer (MUX) list: 
|-----------------------------------------------|------|------|------|--------||---------||---------||---------|
|                      Comp                     |  Pin | Size |  BW  | S x BW ||  Delay  ||    FF   ||   LUT   |
|-----------------------------------------------|------|------|------|--------||---------||---------||---------|
| grp_readVertex_Pipeline_VITIS_LOOP_95_1_fu_88 |  p1  |   2  |  32  |   64   ||    0    ||    9    |
| grp_readVertex_Pipeline_VITIS_LOOP_95_1_fu_88 |  p2  |   2  |  64  |   128  ||    0    ||    9    |
| grp_readVertex_Pipeline_VITIS_LOOP_95_1_fu_88 |  p3  |   2  |  64  |   128  ||    0    ||    9    |
| grp_readVertex_Pipeline_VITIS_LOOP_95_1_fu_88 |  p5  |   2  |  64  |   128  ||    0    ||    9    |
| grp_readVertex_Pipeline_VITIS_LOOP_95_1_fu_88 |  p6  |   2  |  64  |   128  ||    0    ||    9    |
| grp_readVertex_Pipeline_VITIS_LOOP_95_1_fu_88 |  p7  |   2  |  64  |   128  ||    0    ||    9    |
|-----------------------------------------------|------|------|------|--------||---------||---------||---------|
|                     Total                     |      |      |      |   704  ||  2.322  ||    0    ||    54   |
|-----------------------------------------------|------|------|------|--------||---------||---------||---------|



* Summary:
+-----------+--------+--------+--------+
|           |  Delay |   FF   |   LUT  |
+-----------+--------+--------+--------+
|  Function |    1   |   958  |   873  |
|   Memory  |    -   |    -   |    -   |
|Multiplexer|    2   |    0   |   54   |
|  Register |    -   |   352  |    -   |
+-----------+--------+--------+--------+
|   Total   |    3   |  1310  |   927  |
+-----------+--------+--------+--------+
