

================================================================
== Vitis HLS Report for 'vertex_map'
================================================================
* Date:           Thu Apr  2 14:13:46 2026

* Version:        2025.1 (Build 6135595 on May 21 2025)
* Project:        vertex_map
* Solution:       hls (Vivado IP Flow Target)
* Product family: virtexuplusHBM
* Target device:  xcu55c-fsvh2892-2LV-e


================================================================
== Performance Estimates
================================================================
+ Timing: 
    * Summary: 
    +--------+---------+----------+------------+
    |  Clock |  Target | Estimated| Uncertainty|
    +--------+---------+----------+------------+
    |ap_clk  |  4.00 ns|  2.920 ns|     1.08 ns|
    +--------+---------+----------+------------+

+ Latency: 
    * Summary: 
    +---------+---------+----------+----------+-----+-----+----------+
    |  Latency (cycles) |  Latency (absolute) |  Interval | Pipeline |
    |   min   |   max   |    min   |    max   | min | max |   Type   |
    +---------+---------+----------+----------+-----+-----+----------+
    |        ?|        ?|         ?|         ?|    ?|    ?|  dataflow|
    +---------+---------+----------+----------+-----+-----+----------+

    + Detail: 
        * Instance: 
        +------------------------------+------------------+---------+---------+----------+----------+-----+-----+---------+
        |                              |                  |  Latency (cycles) |  Latency (absolute) |  Interval | Pipeline|
        |           Instance           |      Module      |   min   |   max   |    min   |    max   | min | max |   Type  |
        +------------------------------+------------------+---------+---------+----------+----------+-----+-----+---------+
        |call_ln232_entry_proc_fu_198  |entry_proc        |        0|        0|      0 ns|      0 ns|    0|    0|       no|
        |grp_read_task_fu_205          |read_task         |       74|       74|  0.296 us|  0.296 us|   74|   74|       no|
        |grp_readVertex_fu_222         |readVertex        |        ?|        ?|         ?|         ?|    ?|    ?|       no|
        |grp_feed_adder_value_fu_237   |feed_adder_value  |        ?|        ?|         ?|         ?|    ?|    ?|       no|
        |grp_adder_function_fu_244     |adder_function    |        ?|        ?|         ?|         ?|    ?|    ?|       no|
        |grp_write_arg_fu_253          |write_arg         |       97|       97|  0.388 us|  0.388 us|   97|   97|       no|
        +------------------------------+------------------+---------+---------+----------+----------+-----+-----+---------+

        * Loop: 
        N/A

============================================================
+ Verbose Summary: Synthesis Manager
============================================================
InlineROM: 1
ExposeGlobal: 0
============================================================
+ Verbose Summary: CDFG Model
============================================================
IsTopModel: 1
ResetActiveHigh: 1
IsCombinational: 2
IsDatapathOnly: 0
HasWiredReturn: 1
HasMFsm: 0
HasVarLatency: 1
IsPipeline: 0
IsRtlPipelined: 0
IsInstanceOverlapped: 0
IsDontTouch: 0
HasImplIP: 0
IsGatedGlobalClock: 0


============================================================
+ Verbose Summary: Schedule
============================================================
* Number of FSM states : 10
* Pipeline : 0
* Dataflow Pipeline: 1
  DF-Pipeline-0: Size = 10, States = { 1 2 3 4 5 6 7 8 9 10 }

* FSM state transitions: 
1 --> 2 
2 --> 3 
3 --> 4 
4 --> 5 
5 --> 6 
6 --> 7 
7 --> 8 
8 --> 9 
9 --> 10 
10 --> 

* FSM state operations: 

State 1 <SV = 0> <Delay = 0.00>
ST_1 : Operation 11 [1/1] (0.00ns)   --->   "%mem_5_c = alloca i64 1" [../pageRankReduce/pageRank.cpp:232]   --->   Operation 11 'alloca' 'mem_5_c' <Predicate = true> <Delay = 0.00> <CoreInst = "FIFO_SRL">   --->   Core 80 'FIFO_SRL' <Latency = 0> <II = 1> <Delay = 1.40> <Storage> <Opcode : 'read' 'write' 'nbread' 'nbwrite'> <Ports = 0> <Width = 64> <Depth = 5> <FIFO>
ST_1 : Operation 12 [1/1] (0.00ns)   --->   "%adder_in_feed_0 = alloca i64 1" [../pageRankReduce/pageRank.cpp:233]   --->   Operation 12 'alloca' 'adder_in_feed_0' <Predicate = true> <Delay = 0.00> <CoreInst = "FIFO">   --->   Core 77 'FIFO' <Latency = 0> <II = 1> <Delay = 1.14> <Storage> <Opcode : 'read' 'write' 'nbread' 'nbwrite'> <Ports = 0> <Width = 32> <Depth = 128> <FIFO>
ST_1 : Operation 13 [1/1] (0.00ns)   --->   "%adder_in_feed_1 = alloca i64 1" [../pageRankReduce/pageRank.cpp:234]   --->   Operation 13 'alloca' 'adder_in_feed_1' <Predicate = true> <Delay = 0.00> <CoreInst = "FIFO">   --->   Core 77 'FIFO' <Latency = 0> <II = 1> <Delay = 1.14> <Storage> <Opcode : 'read' 'write' 'nbread' 'nbwrite'> <Ports = 0> <Width = 32> <Depth = 128> <FIFO>
ST_1 : Operation 14 [1/1] (0.00ns)   --->   "%adder_results = alloca i64 1" [../pageRankReduce/pageRank.cpp:235]   --->   Operation 14 'alloca' 'adder_results' <Predicate = true> <Delay = 0.00> <CoreInst = "FIFO">   --->   Core 77 'FIFO' <Latency = 0> <II = 1> <Delay = 1.14> <Storage> <Opcode : 'read' 'write' 'nbread' 'nbwrite'> <Ports = 0> <Width = 32> <Depth = 128> <FIFO>
ST_1 : Operation 15 [1/1] (0.00ns)   --->   "%v_size_0 = alloca i64 1" [../pageRankReduce/pageRank.cpp:238]   --->   Operation 15 'alloca' 'v_size_0' <Predicate = true> <Delay = 0.00> <CoreInst = "FIFO_SRL">   --->   Core 80 'FIFO_SRL' <Latency = 0> <II = 1> <Delay = 1.43> <Storage> <Opcode : 'read' 'write' 'nbread' 'nbwrite'> <Ports = 0> <Width = 32> <Depth = 9> <FIFO>
ST_1 : Operation 16 [1/1] (0.00ns)   --->   "%v_size_1 = alloca i64 1" [../pageRankReduce/pageRank.cpp:239]   --->   Operation 16 'alloca' 'v_size_1' <Predicate = true> <Delay = 0.00> <CoreInst = "FIFO_SRL">   --->   Core 80 'FIFO_SRL' <Latency = 0> <II = 1> <Delay = 1.43> <Storage> <Opcode : 'read' 'write' 'nbread' 'nbwrite'> <Ports = 0> <Width = 32> <Depth = 9> <FIFO>
ST_1 : Operation 17 [1/1] (0.00ns)   --->   "%v_size_2 = alloca i64 1" [../pageRankReduce/pageRank.cpp:240]   --->   Operation 17 'alloca' 'v_size_2' <Predicate = true> <Delay = 0.00> <CoreInst = "FIFO_SRL">   --->   Core 80 'FIFO_SRL' <Latency = 0> <II = 1> <Delay = 1.43> <Storage> <Opcode : 'read' 'write' 'nbread' 'nbwrite'> <Ports = 0> <Width = 32> <Depth = 9> <FIFO>
ST_1 : Operation 18 [1/1] (0.00ns)   --->   "%Pcurrs = alloca i64 1" [../pageRankReduce/pageRank.cpp:242]   --->   Operation 18 'alloca' 'Pcurrs' <Predicate = true> <Delay = 0.00> <CoreInst = "FIFO_SRL">   --->   Core 80 'FIFO_SRL' <Latency = 0> <II = 1> <Delay = 1.37> <Storage> <Opcode : 'read' 'write' 'nbread' 'nbwrite'> <Ports = 0> <Width = 64> <Depth = 9> <FIFO>
ST_1 : Operation 19 [1/1] (0.00ns)   --->   "%adj_lists = alloca i64 1" [../pageRankReduce/pageRank.cpp:243]   --->   Operation 19 'alloca' 'adj_lists' <Predicate = true> <Delay = 0.00> <CoreInst = "FIFO_SRL">   --->   Core 80 'FIFO_SRL' <Latency = 0> <II = 1> <Delay = 1.37> <Storage> <Opcode : 'read' 'write' 'nbread' 'nbwrite'> <Ports = 0> <Width = 64> <Depth = 9> <FIFO>
ST_1 : Operation 20 [1/1] (0.00ns)   --->   "%v_neighbours_stream = alloca i64 1" [../pageRankReduce/pageRank.cpp:244]   --->   Operation 20 'alloca' 'v_neighbours_stream' <Predicate = true> <Delay = 0.00> <CoreInst = "FIFO_SRL">   --->   Core 80 'FIFO_SRL' <Latency = 0> <II = 1> <Delay = 1.37> <Storage> <Opcode : 'read' 'write' 'nbread' 'nbwrite'> <Ports = 0> <Width = 64> <Depth = 9> <FIFO>
ST_1 : Operation 21 [1/1] (0.00ns)   --->   "%sums_stream = alloca i64 1" [../pageRankReduce/pageRank.cpp:246]   --->   Operation 21 'alloca' 'sums_stream' <Predicate = true> <Delay = 0.00> <CoreInst = "FIFO_SRL">   --->   Core 80 'FIFO_SRL' <Latency = 0> <II = 1> <Delay = 1.43> <Storage> <Opcode : 'read' 'write' 'nbread' 'nbwrite'> <Ports = 0> <Width = 32> <Depth = 9> <FIFO>
ST_1 : Operation 22 [1/1] (0.00ns)   --->   "%taskToWrite = alloca i64 1"   --->   Operation 22 'alloca' 'taskToWrite' <Predicate = true> <Delay = 0.00> <CoreInst = "FIFO">   --->   Core 77 'FIFO' <Latency = 0> <II = 1> <Delay = 1.23> <Storage> <Opcode : 'read' 'write' 'nbread' 'nbwrite'> <Ports = 0> <Width = 480> <Depth = 9> <FIFO>

State 2 <SV = 1> <Delay = 2.40>
ST_2 : Operation 23 [1/1] (1.00ns)   --->   "%mem_5_read = read i64 @_ssdm_op_Read.s_axilite.i64, i64 %mem_5" [../pageRankReduce/pageRank.cpp:232]   --->   Operation 23 'read' 'mem_5_read' <Predicate = true> <Delay = 1.00> <CoreInst = "s_axilite">   --->   Core 120 's_axilite' <Latency = 0> <II = 1> <Delay = 1.00> <Adapter> <Opcode : 'read' 'write'>
ST_2 : Operation 24 [1/1] (1.00ns)   --->   "%mem_2_read = read i64 @_ssdm_op_Read.s_axilite.i64, i64 %mem_2" [../pageRankReduce/pageRank.cpp:232]   --->   Operation 24 'read' 'mem_2_read' <Predicate = true> <Delay = 1.00> <CoreInst = "s_axilite">   --->   Core 120 's_axilite' <Latency = 0> <II = 1> <Delay = 1.00> <Adapter> <Opcode : 'read' 'write'>
ST_2 : Operation 25 [1/1] (1.00ns)   --->   "%mem_1_read = read i64 @_ssdm_op_Read.s_axilite.i64, i64 %mem_1" [../pageRankReduce/pageRank.cpp:232]   --->   Operation 25 'read' 'mem_1_read' <Predicate = true> <Delay = 1.00> <CoreInst = "s_axilite">   --->   Core 120 's_axilite' <Latency = 0> <II = 1> <Delay = 1.00> <Adapter> <Opcode : 'read' 'write'>
ST_2 : Operation 26 [1/1] (1.00ns)   --->   "%mem_0_read = read i64 @_ssdm_op_Read.s_axilite.i64, i64 %mem_0" [../pageRankReduce/pageRank.cpp:232]   --->   Operation 26 'read' 'mem_0_read' <Predicate = true> <Delay = 1.00> <CoreInst = "s_axilite">   --->   Core 120 's_axilite' <Latency = 0> <II = 1> <Delay = 1.00> <Adapter> <Opcode : 'read' 'write'>
ST_2 : Operation 27 [1/1] (1.40ns)   --->   "%call_ln232 = call void @entry_proc, i64 %mem_5_read, i64 %mem_5_c" [../pageRankReduce/pageRank.cpp:232]   --->   Operation 27 'call' 'call_ln232' <Predicate = true> <Delay = 1.40> <CoreType = "Generic">   --->   Generic Core
ST_2 : Operation 28 [2/2] (0.84ns)   --->   "%call_ln94 = call void @read_task, i64 %gmem_CHN_0, i64 %mem_0_read, i512 %taskIn, i64 %v_neighbours_stream, i64 %Pcurrs, i64 %adj_lists, i32 %v_size_0, i32 %v_size_1, i32 %v_size_2, i480 %taskToWrite" [/tools/Xilinx/2025.1/Vitis/common/technology/autopilot/hls_task.h:94->../pageRankReduce/pageRank.cpp:254]   --->   Operation 28 'call' 'call_ln94' <Predicate = true> <Delay = 0.84> <CoreType = "Generic">   --->   Generic Core

State 3 <SV = 2> <Delay = 0.00>
ST_3 : Operation 29 [1/2] (0.00ns)   --->   "%call_ln94 = call void @read_task, i64 %gmem_CHN_0, i64 %mem_0_read, i512 %taskIn, i64 %v_neighbours_stream, i64 %Pcurrs, i64 %adj_lists, i32 %v_size_0, i32 %v_size_1, i32 %v_size_2, i480 %taskToWrite" [/tools/Xilinx/2025.1/Vitis/common/technology/autopilot/hls_task.h:94->../pageRankReduce/pageRank.cpp:254]   --->   Operation 29 'call' 'call_ln94' <Predicate = true> <Delay = 0.00> <CoreType = "Generic">   --->   Generic Core

State 4 <SV = 3> <Delay = 1.26>
ST_4 : Operation 30 [2/2] (1.26ns)   --->   "%call_ln94 = call void @readVertex, i64 %gmem_CHN_1, i64 %mem_1_read, i64 %gmem_CHN_2, i64 %mem_2_read, i64 %v_neighbours_stream, i32 %v_size_0, i64 %adj_lists, i64 %Pcurrs, i32 %adder_in_feed_1" [/tools/Xilinx/2025.1/Vitis/common/technology/autopilot/hls_task.h:94->../pageRankReduce/pageRank.cpp:267]   --->   Operation 30 'call' 'call_ln94' <Predicate = true> <Delay = 1.26> <CoreType = "Generic">   --->   Generic Core
ST_4 : Operation 31 [2/2] (0.00ns)   --->   "%call_ln94 = call void @feed_adder_value, i32 %v_size_1, i32 %adder_results, i32 %adder_in_feed_0" [/tools/Xilinx/2025.1/Vitis/common/technology/autopilot/hls_task.h:94->../pageRankReduce/pageRank.cpp:271]   --->   Operation 31 'call' 'call_ln94' <Predicate = true> <Delay = 0.00> <CoreType = "Generic">   --->   Generic Core

State 5 <SV = 4> <Delay = 0.00>
ST_5 : Operation 32 [1/2] (0.00ns)   --->   "%call_ln94 = call void @readVertex, i64 %gmem_CHN_1, i64 %mem_1_read, i64 %gmem_CHN_2, i64 %mem_2_read, i64 %v_neighbours_stream, i32 %v_size_0, i64 %adj_lists, i64 %Pcurrs, i32 %adder_in_feed_1" [/tools/Xilinx/2025.1/Vitis/common/technology/autopilot/hls_task.h:94->../pageRankReduce/pageRank.cpp:267]   --->   Operation 32 'call' 'call_ln94' <Predicate = true> <Delay = 0.00> <CoreType = "Generic">   --->   Generic Core
ST_5 : Operation 33 [1/2] (0.00ns)   --->   "%call_ln94 = call void @feed_adder_value, i32 %v_size_1, i32 %adder_results, i32 %adder_in_feed_0" [/tools/Xilinx/2025.1/Vitis/common/technology/autopilot/hls_task.h:94->../pageRankReduce/pageRank.cpp:271]   --->   Operation 33 'call' 'call_ln94' <Predicate = true> <Delay = 0.00> <CoreType = "Generic">   --->   Generic Core

State 6 <SV = 5> <Delay = 0.00>
ST_6 : Operation 34 [2/2] (0.00ns)   --->   "%call_ln94 = call void @adder_function, i32 %v_size_2, i32 %sums_stream, i32 %adder_results, i32 %adder_in_feed_0, i32 %adder_in_feed_1" [/tools/Xilinx/2025.1/Vitis/common/technology/autopilot/hls_task.h:94->../pageRankReduce/pageRank.cpp:274]   --->   Operation 34 'call' 'call_ln94' <Predicate = true> <Delay = 0.00> <CoreType = "Generic">   --->   Generic Core

State 7 <SV = 6> <Delay = 0.00>
ST_7 : Operation 35 [1/2] (0.00ns)   --->   "%call_ln94 = call void @adder_function, i32 %v_size_2, i32 %sums_stream, i32 %adder_results, i32 %adder_in_feed_0, i32 %adder_in_feed_1" [/tools/Xilinx/2025.1/Vitis/common/technology/autopilot/hls_task.h:94->../pageRankReduce/pageRank.cpp:274]   --->   Operation 35 'call' 'call_ln94' <Predicate = true> <Delay = 0.00> <CoreType = "Generic">   --->   Generic Core

State 8 <SV = 7> <Delay = 0.00>
ST_8 : Operation 36 [2/2] (0.00ns)   --->   "%call_ln94 = call void @write_arg, i64 %gmem_CHN_5, i64 %mem_5_c, i64 %argOut, i480 %taskToWrite, i32 %sums_stream" [/tools/Xilinx/2025.1/Vitis/common/technology/autopilot/hls_task.h:94->../pageRankReduce/pageRank.cpp:279]   --->   Operation 36 'call' 'call_ln94' <Predicate = true> <Delay = 0.00> <CoreType = "Generic">   --->   Generic Core

State 9 <SV = 8> <Delay = 0.00>
ST_9 : Operation 37 [1/2] (0.00ns)   --->   "%call_ln94 = call void @write_arg, i64 %gmem_CHN_5, i64 %mem_5_c, i64 %argOut, i480 %taskToWrite, i32 %sums_stream" [/tools/Xilinx/2025.1/Vitis/common/technology/autopilot/hls_task.h:94->../pageRankReduce/pageRank.cpp:279]   --->   Operation 37 'call' 'call_ln94' <Predicate = true> <Delay = 0.00> <CoreType = "Generic">   --->   Generic Core

State 10 <SV = 9> <Delay = 0.00>
ST_10 : Operation 38 [1/1] (0.00ns)   --->   "%empty = specchannel i32 @_ssdm_op_SpecChannel, void @mem_5_c_str, i32 1, void @p_str, void @p_str, i32 5, i32 0, i64 %mem_5_c, i64 %mem_5_c" [../pageRankReduce/pageRank.cpp:232]   --->   Operation 38 'specchannel' 'empty' <Predicate = true> <Delay = 0.00>
ST_10 : Operation 39 [1/1] (0.00ns)   --->   "%specinterface_ln232 = specinterface void @_ssdm_op_SpecInterface, i64 %mem_5_c, void @ap_fifo_str, i32 0, i32 0, void @p_str, i32 0, i32 0, void @p_str, void @p_str, void @p_str, i32 2, i32 2, i32 16, i32 16, void @p_str, void @p_str, i32 4294967295, i32 0, i32 0" [../pageRankReduce/pageRank.cpp:232]   --->   Operation 39 'specinterface' 'specinterface_ln232' <Predicate = true> <Delay = 0.00>
ST_10 : Operation 40 [1/1] (0.00ns)   --->   "%specdataflowpipeline_ln232 = specdataflowpipeline void @_ssdm_op_SpecDataflowPipeline, i32 4294967295, i32 1, void @empty_16" [../pageRankReduce/pageRank.cpp:232]   --->   Operation 40 'specdataflowpipeline' 'specdataflowpipeline_ln232' <Predicate = true> <Delay = 0.00>
ST_10 : Operation 41 [1/1] (0.00ns)   --->   "%spectopmodule_ln214 = spectopmodule void @_ssdm_op_SpecTopModule, void @empty_3" [../pageRankReduce/pageRank.cpp:214]   --->   Operation 41 'spectopmodule' 'spectopmodule_ln214' <Predicate = true> <Delay = 0.00>
ST_10 : Operation 42 [1/1] (0.00ns)   --->   "%specinterface_ln214 = specinterface void @_ssdm_op_SpecInterface, i32 0, void @empty_12, i32 0, i32 0, void @empty_16, i32 0, i32 0, void @empty_16, void @empty_16, void @empty_16, i32 0, i32 0, i32 0, i32 0, void @empty_16, void @empty_16, i32 4294967295, i32 0, i32 0" [../pageRankReduce/pageRank.cpp:214]   --->   Operation 42 'specinterface' 'specinterface_ln214' <Predicate = true> <Delay = 0.00>
ST_10 : Operation 43 [1/1] (0.00ns)   --->   "%specinterface_ln0 = specinterface void @_ssdm_op_SpecInterface, i64 %gmem_CHN_0, void @empty_17, i32 0, i32 0, void @empty_16, i32 64, i32 0, void @empty_15, void @empty_14, void @empty_16, i32 16, i32 16, i32 16, i32 16, void @empty_16, void @empty_16, i32 4294967295, i32 0, i32 0"   --->   Operation 43 'specinterface' 'specinterface_ln0' <Predicate = true> <Delay = 0.00>
ST_10 : Operation 44 [1/1] (0.00ns)   --->   "%specbitsmap_ln0 = specbitsmap void @_ssdm_op_SpecBitsMap, i64 %gmem_CHN_0"   --->   Operation 44 'specbitsmap' 'specbitsmap_ln0' <Predicate = true> <Delay = 0.00>
ST_10 : Operation 45 [1/1] (0.00ns)   --->   "%specinterface_ln0 = specinterface void @_ssdm_op_SpecInterface, i64 %gmem_CHN_1, void @empty_17, i32 0, i32 0, void @empty_16, i32 64, i32 0, void @empty_15, void @empty_14, void @empty_16, i32 64, i32 1, i32 16, i32 16, void @empty_16, void @empty_16, i32 4294967295, i32 0, i32 1"   --->   Operation 45 'specinterface' 'specinterface_ln0' <Predicate = true> <Delay = 0.00>
ST_10 : Operation 46 [1/1] (0.00ns)   --->   "%specbitsmap_ln0 = specbitsmap void @_ssdm_op_SpecBitsMap, i64 %gmem_CHN_1"   --->   Operation 46 'specbitsmap' 'specbitsmap_ln0' <Predicate = true> <Delay = 0.00>
ST_10 : Operation 47 [1/1] (0.00ns)   --->   "%specinterface_ln0 = specinterface void @_ssdm_op_SpecInterface, i64 %gmem_CHN_2, void @empty_17, i32 0, i32 0, void @empty_16, i32 64, i32 0, void @empty_15, void @empty_14, void @empty_16, i32 64, i32 1, i32 16, i32 16, void @empty_16, void @empty_16, i32 4294967295, i32 0, i32 2"   --->   Operation 47 'specinterface' 'specinterface_ln0' <Predicate = true> <Delay = 0.00>
ST_10 : Operation 48 [1/1] (0.00ns)   --->   "%specbitsmap_ln0 = specbitsmap void @_ssdm_op_SpecBitsMap, i64 %gmem_CHN_2"   --->   Operation 48 'specbitsmap' 'specbitsmap_ln0' <Predicate = true> <Delay = 0.00>
ST_10 : Operation 49 [1/1] (0.00ns)   --->   "%specinterface_ln0 = specinterface void @_ssdm_op_SpecInterface, i64 %gmem_CHN_5, void @empty_17, i32 0, i32 0, void @empty_16, i32 64, i32 0, void @empty_15, void @empty_14, void @empty_16, i32 64, i32 1, i32 16, i32 16, void @empty_16, void @empty_16, i32 4294967295, i32 0, i32 5"   --->   Operation 49 'specinterface' 'specinterface_ln0' <Predicate = true> <Delay = 0.00>
ST_10 : Operation 50 [1/1] (0.00ns)   --->   "%specbitsmap_ln0 = specbitsmap void @_ssdm_op_SpecBitsMap, i64 %gmem_CHN_5"   --->   Operation 50 'specbitsmap' 'specbitsmap_ln0' <Predicate = true> <Delay = 0.00>
ST_10 : Operation 51 [1/1] (0.00ns)   --->   "%specinterface_ln0 = specinterface void @_ssdm_op_SpecInterface, i64 %mem_0, void @empty_13, i32 0, i32 0, void @empty_16, i32 0, i32 0, void @empty_2, void @empty_0, void @empty_16, i32 0, i32 0, i32 0, i32 0, void @empty_16, void @empty_1, i32 4294967295, i32 0, i32 0"   --->   Operation 51 'specinterface' 'specinterface_ln0' <Predicate = true> <Delay = 0.00>
ST_10 : Operation 52 [1/1] (0.00ns)   --->   "%specinterface_ln0 = specinterface void @_ssdm_op_SpecInterface, i64 %mem_0, void @empty_20, i32 0, i32 0, void @empty_16, i32 0, i32 0, void @empty_16, void @empty_16, void @empty_16, i32 0, i32 0, i32 0, i32 0, void @empty_16, void @empty_1, i32 4294967295, i32 0, i32 0"   --->   Operation 52 'specinterface' 'specinterface_ln0' <Predicate = true> <Delay = 0.00>
ST_10 : Operation 53 [1/1] (0.00ns)   --->   "%specinterface_ln0 = specinterface void @_ssdm_op_SpecInterface, i64 %mem_1, void @empty_13, i32 0, i32 0, void @empty_16, i32 0, i32 0, void @empty_2, void @empty_19, void @empty_16, i32 0, i32 0, i32 0, i32 0, void @empty_16, void @empty_1, i32 4294967295, i32 0, i32 0"   --->   Operation 53 'specinterface' 'specinterface_ln0' <Predicate = true> <Delay = 0.00>
ST_10 : Operation 54 [1/1] (0.00ns)   --->   "%specinterface_ln0 = specinterface void @_ssdm_op_SpecInterface, i64 %mem_1, void @empty_20, i32 0, i32 0, void @empty_16, i32 0, i32 0, void @empty_16, void @empty_16, void @empty_16, i32 0, i32 0, i32 0, i32 0, void @empty_16, void @empty_1, i32 4294967295, i32 0, i32 0"   --->   Operation 54 'specinterface' 'specinterface_ln0' <Predicate = true> <Delay = 0.00>
ST_10 : Operation 55 [1/1] (0.00ns)   --->   "%specinterface_ln0 = specinterface void @_ssdm_op_SpecInterface, i64 %mem_2, void @empty_13, i32 0, i32 0, void @empty_16, i32 0, i32 0, void @empty_2, void @empty_18, void @empty_16, i32 0, i32 0, i32 0, i32 0, void @empty_16, void @empty_1, i32 4294967295, i32 0, i32 0"   --->   Operation 55 'specinterface' 'specinterface_ln0' <Predicate = true> <Delay = 0.00>
ST_10 : Operation 56 [1/1] (0.00ns)   --->   "%specinterface_ln0 = specinterface void @_ssdm_op_SpecInterface, i64 %mem_2, void @empty_20, i32 0, i32 0, void @empty_16, i32 0, i32 0, void @empty_16, void @empty_16, void @empty_16, i32 0, i32 0, i32 0, i32 0, void @empty_16, void @empty_1, i32 4294967295, i32 0, i32 0"   --->   Operation 56 'specinterface' 'specinterface_ln0' <Predicate = true> <Delay = 0.00>
ST_10 : Operation 57 [1/1] (0.00ns)   --->   "%specinterface_ln0 = specinterface void @_ssdm_op_SpecInterface, i64 %mem_5, void @empty_13, i32 0, i32 0, void @empty_16, i32 0, i32 0, void @empty_2, void @empty_7, void @empty_16, i32 0, i32 0, i32 0, i32 0, void @empty_16, void @empty_1, i32 4294967295, i32 0, i32 0"   --->   Operation 57 'specinterface' 'specinterface_ln0' <Predicate = true> <Delay = 0.00>
ST_10 : Operation 58 [1/1] (0.00ns)   --->   "%specinterface_ln0 = specinterface void @_ssdm_op_SpecInterface, i64 %mem_5, void @empty_20, i32 0, i32 0, void @empty_16, i32 0, i32 0, void @empty_16, void @empty_16, void @empty_16, i32 0, i32 0, i32 0, i32 0, void @empty_16, void @empty_1, i32 4294967295, i32 0, i32 0"   --->   Operation 58 'specinterface' 'specinterface_ln0' <Predicate = true> <Delay = 0.00>
ST_10 : Operation 59 [1/1] (0.00ns)   --->   "%specinterface_ln0 = specinterface void @_ssdm_op_SpecInterface, i512 %taskIn, void @empty_6, i32 1, i32 1, void @empty_5, i32 0, i32 0, void @empty_16, void @empty_16, void @empty_16, i32 0, i32 0, i32 0, i32 0, void @empty_16, void @empty_16, i32 4294967295, i32 0, i32 0"   --->   Operation 59 'specinterface' 'specinterface_ln0' <Predicate = true> <Delay = 0.00>
ST_10 : Operation 60 [1/1] (0.00ns)   --->   "%specbitsmap_ln0 = specbitsmap void @_ssdm_op_SpecBitsMap, i512 %taskIn"   --->   Operation 60 'specbitsmap' 'specbitsmap_ln0' <Predicate = true> <Delay = 0.00>
ST_10 : Operation 61 [1/1] (0.00ns)   --->   "%specinterface_ln0 = specinterface void @_ssdm_op_SpecInterface, i64 %argOut, void @empty_6, i32 1, i32 1, void @empty_5, i32 0, i32 0, void @empty_16, void @empty_16, void @empty_16, i32 0, i32 0, i32 0, i32 0, void @empty_16, void @empty_16, i32 4294967295, i32 0, i32 0"   --->   Operation 61 'specinterface' 'specinterface_ln0' <Predicate = true> <Delay = 0.00>
ST_10 : Operation 62 [1/1] (0.00ns)   --->   "%specbitsmap_ln0 = specbitsmap void @_ssdm_op_SpecBitsMap, i64 %argOut"   --->   Operation 62 'specbitsmap' 'specbitsmap_ln0' <Predicate = true> <Delay = 0.00>
ST_10 : Operation 63 [1/1] (0.00ns)   --->   "%empty_36 = specchannel i32 @_ssdm_op_SpecChannel, void @adder_in_feed_0_str, i32 1, void @p_str, void @p_str, i32 128, i32 128, i32 %adder_in_feed_0, i32 %adder_in_feed_0"   --->   Operation 63 'specchannel' 'empty_36' <Predicate = true> <Delay = 0.00>
ST_10 : Operation 64 [1/1] (0.00ns)   --->   "%specinterface_ln0 = specinterface void @_ssdm_op_SpecInterface, i32 %adder_in_feed_0, void @empty_4, i32 0, i32 0, void @empty_16, i32 0, i32 0, void @empty_16, void @empty_16, void @empty_16, i32 0, i32 0, i32 0, i32 0, void @empty_16, void @empty_16, i32 4294967295, i32 0, i32 0"   --->   Operation 64 'specinterface' 'specinterface_ln0' <Predicate = true> <Delay = 0.00>
ST_10 : Operation 65 [1/1] (0.00ns)   --->   "%empty_37 = specchannel i32 @_ssdm_op_SpecChannel, void @adder_in_feed_1_str, i32 1, void @p_str, void @p_str, i32 128, i32 128, i32 %adder_in_feed_1, i32 %adder_in_feed_1"   --->   Operation 65 'specchannel' 'empty_37' <Predicate = true> <Delay = 0.00>
ST_10 : Operation 66 [1/1] (0.00ns)   --->   "%specinterface_ln0 = specinterface void @_ssdm_op_SpecInterface, i32 %adder_in_feed_1, void @empty_4, i32 0, i32 0, void @empty_16, i32 0, i32 0, void @empty_16, void @empty_16, void @empty_16, i32 0, i32 0, i32 0, i32 0, void @empty_16, void @empty_16, i32 4294967295, i32 0, i32 0"   --->   Operation 66 'specinterface' 'specinterface_ln0' <Predicate = true> <Delay = 0.00>
ST_10 : Operation 67 [1/1] (0.00ns)   --->   "%empty_38 = specchannel i32 @_ssdm_op_SpecChannel, void @adder_results_str, i32 1, void @p_str, void @p_str, i32 128, i32 128, i32 %adder_results, i32 %adder_results"   --->   Operation 67 'specchannel' 'empty_38' <Predicate = true> <Delay = 0.00>
ST_10 : Operation 68 [1/1] (0.00ns)   --->   "%specinterface_ln0 = specinterface void @_ssdm_op_SpecInterface, i32 %adder_results, void @empty_4, i32 0, i32 0, void @empty_16, i32 0, i32 0, void @empty_16, void @empty_16, void @empty_16, i32 0, i32 0, i32 0, i32 0, void @empty_16, void @empty_16, i32 4294967295, i32 0, i32 0"   --->   Operation 68 'specinterface' 'specinterface_ln0' <Predicate = true> <Delay = 0.00>
ST_10 : Operation 69 [1/1] (0.00ns)   --->   "%empty_39 = specchannel i32 @_ssdm_op_SpecChannel, void @v_size_0_str, i32 1, void @p_str, void @p_str, i32 9, i32 9, i32 %v_size_0, i32 %v_size_0"   --->   Operation 69 'specchannel' 'empty_39' <Predicate = true> <Delay = 0.00>
ST_10 : Operation 70 [1/1] (0.00ns)   --->   "%specinterface_ln0 = specinterface void @_ssdm_op_SpecInterface, i32 %v_size_0, void @empty_4, i32 0, i32 0, void @empty_16, i32 0, i32 0, void @empty_16, void @empty_16, void @empty_16, i32 0, i32 0, i32 0, i32 0, void @empty_16, void @empty_16, i32 4294967295, i32 0, i32 0"   --->   Operation 70 'specinterface' 'specinterface_ln0' <Predicate = true> <Delay = 0.00>
ST_10 : Operation 71 [1/1] (0.00ns)   --->   "%empty_40 = specchannel i32 @_ssdm_op_SpecChannel, void @v_size_1_str, i32 1, void @p_str, void @p_str, i32 9, i32 9, i32 %v_size_1, i32 %v_size_1"   --->   Operation 71 'specchannel' 'empty_40' <Predicate = true> <Delay = 0.00>
ST_10 : Operation 72 [1/1] (0.00ns)   --->   "%specinterface_ln0 = specinterface void @_ssdm_op_SpecInterface, i32 %v_size_1, void @empty_4, i32 0, i32 0, void @empty_16, i32 0, i32 0, void @empty_16, void @empty_16, void @empty_16, i32 0, i32 0, i32 0, i32 0, void @empty_16, void @empty_16, i32 4294967295, i32 0, i32 0"   --->   Operation 72 'specinterface' 'specinterface_ln0' <Predicate = true> <Delay = 0.00>
ST_10 : Operation 73 [1/1] (0.00ns)   --->   "%empty_41 = specchannel i32 @_ssdm_op_SpecChannel, void @v_size_2_str, i32 1, void @p_str, void @p_str, i32 9, i32 9, i32 %v_size_2, i32 %v_size_2"   --->   Operation 73 'specchannel' 'empty_41' <Predicate = true> <Delay = 0.00>
ST_10 : Operation 74 [1/1] (0.00ns)   --->   "%specinterface_ln0 = specinterface void @_ssdm_op_SpecInterface, i32 %v_size_2, void @empty_4, i32 0, i32 0, void @empty_16, i32 0, i32 0, void @empty_16, void @empty_16, void @empty_16, i32 0, i32 0, i32 0, i32 0, void @empty_16, void @empty_16, i32 4294967295, i32 0, i32 0"   --->   Operation 74 'specinterface' 'specinterface_ln0' <Predicate = true> <Delay = 0.00>
ST_10 : Operation 75 [1/1] (0.00ns)   --->   "%empty_42 = specchannel i32 @_ssdm_op_SpecChannel, void @Pcurrs_str, i32 1, void @p_str, void @p_str, i32 9, i32 9, i64 %Pcurrs, i64 %Pcurrs"   --->   Operation 75 'specchannel' 'empty_42' <Predicate = true> <Delay = 0.00>
ST_10 : Operation 76 [1/1] (0.00ns)   --->   "%specinterface_ln0 = specinterface void @_ssdm_op_SpecInterface, i64 %Pcurrs, void @empty_4, i32 0, i32 0, void @empty_16, i32 0, i32 0, void @empty_16, void @empty_16, void @empty_16, i32 0, i32 0, i32 0, i32 0, void @empty_16, void @empty_16, i32 4294967295, i32 0, i32 0"   --->   Operation 76 'specinterface' 'specinterface_ln0' <Predicate = true> <Delay = 0.00>
ST_10 : Operation 77 [1/1] (0.00ns)   --->   "%empty_43 = specchannel i32 @_ssdm_op_SpecChannel, void @adj_lists_str, i32 1, void @p_str, void @p_str, i32 9, i32 9, i64 %adj_lists, i64 %adj_lists"   --->   Operation 77 'specchannel' 'empty_43' <Predicate = true> <Delay = 0.00>
ST_10 : Operation 78 [1/1] (0.00ns)   --->   "%specinterface_ln0 = specinterface void @_ssdm_op_SpecInterface, i64 %adj_lists, void @empty_4, i32 0, i32 0, void @empty_16, i32 0, i32 0, void @empty_16, void @empty_16, void @empty_16, i32 0, i32 0, i32 0, i32 0, void @empty_16, void @empty_16, i32 4294967295, i32 0, i32 0"   --->   Operation 78 'specinterface' 'specinterface_ln0' <Predicate = true> <Delay = 0.00>
ST_10 : Operation 79 [1/1] (0.00ns)   --->   "%empty_44 = specchannel i32 @_ssdm_op_SpecChannel, void @v_neighbours_stream_str, i32 1, void @p_str, void @p_str, i32 9, i32 9, i64 %v_neighbours_stream, i64 %v_neighbours_stream"   --->   Operation 79 'specchannel' 'empty_44' <Predicate = true> <Delay = 0.00>
ST_10 : Operation 80 [1/1] (0.00ns)   --->   "%specinterface_ln0 = specinterface void @_ssdm_op_SpecInterface, i64 %v_neighbours_stream, void @empty_4, i32 0, i32 0, void @empty_16, i32 0, i32 0, void @empty_16, void @empty_16, void @empty_16, i32 0, i32 0, i32 0, i32 0, void @empty_16, void @empty_16, i32 4294967295, i32 0, i32 0"   --->   Operation 80 'specinterface' 'specinterface_ln0' <Predicate = true> <Delay = 0.00>
ST_10 : Operation 81 [1/1] (0.00ns)   --->   "%empty_45 = specchannel i32 @_ssdm_op_SpecChannel, void @sums_stream_str, i32 1, void @p_str, void @p_str, i32 9, i32 9, i32 %sums_stream, i32 %sums_stream"   --->   Operation 81 'specchannel' 'empty_45' <Predicate = true> <Delay = 0.00>
ST_10 : Operation 82 [1/1] (0.00ns)   --->   "%specinterface_ln0 = specinterface void @_ssdm_op_SpecInterface, i32 %sums_stream, void @empty_4, i32 0, i32 0, void @empty_16, i32 0, i32 0, void @empty_16, void @empty_16, void @empty_16, i32 0, i32 0, i32 0, i32 0, void @empty_16, void @empty_16, i32 4294967295, i32 0, i32 0"   --->   Operation 82 'specinterface' 'specinterface_ln0' <Predicate = true> <Delay = 0.00>
ST_10 : Operation 83 [1/1] (0.00ns)   --->   "%empty_46 = specchannel i32 @_ssdm_op_SpecChannel, void @taskToWrite_str, i32 1, void @p_str, void @p_str, i32 9, i32 9, i480 %taskToWrite, i480 %taskToWrite"   --->   Operation 83 'specchannel' 'empty_46' <Predicate = true> <Delay = 0.00>
ST_10 : Operation 84 [1/1] (0.00ns)   --->   "%specinterface_ln0 = specinterface void @_ssdm_op_SpecInterface, i480 %taskToWrite, void @empty_4, i32 0, i32 0, void @empty_16, i32 0, i32 0, void @empty_16, void @empty_16, void @empty_16, i32 0, i32 0, i32 0, i32 0, void @empty_16, void @empty_16, i32 4294967295, i32 0, i32 0"   --->   Operation 84 'specinterface' 'specinterface_ln0' <Predicate = true> <Delay = 0.00>
ST_10 : Operation 85 [1/1] (0.00ns)   --->   "%ret_ln286 = ret" [../pageRankReduce/pageRank.cpp:286]   --->   Operation 85 'ret' 'ret_ln286' <Predicate = true> <Delay = 0.00>


============================================================
+ Verbose Summary: Binding
============================================================
STG Binding: 
---------------- STG Properties BEGIN ----------------
- Is combinational: 0
- Is one-state seq: 0
- Is datapath-only: 0
- Is pipelined: 0
- Is top level: 1
Port [ Return ] is wired: 1; IO mode=ap_ctrl_none:ce=0
Port [ gmem_CHN_0]:  wired=1; compound=1; hidden=0; nouse=0; global=0; static=0; extern=0; dir=0; type=4; pingpong=0; private_global=0; IO mode=m_axi:ce=0
Port [ gmem_CHN_1]:  wired=1; compound=1; hidden=0; nouse=0; global=0; static=0; extern=0; dir=0; type=4; pingpong=0; private_global=0; IO mode=m_axi:ce=0
Port [ gmem_CHN_2]:  wired=1; compound=1; hidden=0; nouse=0; global=0; static=0; extern=0; dir=0; type=4; pingpong=0; private_global=0; IO mode=m_axi:ce=0
Port [ gmem_CHN_5]:  wired=1; compound=1; hidden=0; nouse=0; global=0; static=0; extern=0; dir=1; type=4; pingpong=0; private_global=0; IO mode=m_axi:ce=0
Port [ mem_0]:  wired=1; compound=0; hidden=0; nouse=0; global=0; static=0; extern=0; dir=0; type=0; pingpong=0; private_global=0; IO mode=ap_none:ce=0
Port [ mem_1]:  wired=1; compound=0; hidden=0; nouse=0; global=0; static=0; extern=0; dir=0; type=0; pingpong=0; private_global=0; IO mode=ap_none:ce=0
Port [ mem_2]:  wired=1; compound=0; hidden=0; nouse=0; global=0; static=0; extern=0; dir=0; type=0; pingpong=0; private_global=0; IO mode=ap_none:ce=0
Port [ mem_5]:  wired=1; compound=0; hidden=0; nouse=0; global=0; static=0; extern=0; dir=0; type=0; pingpong=0; private_global=0; IO mode=ap_none:ce=0
Port [ taskIn]:  wired=1; compound=1; hidden=0; nouse=0; global=0; static=0; extern=0; dir=0; type=0; pingpong=0; private_global=0; IO mode=axis:ce=0
Port [ argOut]:  wired=1; compound=1; hidden=0; nouse=0; global=0; static=0; extern=0; dir=1; type=0; pingpong=0; private_global=0; IO mode=axis:ce=0
---------------- STG Properties END ------------------

---------------- Datapath Model BEGIN ----------------

<LifeTime>
<method=bitvector/>
mem_5_c                    (alloca              ) [ 00111111111]
adder_in_feed_0            (alloca              ) [ 00111111111]
adder_in_feed_1            (alloca              ) [ 00111111111]
adder_results              (alloca              ) [ 00111111111]
v_size_0                   (alloca              ) [ 00111111111]
v_size_1                   (alloca              ) [ 00111111111]
v_size_2                   (alloca              ) [ 00111111111]
Pcurrs                     (alloca              ) [ 00111111111]
adj_lists                  (alloca              ) [ 00111111111]
v_neighbours_stream        (alloca              ) [ 00111111111]
sums_stream                (alloca              ) [ 00111111111]
taskToWrite                (alloca              ) [ 00111111111]
mem_5_read                 (read                ) [ 00000000000]
mem_2_read                 (read                ) [ 00011100000]
mem_1_read                 (read                ) [ 00011100000]
mem_0_read                 (read                ) [ 00010000000]
call_ln232                 (call                ) [ 00000000000]
call_ln94                  (call                ) [ 00000000000]
call_ln94                  (call                ) [ 00000000000]
call_ln94                  (call                ) [ 00000000000]
call_ln94                  (call                ) [ 00000000000]
call_ln94                  (call                ) [ 00000000000]
empty                      (specchannel         ) [ 00000000000]
specinterface_ln232        (specinterface       ) [ 00000000000]
specdataflowpipeline_ln232 (specdataflowpipeline) [ 00000000000]
spectopmodule_ln214        (spectopmodule       ) [ 00000000000]
specinterface_ln214        (specinterface       ) [ 00000000000]
specinterface_ln0          (specinterface       ) [ 00000000000]
specbitsmap_ln0            (specbitsmap         ) [ 00000000000]
specinterface_ln0          (specinterface       ) [ 00000000000]
specbitsmap_ln0            (specbitsmap         ) [ 00000000000]
specinterface_ln0          (specinterface       ) [ 00000000000]
specbitsmap_ln0            (specbitsmap         ) [ 00000000000]
specinterface_ln0          (specinterface       ) [ 00000000000]
specbitsmap_ln0            (specbitsmap         ) [ 00000000000]
specinterface_ln0          (specinterface       ) [ 00000000000]
specinterface_ln0          (specinterface       ) [ 00000000000]
specinterface_ln0          (specinterface       ) [ 00000000000]
specinterface_ln0          (specinterface       ) [ 00000000000]
specinterface_ln0          (specinterface       ) [ 00000000000]
specinterface_ln0          (specinterface       ) [ 00000000000]
specinterface_ln0          (specinterface       ) [ 00000000000]
specinterface_ln0          (specinterface       ) [ 00000000000]
specinterface_ln0          (specinterface       ) [ 00000000000]
specbitsmap_ln0            (specbitsmap         ) [ 00000000000]
specinterface_ln0          (specinterface       ) [ 00000000000]
specbitsmap_ln0            (specbitsmap         ) [ 00000000000]
empty_36                   (specchannel         ) [ 00000000000]
specinterface_ln0          (specinterface       ) [ 00000000000]
empty_37                   (specchannel         ) [ 00000000000]
specinterface_ln0          (specinterface       ) [ 00000000000]
empty_38                   (specchannel         ) [ 00000000000]
specinterface_ln0          (specinterface       ) [ 00000000000]
empty_39                   (specchannel         ) [ 00000000000]
specinterface_ln0          (specinterface       ) [ 00000000000]
empty_40                   (specchannel         ) [ 00000000000]
specinterface_ln0          (specinterface       ) [ 00000000000]
empty_41                   (specchannel         ) [ 00000000000]
specinterface_ln0          (specinterface       ) [ 00000000000]
empty_42                   (specchannel         ) [ 00000000000]
specinterface_ln0          (specinterface       ) [ 00000000000]
empty_43                   (specchannel         ) [ 00000000000]
specinterface_ln0          (specinterface       ) [ 00000000000]
empty_44                   (specchannel         ) [ 00000000000]
specinterface_ln0          (specinterface       ) [ 00000000000]
empty_45                   (specchannel         ) [ 00000000000]
specinterface_ln0          (specinterface       ) [ 00000000000]
empty_46                   (specchannel         ) [ 00000000000]
specinterface_ln0          (specinterface       ) [ 00000000000]
ret_ln286                  (ret                 ) [ 00000000000]
</LifeTime>

<model>

<comp_list>
<comp id="0" class="1000" name="gmem_CHN_0">
<pin_list>
<pin id="1" dir="1" index="0" bw="1" slack="0"/>
</pin_list>
<bind>
<StgValue><ssdm name="gmem_CHN_0"/><MemPortTyVec>0 </MemPortTyVec>
</StgValue>
</bind>
</comp>

<comp id="2" class="1000" name="gmem_CHN_1">
<pin_list>
<pin id="3" dir="1" index="0" bw="1" slack="0"/>
</pin_list>
<bind>
<StgValue><ssdm name="gmem_CHN_1"/><MemPortTyVec>0 </MemPortTyVec>
</StgValue>
</bind>
</comp>

<comp id="4" class="1000" name="gmem_CHN_2">
<pin_list>
<pin id="5" dir="1" index="0" bw="1" slack="0"/>
</pin_list>
<bind>
<StgValue><ssdm name="gmem_CHN_2"/><MemPortTyVec>0 </MemPortTyVec>
</StgValue>
</bind>
</comp>

<comp id="6" class="1000" name="gmem_CHN_5">
<pin_list>
<pin id="7" dir="1" index="0" bw="1" slack="0"/>
</pin_list>
<bind>
<StgValue><ssdm name="gmem_CHN_5"/><MemPortTyVec>1 </MemPortTyVec>
</StgValue>
</bind>
</comp>

<comp id="8" class="1000" name="mem_0">
<pin_list>
<pin id="9" dir="1" index="0" bw="1" slack="0"/>
</pin_list>
<bind>
<StgValue><ssdm name="mem_0"/></StgValue>
</bind>
</comp>

<comp id="10" class="1000" name="mem_1">
<pin_list>
<pin id="11" dir="1" index="0" bw="1" slack="0"/>
</pin_list>
<bind>
<StgValue><ssdm name="mem_1"/></StgValue>
</bind>
</comp>

<comp id="12" class="1000" name="mem_2">
<pin_list>
<pin id="13" dir="1" index="0" bw="1" slack="0"/>
</pin_list>
<bind>
<StgValue><ssdm name="mem_2"/></StgValue>
</bind>
</comp>

<comp id="14" class="1000" name="mem_5">
<pin_list>
<pin id="15" dir="1" index="0" bw="1" slack="0"/>
</pin_list>
<bind>
<StgValue><ssdm name="mem_5"/></StgValue>
</bind>
</comp>

<comp id="16" class="1000" name="taskIn">
<pin_list>
<pin id="17" dir="1" index="0" bw="1" slack="0"/>
</pin_list>
<bind>
<StgValue><ssdm name="taskIn"/></StgValue>
</bind>
</comp>

<comp id="18" class="1000" name="argOut">
<pin_list>
<pin id="19" dir="1" index="0" bw="1" slack="0"/>
</pin_list>
<bind>
<StgValue><ssdm name="argOut"/></StgValue>
</bind>
</comp>

<comp id="20" class="1001" name="const_20">
<pin_list>
<pin id="21" dir="1" index="0" bw="1" slack="0"/>
</pin_list>
<bind>
<StgValue><ssdm name=""/></StgValue>
</bind>
</comp>

<comp id="22" class="1001" name="const_22">
<pin_list>
<pin id="23" dir="1" index="0" bw="1" slack="0"/>
</pin_list>
<bind>
<StgValue><ssdm name="_ssdm_op_Read.s_axilite.i64"/></StgValue>
</bind>
</comp>

<comp id="24" class="1001" name="const_24">
<pin_list>
<pin id="25" dir="1" index="0" bw="1" slack="0"/>
</pin_list>
<bind>
<StgValue><ssdm name="entry_proc"/></StgValue>
</bind>
</comp>

<comp id="26" class="1001" name="const_26">
<pin_list>
<pin id="27" dir="1" index="0" bw="1" slack="0"/>
</pin_list>
<bind>
<StgValue><ssdm name="read_task"/></StgValue>
</bind>
</comp>

<comp id="28" class="1001" name="const_28">
<pin_list>
<pin id="29" dir="1" index="0" bw="1" slack="0"/>
</pin_list>
<bind>
<StgValue><ssdm name="readVertex"/></StgValue>
</bind>
</comp>

<comp id="30" class="1001" name="const_30">
<pin_list>
<pin id="31" dir="1" index="0" bw="1" slack="0"/>
</pin_list>
<bind>
<StgValue><ssdm name="feed_adder_value"/></StgValue>
</bind>
</comp>

<comp id="32" class="1001" name="const_32">
<pin_list>
<pin id="33" dir="1" index="0" bw="1" slack="0"/>
</pin_list>
<bind>
<StgValue><ssdm name="adder_function"/></StgValue>
</bind>
</comp>

<comp id="34" class="1001" name="const_34">
<pin_list>
<pin id="35" dir="1" index="0" bw="1" slack="0"/>
</pin_list>
<bind>
<StgValue><ssdm name="write_arg"/></StgValue>
</bind>
</comp>

<comp id="36" class="1001" name="const_36">
<pin_list>
<pin id="37" dir="1" index="0" bw="1" slack="2147483647"/>
</pin_list>
<bind>
<StgValue><ssdm name="_ssdm_op_SpecChannel"/></StgValue>
</bind>
</comp>

<comp id="38" class="1001" name="const_38">
<pin_list>
<pin id="39" dir="1" index="0" bw="1" slack="2147483647"/>
</pin_list>
<bind>
<StgValue><ssdm name="mem_5_c_str"/></StgValue>
</bind>
</comp>

<comp id="40" class="1001" name="const_40">
<pin_list>
<pin id="41" dir="1" index="0" bw="1" slack="2147483647"/>
</pin_list>
<bind>
<StgValue><ssdm name=""/></StgValue>
</bind>
</comp>

<comp id="42" class="1001" name="const_42">
<pin_list>
<pin id="43" dir="1" index="0" bw="1" slack="2147483647"/>
</pin_list>
<bind>
<StgValue><ssdm name="p_str"/></StgValue>
</bind>
</comp>

<comp id="44" class="1001" name="const_44">
<pin_list>
<pin id="45" dir="1" index="0" bw="1" slack="2147483647"/>
</pin_list>
<bind>
<StgValue><ssdm name=""/></StgValue>
</bind>
</comp>

<comp id="46" class="1001" name="const_46">
<pin_list>
<pin id="47" dir="1" index="0" bw="1" slack="2147483647"/>
</pin_list>
<bind>
<StgValue><ssdm name=""/></StgValue>
</bind>
</comp>

<comp id="48" class="1001" name="const_48">
<pin_list>
<pin id="49" dir="1" index="0" bw="1" slack="2147483647"/>
</pin_list>
<bind>
<StgValue><ssdm name="_ssdm_op_SpecInterface"/></StgValue>
</bind>
</comp>

<comp id="50" class="1001" name="const_50">
<pin_list>
<pin id="51" dir="1" index="0" bw="1" slack="2147483647"/>
</pin_list>
<bind>
<StgValue><ssdm name="ap_fifo_str"/></StgValue>
</bind>
</comp>

<comp id="52" class="1001" name="const_52">
<pin_list>
<pin id="53" dir="1" index="0" bw="1" slack="2147483647"/>
</pin_list>
<bind>
<StgValue><ssdm name=""/></StgValue>
</bind>
</comp>

<comp id="54" class="1001" name="const_54">
<pin_list>
<pin id="55" dir="1" index="0" bw="1" slack="2147483647"/>
</pin_list>
<bind>
<StgValue><ssdm name=""/></StgValue>
</bind>
</comp>

<comp id="56" class="1001" name="const_56">
<pin_list>
<pin id="57" dir="1" index="0" bw="1" slack="2147483647"/>
</pin_list>
<bind>
<StgValue><ssdm name=""/></StgValue>
</bind>
</comp>

<comp id="58" class="1001" name="const_58">
<pin_list>
<pin id="59" dir="1" index="0" bw="1" slack="2147483647"/>
</pin_list>
<bind>
<StgValue><ssdm name="_ssdm_op_SpecDataflowPipeline"/></StgValue>
</bind>
</comp>

<comp id="60" class="1001" name="const_60">
<pin_list>
<pin id="61" dir="1" index="0" bw="1" slack="2147483647"/>
</pin_list>
<bind>
<StgValue><ssdm name="empty_16"/></StgValue>
</bind>
</comp>

<comp id="62" class="1001" name="const_62">
<pin_list>
<pin id="63" dir="1" index="0" bw="1" slack="2147483647"/>
</pin_list>
<bind>
<StgValue><ssdm name="_ssdm_op_SpecTopModule"/></StgValue>
</bind>
</comp>

<comp id="64" class="1001" name="const_64">
<pin_list>
<pin id="65" dir="1" index="0" bw="1" slack="2147483647"/>
</pin_list>
<bind>
<StgValue><ssdm name="empty_3"/></StgValue>
</bind>
</comp>

<comp id="66" class="1001" name="const_66">
<pin_list>
<pin id="67" dir="1" index="0" bw="1" slack="2147483647"/>
</pin_list>
<bind>
<StgValue><ssdm name="empty_12"/></StgValue>
</bind>
</comp>

<comp id="68" class="1001" name="const_68">
<pin_list>
<pin id="69" dir="1" index="0" bw="1" slack="2147483647"/>
</pin_list>
<bind>
<StgValue><ssdm name="empty_17"/></StgValue>
</bind>
</comp>

<comp id="70" class="1001" name="const_70">
<pin_list>
<pin id="71" dir="1" index="0" bw="1" slack="2147483647"/>
</pin_list>
<bind>
<StgValue><ssdm name=""/></StgValue>
</bind>
</comp>

<comp id="72" class="1001" name="const_72">
<pin_list>
<pin id="73" dir="1" index="0" bw="1" slack="2147483647"/>
</pin_list>
<bind>
<StgValue><ssdm name="empty_15"/></StgValue>
</bind>
</comp>

<comp id="74" class="1001" name="const_74">
<pin_list>
<pin id="75" dir="1" index="0" bw="1" slack="2147483647"/>
</pin_list>
<bind>
<StgValue><ssdm name="empty_14"/></StgValue>
</bind>
</comp>

<comp id="76" class="1001" name="const_76">
<pin_list>
<pin id="77" dir="1" index="0" bw="1" slack="2147483647"/>
</pin_list>
<bind>
<StgValue><ssdm name="_ssdm_op_SpecBitsMap"/></StgValue>
</bind>
</comp>

<comp id="78" class="1001" name="const_78">
<pin_list>
<pin id="79" dir="1" index="0" bw="1" slack="2147483647"/>
</pin_list>
<bind>
<StgValue><ssdm name="empty_13"/></StgValue>
</bind>
</comp>

<comp id="80" class="1001" name="const_80">
<pin_list>
<pin id="81" dir="1" index="0" bw="1" slack="2147483647"/>
</pin_list>
<bind>
<StgValue><ssdm name="empty_2"/></StgValue>
</bind>
</comp>

<comp id="82" class="1001" name="const_82">
<pin_list>
<pin id="83" dir="1" index="0" bw="1" slack="2147483647"/>
</pin_list>
<bind>
<StgValue><ssdm name="empty_0"/></StgValue>
</bind>
</comp>

<comp id="84" class="1001" name="const_84">
<pin_list>
<pin id="85" dir="1" index="0" bw="1" slack="2147483647"/>
</pin_list>
<bind>
<StgValue><ssdm name="empty_1"/></StgValue>
</bind>
</comp>

<comp id="86" class="1001" name="const_86">
<pin_list>
<pin id="87" dir="1" index="0" bw="1" slack="2147483647"/>
</pin_list>
<bind>
<StgValue><ssdm name="empty_20"/></StgValue>
</bind>
</comp>

<comp id="88" class="1001" name="const_88">
<pin_list>
<pin id="89" dir="1" index="0" bw="1" slack="2147483647"/>
</pin_list>
<bind>
<StgValue><ssdm name="empty_19"/></StgValue>
</bind>
</comp>

<comp id="90" class="1001" name="const_90">
<pin_list>
<pin id="91" dir="1" index="0" bw="1" slack="2147483647"/>
</pin_list>
<bind>
<StgValue><ssdm name="empty_18"/></StgValue>
</bind>
</comp>

<comp id="92" class="1001" name="const_92">
<pin_list>
<pin id="93" dir="1" index="0" bw="1" slack="2147483647"/>
</pin_list>
<bind>
<StgValue><ssdm name="empty_7"/></StgValue>
</bind>
</comp>

<comp id="94" class="1001" name="const_94">
<pin_list>
<pin id="95" dir="1" index="0" bw="1" slack="2147483647"/>
</pin_list>
<bind>
<StgValue><ssdm name="empty_6"/></StgValue>
</bind>
</comp>

<comp id="96" class="1001" name="const_96">
<pin_list>
<pin id="97" dir="1" index="0" bw="1" slack="2147483647"/>
</pin_list>
<bind>
<StgValue><ssdm name="empty_5"/></StgValue>
</bind>
</comp>

<comp id="98" class="1001" name="const_98">
<pin_list>
<pin id="99" dir="1" index="0" bw="1" slack="2147483647"/>
</pin_list>
<bind>
<StgValue><ssdm name="adder_in_feed_0_str"/></StgValue>
</bind>
</comp>

<comp id="100" class="1001" name="const_100">
<pin_list>
<pin id="101" dir="1" index="0" bw="1" slack="2147483647"/>
</pin_list>
<bind>
<StgValue><ssdm name=""/></StgValue>
</bind>
</comp>

<comp id="102" class="1001" name="const_102">
<pin_list>
<pin id="103" dir="1" index="0" bw="1" slack="2147483647"/>
</pin_list>
<bind>
<StgValue><ssdm name="empty_4"/></StgValue>
</bind>
</comp>

<comp id="104" class="1001" name="const_104">
<pin_list>
<pin id="105" dir="1" index="0" bw="1" slack="2147483647"/>
</pin_list>
<bind>
<StgValue><ssdm name="adder_in_feed_1_str"/></StgValue>
</bind>
</comp>

<comp id="106" class="1001" name="const_106">
<pin_list>
<pin id="107" dir="1" index="0" bw="1" slack="2147483647"/>
</pin_list>
<bind>
<StgValue><ssdm name="adder_results_str"/></StgValue>
</bind>
</comp>

<comp id="108" class="1001" name="const_108">
<pin_list>
<pin id="109" dir="1" index="0" bw="1" slack="2147483647"/>
</pin_list>
<bind>
<StgValue><ssdm name="v_size_0_str"/></StgValue>
</bind>
</comp>

<comp id="110" class="1001" name="const_110">
<pin_list>
<pin id="111" dir="1" index="0" bw="1" slack="2147483647"/>
</pin_list>
<bind>
<StgValue><ssdm name=""/></StgValue>
</bind>
</comp>

<comp id="112" class="1001" name="const_112">
<pin_list>
<pin id="113" dir="1" index="0" bw="1" slack="2147483647"/>
</pin_list>
<bind>
<StgValue><ssdm name="v_size_1_str"/></StgValue>
</bind>
</comp>

<comp id="114" class="1001" name="const_114">
<pin_list>
<pin id="115" dir="1" index="0" bw="1" slack="2147483647"/>
</pin_list>
<bind>
<StgValue><ssdm name="v_size_2_str"/></StgValue>
</bind>
</comp>

<comp id="116" class="1001" name="const_116">
<pin_list>
<pin id="117" dir="1" index="0" bw="1" slack="2147483647"/>
</pin_list>
<bind>
<StgValue><ssdm name="Pcurrs_str"/></StgValue>
</bind>
</comp>

<comp id="118" class="1001" name="const_118">
<pin_list>
<pin id="119" dir="1" index="0" bw="1" slack="2147483647"/>
</pin_list>
<bind>
<StgValue><ssdm name="adj_lists_str"/></StgValue>
</bind>
</comp>

<comp id="120" class="1001" name="const_120">
<pin_list>
<pin id="121" dir="1" index="0" bw="1" slack="2147483647"/>
</pin_list>
<bind>
<StgValue><ssdm name="v_neighbours_stream_str"/></StgValue>
</bind>
</comp>

<comp id="122" class="1001" name="const_122">
<pin_list>
<pin id="123" dir="1" index="0" bw="1" slack="2147483647"/>
</pin_list>
<bind>
<StgValue><ssdm name="sums_stream_str"/></StgValue>
</bind>
</comp>

<comp id="124" class="1001" name="const_124">
<pin_list>
<pin id="125" dir="1" index="0" bw="1" slack="2147483647"/>
</pin_list>
<bind>
<StgValue><ssdm name="taskToWrite_str"/></StgValue>
</bind>
</comp>

<comp id="126" class="1004" name="mem_5_c_fu_126">
<pin_list>
<pin id="127" dir="0" index="0" bw="1" slack="0"/>
<pin id="128" dir="1" index="1" bw="64" slack="1"/>
</pin_list>
<bind>
<opcode="alloca(26) " fcode="alloca"/>
<opset="mem_5_c/1 "/>
</bind>
</comp>

<comp id="130" class="1004" name="adder_in_feed_0_fu_130">
<pin_list>
<pin id="131" dir="0" index="0" bw="1" slack="0"/>
<pin id="132" dir="1" index="1" bw="32" slack="3"/>
</pin_list>
<bind>
<opcode="alloca(26) " fcode="alloca"/>
<opset="adder_in_feed_0/1 "/>
</bind>
</comp>

<comp id="134" class="1004" name="adder_in_feed_1_fu_134">
<pin_list>
<pin id="135" dir="0" index="0" bw="1" slack="0"/>
<pin id="136" dir="1" index="1" bw="32" slack="3"/>
</pin_list>
<bind>
<opcode="alloca(26) " fcode="alloca"/>
<opset="adder_in_feed_1/1 "/>
</bind>
</comp>

<comp id="138" class="1004" name="adder_results_fu_138">
<pin_list>
<pin id="139" dir="0" index="0" bw="1" slack="0"/>
<pin id="140" dir="1" index="1" bw="32" slack="3"/>
</pin_list>
<bind>
<opcode="alloca(26) " fcode="alloca"/>
<opset="adder_results/1 "/>
</bind>
</comp>

<comp id="142" class="1004" name="v_size_0_fu_142">
<pin_list>
<pin id="143" dir="0" index="0" bw="1" slack="0"/>
<pin id="144" dir="1" index="1" bw="32" slack="1"/>
</pin_list>
<bind>
<opcode="alloca(26) " fcode="alloca"/>
<opset="v_size_0/1 "/>
</bind>
</comp>

<comp id="146" class="1004" name="v_size_1_fu_146">
<pin_list>
<pin id="147" dir="0" index="0" bw="1" slack="0"/>
<pin id="148" dir="1" index="1" bw="32" slack="1"/>
</pin_list>
<bind>
<opcode="alloca(26) " fcode="alloca"/>
<opset="v_size_1/1 "/>
</bind>
</comp>

<comp id="150" class="1004" name="v_size_2_fu_150">
<pin_list>
<pin id="151" dir="0" index="0" bw="1" slack="0"/>
<pin id="152" dir="1" index="1" bw="32" slack="1"/>
</pin_list>
<bind>
<opcode="alloca(26) " fcode="alloca"/>
<opset="v_size_2/1 "/>
</bind>
</comp>

<comp id="154" class="1004" name="Pcurrs_fu_154">
<pin_list>
<pin id="155" dir="0" index="0" bw="1" slack="0"/>
<pin id="156" dir="1" index="1" bw="64" slack="1"/>
</pin_list>
<bind>
<opcode="alloca(26) " fcode="alloca"/>
<opset="Pcurrs/1 "/>
</bind>
</comp>

<comp id="158" class="1004" name="adj_lists_fu_158">
<pin_list>
<pin id="159" dir="0" index="0" bw="1" slack="0"/>
<pin id="160" dir="1" index="1" bw="64" slack="1"/>
</pin_list>
<bind>
<opcode="alloca(26) " fcode="alloca"/>
<opset="adj_lists/1 "/>
</bind>
</comp>

<comp id="162" class="1004" name="v_neighbours_stream_fu_162">
<pin_list>
<pin id="163" dir="0" index="0" bw="1" slack="0"/>
<pin id="164" dir="1" index="1" bw="64" slack="1"/>
</pin_list>
<bind>
<opcode="alloca(26) " fcode="alloca"/>
<opset="v_neighbours_stream/1 "/>
</bind>
</comp>

<comp id="166" class="1004" name="sums_stream_fu_166">
<pin_list>
<pin id="167" dir="0" index="0" bw="1" slack="0"/>
<pin id="168" dir="1" index="1" bw="32" slack="5"/>
</pin_list>
<bind>
<opcode="alloca(26) " fcode="alloca"/>
<opset="sums_stream/1 "/>
</bind>
</comp>

<comp id="170" class="1004" name="taskToWrite_fu_170">
<pin_list>
<pin id="171" dir="0" index="0" bw="1" slack="0"/>
<pin id="172" dir="1" index="1" bw="480" slack="1"/>
</pin_list>
<bind>
<opcode="alloca(26) " fcode="alloca"/>
<opset="taskToWrite/1 "/>
</bind>
</comp>

<comp id="174" class="1004" name="mem_5_read_read_fu_174">
<pin_list>
<pin id="175" dir="0" index="0" bw="64" slack="0"/>
<pin id="176" dir="0" index="1" bw="64" slack="0"/>
<pin id="177" dir="1" index="2" bw="64" slack="0"/>
</pin_list>
<bind>
<opcode="read(1150) " fcode="read"/>
<opset="mem_5_read/2 "/>
</bind>
</comp>

<comp id="180" class="1004" name="mem_2_read_read_fu_180">
<pin_list>
<pin id="181" dir="0" index="0" bw="64" slack="0"/>
<pin id="182" dir="0" index="1" bw="64" slack="0"/>
<pin id="183" dir="1" index="2" bw="64" slack="2"/>
</pin_list>
<bind>
<opcode="read(1150) " fcode="read"/>
<opset="mem_2_read/2 "/>
</bind>
</comp>

<comp id="186" class="1004" name="mem_1_read_read_fu_186">
<pin_list>
<pin id="187" dir="0" index="0" bw="64" slack="0"/>
<pin id="188" dir="0" index="1" bw="64" slack="0"/>
<pin id="189" dir="1" index="2" bw="64" slack="2"/>
</pin_list>
<bind>
<opcode="read(1150) " fcode="read"/>
<opset="mem_1_read/2 "/>
</bind>
</comp>

<comp id="192" class="1004" name="mem_0_read_read_fu_192">
<pin_list>
<pin id="193" dir="0" index="0" bw="64" slack="0"/>
<pin id="194" dir="0" index="1" bw="64" slack="0"/>
<pin id="195" dir="1" index="2" bw="64" slack="0"/>
</pin_list>
<bind>
<opcode="read(1150) " fcode="read"/>
<opset="mem_0_read/2 "/>
</bind>
</comp>

<comp id="198" class="1004" name="call_ln232_entry_proc_fu_198">
<pin_list>
<pin id="199" dir="0" index="0" bw="0" slack="0"/>
<pin id="200" dir="0" index="1" bw="64" slack="0"/>
<pin id="201" dir="0" index="2" bw="64" slack="1"/>
<pin id="202" dir="1" index="3" bw="0" slack="2147483647"/>
</pin_list>
<bind>
<opcode="call(48) " fcode="call"/>
<opset="call_ln232/2 "/>
</bind>
</comp>

<comp id="205" class="1004" name="grp_read_task_fu_205">
<pin_list>
<pin id="206" dir="0" index="0" bw="0" slack="0"/>
<pin id="207" dir="0" index="1" bw="64" slack="0"/>
<pin id="208" dir="0" index="2" bw="64" slack="0"/>
<pin id="209" dir="0" index="3" bw="512" slack="0"/>
<pin id="210" dir="0" index="4" bw="64" slack="1"/>
<pin id="211" dir="0" index="5" bw="64" slack="1"/>
<pin id="212" dir="0" index="6" bw="64" slack="1"/>
<pin id="213" dir="0" index="7" bw="32" slack="1"/>
<pin id="214" dir="0" index="8" bw="32" slack="1"/>
<pin id="215" dir="0" index="9" bw="32" slack="1"/>
<pin id="216" dir="0" index="10" bw="480" slack="1"/>
<pin id="217" dir="1" index="11" bw="0" slack="2147483647"/>
</pin_list>
<bind>
<opcode="call(48) " fcode="call"/>
<opset="call_ln94/2 "/>
</bind>
</comp>

<comp id="222" class="1004" name="grp_readVertex_fu_222">
<pin_list>
<pin id="223" dir="0" index="0" bw="0" slack="0"/>
<pin id="224" dir="0" index="1" bw="64" slack="0"/>
<pin id="225" dir="0" index="2" bw="64" slack="2"/>
<pin id="226" dir="0" index="3" bw="64" slack="0"/>
<pin id="227" dir="0" index="4" bw="64" slack="2"/>
<pin id="228" dir="0" index="5" bw="64" slack="3"/>
<pin id="229" dir="0" index="6" bw="32" slack="3"/>
<pin id="230" dir="0" index="7" bw="64" slack="3"/>
<pin id="231" dir="0" index="8" bw="64" slack="3"/>
<pin id="232" dir="0" index="9" bw="32" slack="3"/>
<pin id="233" dir="1" index="10" bw="0" slack="2147483647"/>
</pin_list>
<bind>
<opcode="call(48) " fcode="call"/>
<opset="call_ln94/4 "/>
</bind>
</comp>

<comp id="237" class="1004" name="grp_feed_adder_value_fu_237">
<pin_list>
<pin id="238" dir="0" index="0" bw="0" slack="0"/>
<pin id="239" dir="0" index="1" bw="32" slack="3"/>
<pin id="240" dir="0" index="2" bw="32" slack="3"/>
<pin id="241" dir="0" index="3" bw="32" slack="3"/>
<pin id="242" dir="1" index="4" bw="0" slack="2147483647"/>
</pin_list>
<bind>
<opcode="call(48) " fcode="call"/>
<opset="call_ln94/4 "/>
</bind>
</comp>

<comp id="244" class="1004" name="grp_adder_function_fu_244">
<pin_list>
<pin id="245" dir="0" index="0" bw="0" slack="0"/>
<pin id="246" dir="0" index="1" bw="32" slack="5"/>
<pin id="247" dir="0" index="2" bw="32" slack="5"/>
<pin id="248" dir="0" index="3" bw="32" slack="5"/>
<pin id="249" dir="0" index="4" bw="32" slack="5"/>
<pin id="250" dir="0" index="5" bw="32" slack="5"/>
<pin id="251" dir="1" index="6" bw="0" slack="2147483647"/>
</pin_list>
<bind>
<opcode="call(48) " fcode="call"/>
<opset="call_ln94/6 "/>
</bind>
</comp>

<comp id="253" class="1004" name="grp_write_arg_fu_253">
<pin_list>
<pin id="254" dir="0" index="0" bw="0" slack="0"/>
<pin id="255" dir="0" index="1" bw="64" slack="0"/>
<pin id="256" dir="0" index="2" bw="64" slack="7"/>
<pin id="257" dir="0" index="3" bw="64" slack="0"/>
<pin id="258" dir="0" index="4" bw="480" slack="7"/>
<pin id="259" dir="0" index="5" bw="32" slack="7"/>
<pin id="260" dir="1" index="6" bw="0" slack="2147483647"/>
</pin_list>
<bind>
<opcode="call(48) " fcode="call"/>
<opset="call_ln94/8 "/>
</bind>
</comp>

<comp id="264" class="1005" name="mem_5_c_reg_264">
<pin_list>
<pin id="265" dir="0" index="0" bw="64" slack="1"/>
<pin id="266" dir="1" index="1" bw="64" slack="1"/>
</pin_list>
<bind>
<opset="mem_5_c "/>
</bind>
</comp>

<comp id="270" class="1005" name="adder_in_feed_0_reg_270">
<pin_list>
<pin id="271" dir="0" index="0" bw="32" slack="3"/>
<pin id="272" dir="1" index="1" bw="32" slack="3"/>
</pin_list>
<bind>
<opset="adder_in_feed_0 "/>
</bind>
</comp>

<comp id="276" class="1005" name="adder_in_feed_1_reg_276">
<pin_list>
<pin id="277" dir="0" index="0" bw="32" slack="3"/>
<pin id="278" dir="1" index="1" bw="32" slack="3"/>
</pin_list>
<bind>
<opset="adder_in_feed_1 "/>
</bind>
</comp>

<comp id="282" class="1005" name="adder_results_reg_282">
<pin_list>
<pin id="283" dir="0" index="0" bw="32" slack="3"/>
<pin id="284" dir="1" index="1" bw="32" slack="3"/>
</pin_list>
<bind>
<opset="adder_results "/>
</bind>
</comp>

<comp id="288" class="1005" name="v_size_0_reg_288">
<pin_list>
<pin id="289" dir="0" index="0" bw="32" slack="1"/>
<pin id="290" dir="1" index="1" bw="32" slack="1"/>
</pin_list>
<bind>
<opset="v_size_0 "/>
</bind>
</comp>

<comp id="294" class="1005" name="v_size_1_reg_294">
<pin_list>
<pin id="295" dir="0" index="0" bw="32" slack="1"/>
<pin id="296" dir="1" index="1" bw="32" slack="1"/>
</pin_list>
<bind>
<opset="v_size_1 "/>
</bind>
</comp>

<comp id="300" class="1005" name="v_size_2_reg_300">
<pin_list>
<pin id="301" dir="0" index="0" bw="32" slack="1"/>
<pin id="302" dir="1" index="1" bw="32" slack="1"/>
</pin_list>
<bind>
<opset="v_size_2 "/>
</bind>
</comp>

<comp id="306" class="1005" name="Pcurrs_reg_306">
<pin_list>
<pin id="307" dir="0" index="0" bw="64" slack="1"/>
<pin id="308" dir="1" index="1" bw="64" slack="1"/>
</pin_list>
<bind>
<opset="Pcurrs "/>
</bind>
</comp>

<comp id="312" class="1005" name="adj_lists_reg_312">
<pin_list>
<pin id="313" dir="0" index="0" bw="64" slack="1"/>
<pin id="314" dir="1" index="1" bw="64" slack="1"/>
</pin_list>
<bind>
<opset="adj_lists "/>
</bind>
</comp>

<comp id="318" class="1005" name="v_neighbours_stream_reg_318">
<pin_list>
<pin id="319" dir="0" index="0" bw="64" slack="1"/>
<pin id="320" dir="1" index="1" bw="64" slack="1"/>
</pin_list>
<bind>
<opset="v_neighbours_stream "/>
</bind>
</comp>

<comp id="324" class="1005" name="sums_stream_reg_324">
<pin_list>
<pin id="325" dir="0" index="0" bw="32" slack="5"/>
<pin id="326" dir="1" index="1" bw="32" slack="5"/>
</pin_list>
<bind>
<opset="sums_stream "/>
</bind>
</comp>

<comp id="330" class="1005" name="taskToWrite_reg_330">
<pin_list>
<pin id="331" dir="0" index="0" bw="480" slack="1"/>
<pin id="332" dir="1" index="1" bw="480" slack="1"/>
</pin_list>
<bind>
<opset="taskToWrite "/>
</bind>
</comp>

<comp id="336" class="1005" name="mem_2_read_reg_336">
<pin_list>
<pin id="337" dir="0" index="0" bw="64" slack="2"/>
<pin id="338" dir="1" index="1" bw="64" slack="2"/>
</pin_list>
<bind>
<opset="mem_2_read "/>
</bind>
</comp>

<comp id="341" class="1005" name="mem_1_read_reg_341">
<pin_list>
<pin id="342" dir="0" index="0" bw="64" slack="2"/>
<pin id="343" dir="1" index="1" bw="64" slack="2"/>
</pin_list>
<bind>
<opset="mem_1_read "/>
</bind>
</comp>

<comp id="346" class="1005" name="mem_0_read_reg_346">
<pin_list>
<pin id="347" dir="0" index="0" bw="64" slack="1"/>
<pin id="348" dir="1" index="1" bw="64" slack="1"/>
</pin_list>
<bind>
<opset="mem_0_read "/>
</bind>
</comp>

</comp_list>

<net_list>
<net id="129"><net_src comp="20" pin="0"/><net_sink comp="126" pin=0"/></net>

<net id="133"><net_src comp="20" pin="0"/><net_sink comp="130" pin=0"/></net>

<net id="137"><net_src comp="20" pin="0"/><net_sink comp="134" pin=0"/></net>

<net id="141"><net_src comp="20" pin="0"/><net_sink comp="138" pin=0"/></net>

<net id="145"><net_src comp="20" pin="0"/><net_sink comp="142" pin=0"/></net>

<net id="149"><net_src comp="20" pin="0"/><net_sink comp="146" pin=0"/></net>

<net id="153"><net_src comp="20" pin="0"/><net_sink comp="150" pin=0"/></net>

<net id="157"><net_src comp="20" pin="0"/><net_sink comp="154" pin=0"/></net>

<net id="161"><net_src comp="20" pin="0"/><net_sink comp="158" pin=0"/></net>

<net id="165"><net_src comp="20" pin="0"/><net_sink comp="162" pin=0"/></net>

<net id="169"><net_src comp="20" pin="0"/><net_sink comp="166" pin=0"/></net>

<net id="173"><net_src comp="20" pin="0"/><net_sink comp="170" pin=0"/></net>

<net id="178"><net_src comp="22" pin="0"/><net_sink comp="174" pin=0"/></net>

<net id="179"><net_src comp="14" pin="0"/><net_sink comp="174" pin=1"/></net>

<net id="184"><net_src comp="22" pin="0"/><net_sink comp="180" pin=0"/></net>

<net id="185"><net_src comp="12" pin="0"/><net_sink comp="180" pin=1"/></net>

<net id="190"><net_src comp="22" pin="0"/><net_sink comp="186" pin=0"/></net>

<net id="191"><net_src comp="10" pin="0"/><net_sink comp="186" pin=1"/></net>

<net id="196"><net_src comp="22" pin="0"/><net_sink comp="192" pin=0"/></net>

<net id="197"><net_src comp="8" pin="0"/><net_sink comp="192" pin=1"/></net>

<net id="203"><net_src comp="24" pin="0"/><net_sink comp="198" pin=0"/></net>

<net id="204"><net_src comp="174" pin="2"/><net_sink comp="198" pin=1"/></net>

<net id="218"><net_src comp="26" pin="0"/><net_sink comp="205" pin=0"/></net>

<net id="219"><net_src comp="0" pin="0"/><net_sink comp="205" pin=1"/></net>

<net id="220"><net_src comp="192" pin="2"/><net_sink comp="205" pin=2"/></net>

<net id="221"><net_src comp="16" pin="0"/><net_sink comp="205" pin=3"/></net>

<net id="234"><net_src comp="28" pin="0"/><net_sink comp="222" pin=0"/></net>

<net id="235"><net_src comp="2" pin="0"/><net_sink comp="222" pin=1"/></net>

<net id="236"><net_src comp="4" pin="0"/><net_sink comp="222" pin=3"/></net>

<net id="243"><net_src comp="30" pin="0"/><net_sink comp="237" pin=0"/></net>

<net id="252"><net_src comp="32" pin="0"/><net_sink comp="244" pin=0"/></net>

<net id="261"><net_src comp="34" pin="0"/><net_sink comp="253" pin=0"/></net>

<net id="262"><net_src comp="6" pin="0"/><net_sink comp="253" pin=1"/></net>

<net id="263"><net_src comp="18" pin="0"/><net_sink comp="253" pin=3"/></net>

<net id="267"><net_src comp="126" pin="1"/><net_sink comp="264" pin=0"/></net>

<net id="268"><net_src comp="264" pin="1"/><net_sink comp="198" pin=2"/></net>

<net id="269"><net_src comp="264" pin="1"/><net_sink comp="253" pin=2"/></net>

<net id="273"><net_src comp="130" pin="1"/><net_sink comp="270" pin=0"/></net>

<net id="274"><net_src comp="270" pin="1"/><net_sink comp="237" pin=3"/></net>

<net id="275"><net_src comp="270" pin="1"/><net_sink comp="244" pin=4"/></net>

<net id="279"><net_src comp="134" pin="1"/><net_sink comp="276" pin=0"/></net>

<net id="280"><net_src comp="276" pin="1"/><net_sink comp="222" pin=9"/></net>

<net id="281"><net_src comp="276" pin="1"/><net_sink comp="244" pin=5"/></net>

<net id="285"><net_src comp="138" pin="1"/><net_sink comp="282" pin=0"/></net>

<net id="286"><net_src comp="282" pin="1"/><net_sink comp="237" pin=2"/></net>

<net id="287"><net_src comp="282" pin="1"/><net_sink comp="244" pin=3"/></net>

<net id="291"><net_src comp="142" pin="1"/><net_sink comp="288" pin=0"/></net>

<net id="292"><net_src comp="288" pin="1"/><net_sink comp="205" pin=7"/></net>

<net id="293"><net_src comp="288" pin="1"/><net_sink comp="222" pin=6"/></net>

<net id="297"><net_src comp="146" pin="1"/><net_sink comp="294" pin=0"/></net>

<net id="298"><net_src comp="294" pin="1"/><net_sink comp="205" pin=8"/></net>

<net id="299"><net_src comp="294" pin="1"/><net_sink comp="237" pin=1"/></net>

<net id="303"><net_src comp="150" pin="1"/><net_sink comp="300" pin=0"/></net>

<net id="304"><net_src comp="300" pin="1"/><net_sink comp="205" pin=9"/></net>

<net id="305"><net_src comp="300" pin="1"/><net_sink comp="244" pin=1"/></net>

<net id="309"><net_src comp="154" pin="1"/><net_sink comp="306" pin=0"/></net>

<net id="310"><net_src comp="306" pin="1"/><net_sink comp="205" pin=5"/></net>

<net id="311"><net_src comp="306" pin="1"/><net_sink comp="222" pin=8"/></net>

<net id="315"><net_src comp="158" pin="1"/><net_sink comp="312" pin=0"/></net>

<net id="316"><net_src comp="312" pin="1"/><net_sink comp="205" pin=6"/></net>

<net id="317"><net_src comp="312" pin="1"/><net_sink comp="222" pin=7"/></net>

<net id="321"><net_src comp="162" pin="1"/><net_sink comp="318" pin=0"/></net>

<net id="322"><net_src comp="318" pin="1"/><net_sink comp="205" pin=4"/></net>

<net id="323"><net_src comp="318" pin="1"/><net_sink comp="222" pin=5"/></net>

<net id="327"><net_src comp="166" pin="1"/><net_sink comp="324" pin=0"/></net>

<net id="328"><net_src comp="324" pin="1"/><net_sink comp="244" pin=2"/></net>

<net id="329"><net_src comp="324" pin="1"/><net_sink comp="253" pin=5"/></net>

<net id="333"><net_src comp="170" pin="1"/><net_sink comp="330" pin=0"/></net>

<net id="334"><net_src comp="330" pin="1"/><net_sink comp="205" pin=10"/></net>

<net id="335"><net_src comp="330" pin="1"/><net_sink comp="253" pin=4"/></net>

<net id="339"><net_src comp="180" pin="2"/><net_sink comp="336" pin=0"/></net>

<net id="340"><net_src comp="336" pin="1"/><net_sink comp="222" pin=4"/></net>

<net id="344"><net_src comp="186" pin="2"/><net_sink comp="341" pin=0"/></net>

<net id="345"><net_src comp="341" pin="1"/><net_sink comp="222" pin=2"/></net>

<net id="349"><net_src comp="192" pin="2"/><net_sink comp="346" pin=0"/></net>

<net id="350"><net_src comp="346" pin="1"/><net_sink comp="205" pin=2"/></net>

</net_list>

</model> 
---------------- Datapath Model END ------------------

* FSMD analyzer results:
  - Output states:
	Port: gmem_CHN_5 | {8 9 }
	Port: argOut | {8 9 }
 - Input state : 
	Port: vertex_map : gmem_CHN_0 | {2 3 }
	Port: vertex_map : gmem_CHN_1 | {4 5 }
	Port: vertex_map : gmem_CHN_2 | {4 5 }
	Port: vertex_map : mem_0 | {2 }
	Port: vertex_map : mem_1 | {2 }
	Port: vertex_map : mem_2 | {2 }
	Port: vertex_map : mem_5 | {2 }
	Port: vertex_map : taskIn | {2 3 }
  - Chain level:
	State 1
	State 2
	State 3
	State 4
	State 5
	State 6
	State 7
	State 8
	State 9
	State 10


============================================================
+ Verbose Summary: Datapath Resource usage 
============================================================

* Functional unit list:
|----------|------------------------------|---------|---------|---------|---------|
| Operation|        Functional Unit       |   DSP   |  Delay  |    FF   |   LUT   |
|----------|------------------------------|---------|---------|---------|---------|
|          | call_ln232_entry_proc_fu_198 |    0    |    0    |    0    |    0    |
|          |     grp_read_task_fu_205     |    0    |  0.387  |   829   |   137   |
|   call   |     grp_readVertex_fu_222    |    0    | 3.93571 |   1310  |   927   |
|          |  grp_feed_adder_value_fu_237 |    0    |    0    |    68   |   102   |
|          |   grp_adder_function_fu_244  |    4    |  1.935  |   1026  |   543   |
|          |     grp_write_arg_fu_253     |    5    | 1.58086 |   1050  |   646   |
|----------|------------------------------|---------|---------|---------|---------|
|          |    mem_5_read_read_fu_174    |    0    |    0    |    0    |    0    |
|   read   |    mem_2_read_read_fu_180    |    0    |    0    |    0    |    0    |
|          |    mem_1_read_read_fu_186    |    0    |    0    |    0    |    0    |
|          |    mem_0_read_read_fu_192    |    0    |    0    |    0    |    0    |
|----------|------------------------------|---------|---------|---------|---------|
|   Total  |                              |    9    | 7.83857 |   4283  |   2355  |
|----------|------------------------------|---------|---------|---------|---------|

Memories:
N/A

* Register list:
+---------------------------+--------+
|                           |   FF   |
+---------------------------+--------+
|       Pcurrs_reg_306      |   64   |
|  adder_in_feed_0_reg_270  |   32   |
|  adder_in_feed_1_reg_276  |   32   |
|   adder_results_reg_282   |   32   |
|     adj_lists_reg_312     |   64   |
|     mem_0_read_reg_346    |   64   |
|     mem_1_read_reg_341    |   64   |
|     mem_2_read_reg_336    |   64   |
|      mem_5_c_reg_264      |   64   |
|    sums_stream_reg_324    |   32   |
|    taskToWrite_reg_330    |   480  |
|v_neighbours_stream_reg_318|   64   |
|      v_size_0_reg_288     |   32   |
|      v_size_1_reg_294     |   32   |
|      v_size_2_reg_300     |   32   |
+---------------------------+--------+
|           Total           |  1152  |
+---------------------------+--------+

* Multiplexer (MUX) list: 
|----------------------|------|------|------|--------||---------||---------||---------|
|         Comp         |  Pin | Size |  BW  | S x BW ||  Delay  ||    FF   ||   LUT   |
|----------------------|------|------|------|--------||---------||---------||---------|
| grp_read_task_fu_205 |  p2  |   2  |  64  |   128  ||    0    ||    9    |
|----------------------|------|------|------|--------||---------||---------||---------|
|         Total        |      |      |      |   128  ||  0.387  ||    0    ||    9    |
|----------------------|------|------|------|--------||---------||---------||---------|



* Summary:
+-----------+--------+--------+--------+--------+
|           |   DSP  |  Delay |   FF   |   LUT  |
+-----------+--------+--------+--------+--------+
|  Function |    9   |    7   |  4283  |  2355  |
|   Memory  |    -   |    -   |    -   |    -   |
|Multiplexer|    -   |    0   |    0   |    9   |
|  Register |    -   |    -   |  1152  |    -   |
+-----------+--------+--------+--------+--------+
|   Total   |    9   |    8   |  5435  |  2364  |
+-----------+--------+--------+--------+--------+
