

================================================================
== Vitis HLS Report for 'vertex_map'
================================================================
* Date:           Thu Apr  2 14:13:46 2026

* Version:        2025.1 (Build 6135595 on May 21 2025)
* Project:        vertex_map
* Solution:       hls (Vivado IP Flow Target)
* Product family: virtexuplusHBM
* Target device:  xcu55c-fsvh2892-2LV-e


================================================================
== Performance Estimates
================================================================
+ Timing: 
    * Summary: 
    +--------+---------+----------+------------+
    |  Clock |  Target | Estimated| Uncertainty|
    +--------+---------+----------+------------+
    |ap_clk  |  4.00 ns|  2.920 ns|     1.08 ns|
    +--------+---------+----------+------------+

+ Latency: 
    * Summary: 
    +---------+---------+----------+----------+-----+-----+----------+
    |  Latency (cycles) |  Latency (absolute) |  Interval | Pipeline |
    |   min   |   max   |    min   |    max   | min | max |   Type   |
    +---------+---------+----------+----------+-----+-----+----------+
    |        ?|        ?|         ?|         ?|    ?|    ?|  dataflow|
    +---------+---------+----------+----------+-----+-----+----------+

    + Detail: 
        * Instance: 
        N/A

        * Loop: 
        N/A

============================================================
+ Verbose Summary: Synthesis Manager
============================================================
InlineROM: 1
ExposeGlobal: 0
============================================================
+ Verbose Summary: CDFG Model
============================================================
IsTopModel: 1
ResetActiveHigh: 1
IsCombinational: 2
IsDatapathOnly: 0
HasWiredReturn: 1
HasMFsm: 0
HasVarLatency: 1
IsPipeline: 0
IsRtlPipelined: 0
IsInstanceOverlapped: 0
IsDontTouch: 0
HasImplIP: 0
IsGatedGlobalClock: 0


============================================================
+ Verbose Summary: Schedule
============================================================
* Number of FSM states : 10
* Pipeline : 0
* Dataflow Pipeline: 1
  DF-Pipeline-0: Size = 10, States = { 1 2 3 4 5 6 7 8 9 10 }

* FSM state transitions: 
1 --> 2 
2 --> 3 
3 --> 4 
4 --> 5 
5 --> 6 
6 --> 7 
7 --> 8 
8 --> 9 
9 --> 10 
10 --> 

* FSM state operations: 

State 1 <SV = 0> <Delay = 0.00>
ST_1 : Operation 11 [1/1] (0.00ns)   --->   "%mem_5_c = alloca i64 1" [../pageRankReduce/pageRank.cpp:232]   --->   Operation 11 'alloca' 'mem_5_c' <Predicate = true> <Delay = 0.00> <CoreInst = "FIFO_SRL">   --->   Core 80 'FIFO_SRL' <Latency = 0> <II = 1> <Delay = 1.40> <Storage> <Opcode : 'read' 'write' 'nbread' 'nbwrite'> <Ports = 0> <Width = 64> <Depth = 5> <FIFO>
ST_1 : Operation 12 [1/1] (0.00ns)   --->   "%adder_in_feed_0 = alloca i64 1" [../pageRankReduce/pageRank.cpp:233]   --->   Operation 12 'alloca' 'adder_in_feed_0' <Predicate = true> <Delay = 0.00> <CoreInst = "FIFO">   --->   Core 77 'FIFO' <Latency = 0> <II = 1> <Delay = 1.14> <Storage> <Opcode : 'read' 'write' 'nbread' 'nbwrite'> <Ports = 0> <Width = 32> <Depth = 128> <FIFO>
ST_1 : Operation 13 [1/1] (0.00ns)   --->   "%adder_in_feed_1 = alloca i64 1" [../pageRankReduce/pageRank.cpp:234]   --->   Operation 13 'alloca' 'adder_in_feed_1' <Predicate = true> <Delay = 0.00> <CoreInst = "FIFO">   --->   Core 77 'FIFO' <Latency = 0> <II = 1> <Delay = 1.14> <Storage> <Opcode : 'read' 'write' 'nbread' 'nbwrite'> <Ports = 0> <Width = 32> <Depth = 128> <FIFO>
ST_1 : Operation 14 [1/1] (0.00ns)   --->   "%adder_results = alloca i64 1" [../pageRankReduce/pageRank.cpp:235]   --->   Operation 14 'alloca' 'adder_results' <Predicate = true> <Delay = 0.00> <CoreInst = "FIFO">   --->   Core 77 'FIFO' <Latency = 0> <II = 1> <Delay = 1.14> <Storage> <Opcode : 'read' 'write' 'nbread' 'nbwrite'> <Ports = 0> <Width = 32> <Depth = 128> <FIFO>
ST_1 : Operation 15 [1/1] (0.00ns)   --->   "%v_size_0 = alloca i64 1" [../pageRankReduce/pageRank.cpp:238]   --->   Operation 15 'alloca' 'v_size_0' <Predicate = true> <Delay = 0.00> <CoreInst = "FIFO_SRL">   --->   Core 80 'FIFO_SRL' <Latency = 0> <II = 1> <Delay = 1.43> <Storage> <Opcode : 'read' 'write' 'nbread' 'nbwrite'> <Ports = 0> <Width = 32> <Depth = 9> <FIFO>
ST_1 : Operation 16 [1/1] (0.00ns)   --->   "%v_size_1 = alloca i64 1" [../pageRankReduce/pageRank.cpp:239]   --->   Operation 16 'alloca' 'v_size_1' <Predicate = true> <Delay = 0.00> <CoreInst = "FIFO_SRL">   --->   Core 80 'FIFO_SRL' <Latency = 0> <II = 1> <Delay = 1.43> <Storage> <Opcode : 'read' 'write' 'nbread' 'nbwrite'> <Ports = 0> <Width = 32> <Depth = 9> <FIFO>
ST_1 : Operation 17 [1/1] (0.00ns)   --->   "%v_size_2 = alloca i64 1" [../pageRankReduce/pageRank.cpp:240]   --->   Operation 17 'alloca' 'v_size_2' <Predicate = true> <Delay = 0.00> <CoreInst = "FIFO_SRL">   --->   Core 80 'FIFO_SRL' <Latency = 0> <II = 1> <Delay = 1.43> <Storage> <Opcode : 'read' 'write' 'nbread' 'nbwrite'> <Ports = 0> <Width = 32> <Depth = 9> <FIFO>
ST_1 : Operation 18 [1/1] (0.00ns)   --->   "%Pcurrs = alloca i64 1" [../pageRankReduce/pageRank.cpp:242]   --->   Operation 18 'alloca' 'Pcurrs' <Predicate = true> <Delay = 0.00> <CoreInst = "FIFO_SRL">   --->   Core 80 'FIFO_SRL' <Latency = 0> <II = 1> <Delay = 1.37> <Storage> <Opcode : 'read' 'write' 'nbread' 'nbwrite'> <Ports = 0> <Width = 64> <Depth = 9> <FIFO>
ST_1 : Operation 19 [1/1] (0.00ns)   --->   "%adj_lists = alloca i64 1" [../pageRankReduce/pageRank.cpp:243]   --->   Operation 19 'alloca' 'adj_lists' <Predicate = true> <Delay = 0.00> <CoreInst = "FIFO_SRL">   --->   Core 80 'FIFO_SRL' <Latency = 0> <II = 1> <Delay = 1.37> <Storage> <Opcode : 'read' 'write' 'nbread' 'nbwrite'> <Ports = 0> <Width = 64> <Depth = 9> <FIFO>
ST_1 : Operation 20 [1/1] (0.00ns)   --->   "%v_neighbours_stream = alloca i64 1" [../pageRankReduce/pageRank.cpp:244]   --->   Operation 20 'alloca' 'v_neighbours_stream' <Predicate = true> <Delay = 0.00> <CoreInst = "FIFO_SRL">   --->   Core 80 'FIFO_SRL' <Latency = 0> <II = 1> <Delay = 1.37> <Storage> <Opcode : 'read' 'write' 'nbread' 'nbwrite'> <Ports = 0> <Width = 64> <Depth = 9> <FIFO>
ST_1 : Operation 21 [1/1] (0.00ns)   --->   "%sums_stream = alloca i64 1" [../pageRankReduce/pageRank.cpp:246]   --->   Operation 21 'alloca' 'sums_stream' <Predicate = true> <Delay = 0.00> <CoreInst = "FIFO_SRL">   --->   Core 80 'FIFO_SRL' <Latency = 0> <II = 1> <Delay = 1.43> <Storage> <Opcode : 'read' 'write' 'nbread' 'nbwrite'> <Ports = 0> <Width = 32> <Depth = 9> <FIFO>
ST_1 : Operation 22 [1/1] (0.00ns)   --->   "%taskToWrite = alloca i64 1"   --->   Operation 22 'alloca' 'taskToWrite' <Predicate = true> <Delay = 0.00> <CoreInst = "FIFO">   --->   Core 77 'FIFO' <Latency = 0> <II = 1> <Delay = 1.23> <Storage> <Opcode : 'read' 'write' 'nbread' 'nbwrite'> <Ports = 0> <Width = 480> <Depth = 9> <FIFO>

State 2 <SV = 1> <Delay = 2.40>
ST_2 : Operation 23 [1/1] (1.00ns)   --->   "%mem_5_read = read i64 @_ssdm_op_Read.s_axilite.i64, i64 %mem_5" [../pageRankReduce/pageRank.cpp:232]   --->   Operation 23 'read' 'mem_5_read' <Predicate = true> <Delay = 1.00> <CoreInst = "s_axilite">   --->   Core 120 's_axilite' <Latency = 0> <II = 1> <Delay = 1.00> <Adapter> <Opcode : 'read' 'write'>
ST_2 : Operation 24 [1/1] (1.00ns)   --->   "%mem_2_read = read i64 @_ssdm_op_Read.s_axilite.i64, i64 %mem_2" [../pageRankReduce/pageRank.cpp:232]   --->   Operation 24 'read' 'mem_2_read' <Predicate = true> <Delay = 1.00> <CoreInst = "s_axilite">   --->   Core 120 's_axilite' <Latency = 0> <II = 1> <Delay = 1.00> <Adapter> <Opcode : 'read' 'write'>
ST_2 : Operation 25 [1/1] (1.00ns)   --->   "%mem_1_read = read i64 @_ssdm_op_Read.s_axilite.i64, i64 %mem_1" [../pageRankReduce/pageRank.cpp:232]   --->   Operation 25 'read' 'mem_1_read' <Predicate = true> <Delay = 1.00> <CoreInst = "s_axilite">   --->   Core 120 's_axilite' <Latency = 0> <II = 1> <Delay = 1.00> <Adapter> <Opcode : 'read' 'write'>
ST_2 : Operation 26 [1/1] (1.00ns)   --->   "%mem_0_read = read i64 @_ssdm_op_Read.s_axilite.i64, i64 %mem_0" [../pageRankReduce/pageRank.cpp:232]   --->   Operation 26 'read' 'mem_0_read' <Predicate = true> <Delay = 1.00> <CoreInst = "s_axilite">   --->   Core 120 's_axilite' <Latency = 0> <II = 1> <Delay = 1.00> <Adapter> <Opcode : 'read' 'write'>
ST_2 : Operation 27 [1/1] (1.40ns)   --->   "%call_ln232 = call void @entry_proc, i64 %mem_5_read, i64 %mem_5_c" [../pageRankReduce/pageRank.cpp:232]   --->   Operation 27 'call' 'call_ln232' <Predicate = true> <Delay = 1.40> <CoreType = "Generic">   --->   Generic Core
ST_2 : Operation 28 [2/2] (0.84ns)   --->   "%call_ln94 = call void @read_task, i64 %gmem_CHN_0, i64 %mem_0_read, i512 %taskIn, i64 %v_neighbours_stream, i64 %Pcurrs, i64 %adj_lists, i32 %v_size_0, i32 %v_size_1, i32 %v_size_2, i480 %taskToWrite" [/tools/Xilinx/2025.1/Vitis/common/technology/autopilot/hls_task.h:94->../pageRankReduce/pageRank.cpp:254]   --->   Operation 28 'call' 'call_ln94' <Predicate = true> <Delay = 0.84> <CoreType = "Generic">   --->   Generic Core

State 3 <SV = 2> <Delay = 0.00>
ST_3 : Operation 29 [1/2] (0.00ns)   --->   "%call_ln94 = call void @read_task, i64 %gmem_CHN_0, i64 %mem_0_read, i512 %taskIn, i64 %v_neighbours_stream, i64 %Pcurrs, i64 %adj_lists, i32 %v_size_0, i32 %v_size_1, i32 %v_size_2, i480 %taskToWrite" [/tools/Xilinx/2025.1/Vitis/common/technology/autopilot/hls_task.h:94->../pageRankReduce/pageRank.cpp:254]   --->   Operation 29 'call' 'call_ln94' <Predicate = true> <Delay = 0.00> <CoreType = "Generic">   --->   Generic Core

State 4 <SV = 3> <Delay = 1.26>
ST_4 : Operation 30 [2/2] (1.26ns)   --->   "%call_ln94 = call void @readVertex, i64 %gmem_CHN_1, i64 %mem_1_read, i64 %gmem_CHN_2, i64 %mem_2_read, i64 %v_neighbours_stream, i32 %v_size_0, i64 %adj_lists, i64 %Pcurrs, i32 %adder_in_feed_1" [/tools/Xilinx/2025.1/Vitis/common/technology/autopilot/hls_task.h:94->../pageRankReduce/pageRank.cpp:267]   --->   Operation 30 'call' 'call_ln94' <Predicate = true> <Delay = 1.26> <CoreType = "Generic">   --->   Generic Core
ST_4 : Operation 31 [2/2] (0.00ns)   --->   "%call_ln94 = call void @feed_adder_value, i32 %v_size_1, i32 %adder_results, i32 %adder_in_feed_0" [/tools/Xilinx/2025.1/Vitis/common/technology/autopilot/hls_task.h:94->../pageRankReduce/pageRank.cpp:271]   --->   Operation 31 'call' 'call_ln94' <Predicate = true> <Delay = 0.00> <CoreType = "Generic">   --->   Generic Core

State 5 <SV = 4> <Delay = 0.00>
ST_5 : Operation 32 [1/2] (0.00ns)   --->   "%call_ln94 = call void @readVertex, i64 %gmem_CHN_1, i64 %mem_1_read, i64 %gmem_CHN_2, i64 %mem_2_read, i64 %v_neighbours_stream, i32 %v_size_0, i64 %adj_lists, i64 %Pcurrs, i32 %adder_in_feed_1" [/tools/Xilinx/2025.1/Vitis/common/technology/autopilot/hls_task.h:94->../pageRankReduce/pageRank.cpp:267]   --->   Operation 32 'call' 'call_ln94' <Predicate = true> <Delay = 0.00> <CoreType = "Generic">   --->   Generic Core
ST_5 : Operation 33 [1/2] (0.00ns)   --->   "%call_ln94 = call void @feed_adder_value, i32 %v_size_1, i32 %adder_results, i32 %adder_in_feed_0" [/tools/Xilinx/2025.1/Vitis/common/technology/autopilot/hls_task.h:94->../pageRankReduce/pageRank.cpp:271]   --->   Operation 33 'call' 'call_ln94' <Predicate = true> <Delay = 0.00> <CoreType = "Generic">   --->   Generic Core

State 6 <SV = 5> <Delay = 0.00>
ST_6 : Operation 34 [2/2] (0.00ns)   --->   "%call_ln94 = call void @adder_function, i32 %v_size_2, i32 %sums_stream, i32 %adder_results, i32 %adder_in_feed_0, i32 %adder_in_feed_1" [/tools/Xilinx/2025.1/Vitis/common/technology/autopilot/hls_task.h:94->../pageRankReduce/pageRank.cpp:274]   --->   Operation 34 'call' 'call_ln94' <Predicate = true> <Delay = 0.00> <CoreType = "Generic">   --->   Generic Core

State 7 <SV = 6> <Delay = 0.00>
ST_7 : Operation 35 [1/2] (0.00ns)   --->   "%call_ln94 = call void @adder_function, i32 %v_size_2, i32 %sums_stream, i32 %adder_results, i32 %adder_in_feed_0, i32 %adder_in_feed_1" [/tools/Xilinx/2025.1/Vitis/common/technology/autopilot/hls_task.h:94->../pageRankReduce/pageRank.cpp:274]   --->   Operation 35 'call' 'call_ln94' <Predicate = true> <Delay = 0.00> <CoreType = "Generic">   --->   Generic Core

State 8 <SV = 7> <Delay = 0.00>
ST_8 : Operation 36 [2/2] (0.00ns)   --->   "%call_ln94 = call void @write_arg, i64 %gmem_CHN_5, i64 %mem_5_c, i64 %argOut, i480 %taskToWrite, i32 %sums_stream" [/tools/Xilinx/2025.1/Vitis/common/technology/autopilot/hls_task.h:94->../pageRankReduce/pageRank.cpp:279]   --->   Operation 36 'call' 'call_ln94' <Predicate = true> <Delay = 0.00> <CoreType = "Generic">   --->   Generic Core

State 9 <SV = 8> <Delay = 0.00>
ST_9 : Operation 37 [1/2] (0.00ns)   --->   "%call_ln94 = call void @write_arg, i64 %gmem_CHN_5, i64 %mem_5_c, i64 %argOut, i480 %taskToWrite, i32 %sums_stream" [/tools/Xilinx/2025.1/Vitis/common/technology/autopilot/hls_task.h:94->../pageRankReduce/pageRank.cpp:279]   --->   Operation 37 'call' 'call_ln94' <Predicate = true> <Delay = 0.00> <CoreType = "Generic">   --->   Generic Core

State 10 <SV = 9> <Delay = 0.00>
ST_10 : Operation 38 [1/1] (0.00ns)   --->   "%empty = specchannel i32 @_ssdm_op_SpecChannel, void @mem_5_c_str, i32 1, void @p_str, void @p_str, i32 5, i32 0, i64 %mem_5_c, i64 %mem_5_c" [../pageRankReduce/pageRank.cpp:232]   --->   Operation 38 'specchannel' 'empty' <Predicate = true> <Delay = 0.00>
ST_10 : Operation 39 [1/1] (0.00ns)   --->   "%specinterface_ln232 = specinterface void @_ssdm_op_SpecInterface, i64 %mem_5_c, void @ap_fifo_str, i32 0, i32 0, void @p_str, i32 0, i32 0, void @p_str, void @p_str, void @p_str, i32 2, i32 2, i32 16, i32 16, void @p_str, void @p_str, i32 4294967295, i32 0, i32 0" [../pageRankReduce/pageRank.cpp:232]   --->   Operation 39 'specinterface' 'specinterface_ln232' <Predicate = true> <Delay = 0.00>
ST_10 : Operation 40 [1/1] (0.00ns)   --->   "%specdataflowpipeline_ln232 = specdataflowpipeline void @_ssdm_op_SpecDataflowPipeline, i32 4294967295, i32 1, void @empty_16" [../pageRankReduce/pageRank.cpp:232]   --->   Operation 40 'specdataflowpipeline' 'specdataflowpipeline_ln232' <Predicate = true> <Delay = 0.00>
ST_10 : Operation 41 [1/1] (0.00ns)   --->   "%spectopmodule_ln214 = spectopmodule void @_ssdm_op_SpecTopModule, void @empty_3" [../pageRankReduce/pageRank.cpp:214]   --->   Operation 41 'spectopmodule' 'spectopmodule_ln214' <Predicate = true> <Delay = 0.00>
ST_10 : Operation 42 [1/1] (0.00ns)   --->   "%specinterface_ln214 = specinterface void @_ssdm_op_SpecInterface, i32 0, void @empty_12, i32 0, i32 0, void @empty_16, i32 0, i32 0, void @empty_16, void @empty_16, void @empty_16, i32 0, i32 0, i32 0, i32 0, void @empty_16, void @empty_16, i32 4294967295, i32 0, i32 0" [../pageRankReduce/pageRank.cpp:214]   --->   Operation 42 'specinterface' 'specinterface_ln214' <Predicate = true> <Delay = 0.00>
ST_10 : Operation 43 [1/1] (0.00ns)   --->   "%specinterface_ln0 = specinterface void @_ssdm_op_SpecInterface, i64 %gmem_CHN_0, void @empty_17, i32 0, i32 0, void @empty_16, i32 64, i32 0, void @empty_15, void @empty_14, void @empty_16, i32 16, i32 16, i32 16, i32 16, void @empty_16, void @empty_16, i32 4294967295, i32 0, i32 0"   --->   Operation 43 'specinterface' 'specinterface_ln0' <Predicate = true> <Delay = 0.00>
ST_10 : Operation 44 [1/1] (0.00ns)   --->   "%specbitsmap_ln0 = specbitsmap void @_ssdm_op_SpecBitsMap, i64 %gmem_CHN_0"   --->   Operation 44 'specbitsmap' 'specbitsmap_ln0' <Predicate = true> <Delay = 0.00>
ST_10 : Operation 45 [1/1] (0.00ns)   --->   "%specinterface_ln0 = specinterface void @_ssdm_op_SpecInterface, i64 %gmem_CHN_1, void @empty_17, i32 0, i32 0, void @empty_16, i32 64, i32 0, void @empty_15, void @empty_14, void @empty_16, i32 64, i32 1, i32 16, i32 16, void @empty_16, void @empty_16, i32 4294967295, i32 0, i32 1"   --->   Operation 45 'specinterface' 'specinterface_ln0' <Predicate = true> <Delay = 0.00>
ST_10 : Operation 46 [1/1] (0.00ns)   --->   "%specbitsmap_ln0 = specbitsmap void @_ssdm_op_SpecBitsMap, i64 %gmem_CHN_1"   --->   Operation 46 'specbitsmap' 'specbitsmap_ln0' <Predicate = true> <Delay = 0.00>
ST_10 : Operation 47 [1/1] (0.00ns)   --->   "%specinterface_ln0 = specinterface void @_ssdm_op_SpecInterface, i64 %gmem_CHN_2, void @empty_17, i32 0, i32 0, void @empty_16, i32 64, i32 0, void @empty_15, void @empty_14, void @empty_16, i32 64, i32 1, i32 16, i32 16, void @empty_16, void @empty_16, i32 4294967295, i32 0, i32 2"   --->   Operation 47 'specinterface' 'specinterface_ln0' <Predicate = true> <Delay = 0.00>
ST_10 : Operation 48 [1/1] (0.00ns)   --->   "%specbitsmap_ln0 = specbitsmap void @_ssdm_op_SpecBitsMap, i64 %gmem_CHN_2"   --->   Operation 48 'specbitsmap' 'specbitsmap_ln0' <Predicate = true> <Delay = 0.00>
ST_10 : Operation 49 [1/1] (0.00ns)   --->   "%specinterface_ln0 = specinterface void @_ssdm_op_SpecInterface, i64 %gmem_CHN_5, void @empty_17, i32 0, i32 0, void @empty_16, i32 64, i32 0, void @empty_15, void @empty_14, void @empty_16, i32 64, i32 1, i32 16, i32 16, void @empty_16, void @empty_16, i32 4294967295, i32 0, i32 5"   --->   Operation 49 'specinterface' 'specinterface_ln0' <Predicate = true> <Delay = 0.00>
ST_10 : Operation 50 [1/1] (0.00ns)   --->   "%specbitsmap_ln0 = specbitsmap void @_ssdm_op_SpecBitsMap, i64 %gmem_CHN_5"   --->   Operation 50 'specbitsmap' 'specbitsmap_ln0' <Predicate = true> <Delay = 0.00>
ST_10 : Operation 51 [1/1] (0.00ns)   --->   "%specinterface_ln0 = specinterface void @_ssdm_op_SpecInterface, i64 %mem_0, void @empty_13, i32 0, i32 0, void @empty_16, i32 0, i32 0, void @empty_2, void @empty_0, void @empty_16, i32 0, i32 0, i32 0, i32 0, void @empty_16, void @empty_1, i32 4294967295, i32 0, i32 0"   --->   Operation 51 'specinterface' 'specinterface_ln0' <Predicate = true> <Delay = 0.00>
ST_10 : Operation 52 [1/1] (0.00ns)   --->   "%specinterface_ln0 = specinterface void @_ssdm_op_SpecInterface, i64 %mem_0, void @empty_20, i32 0, i32 0, void @empty_16, i32 0, i32 0, void @empty_16, void @empty_16, void @empty_16, i32 0, i32 0, i32 0, i32 0, void @empty_16, void @empty_1, i32 4294967295, i32 0, i32 0"   --->   Operation 52 'specinterface' 'specinterface_ln0' <Predicate = true> <Delay = 0.00>
ST_10 : Operation 53 [1/1] (0.00ns)   --->   "%specinterface_ln0 = specinterface void @_ssdm_op_SpecInterface, i64 %mem_1, void @empty_13, i32 0, i32 0, void @empty_16, i32 0, i32 0, void @empty_2, void @empty_19, void @empty_16, i32 0, i32 0, i32 0, i32 0, void @empty_16, void @empty_1, i32 4294967295, i32 0, i32 0"   --->   Operation 53 'specinterface' 'specinterface_ln0' <Predicate = true> <Delay = 0.00>
ST_10 : Operation 54 [1/1] (0.00ns)   --->   "%specinterface_ln0 = specinterface void @_ssdm_op_SpecInterface, i64 %mem_1, void @empty_20, i32 0, i32 0, void @empty_16, i32 0, i32 0, void @empty_16, void @empty_16, void @empty_16, i32 0, i32 0, i32 0, i32 0, void @empty_16, void @empty_1, i32 4294967295, i32 0, i32 0"   --->   Operation 54 'specinterface' 'specinterface_ln0' <Predicate = true> <Delay = 0.00>
ST_10 : Operation 55 [1/1] (0.00ns)   --->   "%specinterface_ln0 = specinterface void @_ssdm_op_SpecInterface, i64 %mem_2, void @empty_13, i32 0, i32 0, void @empty_16, i32 0, i32 0, void @empty_2, void @empty_18, void @empty_16, i32 0, i32 0, i32 0, i32 0, void @empty_16, void @empty_1, i32 4294967295, i32 0, i32 0"   --->   Operation 55 'specinterface' 'specinterface_ln0' <Predicate = true> <Delay = 0.00>
ST_10 : Operation 56 [1/1] (0.00ns)   --->   "%specinterface_ln0 = specinterface void @_ssdm_op_SpecInterface, i64 %mem_2, void @empty_20, i32 0, i32 0, void @empty_16, i32 0, i32 0, void @empty_16, void @empty_16, void @empty_16, i32 0, i32 0, i32 0, i32 0, void @empty_16, void @empty_1, i32 4294967295, i32 0, i32 0"   --->   Operation 56 'specinterface' 'specinterface_ln0' <Predicate = true> <Delay = 0.00>
ST_10 : Operation 57 [1/1] (0.00ns)   --->   "%specinterface_ln0 = specinterface void @_ssdm_op_SpecInterface, i64 %mem_5, void @empty_13, i32 0, i32 0, void @empty_16, i32 0, i32 0, void @empty_2, void @empty_7, void @empty_16, i32 0, i32 0, i32 0, i32 0, void @empty_16, void @empty_1, i32 4294967295, i32 0, i32 0"   --->   Operation 57 'specinterface' 'specinterface_ln0' <Predicate = true> <Delay = 0.00>
ST_10 : Operation 58 [1/1] (0.00ns)   --->   "%specinterface_ln0 = specinterface void @_ssdm_op_SpecInterface, i64 %mem_5, void @empty_20, i32 0, i32 0, void @empty_16, i32 0, i32 0, void @empty_16, void @empty_16, void @empty_16, i32 0, i32 0, i32 0, i32 0, void @empty_16, void @empty_1, i32 4294967295, i32 0, i32 0"   --->   Operation 58 'specinterface' 'specinterface_ln0' <Predicate = true> <Delay = 0.00>
ST_10 : Operation 59 [1/1] (0.00ns)   --->   "%specinterface_ln0 = specinterface void @_ssdm_op_SpecInterface, i512 %taskIn, void @empty_6, i32 1, i32 1, void @empty_5, i32 0, i32 0, void @empty_16, void @empty_16, void @empty_16, i32 0, i32 0, i32 0, i32 0, void @empty_16, void @empty_16, i32 4294967295, i32 0, i32 0"   --->   Operation 59 'specinterface' 'specinterface_ln0' <Predicate = true> <Delay = 0.00>
ST_10 : Operation 60 [1/1] (0.00ns)   --->   "%specbitsmap_ln0 = specbitsmap void @_ssdm_op_SpecBitsMap, i512 %taskIn"   --->   Operation 60 'specbitsmap' 'specbitsmap_ln0' <Predicate = true> <Delay = 0.00>
ST_10 : Operation 61 [1/1] (0.00ns)   --->   "%specinterface_ln0 = specinterface void @_ssdm_op_SpecInterface, i64 %argOut, void @empty_6, i32 1, i32 1, void @empty_5, i32 0, i32 0, void @empty_16, void @empty_16, void @empty_16, i32 0, i32 0, i32 0, i32 0, void @empty_16, void @empty_16, i32 4294967295, i32 0, i32 0"   --->   Operation 61 'specinterface' 'specinterface_ln0' <Predicate = true> <Delay = 0.00>
ST_10 : Operation 62 [1/1] (0.00ns)   --->   "%specbitsmap_ln0 = specbitsmap void @_ssdm_op_SpecBitsMap, i64 %argOut"   --->   Operation 62 'specbitsmap' 'specbitsmap_ln0' <Predicate = true> <Delay = 0.00>
ST_10 : Operation 63 [1/1] (0.00ns)   --->   "%empty_36 = specchannel i32 @_ssdm_op_SpecChannel, void @adder_in_feed_0_str, i32 1, void @p_str, void @p_str, i32 128, i32 128, i32 %adder_in_feed_0, i32 %adder_in_feed_0"   --->   Operation 63 'specchannel' 'empty_36' <Predicate = true> <Delay = 0.00>
ST_10 : Operation 64 [1/1] (0.00ns)   --->   "%specinterface_ln0 = specinterface void @_ssdm_op_SpecInterface, i32 %adder_in_feed_0, void @empty_4, i32 0, i32 0, void @empty_16, i32 0, i32 0, void @empty_16, void @empty_16, void @empty_16, i32 0, i32 0, i32 0, i32 0, void @empty_16, void @empty_16, i32 4294967295, i32 0, i32 0"   --->   Operation 64 'specinterface' 'specinterface_ln0' <Predicate = true> <Delay = 0.00>
ST_10 : Operation 65 [1/1] (0.00ns)   --->   "%empty_37 = specchannel i32 @_ssdm_op_SpecChannel, void @adder_in_feed_1_str, i32 1, void @p_str, void @p_str, i32 128, i32 128, i32 %adder_in_feed_1, i32 %adder_in_feed_1"   --->   Operation 65 'specchannel' 'empty_37' <Predicate = true> <Delay = 0.00>
ST_10 : Operation 66 [1/1] (0.00ns)   --->   "%specinterface_ln0 = specinterface void @_ssdm_op_SpecInterface, i32 %adder_in_feed_1, void @empty_4, i32 0, i32 0, void @empty_16, i32 0, i32 0, void @empty_16, void @empty_16, void @empty_16, i32 0, i32 0, i32 0, i32 0, void @empty_16, void @empty_16, i32 4294967295, i32 0, i32 0"   --->   Operation 66 'specinterface' 'specinterface_ln0' <Predicate = true> <Delay = 0.00>
ST_10 : Operation 67 [1/1] (0.00ns)   --->   "%empty_38 = specchannel i32 @_ssdm_op_SpecChannel, void @adder_results_str, i32 1, void @p_str, void @p_str, i32 128, i32 128, i32 %adder_results, i32 %adder_results"   --->   Operation 67 'specchannel' 'empty_38' <Predicate = true> <Delay = 0.00>
ST_10 : Operation 68 [1/1] (0.00ns)   --->   "%specinterface_ln0 = specinterface void @_ssdm_op_SpecInterface, i32 %adder_results, void @empty_4, i32 0, i32 0, void @empty_16, i32 0, i32 0, void @empty_16, void @empty_16, void @empty_16, i32 0, i32 0, i32 0, i32 0, void @empty_16, void @empty_16, i32 4294967295, i32 0, i32 0"   --->   Operation 68 'specinterface' 'specinterface_ln0' <Predicate = true> <Delay = 0.00>
ST_10 : Operation 69 [1/1] (0.00ns)   --->   "%empty_39 = specchannel i32 @_ssdm_op_SpecChannel, void @v_size_0_str, i32 1, void @p_str, void @p_str, i32 9, i32 9, i32 %v_size_0, i32 %v_size_0"   --->   Operation 69 'specchannel' 'empty_39' <Predicate = true> <Delay = 0.00>
ST_10 : Operation 70 [1/1] (0.00ns)   --->   "%specinterface_ln0 = specinterface void @_ssdm_op_SpecInterface, i32 %v_size_0, void @empty_4, i32 0, i32 0, void @empty_16, i32 0, i32 0, void @empty_16, void @empty_16, void @empty_16, i32 0, i32 0, i32 0, i32 0, void @empty_16, void @empty_16, i32 4294967295, i32 0, i32 0"   --->   Operation 70 'specinterface' 'specinterface_ln0' <Predicate = true> <Delay = 0.00>
ST_10 : Operation 71 [1/1] (0.00ns)   --->   "%empty_40 = specchannel i32 @_ssdm_op_SpecChannel, void @v_size_1_str, i32 1, void @p_str, void @p_str, i32 9, i32 9, i32 %v_size_1, i32 %v_size_1"   --->   Operation 71 'specchannel' 'empty_40' <Predicate = true> <Delay = 0.00>
ST_10 : Operation 72 [1/1] (0.00ns)   --->   "%specinterface_ln0 = specinterface void @_ssdm_op_SpecInterface, i32 %v_size_1, void @empty_4, i32 0, i32 0, void @empty_16, i32 0, i32 0, void @empty_16, void @empty_16, void @empty_16, i32 0, i32 0, i32 0, i32 0, void @empty_16, void @empty_16, i32 4294967295, i32 0, i32 0"   --->   Operation 72 'specinterface' 'specinterface_ln0' <Predicate = true> <Delay = 0.00>
ST_10 : Operation 73 [1/1] (0.00ns)   --->   "%empty_41 = specchannel i32 @_ssdm_op_SpecChannel, void @v_size_2_str, i32 1, void @p_str, void @p_str, i32 9, i32 9, i32 %v_size_2, i32 %v_size_2"   --->   Operation 73 'specchannel' 'empty_41' <Predicate = true> <Delay = 0.00>
ST_10 : Operation 74 [1/1] (0.00ns)   --->   "%specinterface_ln0 = specinterface void @_ssdm_op_SpecInterface, i32 %v_size_2, void @empty_4, i32 0, i32 0, void @empty_16, i32 0, i32 0, void @empty_16, void @empty_16, void @empty_16, i32 0, i32 0, i32 0, i32 0, void @empty_16, void @empty_16, i32 4294967295, i32 0, i32 0"   --->   Operation 74 'specinterface' 'specinterface_ln0' <Predicate = true> <Delay = 0.00>
ST_10 : Operation 75 [1/1] (0.00ns)   --->   "%empty_42 = specchannel i32 @_ssdm_op_SpecChannel, void @Pcurrs_str, i32 1, void @p_str, void @p_str, i32 9, i32 9, i64 %Pcurrs, i64 %Pcurrs"   --->   Operation 75 'specchannel' 'empty_42' <Predicate = true> <Delay = 0.00>
ST_10 : Operation 76 [1/1] (0.00ns)   --->   "%specinterface_ln0 = specinterface void @_ssdm_op_SpecInterface, i64 %Pcurrs, void @empty_4, i32 0, i32 0, void @empty_16, i32 0, i32 0, void @empty_16, void @empty_16, void @empty_16, i32 0, i32 0, i32 0, i32 0, void @empty_16, void @empty_16, i32 4294967295, i32 0, i32 0"   --->   Operation 76 'specinterface' 'specinterface_ln0' <Predicate = true> <Delay = 0.00>
ST_10 : Operation 77 [1/1] (0.00ns)   --->   "%empty_43 = specchannel i32 @_ssdm_op_SpecChannel, void @adj_lists_str, i32 1, void @p_str, void @p_str, i32 9, i32 9, i64 %adj_lists, i64 %adj_lists"   --->   Operation 77 'specchannel' 'empty_43' <Predicate = true> <Delay = 0.00>
ST_10 : Operation 78 [1/1] (0.00ns)   --->   "%specinterface_ln0 = specinterface void @_ssdm_op_SpecInterface, i64 %adj_lists, void @empty_4, i32 0, i32 0, void @empty_16, i32 0, i32 0, void @empty_16, void @empty_16, void @empty_16, i32 0, i32 0, i32 0, i32 0, void @empty_16, void @empty_16, i32 4294967295, i32 0, i32 0"   --->   Operation 78 'specinterface' 'specinterface_ln0' <Predicate = true> <Delay = 0.00>
ST_10 : Operation 79 [1/1] (0.00ns)   --->   "%empty_44 = specchannel i32 @_ssdm_op_SpecChannel, void @v_neighbours_stream_str, i32 1, void @p_str, void @p_str, i32 9, i32 9, i64 %v_neighbours_stream, i64 %v_neighbours_stream"   --->   Operation 79 'specchannel' 'empty_44' <Predicate = true> <Delay = 0.00>
ST_10 : Operation 80 [1/1] (0.00ns)   --->   "%specinterface_ln0 = specinterface void @_ssdm_op_SpecInterface, i64 %v_neighbours_stream, void @empty_4, i32 0, i32 0, void @empty_16, i32 0, i32 0, void @empty_16, void @empty_16, void @empty_16, i32 0, i32 0, i32 0, i32 0, void @empty_16, void @empty_16, i32 4294967295, i32 0, i32 0"   --->   Operation 80 'specinterface' 'specinterface_ln0' <Predicate = true> <Delay = 0.00>
ST_10 : Operation 81 [1/1] (0.00ns)   --->   "%empty_45 = specchannel i32 @_ssdm_op_SpecChannel, void @sums_stream_str, i32 1, void @p_str, void @p_str, i32 9, i32 9, i32 %sums_stream, i32 %sums_stream"   --->   Operation 81 'specchannel' 'empty_45' <Predicate = true> <Delay = 0.00>
ST_10 : Operation 82 [1/1] (0.00ns)   --->   "%specinterface_ln0 = specinterface void @_ssdm_op_SpecInterface, i32 %sums_stream, void @empty_4, i32 0, i32 0, void @empty_16, i32 0, i32 0, void @empty_16, void @empty_16, void @empty_16, i32 0, i32 0, i32 0, i32 0, void @empty_16, void @empty_16, i32 4294967295, i32 0, i32 0"   --->   Operation 82 'specinterface' 'specinterface_ln0' <Predicate = true> <Delay = 0.00>
ST_10 : Operation 83 [1/1] (0.00ns)   --->   "%empty_46 = specchannel i32 @_ssdm_op_SpecChannel, void @taskToWrite_str, i32 1, void @p_str, void @p_str, i32 9, i32 9, i480 %taskToWrite, i480 %taskToWrite"   --->   Operation 83 'specchannel' 'empty_46' <Predicate = true> <Delay = 0.00>
ST_10 : Operation 84 [1/1] (0.00ns)   --->   "%specinterface_ln0 = specinterface void @_ssdm_op_SpecInterface, i480 %taskToWrite, void @empty_4, i32 0, i32 0, void @empty_16, i32 0, i32 0, void @empty_16, void @empty_16, void @empty_16, i32 0, i32 0, i32 0, i32 0, void @empty_16, void @empty_16, i32 4294967295, i32 0, i32 0"   --->   Operation 84 'specinterface' 'specinterface_ln0' <Predicate = true> <Delay = 0.00>
ST_10 : Operation 85 [1/1] (0.00ns)   --->   "%ret_ln286 = ret" [../pageRankReduce/pageRank.cpp:286]   --->   Operation 85 'ret' 'ret_ln286' <Predicate = true> <Delay = 0.00>


============================================================
+ Verbose Summary: Timing violations
============================================================
Target clock period: 4.000ns, clock uncertainty: 1.080ns.

 <State 1>: 0.000ns
The critical path consists of the following:

 <State 2>: 2.409ns
The critical path consists of the following:
	s_axi read operation ('mem_5_read', ../pageRankReduce/pageRank.cpp:232) on port 'mem_5' (../pageRankReduce/pageRank.cpp:232) [11]  (1.000 ns)
	'call' operation 0 bit ('call_ln232', ../pageRankReduce/pageRank.cpp:232) to 'entry_proc' [74]  (1.409 ns)

 <State 3>: 0.000ns
The critical path consists of the following:

 <State 4>: 1.267ns
The critical path consists of the following:
	'call' operation 0 bit ('call_ln94', /tools/Xilinx/2025.1/Vitis/common/technology/autopilot/hls_task.h:94->../pageRankReduce/pageRank.cpp:267) to 'readVertex' [76]  (1.267 ns)

 <State 5>: 0.000ns
The critical path consists of the following:

 <State 6>: 0.000ns
The critical path consists of the following:

 <State 7>: 0.000ns
The critical path consists of the following:

 <State 8>: 0.000ns
The critical path consists of the following:

 <State 9>: 0.000ns
The critical path consists of the following:

 <State 10>: 0.000ns
The critical path consists of the following:


============================================================
+ Verbose Summary: Binding
============================================================
N/A
* FSMD analyzer results:
  - Output states:
 - Input state : 
  - Chain level:
	State 1
	State 2
	State 3
	State 4
	State 5
	State 6
	State 7
	State 8
	State 9
	State 10


============================================================
+ Verbose Summary: Datapath Resource usage 
============================================================
N/A
