

================================================================
== Vitis HLS Report for 'write_arg'
================================================================
* Date:           Thu Apr  2 14:13:46 2026

* Version:        2025.1 (Build 6135595 on May 21 2025)
* Project:        vertex_map
* Solution:       hls (Vivado IP Flow Target)
* Product family: virtexuplusHBM
* Target device:  xcu55c-fsvh2892-2LV-e


================================================================
== Performance Estimates
================================================================
+ Timing: 
    * Summary: 
    +--------+---------+----------+------------+
    |  Clock |  Target | Estimated| Uncertainty|
    +--------+---------+----------+------------+
    |ap_clk  |  4.00 ns|  2.920 ns|     1.08 ns|
    +--------+---------+----------+------------+

+ Latency: 
    * Summary: 
    +---------+---------+----------+----------+-----+-----+---------+
    |  Latency (cycles) |  Latency (absolute) |  Interval | Pipeline|
    |   min   |   max   |    min   |    max   | min | max |   Type  |
    +---------+---------+----------+----------+-----+-----+---------+
    |       97|       97|  0.388 us|  0.388 us|   97|   97|       no|
    +---------+---------+----------+----------+-----+-----+---------+

    + Detail: 
        * Instance: 
        N/A

        * Loop: 
        N/A

============================================================
+ Verbose Summary: Synthesis Manager
============================================================
InlineROM: 1
ExposeGlobal: 0
============================================================
+ Verbose Summary: CDFG Model
============================================================
IsTopModel: 0
ResetActiveHigh: 1
IsCombinational: 2
IsDatapathOnly: 0
HasWiredReturn: 1
HasMFsm: 0
HasVarLatency: 1
IsPipeline: 0
IsRtlPipelined: 0
IsInstanceOverlapped: 0
IsDontTouch: 0
HasImplIP: 0
IsGatedGlobalClock: 0


============================================================
+ Verbose Summary: Schedule
============================================================
* Number of FSM states : 98
* Pipeline : 0
* Dataflow Pipeline: 0

* FSM state transitions: 
1 --> 2 
2 --> 3 
3 --> 4 
4 --> 5 
5 --> 6 
6 --> 7 
7 --> 8 
8 --> 9 
9 --> 10 
10 --> 11 
11 --> 12 
12 --> 13 
13 --> 14 
14 --> 15 
15 --> 16 
16 --> 17 
17 --> 18 
18 --> 19 
19 --> 20 
20 --> 21 
21 --> 22 
22 --> 23 
23 --> 24 
24 --> 25 
25 --> 26 
26 --> 27 
27 --> 28 
28 --> 29 
29 --> 30 
30 --> 31 
31 --> 32 
32 --> 33 
33 --> 34 
34 --> 35 
35 --> 36 
36 --> 37 
37 --> 38 
38 --> 39 
39 --> 40 
40 --> 41 
41 --> 42 
42 --> 43 
43 --> 44 
44 --> 45 
45 --> 46 
46 --> 47 
47 --> 48 
48 --> 49 
49 --> 50 
50 --> 51 
51 --> 52 
52 --> 53 
53 --> 54 
54 --> 55 
55 --> 56 
56 --> 57 
57 --> 58 
58 --> 59 
59 --> 60 
60 --> 61 
61 --> 62 
62 --> 63 
63 --> 64 
64 --> 65 
65 --> 66 
66 --> 67 
67 --> 68 
68 --> 69 
69 --> 70 
70 --> 71 
71 --> 72 
72 --> 73 
73 --> 74 
74 --> 75 
75 --> 76 
76 --> 77 
77 --> 78 
78 --> 79 
79 --> 80 
80 --> 81 
81 --> 82 
82 --> 83 
83 --> 84 
84 --> 85 
85 --> 86 
86 --> 87 
87 --> 88 
88 --> 89 
89 --> 90 
90 --> 91 
91 --> 92 
92 --> 93 
93 --> 94 
94 --> 95 
95 --> 96 
96 --> 97 
97 --> 98 
98 --> 

* FSM state operations: 

State 1 <SV = 0> <Delay = 2.25>
ST_1 : Operation 99 [1/1] ( I:1.40ns O:1.40ns )   --->   "%mem_1 = read i64 @_ssdm_op_Read.ap_fifo.i64P0A, i64 %mem"   --->   Operation 99 'read' 'mem_1' <Predicate = true> <Delay = 1.40> <CoreInst = "FIFO_SRL">   --->   Core 80 'FIFO_SRL' <Latency = 0> <II = 1> <Delay = 1.40> <Storage> <Opcode : 'read' 'write' 'nbread' 'nbwrite'> <Ports = 0> <Width = 64> <Depth = 5> <FIFO>
ST_1 : Operation 100 [1/1] (0.00ns)   --->   "%val = alloca i64 1"   --->   Operation 100 'alloca' 'val' <Predicate = true> <Delay = 0.00>
ST_1 : Operation 101 [1/1] ( I:1.43ns O:1.43ns )   --->   "%sums_stream_read = read i32 @_ssdm_op_Read.ap_fifo.volatile.i32P0A, i32 %sums_stream" [../pageRankReduce/pageRank.cpp:190]   --->   Operation 101 'read' 'sums_stream_read' <Predicate = true> <Delay = 1.43> <CoreInst = "FIFO_SRL">   --->   Core 80 'FIFO_SRL' <Latency = 0> <II = 1> <Delay = 1.43> <Storage> <Opcode : 'read' 'write' 'nbread' 'nbwrite'> <Ports = 0> <Width = 32> <Depth = 9> <FIFO>
ST_1 : Operation 102 [1/1] ( I:1.23ns O:1.23ns )   --->   "%taskToWrite_read = read i480 @_ssdm_op_Read.ap_fifo.volatile.i480P0A, i480 %taskToWrite" [../pageRankReduce/pageRank.cpp:192]   --->   Operation 102 'read' 'taskToWrite_read' <Predicate = true> <Delay = 1.23> <CoreInst = "FIFO">   --->   Core 77 'FIFO' <Latency = 0> <II = 1> <Delay = 1.23> <Storage> <Opcode : 'read' 'write' 'nbread' 'nbwrite'> <Ports = 0> <Width = 480> <Depth = 9> <FIFO>
ST_1 : Operation 103 [1/1] (0.00ns)   --->   "%task_pPrNext = partselect i64 @_ssdm_op_PartSelect.i64.i480.i32.i32, i480 %taskToWrite_read, i32 64, i32 127" [../pageRankReduce/pageRank.cpp:192]   --->   Operation 103 'partselect' 'task_pPrNext' <Predicate = true> <Delay = 0.00>
ST_1 : Operation 104 [1/1] (0.00ns)   --->   "%task_cont = partselect i64 @_ssdm_op_PartSelect.i64.i480.i32.i32, i480 %taskToWrite_read, i32 128, i32 191" [../pageRankReduce/pageRank.cpp:192]   --->   Operation 104 'partselect' 'task_cont' <Predicate = true> <Delay = 0.00>
ST_1 : Operation 105 [1/1] (0.00ns)   --->   "%task_vertex_count = partselect i32 @_ssdm_op_PartSelect.i32.i480.i32.i32, i480 %taskToWrite_read, i32 288, i32 319" [../pageRankReduce/pageRank.cpp:192]   --->   Operation 105 'partselect' 'task_vertex_count' <Predicate = true> <Delay = 0.00>
ST_1 : Operation 106 [1/1] (0.00ns)   --->   "%trunc_ln192_4 = partselect i32 @_ssdm_op_PartSelect.i32.i480.i32.i32, i480 %taskToWrite_read, i32 320, i32 351" [../pageRankReduce/pageRank.cpp:192]   --->   Operation 106 'partselect' 'trunc_ln192_4' <Predicate = true> <Delay = 0.00>
ST_1 : Operation 107 [1/1] (0.00ns)   --->   "%tmp_3 = partselect i32 @_ssdm_op_PartSelect.i32.i480.i32.i32, i480 %taskToWrite_read, i32 256, i32 287" [../pageRankReduce/pageRank.cpp:204]   --->   Operation 107 'partselect' 'tmp_3' <Predicate = true> <Delay = 0.00>
ST_1 : Operation 108 [1/1] (0.00ns)   --->   "%and_ln = bitconcatenate i34 @_ssdm_op_BitConcatenate.i34.i32.i2, i32 %tmp_3, i2 0" [../pageRankReduce/pageRank.cpp:204]   --->   Operation 108 'bitconcatenate' 'and_ln' <Predicate = true> <Delay = 0.00>
ST_1 : Operation 109 [1/1] (0.00ns)   --->   "%zext_ln204 = zext i34 %and_ln" [../pageRankReduce/pageRank.cpp:204]   --->   Operation 109 'zext' 'zext_ln204' <Predicate = true> <Delay = 0.00>
ST_1 : Operation 110 [1/1] (0.00ns) (grouped into TernaryAdder)   --->   "%add_ln204 = add i64 %task_pPrNext, i64 %zext_ln204" [../pageRankReduce/pageRank.cpp:204]   --->   Operation 110 'add' 'add_ln204' <Predicate = true> <Delay = 0.00> <CoreInst = "TAddSub">   --->   Core 10 'TAddSub' <Latency = 0> <II = 1> <Delay = 0.42> <IPBlock> <Opcode : 'add' 'sub'> <InPorts = 3> <OutPorts = 1> <Sync> <CReg>
ST_1 : Operation 111 [1/1] (0.84ns) (root node of TernaryAdder)   --->   "%add_ln204_1 = add i64 %add_ln204, i64 %mem_1" [../pageRankReduce/pageRank.cpp:204]   --->   Operation 111 'add' 'add_ln204_1' <Predicate = true> <Delay = 0.84> <CoreInst = "TAddSub">   --->   Core 10 'TAddSub' <Latency = 0> <II = 1> <Delay = 0.42> <IPBlock> <Opcode : 'add' 'sub'> <InPorts = 3> <OutPorts = 1> <Sync> <CReg>
ST_1 : Operation 112 [1/1] (0.00ns)   --->   "%trunc_ln204 = trunc i64 %add_ln204_1" [../pageRankReduce/pageRank.cpp:204]   --->   Operation 112 'trunc' 'trunc_ln204' <Predicate = true> <Delay = 0.00>
ST_1 : Operation 113 [1/1] (0.00ns)   --->   "%trunc_ln204_1 = partselect i61 @_ssdm_op_PartSelect.i61.i64.i32.i32, i64 %add_ln204_1, i32 3, i32 63" [../pageRankReduce/pageRank.cpp:204]   --->   Operation 113 'partselect' 'trunc_ln204_1' <Predicate = true> <Delay = 0.00>

State 2 <SV = 1> <Delay = 2.34>
ST_2 : Operation 114 [1/1] (0.00ns)   --->   "%sum = bitcast i32 %sums_stream_read" [../pageRankReduce/pageRank.cpp:190]   --->   Operation 114 'bitcast' 'sum' <Predicate = true> <Delay = 0.00>
ST_2 : Operation 115 [1/1] (0.00ns)   --->   "%task_gamma = bitcast i32 %trunc_ln192_4" [../pageRankReduce/pageRank.cpp:192]   --->   Operation 115 'bitcast' 'task_gamma' <Predicate = true> <Delay = 0.00>
ST_2 : Operation 116 [7/7] (2.34ns)   --->   "%sub = fsub i32 1, i32 %task_gamma" [../pageRankReduce/pageRank.cpp:199]   --->   Operation 116 'fsub' 'sub' <Predicate = true> <Delay = 2.34> <CoreInst = "FAddSub_fulldsp">   --->   Core 18 'FAddSub_fulldsp' <Latency = 6> <II = 1> <Delay = 2.34> <FuncUnit> <Opcode : 'fadd' 'fsub'> <InPorts = 2> <OutPorts = 1>
ST_2 : Operation 117 [4/4] (2.32ns)   --->   "%mul = fmul i32 %task_gamma, i32 %sum" [../pageRankReduce/pageRank.cpp:199]   --->   Operation 117 'fmul' 'mul' <Predicate = true> <Delay = 2.32> <CoreInst = "FMul_maxdsp">   --->   Core 30 'FMul_maxdsp' <Latency = 3> <II = 1> <Delay = 2.32> <FuncUnit> <Opcode : 'fmul'> <InPorts = 2> <OutPorts = 1>

State 3 <SV = 2> <Delay = 2.34>
ST_3 : Operation 118 [6/7] (2.34ns)   --->   "%sub = fsub i32 1, i32 %task_gamma" [../pageRankReduce/pageRank.cpp:199]   --->   Operation 118 'fsub' 'sub' <Predicate = true> <Delay = 2.34> <CoreInst = "FAddSub_fulldsp">   --->   Core 18 'FAddSub_fulldsp' <Latency = 6> <II = 1> <Delay = 2.34> <FuncUnit> <Opcode : 'fadd' 'fsub'> <InPorts = 2> <OutPorts = 1>
ST_3 : Operation 119 [3/4] (2.32ns)   --->   "%mul = fmul i32 %task_gamma, i32 %sum" [../pageRankReduce/pageRank.cpp:199]   --->   Operation 119 'fmul' 'mul' <Predicate = true> <Delay = 2.32> <CoreInst = "FMul_maxdsp">   --->   Core 30 'FMul_maxdsp' <Latency = 3> <II = 1> <Delay = 2.32> <FuncUnit> <Opcode : 'fmul'> <InPorts = 2> <OutPorts = 1>

State 4 <SV = 3> <Delay = 2.34>
ST_4 : Operation 120 [5/7] (2.34ns)   --->   "%sub = fsub i32 1, i32 %task_gamma" [../pageRankReduce/pageRank.cpp:199]   --->   Operation 120 'fsub' 'sub' <Predicate = true> <Delay = 2.34> <CoreInst = "FAddSub_fulldsp">   --->   Core 18 'FAddSub_fulldsp' <Latency = 6> <II = 1> <Delay = 2.34> <FuncUnit> <Opcode : 'fadd' 'fsub'> <InPorts = 2> <OutPorts = 1>
ST_4 : Operation 121 [2/4] (2.32ns)   --->   "%mul = fmul i32 %task_gamma, i32 %sum" [../pageRankReduce/pageRank.cpp:199]   --->   Operation 121 'fmul' 'mul' <Predicate = true> <Delay = 2.32> <CoreInst = "FMul_maxdsp">   --->   Core 30 'FMul_maxdsp' <Latency = 3> <II = 1> <Delay = 2.32> <FuncUnit> <Opcode : 'fmul'> <InPorts = 2> <OutPorts = 1>

State 5 <SV = 4> <Delay = 2.66>
ST_5 : Operation 122 [4/7] (2.34ns)   --->   "%sub = fsub i32 1, i32 %task_gamma" [../pageRankReduce/pageRank.cpp:199]   --->   Operation 122 'fsub' 'sub' <Predicate = true> <Delay = 2.34> <CoreInst = "FAddSub_fulldsp">   --->   Core 18 'FAddSub_fulldsp' <Latency = 6> <II = 1> <Delay = 2.34> <FuncUnit> <Opcode : 'fadd' 'fsub'> <InPorts = 2> <OutPorts = 1>
ST_5 : Operation 123 [4/4] (2.66ns)   --->   "%conv = uitofp i32 %task_vertex_count" [../pageRankReduce/pageRank.cpp:199]   --->   Operation 123 'uitofp' 'conv' <Predicate = true> <Delay = 2.66> <CoreInst = "Int2Float">   --->   Core 62 'Int2Float' <Latency = 3> <II = 1> <Delay = 2.66> <FuncUnit> <Opcode : 'uitofp' 'sitofp'> <InPorts = 1> <OutPorts = 1>
ST_5 : Operation 124 [1/4] (2.32ns)   --->   "%mul = fmul i32 %task_gamma, i32 %sum" [../pageRankReduce/pageRank.cpp:199]   --->   Operation 124 'fmul' 'mul' <Predicate = true> <Delay = 2.32> <CoreInst = "FMul_maxdsp">   --->   Core 30 'FMul_maxdsp' <Latency = 3> <II = 1> <Delay = 2.32> <FuncUnit> <Opcode : 'fmul'> <InPorts = 2> <OutPorts = 1>

State 6 <SV = 5> <Delay = 2.66>
ST_6 : Operation 125 [3/7] (2.34ns)   --->   "%sub = fsub i32 1, i32 %task_gamma" [../pageRankReduce/pageRank.cpp:199]   --->   Operation 125 'fsub' 'sub' <Predicate = true> <Delay = 2.34> <CoreInst = "FAddSub_fulldsp">   --->   Core 18 'FAddSub_fulldsp' <Latency = 6> <II = 1> <Delay = 2.34> <FuncUnit> <Opcode : 'fadd' 'fsub'> <InPorts = 2> <OutPorts = 1>
ST_6 : Operation 126 [3/4] (2.66ns)   --->   "%conv = uitofp i32 %task_vertex_count" [../pageRankReduce/pageRank.cpp:199]   --->   Operation 126 'uitofp' 'conv' <Predicate = true> <Delay = 2.66> <CoreInst = "Int2Float">   --->   Core 62 'Int2Float' <Latency = 3> <II = 1> <Delay = 2.66> <FuncUnit> <Opcode : 'uitofp' 'sitofp'> <InPorts = 1> <OutPorts = 1>

State 7 <SV = 6> <Delay = 2.66>
ST_7 : Operation 127 [2/7] (2.34ns)   --->   "%sub = fsub i32 1, i32 %task_gamma" [../pageRankReduce/pageRank.cpp:199]   --->   Operation 127 'fsub' 'sub' <Predicate = true> <Delay = 2.34> <CoreInst = "FAddSub_fulldsp">   --->   Core 18 'FAddSub_fulldsp' <Latency = 6> <II = 1> <Delay = 2.34> <FuncUnit> <Opcode : 'fadd' 'fsub'> <InPorts = 2> <OutPorts = 1>
ST_7 : Operation 128 [2/4] (2.66ns)   --->   "%conv = uitofp i32 %task_vertex_count" [../pageRankReduce/pageRank.cpp:199]   --->   Operation 128 'uitofp' 'conv' <Predicate = true> <Delay = 2.66> <CoreInst = "Int2Float">   --->   Core 62 'Int2Float' <Latency = 3> <II = 1> <Delay = 2.66> <FuncUnit> <Opcode : 'uitofp' 'sitofp'> <InPorts = 1> <OutPorts = 1>

State 8 <SV = 7> <Delay = 2.66>
ST_8 : Operation 129 [1/7] (2.34ns)   --->   "%sub = fsub i32 1, i32 %task_gamma" [../pageRankReduce/pageRank.cpp:199]   --->   Operation 129 'fsub' 'sub' <Predicate = true> <Delay = 2.34> <CoreInst = "FAddSub_fulldsp">   --->   Core 18 'FAddSub_fulldsp' <Latency = 6> <II = 1> <Delay = 2.34> <FuncUnit> <Opcode : 'fadd' 'fsub'> <InPorts = 2> <OutPorts = 1>
ST_8 : Operation 130 [1/4] (2.66ns)   --->   "%conv = uitofp i32 %task_vertex_count" [../pageRankReduce/pageRank.cpp:199]   --->   Operation 130 'uitofp' 'conv' <Predicate = true> <Delay = 2.66> <CoreInst = "Int2Float">   --->   Core 62 'Int2Float' <Latency = 3> <II = 1> <Delay = 2.66> <FuncUnit> <Opcode : 'uitofp' 'sitofp'> <InPorts = 1> <OutPorts = 1>

State 9 <SV = 8> <Delay = 2.32>
ST_9 : Operation 131 [12/12] (2.32ns)   --->   "%div = fdiv i32 %sub, i32 %conv" [../pageRankReduce/pageRank.cpp:199]   --->   Operation 131 'fdiv' 'div' <Predicate = true> <Delay = 2.32> <CoreInst = "FDiv">   --->   Core 20 'FDiv' <Latency = 11> <II = 1> <Delay = 2.32> <FuncUnit> <Opcode : 'fdiv' 'frem'> <InPorts = 2> <OutPorts = 1>

State 10 <SV = 9> <Delay = 2.32>
ST_10 : Operation 132 [11/12] (2.32ns)   --->   "%div = fdiv i32 %sub, i32 %conv" [../pageRankReduce/pageRank.cpp:199]   --->   Operation 132 'fdiv' 'div' <Predicate = true> <Delay = 2.32> <CoreInst = "FDiv">   --->   Core 20 'FDiv' <Latency = 11> <II = 1> <Delay = 2.32> <FuncUnit> <Opcode : 'fdiv' 'frem'> <InPorts = 2> <OutPorts = 1>

State 11 <SV = 10> <Delay = 2.32>
ST_11 : Operation 133 [10/12] (2.32ns)   --->   "%div = fdiv i32 %sub, i32 %conv" [../pageRankReduce/pageRank.cpp:199]   --->   Operation 133 'fdiv' 'div' <Predicate = true> <Delay = 2.32> <CoreInst = "FDiv">   --->   Core 20 'FDiv' <Latency = 11> <II = 1> <Delay = 2.32> <FuncUnit> <Opcode : 'fdiv' 'frem'> <InPorts = 2> <OutPorts = 1>

State 12 <SV = 11> <Delay = 2.32>
ST_12 : Operation 134 [9/12] (2.32ns)   --->   "%div = fdiv i32 %sub, i32 %conv" [../pageRankReduce/pageRank.cpp:199]   --->   Operation 134 'fdiv' 'div' <Predicate = true> <Delay = 2.32> <CoreInst = "FDiv">   --->   Core 20 'FDiv' <Latency = 11> <II = 1> <Delay = 2.32> <FuncUnit> <Opcode : 'fdiv' 'frem'> <InPorts = 2> <OutPorts = 1>

State 13 <SV = 12> <Delay = 2.32>
ST_13 : Operation 135 [8/12] (2.32ns)   --->   "%div = fdiv i32 %sub, i32 %conv" [../pageRankReduce/pageRank.cpp:199]   --->   Operation 135 'fdiv' 'div' <Predicate = true> <Delay = 2.32> <CoreInst = "FDiv">   --->   Core 20 'FDiv' <Latency = 11> <II = 1> <Delay = 2.32> <FuncUnit> <Opcode : 'fdiv' 'frem'> <InPorts = 2> <OutPorts = 1>

State 14 <SV = 13> <Delay = 2.32>
ST_14 : Operation 136 [7/12] (2.32ns)   --->   "%div = fdiv i32 %sub, i32 %conv" [../pageRankReduce/pageRank.cpp:199]   --->   Operation 136 'fdiv' 'div' <Predicate = true> <Delay = 2.32> <CoreInst = "FDiv">   --->   Core 20 'FDiv' <Latency = 11> <II = 1> <Delay = 2.32> <FuncUnit> <Opcode : 'fdiv' 'frem'> <InPorts = 2> <OutPorts = 1>

State 15 <SV = 14> <Delay = 2.32>
ST_15 : Operation 137 [6/12] (2.32ns)   --->   "%div = fdiv i32 %sub, i32 %conv" [../pageRankReduce/pageRank.cpp:199]   --->   Operation 137 'fdiv' 'div' <Predicate = true> <Delay = 2.32> <CoreInst = "FDiv">   --->   Core 20 'FDiv' <Latency = 11> <II = 1> <Delay = 2.32> <FuncUnit> <Opcode : 'fdiv' 'frem'> <InPorts = 2> <OutPorts = 1>

State 16 <SV = 15> <Delay = 2.32>
ST_16 : Operation 138 [5/12] (2.32ns)   --->   "%div = fdiv i32 %sub, i32 %conv" [../pageRankReduce/pageRank.cpp:199]   --->   Operation 138 'fdiv' 'div' <Predicate = true> <Delay = 2.32> <CoreInst = "FDiv">   --->   Core 20 'FDiv' <Latency = 11> <II = 1> <Delay = 2.32> <FuncUnit> <Opcode : 'fdiv' 'frem'> <InPorts = 2> <OutPorts = 1>

State 17 <SV = 16> <Delay = 2.32>
ST_17 : Operation 139 [4/12] (2.32ns)   --->   "%div = fdiv i32 %sub, i32 %conv" [../pageRankReduce/pageRank.cpp:199]   --->   Operation 139 'fdiv' 'div' <Predicate = true> <Delay = 2.32> <CoreInst = "FDiv">   --->   Core 20 'FDiv' <Latency = 11> <II = 1> <Delay = 2.32> <FuncUnit> <Opcode : 'fdiv' 'frem'> <InPorts = 2> <OutPorts = 1>

State 18 <SV = 17> <Delay = 2.32>
ST_18 : Operation 140 [3/12] (2.32ns)   --->   "%div = fdiv i32 %sub, i32 %conv" [../pageRankReduce/pageRank.cpp:199]   --->   Operation 140 'fdiv' 'div' <Predicate = true> <Delay = 2.32> <CoreInst = "FDiv">   --->   Core 20 'FDiv' <Latency = 11> <II = 1> <Delay = 2.32> <FuncUnit> <Opcode : 'fdiv' 'frem'> <InPorts = 2> <OutPorts = 1>

State 19 <SV = 18> <Delay = 2.32>
ST_19 : Operation 141 [2/12] (2.32ns)   --->   "%div = fdiv i32 %sub, i32 %conv" [../pageRankReduce/pageRank.cpp:199]   --->   Operation 141 'fdiv' 'div' <Predicate = true> <Delay = 2.32> <CoreInst = "FDiv">   --->   Core 20 'FDiv' <Latency = 11> <II = 1> <Delay = 2.32> <FuncUnit> <Opcode : 'fdiv' 'frem'> <InPorts = 2> <OutPorts = 1>

State 20 <SV = 19> <Delay = 2.32>
ST_20 : Operation 142 [1/12] (2.32ns)   --->   "%div = fdiv i32 %sub, i32 %conv" [../pageRankReduce/pageRank.cpp:199]   --->   Operation 142 'fdiv' 'div' <Predicate = true> <Delay = 2.32> <CoreInst = "FDiv">   --->   Core 20 'FDiv' <Latency = 11> <II = 1> <Delay = 2.32> <FuncUnit> <Opcode : 'fdiv' 'frem'> <InPorts = 2> <OutPorts = 1>

State 21 <SV = 20> <Delay = 2.34>
ST_21 : Operation 143 [7/7] (2.34ns)   --->   "%Pnext_v = fadd i32 %div, i32 %mul" [../pageRankReduce/pageRank.cpp:199]   --->   Operation 143 'fadd' 'Pnext_v' <Predicate = true> <Delay = 2.34> <CoreInst = "FAddSub_fulldsp">   --->   Core 18 'FAddSub_fulldsp' <Latency = 6> <II = 1> <Delay = 2.34> <FuncUnit> <Opcode : 'fadd' 'fsub'> <InPorts = 2> <OutPorts = 1>

State 22 <SV = 21> <Delay = 2.34>
ST_22 : Operation 144 [6/7] (2.34ns)   --->   "%Pnext_v = fadd i32 %div, i32 %mul" [../pageRankReduce/pageRank.cpp:199]   --->   Operation 144 'fadd' 'Pnext_v' <Predicate = true> <Delay = 2.34> <CoreInst = "FAddSub_fulldsp">   --->   Core 18 'FAddSub_fulldsp' <Latency = 6> <II = 1> <Delay = 2.34> <FuncUnit> <Opcode : 'fadd' 'fsub'> <InPorts = 2> <OutPorts = 1>

State 23 <SV = 22> <Delay = 2.34>
ST_23 : Operation 145 [5/7] (2.34ns)   --->   "%Pnext_v = fadd i32 %div, i32 %mul" [../pageRankReduce/pageRank.cpp:199]   --->   Operation 145 'fadd' 'Pnext_v' <Predicate = true> <Delay = 2.34> <CoreInst = "FAddSub_fulldsp">   --->   Core 18 'FAddSub_fulldsp' <Latency = 6> <II = 1> <Delay = 2.34> <FuncUnit> <Opcode : 'fadd' 'fsub'> <InPorts = 2> <OutPorts = 1>

State 24 <SV = 23> <Delay = 2.34>
ST_24 : Operation 146 [4/7] (2.34ns)   --->   "%Pnext_v = fadd i32 %div, i32 %mul" [../pageRankReduce/pageRank.cpp:199]   --->   Operation 146 'fadd' 'Pnext_v' <Predicate = true> <Delay = 2.34> <CoreInst = "FAddSub_fulldsp">   --->   Core 18 'FAddSub_fulldsp' <Latency = 6> <II = 1> <Delay = 2.34> <FuncUnit> <Opcode : 'fadd' 'fsub'> <InPorts = 2> <OutPorts = 1>

State 25 <SV = 24> <Delay = 2.34>
ST_25 : Operation 147 [3/7] (2.34ns)   --->   "%Pnext_v = fadd i32 %div, i32 %mul" [../pageRankReduce/pageRank.cpp:199]   --->   Operation 147 'fadd' 'Pnext_v' <Predicate = true> <Delay = 2.34> <CoreInst = "FAddSub_fulldsp">   --->   Core 18 'FAddSub_fulldsp' <Latency = 6> <II = 1> <Delay = 2.34> <FuncUnit> <Opcode : 'fadd' 'fsub'> <InPorts = 2> <OutPorts = 1>

State 26 <SV = 25> <Delay = 2.34>
ST_26 : Operation 148 [2/7] (2.34ns)   --->   "%Pnext_v = fadd i32 %div, i32 %mul" [../pageRankReduce/pageRank.cpp:199]   --->   Operation 148 'fadd' 'Pnext_v' <Predicate = true> <Delay = 2.34> <CoreInst = "FAddSub_fulldsp">   --->   Core 18 'FAddSub_fulldsp' <Latency = 6> <II = 1> <Delay = 2.34> <FuncUnit> <Opcode : 'fadd' 'fsub'> <InPorts = 2> <OutPorts = 1>

State 27 <SV = 26> <Delay = 2.34>
ST_27 : Operation 149 [1/7] (2.34ns)   --->   "%Pnext_v = fadd i32 %div, i32 %mul" [../pageRankReduce/pageRank.cpp:199]   --->   Operation 149 'fadd' 'Pnext_v' <Predicate = true> <Delay = 2.34> <CoreInst = "FAddSub_fulldsp">   --->   Core 18 'FAddSub_fulldsp' <Latency = 6> <II = 1> <Delay = 2.34> <FuncUnit> <Opcode : 'fadd' 'fsub'> <InPorts = 2> <OutPorts = 1>
ST_27 : Operation 150 [1/1] (0.00ns)   --->   "%store_ln205 = store i32 %Pnext_v, i32 %val" [../pageRankReduce/pageRank.cpp:205]   --->   Operation 150 'store' 'store_ln205' <Predicate = true> <Delay = 0.00>
ST_27 : Operation 151 [1/1] (0.00ns)   --->   "%store_ln206 = store i32 %Pnext_v, i32 %val" [../pageRankReduce/pageRank.cpp:206]   --->   Operation 151 'store' 'store_ln206' <Predicate = true> <Delay = 0.00>

State 28 <SV = 27> <Delay = 2.92>
ST_28 : Operation 152 [1/1] (0.00ns)   --->   "%bitcast_ln204 = bitcast i32 %Pnext_v" [../pageRankReduce/pageRank.cpp:204]   --->   Operation 152 'bitcast' 'bitcast_ln204' <Predicate = true> <Delay = 0.00>
ST_28 : Operation 153 [1/1] (0.00ns)   --->   "%zext_ln204_1 = zext i32 %bitcast_ln204" [../pageRankReduce/pageRank.cpp:204]   --->   Operation 153 'zext' 'zext_ln204_1' <Predicate = true> <Delay = 0.00>
ST_28 : Operation 154 [1/1] (0.00ns)   --->   "%zext_ln204_2 = zext i3 %trunc_ln204" [../pageRankReduce/pageRank.cpp:204]   --->   Operation 154 'zext' 'zext_ln204_2' <Predicate = true> <Delay = 0.00>
ST_28 : Operation 155 [1/1] (0.59ns)   --->   "%shl_ln204 = shl i8 15, i8 %zext_ln204_2" [../pageRankReduce/pageRank.cpp:204]   --->   Operation 155 'shl' 'shl_ln204' <Predicate = true> <Delay = 0.59> <CoreInst = "Shifter">   --->   Core 75 'Shifter' <Latency = 0> <II = 1> <Delay = 0.59> <FuncUnit> <Opcode : 'shl' 'lshr' 'ashr'> <InPorts = 2> <OutPorts = 1>
ST_28 : Operation 156 [1/1] (0.00ns)   --->   "%shl_ln204_1 = bitconcatenate i6 @_ssdm_op_BitConcatenate.i6.i3.i3, i3 %trunc_ln204, i3 0" [../pageRankReduce/pageRank.cpp:204]   --->   Operation 156 'bitconcatenate' 'shl_ln204_1' <Predicate = true> <Delay = 0.00>
ST_28 : Operation 157 [1/1] (0.00ns)   --->   "%zext_ln204_3 = zext i6 %shl_ln204_1" [../pageRankReduce/pageRank.cpp:204]   --->   Operation 157 'zext' 'zext_ln204_3' <Predicate = true> <Delay = 0.00>
ST_28 : Operation 158 [1/1] (1.05ns)   --->   "%shl_ln204_2 = shl i64 %zext_ln204_1, i64 %zext_ln204_3" [../pageRankReduce/pageRank.cpp:204]   --->   Operation 158 'shl' 'shl_ln204_2' <Predicate = true> <Delay = 1.05> <CoreInst = "Shifter">   --->   Core 75 'Shifter' <Latency = 0> <II = 1> <Delay = 1.05> <FuncUnit> <Opcode : 'shl' 'lshr' 'ashr'> <InPorts = 2> <OutPorts = 1>
ST_28 : Operation 159 [1/1] (0.00ns)   --->   "%sext_ln204 = sext i61 %trunc_ln204_1" [../pageRankReduce/pageRank.cpp:204]   --->   Operation 159 'sext' 'sext_ln204' <Predicate = true> <Delay = 0.00>
ST_28 : Operation 160 [1/1] (0.00ns)   --->   "%gmem_CHN_5_addr = getelementptr i64 %gmem_CHN_5, i64 %sext_ln204" [../pageRankReduce/pageRank.cpp:204]   --->   Operation 160 'getelementptr' 'gmem_CHN_5_addr' <Predicate = true> <Delay = 0.00>
ST_28 : Operation 161 [1/1] (2.92ns)   --->   "%empty = writereq i1 @_ssdm_op_WriteReq.m_axi.p1i64, i64 %gmem_CHN_5_addr, i64 1" [../pageRankReduce/pageRank.cpp:204]   --->   Operation 161 'writereq' 'empty' <Predicate = true> <Delay = 2.92> <CoreInst = "m_axi">   --->   Core 119 'm_axi' <Latency = 9> <II = 1> <Delay = 1.00> <Adapter> <Opcode : 'read' 'write' 'readreq' 'writereq' 'writeresp'>
ST_28 : Operation 162 [1/1] (0.00ns)   --->   "%val_load = load i32 %val" [../pageRankReduce/pageRank.cpp:207]   --->   Operation 162 'load' 'val_load' <Predicate = true> <Delay = 0.00>
ST_28 : Operation 163 [1/1] (0.00ns)   --->   "%bitcast_ln207 = bitcast i32 %val_load" [../pageRankReduce/pageRank.cpp:207]   --->   Operation 163 'bitcast' 'bitcast_ln207' <Predicate = true> <Delay = 0.00>
ST_28 : Operation 164 [1/1] (0.00ns)   --->   "%tmp = partselect i8 @_ssdm_op_PartSelect.i8.i32.i32.i32, i32 %bitcast_ln207, i32 23, i32 30" [../pageRankReduce/pageRank.cpp:207]   --->   Operation 164 'partselect' 'tmp' <Predicate = true> <Delay = 0.00>
ST_28 : Operation 165 [1/1] (0.00ns)   --->   "%trunc_ln207 = trunc i32 %bitcast_ln207" [../pageRankReduce/pageRank.cpp:207]   --->   Operation 165 'trunc' 'trunc_ln207' <Predicate = true> <Delay = 0.00>
ST_28 : Operation 166 [1/1] (0.00ns)   --->   "%tmp_1 = partselect i8 @_ssdm_op_PartSelect.i8.i32.i32.i32, i32 %bitcast_ln204, i32 23, i32 30" [../pageRankReduce/pageRank.cpp:207]   --->   Operation 166 'partselect' 'tmp_1' <Predicate = true> <Delay = 0.00>
ST_28 : Operation 167 [1/1] (0.00ns)   --->   "%trunc_ln207_1 = trunc i32 %bitcast_ln204" [../pageRankReduce/pageRank.cpp:207]   --->   Operation 167 'trunc' 'trunc_ln207_1' <Predicate = true> <Delay = 0.00>
ST_28 : Operation 168 [1/1] (0.70ns)   --->   "%icmp_ln207 = icmp_ne  i8 %tmp, i8 255" [../pageRankReduce/pageRank.cpp:207]   --->   Operation 168 'icmp' 'icmp_ln207' <Predicate = true> <Delay = 0.70> <CoreInst = "Cmp">   --->   Core 9 'Cmp' <Latency = 0> <II = 1> <Delay = 0.70> <FuncUnit> <Opcode : 'seteq' 'setne' 'setle' 'setge' 'setlt' 'setgt'> <InPorts = 2> <OutPorts = 1>
ST_28 : Operation 169 [1/1] (0.82ns)   --->   "%icmp_ln207_1 = icmp_eq  i23 %trunc_ln207, i23 0" [../pageRankReduce/pageRank.cpp:207]   --->   Operation 169 'icmp' 'icmp_ln207_1' <Predicate = true> <Delay = 0.82> <CoreInst = "Cmp">   --->   Core 9 'Cmp' <Latency = 0> <II = 1> <Delay = 0.82> <FuncUnit> <Opcode : 'seteq' 'setne' 'setle' 'setge' 'setlt' 'setgt'> <InPorts = 2> <OutPorts = 1>
ST_28 : Operation 170 [1/1] (0.70ns)   --->   "%icmp_ln207_2 = icmp_ne  i8 %tmp_1, i8 255" [../pageRankReduce/pageRank.cpp:207]   --->   Operation 170 'icmp' 'icmp_ln207_2' <Predicate = true> <Delay = 0.70> <CoreInst = "Cmp">   --->   Core 9 'Cmp' <Latency = 0> <II = 1> <Delay = 0.70> <FuncUnit> <Opcode : 'seteq' 'setne' 'setle' 'setge' 'setlt' 'setgt'> <InPorts = 2> <OutPorts = 1>
ST_28 : Operation 171 [1/1] (0.82ns)   --->   "%icmp_ln207_3 = icmp_eq  i23 %trunc_ln207_1, i23 0" [../pageRankReduce/pageRank.cpp:207]   --->   Operation 171 'icmp' 'icmp_ln207_3' <Predicate = true> <Delay = 0.82> <CoreInst = "Cmp">   --->   Core 9 'Cmp' <Latency = 0> <II = 1> <Delay = 0.82> <FuncUnit> <Opcode : 'seteq' 'setne' 'setle' 'setge' 'setlt' 'setgt'> <InPorts = 2> <OutPorts = 1>
ST_28 : Operation 172 [2/2] (1.64ns)   --->   "%tmp_2 = fcmp_oeq  i32 %val_load, i32 %Pnext_v" [../pageRankReduce/pageRank.cpp:207]   --->   Operation 172 'fcmp' 'tmp_2' <Predicate = true> <Delay = 1.64> <CoreInst = "FCompare">   --->   Core 19 'FCompare' <Latency = 1> <II = 1> <Delay = 1.64> <FuncUnit> <Opcode : 'fcmp'> <InPorts = 2> <OutPorts = 1>

State 29 <SV = 28> <Delay = 2.92>
ST_29 : Operation 173 [1/1] (2.92ns)   --->   "%write_ln204 = write void @_ssdm_op_Write.m_axi.p1i64, i64 %gmem_CHN_5_addr, i64 %shl_ln204_2, i8 %shl_ln204" [../pageRankReduce/pageRank.cpp:204]   --->   Operation 173 'write' 'write_ln204' <Predicate = true> <Delay = 2.92> <CoreInst = "m_axi">   --->   Core 119 'm_axi' <Latency = 3> <II = 1> <Delay = 1.00> <Adapter> <Opcode : 'read' 'write' 'readreq' 'writereq' 'writeresp'>
ST_29 : Operation 174 [1/1] (0.00ns) (grouped into LUT with out node and_ln207_1)   --->   "%or_ln207 = or i1 %icmp_ln207_1, i1 %icmp_ln207" [../pageRankReduce/pageRank.cpp:207]   --->   Operation 174 'or' 'or_ln207' <Predicate = true> <Delay = 0.00> <CoreInst = "LogicGate">   --->   Core 74 'LogicGate' <Latency = 0> <II = 1> <Delay = 0.12> <FuncUnit> <Opcode : 'and' 'or' 'xor'> <InPorts = 2> <OutPorts = 1>
ST_29 : Operation 175 [1/1] (0.00ns) (grouped into LUT with out node and_ln207_1)   --->   "%or_ln207_1 = or i1 %icmp_ln207_3, i1 %icmp_ln207_2" [../pageRankReduce/pageRank.cpp:207]   --->   Operation 175 'or' 'or_ln207_1' <Predicate = true> <Delay = 0.00> <CoreInst = "LogicGate">   --->   Core 74 'LogicGate' <Latency = 0> <II = 1> <Delay = 0.12> <FuncUnit> <Opcode : 'and' 'or' 'xor'> <InPorts = 2> <OutPorts = 1>
ST_29 : Operation 176 [1/1] (0.00ns) (grouped into LUT with out node and_ln207_1)   --->   "%and_ln207 = and i1 %or_ln207, i1 %or_ln207_1" [../pageRankReduce/pageRank.cpp:207]   --->   Operation 176 'and' 'and_ln207' <Predicate = true> <Delay = 0.00> <CoreInst = "LogicGate">   --->   Core 74 'LogicGate' <Latency = 0> <II = 1> <Delay = 0.12> <FuncUnit> <Opcode : 'and' 'or' 'xor'> <InPorts = 2> <OutPorts = 1>
ST_29 : Operation 177 [1/2] (1.64ns)   --->   "%tmp_2 = fcmp_oeq  i32 %val_load, i32 %Pnext_v" [../pageRankReduce/pageRank.cpp:207]   --->   Operation 177 'fcmp' 'tmp_2' <Predicate = true> <Delay = 1.64> <CoreInst = "FCompare">   --->   Core 19 'FCompare' <Latency = 1> <II = 1> <Delay = 1.64> <FuncUnit> <Opcode : 'fcmp'> <InPorts = 2> <OutPorts = 1>
ST_29 : Operation 178 [1/1] (0.12ns) (out node of the LUT)   --->   "%and_ln207_1 = and i1 %and_ln207, i1 %tmp_2" [../pageRankReduce/pageRank.cpp:207]   --->   Operation 178 'and' 'and_ln207_1' <Predicate = true> <Delay = 0.12> <CoreInst = "LogicGate">   --->   Core 74 'LogicGate' <Latency = 0> <II = 1> <Delay = 0.12> <FuncUnit> <Opcode : 'and' 'or' 'xor'> <InPorts = 2> <OutPorts = 1>

State 30 <SV = 29> <Delay = 2.92>
ST_30 : Operation 179 [68/68] (2.92ns)   --->   "%empty_35 = writeresp i1 @_ssdm_op_WriteResp.m_axi.p1i64, i64 %gmem_CHN_5_addr" [../pageRankReduce/pageRank.cpp:204]   --->   Operation 179 'writeresp' 'empty_35' <Predicate = true> <Delay = 2.92> <CoreInst = "m_axi">   --->   Core 119 'm_axi' <Latency = 3> <II = 1> <Delay = 1.00> <Adapter> <Opcode : 'read' 'write' 'readreq' 'writereq' 'writeresp'>

State 31 <SV = 30> <Delay = 2.92>
ST_31 : Operation 180 [67/68] (2.92ns)   --->   "%empty_35 = writeresp i1 @_ssdm_op_WriteResp.m_axi.p1i64, i64 %gmem_CHN_5_addr" [../pageRankReduce/pageRank.cpp:204]   --->   Operation 180 'writeresp' 'empty_35' <Predicate = true> <Delay = 2.92> <CoreInst = "m_axi">   --->   Core 119 'm_axi' <Latency = 3> <II = 1> <Delay = 1.00> <Adapter> <Opcode : 'read' 'write' 'readreq' 'writereq' 'writeresp'>

State 32 <SV = 31> <Delay = 2.92>
ST_32 : Operation 181 [66/68] (2.92ns)   --->   "%empty_35 = writeresp i1 @_ssdm_op_WriteResp.m_axi.p1i64, i64 %gmem_CHN_5_addr" [../pageRankReduce/pageRank.cpp:204]   --->   Operation 181 'writeresp' 'empty_35' <Predicate = true> <Delay = 2.92> <CoreInst = "m_axi">   --->   Core 119 'm_axi' <Latency = 3> <II = 1> <Delay = 1.00> <Adapter> <Opcode : 'read' 'write' 'readreq' 'writereq' 'writeresp'>

State 33 <SV = 32> <Delay = 2.92>
ST_33 : Operation 182 [65/68] (2.92ns)   --->   "%empty_35 = writeresp i1 @_ssdm_op_WriteResp.m_axi.p1i64, i64 %gmem_CHN_5_addr" [../pageRankReduce/pageRank.cpp:204]   --->   Operation 182 'writeresp' 'empty_35' <Predicate = true> <Delay = 2.92> <CoreInst = "m_axi">   --->   Core 119 'm_axi' <Latency = 3> <II = 1> <Delay = 1.00> <Adapter> <Opcode : 'read' 'write' 'readreq' 'writereq' 'writeresp'>

State 34 <SV = 33> <Delay = 2.92>
ST_34 : Operation 183 [64/68] (2.92ns)   --->   "%empty_35 = writeresp i1 @_ssdm_op_WriteResp.m_axi.p1i64, i64 %gmem_CHN_5_addr" [../pageRankReduce/pageRank.cpp:204]   --->   Operation 183 'writeresp' 'empty_35' <Predicate = true> <Delay = 2.92> <CoreInst = "m_axi">   --->   Core 119 'm_axi' <Latency = 3> <II = 1> <Delay = 1.00> <Adapter> <Opcode : 'read' 'write' 'readreq' 'writereq' 'writeresp'>

State 35 <SV = 34> <Delay = 2.92>
ST_35 : Operation 184 [63/68] (2.92ns)   --->   "%empty_35 = writeresp i1 @_ssdm_op_WriteResp.m_axi.p1i64, i64 %gmem_CHN_5_addr" [../pageRankReduce/pageRank.cpp:204]   --->   Operation 184 'writeresp' 'empty_35' <Predicate = true> <Delay = 2.92> <CoreInst = "m_axi">   --->   Core 119 'm_axi' <Latency = 3> <II = 1> <Delay = 1.00> <Adapter> <Opcode : 'read' 'write' 'readreq' 'writereq' 'writeresp'>

State 36 <SV = 35> <Delay = 2.92>
ST_36 : Operation 185 [62/68] (2.92ns)   --->   "%empty_35 = writeresp i1 @_ssdm_op_WriteResp.m_axi.p1i64, i64 %gmem_CHN_5_addr" [../pageRankReduce/pageRank.cpp:204]   --->   Operation 185 'writeresp' 'empty_35' <Predicate = true> <Delay = 2.92> <CoreInst = "m_axi">   --->   Core 119 'm_axi' <Latency = 3> <II = 1> <Delay = 1.00> <Adapter> <Opcode : 'read' 'write' 'readreq' 'writereq' 'writeresp'>

State 37 <SV = 36> <Delay = 2.92>
ST_37 : Operation 186 [61/68] (2.92ns)   --->   "%empty_35 = writeresp i1 @_ssdm_op_WriteResp.m_axi.p1i64, i64 %gmem_CHN_5_addr" [../pageRankReduce/pageRank.cpp:204]   --->   Operation 186 'writeresp' 'empty_35' <Predicate = true> <Delay = 2.92> <CoreInst = "m_axi">   --->   Core 119 'm_axi' <Latency = 3> <II = 1> <Delay = 1.00> <Adapter> <Opcode : 'read' 'write' 'readreq' 'writereq' 'writeresp'>

State 38 <SV = 37> <Delay = 2.92>
ST_38 : Operation 187 [60/68] (2.92ns)   --->   "%empty_35 = writeresp i1 @_ssdm_op_WriteResp.m_axi.p1i64, i64 %gmem_CHN_5_addr" [../pageRankReduce/pageRank.cpp:204]   --->   Operation 187 'writeresp' 'empty_35' <Predicate = true> <Delay = 2.92> <CoreInst = "m_axi">   --->   Core 119 'm_axi' <Latency = 3> <II = 1> <Delay = 1.00> <Adapter> <Opcode : 'read' 'write' 'readreq' 'writereq' 'writeresp'>

State 39 <SV = 38> <Delay = 2.92>
ST_39 : Operation 188 [59/68] (2.92ns)   --->   "%empty_35 = writeresp i1 @_ssdm_op_WriteResp.m_axi.p1i64, i64 %gmem_CHN_5_addr" [../pageRankReduce/pageRank.cpp:204]   --->   Operation 188 'writeresp' 'empty_35' <Predicate = true> <Delay = 2.92> <CoreInst = "m_axi">   --->   Core 119 'm_axi' <Latency = 3> <II = 1> <Delay = 1.00> <Adapter> <Opcode : 'read' 'write' 'readreq' 'writereq' 'writeresp'>

State 40 <SV = 39> <Delay = 2.92>
ST_40 : Operation 189 [58/68] (2.92ns)   --->   "%empty_35 = writeresp i1 @_ssdm_op_WriteResp.m_axi.p1i64, i64 %gmem_CHN_5_addr" [../pageRankReduce/pageRank.cpp:204]   --->   Operation 189 'writeresp' 'empty_35' <Predicate = true> <Delay = 2.92> <CoreInst = "m_axi">   --->   Core 119 'm_axi' <Latency = 3> <II = 1> <Delay = 1.00> <Adapter> <Opcode : 'read' 'write' 'readreq' 'writereq' 'writeresp'>

State 41 <SV = 40> <Delay = 2.92>
ST_41 : Operation 190 [57/68] (2.92ns)   --->   "%empty_35 = writeresp i1 @_ssdm_op_WriteResp.m_axi.p1i64, i64 %gmem_CHN_5_addr" [../pageRankReduce/pageRank.cpp:204]   --->   Operation 190 'writeresp' 'empty_35' <Predicate = true> <Delay = 2.92> <CoreInst = "m_axi">   --->   Core 119 'm_axi' <Latency = 3> <II = 1> <Delay = 1.00> <Adapter> <Opcode : 'read' 'write' 'readreq' 'writereq' 'writeresp'>

State 42 <SV = 41> <Delay = 2.92>
ST_42 : Operation 191 [56/68] (2.92ns)   --->   "%empty_35 = writeresp i1 @_ssdm_op_WriteResp.m_axi.p1i64, i64 %gmem_CHN_5_addr" [../pageRankReduce/pageRank.cpp:204]   --->   Operation 191 'writeresp' 'empty_35' <Predicate = true> <Delay = 2.92> <CoreInst = "m_axi">   --->   Core 119 'm_axi' <Latency = 3> <II = 1> <Delay = 1.00> <Adapter> <Opcode : 'read' 'write' 'readreq' 'writereq' 'writeresp'>

State 43 <SV = 42> <Delay = 2.92>
ST_43 : Operation 192 [55/68] (2.92ns)   --->   "%empty_35 = writeresp i1 @_ssdm_op_WriteResp.m_axi.p1i64, i64 %gmem_CHN_5_addr" [../pageRankReduce/pageRank.cpp:204]   --->   Operation 192 'writeresp' 'empty_35' <Predicate = true> <Delay = 2.92> <CoreInst = "m_axi">   --->   Core 119 'm_axi' <Latency = 3> <II = 1> <Delay = 1.00> <Adapter> <Opcode : 'read' 'write' 'readreq' 'writereq' 'writeresp'>

State 44 <SV = 43> <Delay = 2.92>
ST_44 : Operation 193 [54/68] (2.92ns)   --->   "%empty_35 = writeresp i1 @_ssdm_op_WriteResp.m_axi.p1i64, i64 %gmem_CHN_5_addr" [../pageRankReduce/pageRank.cpp:204]   --->   Operation 193 'writeresp' 'empty_35' <Predicate = true> <Delay = 2.92> <CoreInst = "m_axi">   --->   Core 119 'm_axi' <Latency = 3> <II = 1> <Delay = 1.00> <Adapter> <Opcode : 'read' 'write' 'readreq' 'writereq' 'writeresp'>

State 45 <SV = 44> <Delay = 2.92>
ST_45 : Operation 194 [53/68] (2.92ns)   --->   "%empty_35 = writeresp i1 @_ssdm_op_WriteResp.m_axi.p1i64, i64 %gmem_CHN_5_addr" [../pageRankReduce/pageRank.cpp:204]   --->   Operation 194 'writeresp' 'empty_35' <Predicate = true> <Delay = 2.92> <CoreInst = "m_axi">   --->   Core 119 'm_axi' <Latency = 3> <II = 1> <Delay = 1.00> <Adapter> <Opcode : 'read' 'write' 'readreq' 'writereq' 'writeresp'>

State 46 <SV = 45> <Delay = 2.92>
ST_46 : Operation 195 [52/68] (2.92ns)   --->   "%empty_35 = writeresp i1 @_ssdm_op_WriteResp.m_axi.p1i64, i64 %gmem_CHN_5_addr" [../pageRankReduce/pageRank.cpp:204]   --->   Operation 195 'writeresp' 'empty_35' <Predicate = true> <Delay = 2.92> <CoreInst = "m_axi">   --->   Core 119 'm_axi' <Latency = 3> <II = 1> <Delay = 1.00> <Adapter> <Opcode : 'read' 'write' 'readreq' 'writereq' 'writeresp'>

State 47 <SV = 46> <Delay = 2.92>
ST_47 : Operation 196 [51/68] (2.92ns)   --->   "%empty_35 = writeresp i1 @_ssdm_op_WriteResp.m_axi.p1i64, i64 %gmem_CHN_5_addr" [../pageRankReduce/pageRank.cpp:204]   --->   Operation 196 'writeresp' 'empty_35' <Predicate = true> <Delay = 2.92> <CoreInst = "m_axi">   --->   Core 119 'm_axi' <Latency = 3> <II = 1> <Delay = 1.00> <Adapter> <Opcode : 'read' 'write' 'readreq' 'writereq' 'writeresp'>

State 48 <SV = 47> <Delay = 2.92>
ST_48 : Operation 197 [50/68] (2.92ns)   --->   "%empty_35 = writeresp i1 @_ssdm_op_WriteResp.m_axi.p1i64, i64 %gmem_CHN_5_addr" [../pageRankReduce/pageRank.cpp:204]   --->   Operation 197 'writeresp' 'empty_35' <Predicate = true> <Delay = 2.92> <CoreInst = "m_axi">   --->   Core 119 'm_axi' <Latency = 3> <II = 1> <Delay = 1.00> <Adapter> <Opcode : 'read' 'write' 'readreq' 'writereq' 'writeresp'>

State 49 <SV = 48> <Delay = 2.92>
ST_49 : Operation 198 [49/68] (2.92ns)   --->   "%empty_35 = writeresp i1 @_ssdm_op_WriteResp.m_axi.p1i64, i64 %gmem_CHN_5_addr" [../pageRankReduce/pageRank.cpp:204]   --->   Operation 198 'writeresp' 'empty_35' <Predicate = true> <Delay = 2.92> <CoreInst = "m_axi">   --->   Core 119 'm_axi' <Latency = 3> <II = 1> <Delay = 1.00> <Adapter> <Opcode : 'read' 'write' 'readreq' 'writereq' 'writeresp'>

State 50 <SV = 49> <Delay = 2.92>
ST_50 : Operation 199 [48/68] (2.92ns)   --->   "%empty_35 = writeresp i1 @_ssdm_op_WriteResp.m_axi.p1i64, i64 %gmem_CHN_5_addr" [../pageRankReduce/pageRank.cpp:204]   --->   Operation 199 'writeresp' 'empty_35' <Predicate = true> <Delay = 2.92> <CoreInst = "m_axi">   --->   Core 119 'm_axi' <Latency = 3> <II = 1> <Delay = 1.00> <Adapter> <Opcode : 'read' 'write' 'readreq' 'writereq' 'writeresp'>

State 51 <SV = 50> <Delay = 2.92>
ST_51 : Operation 200 [47/68] (2.92ns)   --->   "%empty_35 = writeresp i1 @_ssdm_op_WriteResp.m_axi.p1i64, i64 %gmem_CHN_5_addr" [../pageRankReduce/pageRank.cpp:204]   --->   Operation 200 'writeresp' 'empty_35' <Predicate = true> <Delay = 2.92> <CoreInst = "m_axi">   --->   Core 119 'm_axi' <Latency = 3> <II = 1> <Delay = 1.00> <Adapter> <Opcode : 'read' 'write' 'readreq' 'writereq' 'writeresp'>

State 52 <SV = 51> <Delay = 2.92>
ST_52 : Operation 201 [46/68] (2.92ns)   --->   "%empty_35 = writeresp i1 @_ssdm_op_WriteResp.m_axi.p1i64, i64 %gmem_CHN_5_addr" [../pageRankReduce/pageRank.cpp:204]   --->   Operation 201 'writeresp' 'empty_35' <Predicate = true> <Delay = 2.92> <CoreInst = "m_axi">   --->   Core 119 'm_axi' <Latency = 3> <II = 1> <Delay = 1.00> <Adapter> <Opcode : 'read' 'write' 'readreq' 'writereq' 'writeresp'>

State 53 <SV = 52> <Delay = 2.92>
ST_53 : Operation 202 [45/68] (2.92ns)   --->   "%empty_35 = writeresp i1 @_ssdm_op_WriteResp.m_axi.p1i64, i64 %gmem_CHN_5_addr" [../pageRankReduce/pageRank.cpp:204]   --->   Operation 202 'writeresp' 'empty_35' <Predicate = true> <Delay = 2.92> <CoreInst = "m_axi">   --->   Core 119 'm_axi' <Latency = 3> <II = 1> <Delay = 1.00> <Adapter> <Opcode : 'read' 'write' 'readreq' 'writereq' 'writeresp'>

State 54 <SV = 53> <Delay = 2.92>
ST_54 : Operation 203 [44/68] (2.92ns)   --->   "%empty_35 = writeresp i1 @_ssdm_op_WriteResp.m_axi.p1i64, i64 %gmem_CHN_5_addr" [../pageRankReduce/pageRank.cpp:204]   --->   Operation 203 'writeresp' 'empty_35' <Predicate = true> <Delay = 2.92> <CoreInst = "m_axi">   --->   Core 119 'm_axi' <Latency = 3> <II = 1> <Delay = 1.00> <Adapter> <Opcode : 'read' 'write' 'readreq' 'writereq' 'writeresp'>

State 55 <SV = 54> <Delay = 2.92>
ST_55 : Operation 204 [43/68] (2.92ns)   --->   "%empty_35 = writeresp i1 @_ssdm_op_WriteResp.m_axi.p1i64, i64 %gmem_CHN_5_addr" [../pageRankReduce/pageRank.cpp:204]   --->   Operation 204 'writeresp' 'empty_35' <Predicate = true> <Delay = 2.92> <CoreInst = "m_axi">   --->   Core 119 'm_axi' <Latency = 3> <II = 1> <Delay = 1.00> <Adapter> <Opcode : 'read' 'write' 'readreq' 'writereq' 'writeresp'>

State 56 <SV = 55> <Delay = 2.92>
ST_56 : Operation 205 [42/68] (2.92ns)   --->   "%empty_35 = writeresp i1 @_ssdm_op_WriteResp.m_axi.p1i64, i64 %gmem_CHN_5_addr" [../pageRankReduce/pageRank.cpp:204]   --->   Operation 205 'writeresp' 'empty_35' <Predicate = true> <Delay = 2.92> <CoreInst = "m_axi">   --->   Core 119 'm_axi' <Latency = 3> <II = 1> <Delay = 1.00> <Adapter> <Opcode : 'read' 'write' 'readreq' 'writereq' 'writeresp'>

State 57 <SV = 56> <Delay = 2.92>
ST_57 : Operation 206 [41/68] (2.92ns)   --->   "%empty_35 = writeresp i1 @_ssdm_op_WriteResp.m_axi.p1i64, i64 %gmem_CHN_5_addr" [../pageRankReduce/pageRank.cpp:204]   --->   Operation 206 'writeresp' 'empty_35' <Predicate = true> <Delay = 2.92> <CoreInst = "m_axi">   --->   Core 119 'm_axi' <Latency = 3> <II = 1> <Delay = 1.00> <Adapter> <Opcode : 'read' 'write' 'readreq' 'writereq' 'writeresp'>

State 58 <SV = 57> <Delay = 2.92>
ST_58 : Operation 207 [40/68] (2.92ns)   --->   "%empty_35 = writeresp i1 @_ssdm_op_WriteResp.m_axi.p1i64, i64 %gmem_CHN_5_addr" [../pageRankReduce/pageRank.cpp:204]   --->   Operation 207 'writeresp' 'empty_35' <Predicate = true> <Delay = 2.92> <CoreInst = "m_axi">   --->   Core 119 'm_axi' <Latency = 3> <II = 1> <Delay = 1.00> <Adapter> <Opcode : 'read' 'write' 'readreq' 'writereq' 'writeresp'>

State 59 <SV = 58> <Delay = 2.92>
ST_59 : Operation 208 [39/68] (2.92ns)   --->   "%empty_35 = writeresp i1 @_ssdm_op_WriteResp.m_axi.p1i64, i64 %gmem_CHN_5_addr" [../pageRankReduce/pageRank.cpp:204]   --->   Operation 208 'writeresp' 'empty_35' <Predicate = true> <Delay = 2.92> <CoreInst = "m_axi">   --->   Core 119 'm_axi' <Latency = 3> <II = 1> <Delay = 1.00> <Adapter> <Opcode : 'read' 'write' 'readreq' 'writereq' 'writeresp'>

State 60 <SV = 59> <Delay = 2.92>
ST_60 : Operation 209 [38/68] (2.92ns)   --->   "%empty_35 = writeresp i1 @_ssdm_op_WriteResp.m_axi.p1i64, i64 %gmem_CHN_5_addr" [../pageRankReduce/pageRank.cpp:204]   --->   Operation 209 'writeresp' 'empty_35' <Predicate = true> <Delay = 2.92> <CoreInst = "m_axi">   --->   Core 119 'm_axi' <Latency = 3> <II = 1> <Delay = 1.00> <Adapter> <Opcode : 'read' 'write' 'readreq' 'writereq' 'writeresp'>

State 61 <SV = 60> <Delay = 2.92>
ST_61 : Operation 210 [37/68] (2.92ns)   --->   "%empty_35 = writeresp i1 @_ssdm_op_WriteResp.m_axi.p1i64, i64 %gmem_CHN_5_addr" [../pageRankReduce/pageRank.cpp:204]   --->   Operation 210 'writeresp' 'empty_35' <Predicate = true> <Delay = 2.92> <CoreInst = "m_axi">   --->   Core 119 'm_axi' <Latency = 3> <II = 1> <Delay = 1.00> <Adapter> <Opcode : 'read' 'write' 'readreq' 'writereq' 'writeresp'>

State 62 <SV = 61> <Delay = 2.92>
ST_62 : Operation 211 [36/68] (2.92ns)   --->   "%empty_35 = writeresp i1 @_ssdm_op_WriteResp.m_axi.p1i64, i64 %gmem_CHN_5_addr" [../pageRankReduce/pageRank.cpp:204]   --->   Operation 211 'writeresp' 'empty_35' <Predicate = true> <Delay = 2.92> <CoreInst = "m_axi">   --->   Core 119 'm_axi' <Latency = 3> <II = 1> <Delay = 1.00> <Adapter> <Opcode : 'read' 'write' 'readreq' 'writereq' 'writeresp'>

State 63 <SV = 62> <Delay = 2.92>
ST_63 : Operation 212 [35/68] (2.92ns)   --->   "%empty_35 = writeresp i1 @_ssdm_op_WriteResp.m_axi.p1i64, i64 %gmem_CHN_5_addr" [../pageRankReduce/pageRank.cpp:204]   --->   Operation 212 'writeresp' 'empty_35' <Predicate = true> <Delay = 2.92> <CoreInst = "m_axi">   --->   Core 119 'm_axi' <Latency = 3> <II = 1> <Delay = 1.00> <Adapter> <Opcode : 'read' 'write' 'readreq' 'writereq' 'writeresp'>

State 64 <SV = 63> <Delay = 2.92>
ST_64 : Operation 213 [34/68] (2.92ns)   --->   "%empty_35 = writeresp i1 @_ssdm_op_WriteResp.m_axi.p1i64, i64 %gmem_CHN_5_addr" [../pageRankReduce/pageRank.cpp:204]   --->   Operation 213 'writeresp' 'empty_35' <Predicate = true> <Delay = 2.92> <CoreInst = "m_axi">   --->   Core 119 'm_axi' <Latency = 3> <II = 1> <Delay = 1.00> <Adapter> <Opcode : 'read' 'write' 'readreq' 'writereq' 'writeresp'>

State 65 <SV = 64> <Delay = 2.92>
ST_65 : Operation 214 [33/68] (2.92ns)   --->   "%empty_35 = writeresp i1 @_ssdm_op_WriteResp.m_axi.p1i64, i64 %gmem_CHN_5_addr" [../pageRankReduce/pageRank.cpp:204]   --->   Operation 214 'writeresp' 'empty_35' <Predicate = true> <Delay = 2.92> <CoreInst = "m_axi">   --->   Core 119 'm_axi' <Latency = 3> <II = 1> <Delay = 1.00> <Adapter> <Opcode : 'read' 'write' 'readreq' 'writereq' 'writeresp'>

State 66 <SV = 65> <Delay = 2.92>
ST_66 : Operation 215 [32/68] (2.92ns)   --->   "%empty_35 = writeresp i1 @_ssdm_op_WriteResp.m_axi.p1i64, i64 %gmem_CHN_5_addr" [../pageRankReduce/pageRank.cpp:204]   --->   Operation 215 'writeresp' 'empty_35' <Predicate = true> <Delay = 2.92> <CoreInst = "m_axi">   --->   Core 119 'm_axi' <Latency = 3> <II = 1> <Delay = 1.00> <Adapter> <Opcode : 'read' 'write' 'readreq' 'writereq' 'writeresp'>

State 67 <SV = 66> <Delay = 2.92>
ST_67 : Operation 216 [31/68] (2.92ns)   --->   "%empty_35 = writeresp i1 @_ssdm_op_WriteResp.m_axi.p1i64, i64 %gmem_CHN_5_addr" [../pageRankReduce/pageRank.cpp:204]   --->   Operation 216 'writeresp' 'empty_35' <Predicate = true> <Delay = 2.92> <CoreInst = "m_axi">   --->   Core 119 'm_axi' <Latency = 3> <II = 1> <Delay = 1.00> <Adapter> <Opcode : 'read' 'write' 'readreq' 'writereq' 'writeresp'>

State 68 <SV = 67> <Delay = 2.92>
ST_68 : Operation 217 [30/68] (2.92ns)   --->   "%empty_35 = writeresp i1 @_ssdm_op_WriteResp.m_axi.p1i64, i64 %gmem_CHN_5_addr" [../pageRankReduce/pageRank.cpp:204]   --->   Operation 217 'writeresp' 'empty_35' <Predicate = true> <Delay = 2.92> <CoreInst = "m_axi">   --->   Core 119 'm_axi' <Latency = 3> <II = 1> <Delay = 1.00> <Adapter> <Opcode : 'read' 'write' 'readreq' 'writereq' 'writeresp'>

State 69 <SV = 68> <Delay = 2.92>
ST_69 : Operation 218 [29/68] (2.92ns)   --->   "%empty_35 = writeresp i1 @_ssdm_op_WriteResp.m_axi.p1i64, i64 %gmem_CHN_5_addr" [../pageRankReduce/pageRank.cpp:204]   --->   Operation 218 'writeresp' 'empty_35' <Predicate = true> <Delay = 2.92> <CoreInst = "m_axi">   --->   Core 119 'm_axi' <Latency = 3> <II = 1> <Delay = 1.00> <Adapter> <Opcode : 'read' 'write' 'readreq' 'writereq' 'writeresp'>

State 70 <SV = 69> <Delay = 2.92>
ST_70 : Operation 219 [28/68] (2.92ns)   --->   "%empty_35 = writeresp i1 @_ssdm_op_WriteResp.m_axi.p1i64, i64 %gmem_CHN_5_addr" [../pageRankReduce/pageRank.cpp:204]   --->   Operation 219 'writeresp' 'empty_35' <Predicate = true> <Delay = 2.92> <CoreInst = "m_axi">   --->   Core 119 'm_axi' <Latency = 3> <II = 1> <Delay = 1.00> <Adapter> <Opcode : 'read' 'write' 'readreq' 'writereq' 'writeresp'>

State 71 <SV = 70> <Delay = 2.92>
ST_71 : Operation 220 [27/68] (2.92ns)   --->   "%empty_35 = writeresp i1 @_ssdm_op_WriteResp.m_axi.p1i64, i64 %gmem_CHN_5_addr" [../pageRankReduce/pageRank.cpp:204]   --->   Operation 220 'writeresp' 'empty_35' <Predicate = true> <Delay = 2.92> <CoreInst = "m_axi">   --->   Core 119 'm_axi' <Latency = 3> <II = 1> <Delay = 1.00> <Adapter> <Opcode : 'read' 'write' 'readreq' 'writereq' 'writeresp'>

State 72 <SV = 71> <Delay = 2.92>
ST_72 : Operation 221 [26/68] (2.92ns)   --->   "%empty_35 = writeresp i1 @_ssdm_op_WriteResp.m_axi.p1i64, i64 %gmem_CHN_5_addr" [../pageRankReduce/pageRank.cpp:204]   --->   Operation 221 'writeresp' 'empty_35' <Predicate = true> <Delay = 2.92> <CoreInst = "m_axi">   --->   Core 119 'm_axi' <Latency = 3> <II = 1> <Delay = 1.00> <Adapter> <Opcode : 'read' 'write' 'readreq' 'writereq' 'writeresp'>

State 73 <SV = 72> <Delay = 2.92>
ST_73 : Operation 222 [25/68] (2.92ns)   --->   "%empty_35 = writeresp i1 @_ssdm_op_WriteResp.m_axi.p1i64, i64 %gmem_CHN_5_addr" [../pageRankReduce/pageRank.cpp:204]   --->   Operation 222 'writeresp' 'empty_35' <Predicate = true> <Delay = 2.92> <CoreInst = "m_axi">   --->   Core 119 'm_axi' <Latency = 3> <II = 1> <Delay = 1.00> <Adapter> <Opcode : 'read' 'write' 'readreq' 'writereq' 'writeresp'>

State 74 <SV = 73> <Delay = 2.92>
ST_74 : Operation 223 [24/68] (2.92ns)   --->   "%empty_35 = writeresp i1 @_ssdm_op_WriteResp.m_axi.p1i64, i64 %gmem_CHN_5_addr" [../pageRankReduce/pageRank.cpp:204]   --->   Operation 223 'writeresp' 'empty_35' <Predicate = true> <Delay = 2.92> <CoreInst = "m_axi">   --->   Core 119 'm_axi' <Latency = 3> <II = 1> <Delay = 1.00> <Adapter> <Opcode : 'read' 'write' 'readreq' 'writereq' 'writeresp'>

State 75 <SV = 74> <Delay = 2.92>
ST_75 : Operation 224 [23/68] (2.92ns)   --->   "%empty_35 = writeresp i1 @_ssdm_op_WriteResp.m_axi.p1i64, i64 %gmem_CHN_5_addr" [../pageRankReduce/pageRank.cpp:204]   --->   Operation 224 'writeresp' 'empty_35' <Predicate = true> <Delay = 2.92> <CoreInst = "m_axi">   --->   Core 119 'm_axi' <Latency = 3> <II = 1> <Delay = 1.00> <Adapter> <Opcode : 'read' 'write' 'readreq' 'writereq' 'writeresp'>

State 76 <SV = 75> <Delay = 2.92>
ST_76 : Operation 225 [22/68] (2.92ns)   --->   "%empty_35 = writeresp i1 @_ssdm_op_WriteResp.m_axi.p1i64, i64 %gmem_CHN_5_addr" [../pageRankReduce/pageRank.cpp:204]   --->   Operation 225 'writeresp' 'empty_35' <Predicate = true> <Delay = 2.92> <CoreInst = "m_axi">   --->   Core 119 'm_axi' <Latency = 3> <II = 1> <Delay = 1.00> <Adapter> <Opcode : 'read' 'write' 'readreq' 'writereq' 'writeresp'>

State 77 <SV = 76> <Delay = 2.92>
ST_77 : Operation 226 [21/68] (2.92ns)   --->   "%empty_35 = writeresp i1 @_ssdm_op_WriteResp.m_axi.p1i64, i64 %gmem_CHN_5_addr" [../pageRankReduce/pageRank.cpp:204]   --->   Operation 226 'writeresp' 'empty_35' <Predicate = true> <Delay = 2.92> <CoreInst = "m_axi">   --->   Core 119 'm_axi' <Latency = 3> <II = 1> <Delay = 1.00> <Adapter> <Opcode : 'read' 'write' 'readreq' 'writereq' 'writeresp'>

State 78 <SV = 77> <Delay = 2.92>
ST_78 : Operation 227 [20/68] (2.92ns)   --->   "%empty_35 = writeresp i1 @_ssdm_op_WriteResp.m_axi.p1i64, i64 %gmem_CHN_5_addr" [../pageRankReduce/pageRank.cpp:204]   --->   Operation 227 'writeresp' 'empty_35' <Predicate = true> <Delay = 2.92> <CoreInst = "m_axi">   --->   Core 119 'm_axi' <Latency = 3> <II = 1> <Delay = 1.00> <Adapter> <Opcode : 'read' 'write' 'readreq' 'writereq' 'writeresp'>

State 79 <SV = 78> <Delay = 2.92>
ST_79 : Operation 228 [19/68] (2.92ns)   --->   "%empty_35 = writeresp i1 @_ssdm_op_WriteResp.m_axi.p1i64, i64 %gmem_CHN_5_addr" [../pageRankReduce/pageRank.cpp:204]   --->   Operation 228 'writeresp' 'empty_35' <Predicate = true> <Delay = 2.92> <CoreInst = "m_axi">   --->   Core 119 'm_axi' <Latency = 3> <II = 1> <Delay = 1.00> <Adapter> <Opcode : 'read' 'write' 'readreq' 'writereq' 'writeresp'>

State 80 <SV = 79> <Delay = 2.92>
ST_80 : Operation 229 [18/68] (2.92ns)   --->   "%empty_35 = writeresp i1 @_ssdm_op_WriteResp.m_axi.p1i64, i64 %gmem_CHN_5_addr" [../pageRankReduce/pageRank.cpp:204]   --->   Operation 229 'writeresp' 'empty_35' <Predicate = true> <Delay = 2.92> <CoreInst = "m_axi">   --->   Core 119 'm_axi' <Latency = 3> <II = 1> <Delay = 1.00> <Adapter> <Opcode : 'read' 'write' 'readreq' 'writereq' 'writeresp'>

State 81 <SV = 80> <Delay = 2.92>
ST_81 : Operation 230 [17/68] (2.92ns)   --->   "%empty_35 = writeresp i1 @_ssdm_op_WriteResp.m_axi.p1i64, i64 %gmem_CHN_5_addr" [../pageRankReduce/pageRank.cpp:204]   --->   Operation 230 'writeresp' 'empty_35' <Predicate = true> <Delay = 2.92> <CoreInst = "m_axi">   --->   Core 119 'm_axi' <Latency = 3> <II = 1> <Delay = 1.00> <Adapter> <Opcode : 'read' 'write' 'readreq' 'writereq' 'writeresp'>

State 82 <SV = 81> <Delay = 2.92>
ST_82 : Operation 231 [16/68] (2.92ns)   --->   "%empty_35 = writeresp i1 @_ssdm_op_WriteResp.m_axi.p1i64, i64 %gmem_CHN_5_addr" [../pageRankReduce/pageRank.cpp:204]   --->   Operation 231 'writeresp' 'empty_35' <Predicate = true> <Delay = 2.92> <CoreInst = "m_axi">   --->   Core 119 'm_axi' <Latency = 3> <II = 1> <Delay = 1.00> <Adapter> <Opcode : 'read' 'write' 'readreq' 'writereq' 'writeresp'>

State 83 <SV = 82> <Delay = 2.92>
ST_83 : Operation 232 [15/68] (2.92ns)   --->   "%empty_35 = writeresp i1 @_ssdm_op_WriteResp.m_axi.p1i64, i64 %gmem_CHN_5_addr" [../pageRankReduce/pageRank.cpp:204]   --->   Operation 232 'writeresp' 'empty_35' <Predicate = true> <Delay = 2.92> <CoreInst = "m_axi">   --->   Core 119 'm_axi' <Latency = 3> <II = 1> <Delay = 1.00> <Adapter> <Opcode : 'read' 'write' 'readreq' 'writereq' 'writeresp'>

State 84 <SV = 83> <Delay = 2.92>
ST_84 : Operation 233 [14/68] (2.92ns)   --->   "%empty_35 = writeresp i1 @_ssdm_op_WriteResp.m_axi.p1i64, i64 %gmem_CHN_5_addr" [../pageRankReduce/pageRank.cpp:204]   --->   Operation 233 'writeresp' 'empty_35' <Predicate = true> <Delay = 2.92> <CoreInst = "m_axi">   --->   Core 119 'm_axi' <Latency = 3> <II = 1> <Delay = 1.00> <Adapter> <Opcode : 'read' 'write' 'readreq' 'writereq' 'writeresp'>

State 85 <SV = 84> <Delay = 2.92>
ST_85 : Operation 234 [13/68] (2.92ns)   --->   "%empty_35 = writeresp i1 @_ssdm_op_WriteResp.m_axi.p1i64, i64 %gmem_CHN_5_addr" [../pageRankReduce/pageRank.cpp:204]   --->   Operation 234 'writeresp' 'empty_35' <Predicate = true> <Delay = 2.92> <CoreInst = "m_axi">   --->   Core 119 'm_axi' <Latency = 3> <II = 1> <Delay = 1.00> <Adapter> <Opcode : 'read' 'write' 'readreq' 'writereq' 'writeresp'>

State 86 <SV = 85> <Delay = 2.92>
ST_86 : Operation 235 [12/68] (2.92ns)   --->   "%empty_35 = writeresp i1 @_ssdm_op_WriteResp.m_axi.p1i64, i64 %gmem_CHN_5_addr" [../pageRankReduce/pageRank.cpp:204]   --->   Operation 235 'writeresp' 'empty_35' <Predicate = true> <Delay = 2.92> <CoreInst = "m_axi">   --->   Core 119 'm_axi' <Latency = 3> <II = 1> <Delay = 1.00> <Adapter> <Opcode : 'read' 'write' 'readreq' 'writereq' 'writeresp'>

State 87 <SV = 86> <Delay = 2.92>
ST_87 : Operation 236 [11/68] (2.92ns)   --->   "%empty_35 = writeresp i1 @_ssdm_op_WriteResp.m_axi.p1i64, i64 %gmem_CHN_5_addr" [../pageRankReduce/pageRank.cpp:204]   --->   Operation 236 'writeresp' 'empty_35' <Predicate = true> <Delay = 2.92> <CoreInst = "m_axi">   --->   Core 119 'm_axi' <Latency = 3> <II = 1> <Delay = 1.00> <Adapter> <Opcode : 'read' 'write' 'readreq' 'writereq' 'writeresp'>

State 88 <SV = 87> <Delay = 2.92>
ST_88 : Operation 237 [10/68] (2.92ns)   --->   "%empty_35 = writeresp i1 @_ssdm_op_WriteResp.m_axi.p1i64, i64 %gmem_CHN_5_addr" [../pageRankReduce/pageRank.cpp:204]   --->   Operation 237 'writeresp' 'empty_35' <Predicate = true> <Delay = 2.92> <CoreInst = "m_axi">   --->   Core 119 'm_axi' <Latency = 3> <II = 1> <Delay = 1.00> <Adapter> <Opcode : 'read' 'write' 'readreq' 'writereq' 'writeresp'>

State 89 <SV = 88> <Delay = 2.92>
ST_89 : Operation 238 [9/68] (2.92ns)   --->   "%empty_35 = writeresp i1 @_ssdm_op_WriteResp.m_axi.p1i64, i64 %gmem_CHN_5_addr" [../pageRankReduce/pageRank.cpp:204]   --->   Operation 238 'writeresp' 'empty_35' <Predicate = true> <Delay = 2.92> <CoreInst = "m_axi">   --->   Core 119 'm_axi' <Latency = 3> <II = 1> <Delay = 1.00> <Adapter> <Opcode : 'read' 'write' 'readreq' 'writereq' 'writeresp'>

State 90 <SV = 89> <Delay = 2.92>
ST_90 : Operation 239 [8/68] (2.92ns)   --->   "%empty_35 = writeresp i1 @_ssdm_op_WriteResp.m_axi.p1i64, i64 %gmem_CHN_5_addr" [../pageRankReduce/pageRank.cpp:204]   --->   Operation 239 'writeresp' 'empty_35' <Predicate = true> <Delay = 2.92> <CoreInst = "m_axi">   --->   Core 119 'm_axi' <Latency = 3> <II = 1> <Delay = 1.00> <Adapter> <Opcode : 'read' 'write' 'readreq' 'writereq' 'writeresp'>

State 91 <SV = 90> <Delay = 2.92>
ST_91 : Operation 240 [7/68] (2.92ns)   --->   "%empty_35 = writeresp i1 @_ssdm_op_WriteResp.m_axi.p1i64, i64 %gmem_CHN_5_addr" [../pageRankReduce/pageRank.cpp:204]   --->   Operation 240 'writeresp' 'empty_35' <Predicate = true> <Delay = 2.92> <CoreInst = "m_axi">   --->   Core 119 'm_axi' <Latency = 3> <II = 1> <Delay = 1.00> <Adapter> <Opcode : 'read' 'write' 'readreq' 'writereq' 'writeresp'>

State 92 <SV = 91> <Delay = 2.92>
ST_92 : Operation 241 [6/68] (2.92ns)   --->   "%empty_35 = writeresp i1 @_ssdm_op_WriteResp.m_axi.p1i64, i64 %gmem_CHN_5_addr" [../pageRankReduce/pageRank.cpp:204]   --->   Operation 241 'writeresp' 'empty_35' <Predicate = true> <Delay = 2.92> <CoreInst = "m_axi">   --->   Core 119 'm_axi' <Latency = 3> <II = 1> <Delay = 1.00> <Adapter> <Opcode : 'read' 'write' 'readreq' 'writereq' 'writeresp'>

State 93 <SV = 92> <Delay = 2.92>
ST_93 : Operation 242 [5/68] (2.92ns)   --->   "%empty_35 = writeresp i1 @_ssdm_op_WriteResp.m_axi.p1i64, i64 %gmem_CHN_5_addr" [../pageRankReduce/pageRank.cpp:204]   --->   Operation 242 'writeresp' 'empty_35' <Predicate = true> <Delay = 2.92> <CoreInst = "m_axi">   --->   Core 119 'm_axi' <Latency = 3> <II = 1> <Delay = 1.00> <Adapter> <Opcode : 'read' 'write' 'readreq' 'writereq' 'writeresp'>

State 94 <SV = 93> <Delay = 2.92>
ST_94 : Operation 243 [4/68] (2.92ns)   --->   "%empty_35 = writeresp i1 @_ssdm_op_WriteResp.m_axi.p1i64, i64 %gmem_CHN_5_addr" [../pageRankReduce/pageRank.cpp:204]   --->   Operation 243 'writeresp' 'empty_35' <Predicate = true> <Delay = 2.92> <CoreInst = "m_axi">   --->   Core 119 'm_axi' <Latency = 3> <II = 1> <Delay = 1.00> <Adapter> <Opcode : 'read' 'write' 'readreq' 'writereq' 'writeresp'>

State 95 <SV = 94> <Delay = 2.92>
ST_95 : Operation 244 [3/68] (2.92ns)   --->   "%empty_35 = writeresp i1 @_ssdm_op_WriteResp.m_axi.p1i64, i64 %gmem_CHN_5_addr" [../pageRankReduce/pageRank.cpp:204]   --->   Operation 244 'writeresp' 'empty_35' <Predicate = true> <Delay = 2.92> <CoreInst = "m_axi">   --->   Core 119 'm_axi' <Latency = 3> <II = 1> <Delay = 1.00> <Adapter> <Opcode : 'read' 'write' 'readreq' 'writereq' 'writeresp'>

State 96 <SV = 95> <Delay = 2.92>
ST_96 : Operation 245 [2/68] (2.92ns)   --->   "%empty_35 = writeresp i1 @_ssdm_op_WriteResp.m_axi.p1i64, i64 %gmem_CHN_5_addr" [../pageRankReduce/pageRank.cpp:204]   --->   Operation 245 'writeresp' 'empty_35' <Predicate = true> <Delay = 2.92> <CoreInst = "m_axi">   --->   Core 119 'm_axi' <Latency = 3> <II = 1> <Delay = 1.00> <Adapter> <Opcode : 'read' 'write' 'readreq' 'writereq' 'writeresp'>

State 97 <SV = 96> <Delay = 2.92>
ST_97 : Operation 246 [1/1] (0.00ns)   --->   "%specinterface_ln0 = specinterface void @_ssdm_op_SpecInterface, i64 %mem, void @ap_fifo_str, i32 0, i32 0, void @p_str, i32 0, i32 0, void @p_str, void @p_str, void @p_str, i32 2, i32 2, i32 16, i32 16, void @p_str, void @ScalarProp_str, i32 4294967295, i32 0, i32 0"   --->   Operation 246 'specinterface' 'specinterface_ln0' <Predicate = true> <Delay = 0.00>
ST_97 : Operation 247 [1/1] (0.00ns)   --->   "%specinterface_ln0 = specinterface void @_ssdm_op_SpecInterface, i480 %taskToWrite, void @empty_4, i32 0, i32 0, void @empty_16, i32 0, i32 0, void @empty_16, void @empty_16, void @empty_16, i32 0, i32 0, i32 0, i32 0, void @empty_16, void @empty_16, i32 4294967295, i32 0, i32 0"   --->   Operation 247 'specinterface' 'specinterface_ln0' <Predicate = true> <Delay = 0.00>
ST_97 : Operation 248 [1/1] (0.00ns)   --->   "%specinterface_ln0 = specinterface void @_ssdm_op_SpecInterface, i32 %sums_stream, void @empty_4, i32 0, i32 0, void @empty_16, i32 0, i32 0, void @empty_16, void @empty_16, void @empty_16, i32 0, i32 0, i32 0, i32 0, void @empty_16, void @empty_16, i32 4294967295, i32 0, i32 0"   --->   Operation 248 'specinterface' 'specinterface_ln0' <Predicate = true> <Delay = 0.00>
ST_97 : Operation 249 [1/1] (0.00ns)   --->   "%specinterface_ln0 = specinterface void @_ssdm_op_SpecInterface, i64 %argOut, void @empty_6, i32 1, i32 1, void @empty_5, i32 0, i32 0, void @empty_16, void @empty_16, void @empty_16, i32 0, i32 0, i32 0, i32 0, void @empty_16, void @empty_16, i32 4294967295, i32 0, i32 0"   --->   Operation 249 'specinterface' 'specinterface_ln0' <Predicate = true> <Delay = 0.00>
ST_97 : Operation 250 [1/1] (0.00ns)   --->   "%specinterface_ln0 = specinterface void @_ssdm_op_SpecInterface, i64 %gmem_CHN_5, void @empty_17, i32 0, i32 0, void @empty_16, i32 64, i32 0, void @empty_15, void @empty_14, void @empty_16, i32 64, i32 1, i32 16, i32 16, void @empty_16, void @empty_16, i32 4294967295, i32 0, i32 5"   --->   Operation 250 'specinterface' 'specinterface_ln0' <Predicate = true> <Delay = 0.00>
ST_97 : Operation 251 [1/68] (2.92ns)   --->   "%empty_35 = writeresp i1 @_ssdm_op_WriteResp.m_axi.p1i64, i64 %gmem_CHN_5_addr" [../pageRankReduce/pageRank.cpp:204]   --->   Operation 251 'writeresp' 'empty_35' <Predicate = true> <Delay = 2.92> <CoreInst = "m_axi">   --->   Core 119 'm_axi' <Latency = 3> <II = 1> <Delay = 1.00> <Adapter> <Opcode : 'read' 'write' 'readreq' 'writereq' 'writeresp'>
ST_97 : Operation 252 [1/1] (0.00ns)   --->   "%br_ln207 = br i1 %and_ln207_1, void %if.end, void %if.then" [../pageRankReduce/pageRank.cpp:207]   --->   Operation 252 'br' 'br_ln207' <Predicate = true> <Delay = 0.00>
ST_97 : Operation 253 [2/2] (0.59ns)   --->   "%write_ln208 = write void @_ssdm_op_Write.axis.volatile.i64P128A, i64 %argOut, i64 %task_cont" [../pageRankReduce/pageRank.cpp:208]   --->   Operation 253 'write' 'write_ln208' <Predicate = (and_ln207_1)> <Delay = 0.59> <CoreInst = "regslice">   --->   Core 147 'regslice' <Latency = 0> <II = 1> <Delay = 0.72> <Adapter> <Opcode : 'read' 'write'>

State 98 <SV = 97> <Delay = 0.59>
ST_98 : Operation 254 [1/2] (0.59ns)   --->   "%write_ln208 = write void @_ssdm_op_Write.axis.volatile.i64P128A, i64 %argOut, i64 %task_cont" [../pageRankReduce/pageRank.cpp:208]   --->   Operation 254 'write' 'write_ln208' <Predicate = (and_ln207_1)> <Delay = 0.59> <CoreInst = "regslice">   --->   Core 147 'regslice' <Latency = 0> <II = 1> <Delay = 0.72> <Adapter> <Opcode : 'read' 'write'>
ST_98 : Operation 255 [1/1] (0.00ns)   --->   "%br_ln209 = br void %if.end" [../pageRankReduce/pageRank.cpp:209]   --->   Operation 255 'br' 'br_ln209' <Predicate = (and_ln207_1)> <Delay = 0.00>
ST_98 : Operation 256 [1/1] (0.00ns)   --->   "%ret_ln211 = ret" [../pageRankReduce/pageRank.cpp:211]   --->   Operation 256 'ret' 'ret_ln211' <Predicate = true> <Delay = 0.00>


============================================================
+ Verbose Summary: Timing violations
============================================================
Target clock period: 4.000ns, clock uncertainty: 1.080ns.

 <State 1>: 2.252ns
The critical path consists of the following:
	fifo read operation ('mem') on port 'mem' [7]  (1.409 ns)
	'add' operation 64 bit ('add_ln204_1', ../pageRankReduce/pageRank.cpp:204) [30]  (0.843 ns)

 <State 2>: 2.342ns
The critical path consists of the following:
	'fsub' operation 32 bit ('sub', ../pageRankReduce/pageRank.cpp:199) [21]  (2.342 ns)

 <State 3>: 2.342ns
The critical path consists of the following:
	'fsub' operation 32 bit ('sub', ../pageRankReduce/pageRank.cpp:199) [21]  (2.342 ns)

 <State 4>: 2.342ns
The critical path consists of the following:
	'fsub' operation 32 bit ('sub', ../pageRankReduce/pageRank.cpp:199) [21]  (2.342 ns)

 <State 5>: 2.662ns
The critical path consists of the following:
	'uitofp' operation 32 bit ('conv', ../pageRankReduce/pageRank.cpp:199) [22]  (2.662 ns)

 <State 6>: 2.662ns
The critical path consists of the following:
	'uitofp' operation 32 bit ('conv', ../pageRankReduce/pageRank.cpp:199) [22]  (2.662 ns)

 <State 7>: 2.662ns
The critical path consists of the following:
	'uitofp' operation 32 bit ('conv', ../pageRankReduce/pageRank.cpp:199) [22]  (2.662 ns)

 <State 8>: 2.662ns
The critical path consists of the following:
	'uitofp' operation 32 bit ('conv', ../pageRankReduce/pageRank.cpp:199) [22]  (2.662 ns)

 <State 9>: 2.327ns
The critical path consists of the following:
	'fdiv' operation 32 bit ('div', ../pageRankReduce/pageRank.cpp:199) [23]  (2.327 ns)

 <State 10>: 2.327ns
The critical path consists of the following:
	'fdiv' operation 32 bit ('div', ../pageRankReduce/pageRank.cpp:199) [23]  (2.327 ns)

 <State 11>: 2.327ns
The critical path consists of the following:
	'fdiv' operation 32 bit ('div', ../pageRankReduce/pageRank.cpp:199) [23]  (2.327 ns)

 <State 12>: 2.327ns
The critical path consists of the following:
	'fdiv' operation 32 bit ('div', ../pageRankReduce/pageRank.cpp:199) [23]  (2.327 ns)

 <State 13>: 2.327ns
The critical path consists of the following:
	'fdiv' operation 32 bit ('div', ../pageRankReduce/pageRank.cpp:199) [23]  (2.327 ns)

 <State 14>: 2.327ns
The critical path consists of the following:
	'fdiv' operation 32 bit ('div', ../pageRankReduce/pageRank.cpp:199) [23]  (2.327 ns)

 <State 15>: 2.327ns
The critical path consists of the following:
	'fdiv' operation 32 bit ('div', ../pageRankReduce/pageRank.cpp:199) [23]  (2.327 ns)

 <State 16>: 2.327ns
The critical path consists of the following:
	'fdiv' operation 32 bit ('div', ../pageRankReduce/pageRank.cpp:199) [23]  (2.327 ns)

 <State 17>: 2.327ns
The critical path consists of the following:
	'fdiv' operation 32 bit ('div', ../pageRankReduce/pageRank.cpp:199) [23]  (2.327 ns)

 <State 18>: 2.327ns
The critical path consists of the following:
	'fdiv' operation 32 bit ('div', ../pageRankReduce/pageRank.cpp:199) [23]  (2.327 ns)

 <State 19>: 2.327ns
The critical path consists of the following:
	'fdiv' operation 32 bit ('div', ../pageRankReduce/pageRank.cpp:199) [23]  (2.327 ns)

 <State 20>: 2.327ns
The critical path consists of the following:
	'fdiv' operation 32 bit ('div', ../pageRankReduce/pageRank.cpp:199) [23]  (2.327 ns)

 <State 21>: 2.342ns
The critical path consists of the following:
	'fadd' operation 32 bit ('Pnext_v', ../pageRankReduce/pageRank.cpp:199) [25]  (2.342 ns)

 <State 22>: 2.342ns
The critical path consists of the following:
	'fadd' operation 32 bit ('Pnext_v', ../pageRankReduce/pageRank.cpp:199) [25]  (2.342 ns)

 <State 23>: 2.342ns
The critical path consists of the following:
	'fadd' operation 32 bit ('Pnext_v', ../pageRankReduce/pageRank.cpp:199) [25]  (2.342 ns)

 <State 24>: 2.342ns
The critical path consists of the following:
	'fadd' operation 32 bit ('Pnext_v', ../pageRankReduce/pageRank.cpp:199) [25]  (2.342 ns)

 <State 25>: 2.342ns
The critical path consists of the following:
	'fadd' operation 32 bit ('Pnext_v', ../pageRankReduce/pageRank.cpp:199) [25]  (2.342 ns)

 <State 26>: 2.342ns
The critical path consists of the following:
	'fadd' operation 32 bit ('Pnext_v', ../pageRankReduce/pageRank.cpp:199) [25]  (2.342 ns)

 <State 27>: 2.342ns
The critical path consists of the following:
	'fadd' operation 32 bit ('Pnext_v', ../pageRankReduce/pageRank.cpp:199) [25]  (2.342 ns)

 <State 28>: 2.920ns
The critical path consists of the following:
	'getelementptr' operation 64 bit ('gmem_CHN_5_addr', ../pageRankReduce/pageRank.cpp:204) [41]  (0.000 ns)
	bus request operation ('empty', ../pageRankReduce/pageRank.cpp:204) on port 'gmem_CHN_5' (../pageRankReduce/pageRank.cpp:204) [42]  (2.920 ns)

 <State 29>: 2.920ns
The critical path consists of the following:
	bus write operation ('write_ln204', ../pageRankReduce/pageRank.cpp:204) on port 'gmem_CHN_5' (../pageRankReduce/pageRank.cpp:204) [43]  (2.920 ns)

 <State 30>: 2.920ns
The critical path consists of the following:
	bus response operation ('empty_35', ../pageRankReduce/pageRank.cpp:204) on port 'gmem_CHN_5' (../pageRankReduce/pageRank.cpp:204) [44]  (2.920 ns)

 <State 31>: 2.920ns
The critical path consists of the following:
	bus response operation ('empty_35', ../pageRankReduce/pageRank.cpp:204) on port 'gmem_CHN_5' (../pageRankReduce/pageRank.cpp:204) [44]  (2.920 ns)

 <State 32>: 2.920ns
The critical path consists of the following:
	bus response operation ('empty_35', ../pageRankReduce/pageRank.cpp:204) on port 'gmem_CHN_5' (../pageRankReduce/pageRank.cpp:204) [44]  (2.920 ns)

 <State 33>: 2.920ns
The critical path consists of the following:
	bus response operation ('empty_35', ../pageRankReduce/pageRank.cpp:204) on port 'gmem_CHN_5' (../pageRankReduce/pageRank.cpp:204) [44]  (2.920 ns)

 <State 34>: 2.920ns
The critical path consists of the following:
	bus response operation ('empty_35', ../pageRankReduce/pageRank.cpp:204) on port 'gmem_CHN_5' (../pageRankReduce/pageRank.cpp:204) [44]  (2.920 ns)

 <State 35>: 2.920ns
The critical path consists of the following:
	bus response operation ('empty_35', ../pageRankReduce/pageRank.cpp:204) on port 'gmem_CHN_5' (../pageRankReduce/pageRank.cpp:204) [44]  (2.920 ns)

 <State 36>: 2.920ns
The critical path consists of the following:
	bus response operation ('empty_35', ../pageRankReduce/pageRank.cpp:204) on port 'gmem_CHN_5' (../pageRankReduce/pageRank.cpp:204) [44]  (2.920 ns)

 <State 37>: 2.920ns
The critical path consists of the following:
	bus response operation ('empty_35', ../pageRankReduce/pageRank.cpp:204) on port 'gmem_CHN_5' (../pageRankReduce/pageRank.cpp:204) [44]  (2.920 ns)

 <State 38>: 2.920ns
The critical path consists of the following:
	bus response operation ('empty_35', ../pageRankReduce/pageRank.cpp:204) on port 'gmem_CHN_5' (../pageRankReduce/pageRank.cpp:204) [44]  (2.920 ns)

 <State 39>: 2.920ns
The critical path consists of the following:
	bus response operation ('empty_35', ../pageRankReduce/pageRank.cpp:204) on port 'gmem_CHN_5' (../pageRankReduce/pageRank.cpp:204) [44]  (2.920 ns)

 <State 40>: 2.920ns
The critical path consists of the following:
	bus response operation ('empty_35', ../pageRankReduce/pageRank.cpp:204) on port 'gmem_CHN_5' (../pageRankReduce/pageRank.cpp:204) [44]  (2.920 ns)

 <State 41>: 2.920ns
The critical path consists of the following:
	bus response operation ('empty_35', ../pageRankReduce/pageRank.cpp:204) on port 'gmem_CHN_5' (../pageRankReduce/pageRank.cpp:204) [44]  (2.920 ns)

 <State 42>: 2.920ns
The critical path consists of the following:
	bus response operation ('empty_35', ../pageRankReduce/pageRank.cpp:204) on port 'gmem_CHN_5' (../pageRankReduce/pageRank.cpp:204) [44]  (2.920 ns)

 <State 43>: 2.920ns
The critical path consists of the following:
	bus response operation ('empty_35', ../pageRankReduce/pageRank.cpp:204) on port 'gmem_CHN_5' (../pageRankReduce/pageRank.cpp:204) [44]  (2.920 ns)

 <State 44>: 2.920ns
The critical path consists of the following:
	bus response operation ('empty_35', ../pageRankReduce/pageRank.cpp:204) on port 'gmem_CHN_5' (../pageRankReduce/pageRank.cpp:204) [44]  (2.920 ns)

 <State 45>: 2.920ns
The critical path consists of the following:
	bus response operation ('empty_35', ../pageRankReduce/pageRank.cpp:204) on port 'gmem_CHN_5' (../pageRankReduce/pageRank.cpp:204) [44]  (2.920 ns)

 <State 46>: 2.920ns
The critical path consists of the following:
	bus response operation ('empty_35', ../pageRankReduce/pageRank.cpp:204) on port 'gmem_CHN_5' (../pageRankReduce/pageRank.cpp:204) [44]  (2.920 ns)

 <State 47>: 2.920ns
The critical path consists of the following:
	bus response operation ('empty_35', ../pageRankReduce/pageRank.cpp:204) on port 'gmem_CHN_5' (../pageRankReduce/pageRank.cpp:204) [44]  (2.920 ns)

 <State 48>: 2.920ns
The critical path consists of the following:
	bus response operation ('empty_35', ../pageRankReduce/pageRank.cpp:204) on port 'gmem_CHN_5' (../pageRankReduce/pageRank.cpp:204) [44]  (2.920 ns)

 <State 49>: 2.920ns
The critical path consists of the following:
	bus response operation ('empty_35', ../pageRankReduce/pageRank.cpp:204) on port 'gmem_CHN_5' (../pageRankReduce/pageRank.cpp:204) [44]  (2.920 ns)

 <State 50>: 2.920ns
The critical path consists of the following:
	bus response operation ('empty_35', ../pageRankReduce/pageRank.cpp:204) on port 'gmem_CHN_5' (../pageRankReduce/pageRank.cpp:204) [44]  (2.920 ns)

 <State 51>: 2.920ns
The critical path consists of the following:
	bus response operation ('empty_35', ../pageRankReduce/pageRank.cpp:204) on port 'gmem_CHN_5' (../pageRankReduce/pageRank.cpp:204) [44]  (2.920 ns)

 <State 52>: 2.920ns
The critical path consists of the following:
	bus response operation ('empty_35', ../pageRankReduce/pageRank.cpp:204) on port 'gmem_CHN_5' (../pageRankReduce/pageRank.cpp:204) [44]  (2.920 ns)

 <State 53>: 2.920ns
The critical path consists of the following:
	bus response operation ('empty_35', ../pageRankReduce/pageRank.cpp:204) on port 'gmem_CHN_5' (../pageRankReduce/pageRank.cpp:204) [44]  (2.920 ns)

 <State 54>: 2.920ns
The critical path consists of the following:
	bus response operation ('empty_35', ../pageRankReduce/pageRank.cpp:204) on port 'gmem_CHN_5' (../pageRankReduce/pageRank.cpp:204) [44]  (2.920 ns)

 <State 55>: 2.920ns
The critical path consists of the following:
	bus response operation ('empty_35', ../pageRankReduce/pageRank.cpp:204) on port 'gmem_CHN_5' (../pageRankReduce/pageRank.cpp:204) [44]  (2.920 ns)

 <State 56>: 2.920ns
The critical path consists of the following:
	bus response operation ('empty_35', ../pageRankReduce/pageRank.cpp:204) on port 'gmem_CHN_5' (../pageRankReduce/pageRank.cpp:204) [44]  (2.920 ns)

 <State 57>: 2.920ns
The critical path consists of the following:
	bus response operation ('empty_35', ../pageRankReduce/pageRank.cpp:204) on port 'gmem_CHN_5' (../pageRankReduce/pageRank.cpp:204) [44]  (2.920 ns)

 <State 58>: 2.920ns
The critical path consists of the following:
	bus response operation ('empty_35', ../pageRankReduce/pageRank.cpp:204) on port 'gmem_CHN_5' (../pageRankReduce/pageRank.cpp:204) [44]  (2.920 ns)

 <State 59>: 2.920ns
The critical path consists of the following:
	bus response operation ('empty_35', ../pageRankReduce/pageRank.cpp:204) on port 'gmem_CHN_5' (../pageRankReduce/pageRank.cpp:204) [44]  (2.920 ns)

 <State 60>: 2.920ns
The critical path consists of the following:
	bus response operation ('empty_35', ../pageRankReduce/pageRank.cpp:204) on port 'gmem_CHN_5' (../pageRankReduce/pageRank.cpp:204) [44]  (2.920 ns)

 <State 61>: 2.920ns
The critical path consists of the following:
	bus response operation ('empty_35', ../pageRankReduce/pageRank.cpp:204) on port 'gmem_CHN_5' (../pageRankReduce/pageRank.cpp:204) [44]  (2.920 ns)

 <State 62>: 2.920ns
The critical path consists of the following:
	bus response operation ('empty_35', ../pageRankReduce/pageRank.cpp:204) on port 'gmem_CHN_5' (../pageRankReduce/pageRank.cpp:204) [44]  (2.920 ns)

 <State 63>: 2.920ns
The critical path consists of the following:
	bus response operation ('empty_35', ../pageRankReduce/pageRank.cpp:204) on port 'gmem_CHN_5' (../pageRankReduce/pageRank.cpp:204) [44]  (2.920 ns)

 <State 64>: 2.920ns
The critical path consists of the following:
	bus response operation ('empty_35', ../pageRankReduce/pageRank.cpp:204) on port 'gmem_CHN_5' (../pageRankReduce/pageRank.cpp:204) [44]  (2.920 ns)

 <State 65>: 2.920ns
The critical path consists of the following:
	bus response operation ('empty_35', ../pageRankReduce/pageRank.cpp:204) on port 'gmem_CHN_5' (../pageRankReduce/pageRank.cpp:204) [44]  (2.920 ns)

 <State 66>: 2.920ns
The critical path consists of the following:
	bus response operation ('empty_35', ../pageRankReduce/pageRank.cpp:204) on port 'gmem_CHN_5' (../pageRankReduce/pageRank.cpp:204) [44]  (2.920 ns)

 <State 67>: 2.920ns
The critical path consists of the following:
	bus response operation ('empty_35', ../pageRankReduce/pageRank.cpp:204) on port 'gmem_CHN_5' (../pageRankReduce/pageRank.cpp:204) [44]  (2.920 ns)

 <State 68>: 2.920ns
The critical path consists of the following:
	bus response operation ('empty_35', ../pageRankReduce/pageRank.cpp:204) on port 'gmem_CHN_5' (../pageRankReduce/pageRank.cpp:204) [44]  (2.920 ns)

 <State 69>: 2.920ns
The critical path consists of the following:
	bus response operation ('empty_35', ../pageRankReduce/pageRank.cpp:204) on port 'gmem_CHN_5' (../pageRankReduce/pageRank.cpp:204) [44]  (2.920 ns)

 <State 70>: 2.920ns
The critical path consists of the following:
	bus response operation ('empty_35', ../pageRankReduce/pageRank.cpp:204) on port 'gmem_CHN_5' (../pageRankReduce/pageRank.cpp:204) [44]  (2.920 ns)

 <State 71>: 2.920ns
The critical path consists of the following:
	bus response operation ('empty_35', ../pageRankReduce/pageRank.cpp:204) on port 'gmem_CHN_5' (../pageRankReduce/pageRank.cpp:204) [44]  (2.920 ns)

 <State 72>: 2.920ns
The critical path consists of the following:
	bus response operation ('empty_35', ../pageRankReduce/pageRank.cpp:204) on port 'gmem_CHN_5' (../pageRankReduce/pageRank.cpp:204) [44]  (2.920 ns)

 <State 73>: 2.920ns
The critical path consists of the following:
	bus response operation ('empty_35', ../pageRankReduce/pageRank.cpp:204) on port 'gmem_CHN_5' (../pageRankReduce/pageRank.cpp:204) [44]  (2.920 ns)

 <State 74>: 2.920ns
The critical path consists of the following:
	bus response operation ('empty_35', ../pageRankReduce/pageRank.cpp:204) on port 'gmem_CHN_5' (../pageRankReduce/pageRank.cpp:204) [44]  (2.920 ns)

 <State 75>: 2.920ns
The critical path consists of the following:
	bus response operation ('empty_35', ../pageRankReduce/pageRank.cpp:204) on port 'gmem_CHN_5' (../pageRankReduce/pageRank.cpp:204) [44]  (2.920 ns)

 <State 76>: 2.920ns
The critical path consists of the following:
	bus response operation ('empty_35', ../pageRankReduce/pageRank.cpp:204) on port 'gmem_CHN_5' (../pageRankReduce/pageRank.cpp:204) [44]  (2.920 ns)

 <State 77>: 2.920ns
The critical path consists of the following:
	bus response operation ('empty_35', ../pageRankReduce/pageRank.cpp:204) on port 'gmem_CHN_5' (../pageRankReduce/pageRank.cpp:204) [44]  (2.920 ns)

 <State 78>: 2.920ns
The critical path consists of the following:
	bus response operation ('empty_35', ../pageRankReduce/pageRank.cpp:204) on port 'gmem_CHN_5' (../pageRankReduce/pageRank.cpp:204) [44]  (2.920 ns)

 <State 79>: 2.920ns
The critical path consists of the following:
	bus response operation ('empty_35', ../pageRankReduce/pageRank.cpp:204) on port 'gmem_CHN_5' (../pageRankReduce/pageRank.cpp:204) [44]  (2.920 ns)

 <State 80>: 2.920ns
The critical path consists of the following:
	bus response operation ('empty_35', ../pageRankReduce/pageRank.cpp:204) on port 'gmem_CHN_5' (../pageRankReduce/pageRank.cpp:204) [44]  (2.920 ns)

 <State 81>: 2.920ns
The critical path consists of the following:
	bus response operation ('empty_35', ../pageRankReduce/pageRank.cpp:204) on port 'gmem_CHN_5' (../pageRankReduce/pageRank.cpp:204) [44]  (2.920 ns)

 <State 82>: 2.920ns
The critical path consists of the following:
	bus response operation ('empty_35', ../pageRankReduce/pageRank.cpp:204) on port 'gmem_CHN_5' (../pageRankReduce/pageRank.cpp:204) [44]  (2.920 ns)

 <State 83>: 2.920ns
The critical path consists of the following:
	bus response operation ('empty_35', ../pageRankReduce/pageRank.cpp:204) on port 'gmem_CHN_5' (../pageRankReduce/pageRank.cpp:204) [44]  (2.920 ns)

 <State 84>: 2.920ns
The critical path consists of the following:
	bus response operation ('empty_35', ../pageRankReduce/pageRank.cpp:204) on port 'gmem_CHN_5' (../pageRankReduce/pageRank.cpp:204) [44]  (2.920 ns)

 <State 85>: 2.920ns
The critical path consists of the following:
	bus response operation ('empty_35', ../pageRankReduce/pageRank.cpp:204) on port 'gmem_CHN_5' (../pageRankReduce/pageRank.cpp:204) [44]  (2.920 ns)

 <State 86>: 2.920ns
The critical path consists of the following:
	bus response operation ('empty_35', ../pageRankReduce/pageRank.cpp:204) on port 'gmem_CHN_5' (../pageRankReduce/pageRank.cpp:204) [44]  (2.920 ns)

 <State 87>: 2.920ns
The critical path consists of the following:
	bus response operation ('empty_35', ../pageRankReduce/pageRank.cpp:204) on port 'gmem_CHN_5' (../pageRankReduce/pageRank.cpp:204) [44]  (2.920 ns)

 <State 88>: 2.920ns
The critical path consists of the following:
	bus response operation ('empty_35', ../pageRankReduce/pageRank.cpp:204) on port 'gmem_CHN_5' (../pageRankReduce/pageRank.cpp:204) [44]  (2.920 ns)

 <State 89>: 2.920ns
The critical path consists of the following:
	bus response operation ('empty_35', ../pageRankReduce/pageRank.cpp:204) on port 'gmem_CHN_5' (../pageRankReduce/pageRank.cpp:204) [44]  (2.920 ns)

 <State 90>: 2.920ns
The critical path consists of the following:
	bus response operation ('empty_35', ../pageRankReduce/pageRank.cpp:204) on port 'gmem_CHN_5' (../pageRankReduce/pageRank.cpp:204) [44]  (2.920 ns)

 <State 91>: 2.920ns
The critical path consists of the following:
	bus response operation ('empty_35', ../pageRankReduce/pageRank.cpp:204) on port 'gmem_CHN_5' (../pageRankReduce/pageRank.cpp:204) [44]  (2.920 ns)

 <State 92>: 2.920ns
The critical path consists of the following:
	bus response operation ('empty_35', ../pageRankReduce/pageRank.cpp:204) on port 'gmem_CHN_5' (../pageRankReduce/pageRank.cpp:204) [44]  (2.920 ns)

 <State 93>: 2.920ns
The critical path consists of the following:
	bus response operation ('empty_35', ../pageRankReduce/pageRank.cpp:204) on port 'gmem_CHN_5' (../pageRankReduce/pageRank.cpp:204) [44]  (2.920 ns)

 <State 94>: 2.920ns
The critical path consists of the following:
	bus response operation ('empty_35', ../pageRankReduce/pageRank.cpp:204) on port 'gmem_CHN_5' (../pageRankReduce/pageRank.cpp:204) [44]  (2.920 ns)

 <State 95>: 2.920ns
The critical path consists of the following:
	bus response operation ('empty_35', ../pageRankReduce/pageRank.cpp:204) on port 'gmem_CHN_5' (../pageRankReduce/pageRank.cpp:204) [44]  (2.920 ns)

 <State 96>: 2.920ns
The critical path consists of the following:
	bus response operation ('empty_35', ../pageRankReduce/pageRank.cpp:204) on port 'gmem_CHN_5' (../pageRankReduce/pageRank.cpp:204) [44]  (2.920 ns)

 <State 97>: 2.920ns
The critical path consists of the following:
	bus response operation ('empty_35', ../pageRankReduce/pageRank.cpp:204) on port 'gmem_CHN_5' (../pageRankReduce/pageRank.cpp:204) [44]  (2.920 ns)

 <State 98>: 0.598ns
The critical path consists of the following:
	axis write operation ('write_ln208', ../pageRankReduce/pageRank.cpp:208) on port 'argOut' (../pageRankReduce/pageRank.cpp:208) [64]  (0.598 ns)


============================================================
+ Verbose Summary: Binding
============================================================
N/A
* FSMD analyzer results:
  - Output states:
 - Input state : 
  - Chain level:
	State 1
	State 2
	State 3
	State 4
	State 5
	State 6
	State 7
	State 8
	State 9
	State 10
	State 11
	State 12
	State 13
	State 14
	State 15
	State 16
	State 17
	State 18
	State 19
	State 20
	State 21
	State 22
	State 23
	State 24
	State 25
	State 26
	State 27
	State 28
	State 29
	State 30
	State 31
	State 32
	State 33
	State 34
	State 35
	State 36
	State 37
	State 38
	State 39
	State 40
	State 41
	State 42
	State 43
	State 44
	State 45
	State 46
	State 47
	State 48
	State 49
	State 50
	State 51
	State 52
	State 53
	State 54
	State 55
	State 56
	State 57
	State 58
	State 59
	State 60
	State 61
	State 62
	State 63
	State 64
	State 65
	State 66
	State 67
	State 68
	State 69
	State 70
	State 71
	State 72
	State 73
	State 74
	State 75
	State 76
	State 77
	State 78
	State 79
	State 80
	State 81
	State 82
	State 83
	State 84
	State 85
	State 86
	State 87
	State 88
	State 89
	State 90
	State 91
	State 92
	State 93
	State 94
	State 95
	State 96
	State 97
	State 98


============================================================
+ Verbose Summary: Datapath Resource usage 
============================================================
N/A
