================================================================
== Design Size Report
================================================================

* Total Instructions per Compilation Phase
+---------------+-----------------------------+--------------+----------------------------------------------------------------------------------------+
| Phase         | Step                        | Instructions | Description                                                                            |
+---------------+-----------------------------+--------------+----------------------------------------------------------------------------------------+
| Compile/Link  |                             | 219          | After all functions are compiled and linked into a single design                       |
|               |                             |              |                                                                                        |
| Unroll/Inline |                             |              | After user unroll and inline pragmas are applied                                       |
|               | (1) unroll                  | 265          | user unroll pragmas are applied                                                        |
|               | (2) simplification          | 187          | simplification of applied user unroll pragmas                                          |
|               | (3) inline                  | 180          | user inline pragmas are applied                                                        |
|               | (4) simplification          | 180          | simplification of applied user inline pragmas                                          |
|               |                             |              |                                                                                        |
| Array/Struct  |                             |              | After user array partition and struct aggregate/disaggregate pragmas are applied       |
|               | (1) array partition         | 177          | user array partition pragmas are applied                                               |
|               | (2) simplification          | 177          | simplification of applied user array partition & struct aggregate/disaggregate pragmas |
|               | (3) aggregate/disaggregate  | 179          | user struct aggregate/disaggregate pragmas are applied                                 |
|               | (4) array reshape           | 342          | apply array reshape pragmas                                                            |
|               | (5) access patterns         | 291          | array access pattern optmizations                                                      |
|               |                             |              |                                                                                        |
| Performance   |                             |              | After transformations are applied to meet performance pragma targets                   |
|               | (1) loop simplification     | 291          | loop and instruction simplification                                                    |
|               | (2) parallelization         | 290          | loops are unrolled or pipelined to meet performance targets                            |
|               | (3) array partition         | 287          | arrays are partitioned to meet performance targets                                     |
|               | (4) simplification          | 287          | simplification of design after performance transformations                             |
|               |                             |              |                                                                                        |
| HW Transforms |                             |              | After hardware transfomations                                                          |
|               | (1) lowering                | 343          | initial conversion to HW specific instructions                                         |
|               | (2) optimizations           | 393          | high level synthesis optimizations                                                     |
+---------------+-----------------------------+--------------+----------------------------------------------------------------------------------------+

* Instructions per Function for each Compilation Phase
+---------------------+------------------+--------------+---------------+--------------+-------------+---------------+
| Function            | Location         | Compile/Link | Unroll/Inline | Array/Struct | Performance | HW Transforms |
+---------------------+------------------+--------------+---------------+--------------+-------------+---------------+
| + vertex_map        | pageRank.cpp:214 | 219          | 180           | 291          | 287         | 393           |
|    read_task        | pageRank.cpp:150 |              |  25           | 118          | 118         | 127           |
|    readVertex       | pageRank.cpp:80  |              |  36           |  36          |  35         |  61           |
|    feed_adder_value | pageRank.cpp:132 |              |  18           |  18          |  17         |  30           |
|    adder_function   | pageRank.cpp:108 |              |  23           |  24          |  22         |  44           |
|    write_arg        | pageRank.cpp:183 |              |  28           |  45          |  45         |  68           |
+---------------------+------------------+--------------+---------------+--------------+-------------+---------------+

* Design Size Message Settings
+---------------------------------------------+--------+------------------------------------------------------------------+
| Message Setting                             | Value  | Description                                                      |
+---------------------------------------------+--------+------------------------------------------------------------------+
| config_compile -design_size_maximum_warning | 100000 | Show a warning when total design instructions exceeds this value |
+---------------------------------------------+--------+------------------------------------------------------------------+


