

================================================================
== Vitis HLS Report for 'readVertex'
================================================================
* Date:           Thu Apr  2 14:13:49 2026

* Version:        2025.1 (Build 6135595 on May 21 2025)
* Project:        vertex_map
* Solution:       hls (Vivado IP Flow Target)
* Product family: virtexuplusHBM
* Target device:  xcu55c-fsvh2892-2LV-e


================================================================
== Performance Estimates
================================================================
+ Timing: 
    * Summary: 
    +--------+---------+----------+------------+
    |  Clock |  Target | Estimated| Uncertainty|
    +--------+---------+----------+------------+
    |ap_clk  |  4.00 ns|  2.920 ns|     1.08 ns|
    +--------+---------+----------+------------+

+ Latency: 
    * Summary: 
    +---------+---------+----------+----------+-----+-----+---------+
    |  Latency (cycles) |  Latency (absolute) |  Interval | Pipeline|
    |   min   |   max   |    min   |    max   | min | max |   Type  |
    +---------+---------+----------+----------+-----+-----+---------+
    |        ?|        ?|         ?|         ?|    ?|    ?|       no|
    +---------+---------+----------+----------+-----+-----+---------+

    + Detail: 
        * Instance: 
        +-----------------------------------------------+-------------------------------------+---------+---------+----------+----------+-----+-----+------------------------------------------------+
        |                                               |                                     |  Latency (cycles) |  Latency (absolute) |  Interval |                    Pipeline                    |
        |                    Instance                   |                Module               |   min   |   max   |    min   |    max   | min | max |                      Type                      |
        +-----------------------------------------------+-------------------------------------+---------+---------+----------+----------+-----+-----+------------------------------------------------+
        |grp_readVertex_Pipeline_VITIS_LOOP_95_1_fu_88  |readVertex_Pipeline_VITIS_LOOP_95_1  |        ?|        ?|         ?|         ?|    0|    0|  loop auto-rewind stp (delay=0 clock cycles(s))|
        +-----------------------------------------------+-------------------------------------+---------+---------+----------+----------+-----+-----+------------------------------------------------+

        * Loop: 
        N/A



================================================================
== Utilization Estimates
================================================================
* Summary: 
+---------------------+---------+------+---------+---------+-----+
|         Name        | BRAM_18K|  DSP |    FF   |   LUT   | URAM|
+---------------------+---------+------+---------+---------+-----+
|DSP                  |        -|     -|        -|        -|    -|
|Expression           |        -|     -|        0|        2|    -|
|FIFO                 |        -|     -|        -|        -|    -|
|Instance             |        -|     -|      876|     1791|    -|
|Memory               |        -|     -|        -|        -|    -|
|Multiplexer          |        -|     -|        0|       59|    -|
|Register             |        -|     -|      356|        -|    -|
+---------------------+---------+------+---------+---------+-----+
|Total                |        0|     0|     1232|     1852|    0|
+---------------------+---------+------+---------+---------+-----+
|Available SLR        |     1344|  3008|   869120|   434560|  320|
+---------------------+---------+------+---------+---------+-----+
|Utilization SLR (%)  |        0|     0|       ~0|       ~0|    0|
+---------------------+---------+------+---------+---------+-----+
|Available            |     4032|  9024|  2607360|  1303680|  960|
+---------------------+---------+------+---------+---------+-----+
|Utilization (%)      |        0|     0|       ~0|       ~0|    0|
+---------------------+---------+------+---------+---------+-----+

+ Detail: 
    * Instance: 
    +-----------------------------------------------+-------------------------------------+---------+----+-----+------+-----+
    |                    Instance                   |                Module               | BRAM_18K| DSP|  FF |  LUT | URAM|
    +-----------------------------------------------+-------------------------------------+---------+----+-----+------+-----+
    |grp_readVertex_Pipeline_VITIS_LOOP_95_1_fu_88  |readVertex_Pipeline_VITIS_LOOP_95_1  |        0|   0|  876|  1791|    0|
    +-----------------------------------------------+-------------------------------------+---------+----+-----+------+-----+
    |Total                                          |                                     |        0|   0|  876|  1791|    0|
    +-----------------------------------------------+-------------------------------------+---------+----+-----+------+-----+

    * DSP: 
    N/A

    * Memory: 
    N/A

    * FIFO: 
    N/A

    * Expression: 
    +-----------------+----------+----+---+----+------------+------------+
    |  Variable Name  | Operation| DSP| FF| LUT| Bitwidth P0| Bitwidth P1|
    +-----------------+----------+----+---+----+------------+------------+
    |ap_block_state1  |        or|   0|  0|   2|           1|           1|
    +-----------------+----------+----+---+----+------------+------------+
    |Total            |          |   0|  0|   2|           1|           1|
    +-----------------+----------+----+---+----+------------+------------+

    * Multiplexer: 
    +---------------------------+----+-----------+-----+-----------+
    |            Name           | LUT| Input Size| Bits| Total Bits|
    +---------------------------+----+-----------+-----+-----------+
    |Pcurrs_blk_n               |   9|          2|    1|          2|
    |adj_lists_blk_n            |   9|          2|    1|          2|
    |ap_NS_fsm                  |  14|          3|    1|          3|
    |ap_done                    |   9|          2|    1|          2|
    |v_neighbours_stream_blk_n  |   9|          2|    1|          2|
    |v_size_0_blk_n             |   9|          2|    1|          2|
    +---------------------------+----+-----------+-----+-----------+
    |Total                      |  59|         13|    6|         13|
    +---------------------------+----+-----------+-----+-----------+

    * Register: 
    +------------------------------------------------------------+----+----+-----+-----------+
    |                            Name                            | FF | LUT| Bits| Const Bits|
    +------------------------------------------------------------+----+----+-----+-----------+
    |Pcurr_reg_153                                               |  64|   0|   64|          0|
    |adj_list_reg_148                                            |  64|   0|   64|          0|
    |ap_CS_fsm                                                   |   2|   0|    2|          0|
    |ap_done_reg                                                 |   1|   0|    1|          0|
    |grp_readVertex_Pipeline_VITIS_LOOP_95_1_fu_88_ap_start_reg  |   1|   0|    1|          0|
    |mem0_read_reg_133                                           |  64|   0|   64|          0|
    |mem1_read_reg_128                                           |  64|   0|   64|          0|
    |v_neighbours_reg_138                                        |  64|   0|   64|          0|
    |v_size_reg_143                                              |  32|   0|   32|          0|
    +------------------------------------------------------------+----+----+-----+-----------+
    |Total                                                       | 356|   0|  356|          0|
    +------------------------------------------------------------+----+----+-----+-----------+



================================================================
== Interface
================================================================
* Summary: 
+------------------------------------+-----+-----+------------+---------------------+--------------+
|              RTL Ports             | Dir | Bits|  Protocol  |    Source Object    |    C Type    |
+------------------------------------+-----+-----+------------+---------------------+--------------+
|ap_clk                              |   in|    1|  ap_ctrl_hs|           readVertex|  return value|
|ap_rst                              |   in|    1|  ap_ctrl_hs|           readVertex|  return value|
|ap_start                            |   in|    1|  ap_ctrl_hs|           readVertex|  return value|
|ap_done                             |  out|    1|  ap_ctrl_hs|           readVertex|  return value|
|ap_continue                         |   in|    1|  ap_ctrl_hs|           readVertex|  return value|
|ap_idle                             |  out|    1|  ap_ctrl_hs|           readVertex|  return value|
|ap_ready                            |  out|    1|  ap_ctrl_hs|           readVertex|  return value|
|m_axi_gmem_CHN_1_0_AWVALID          |  out|    1|       m_axi|                 gmem|       pointer|
|m_axi_gmem_CHN_1_0_AWREADY          |   in|    1|       m_axi|                 gmem|       pointer|
|m_axi_gmem_CHN_1_0_AWADDR           |  out|   64|       m_axi|                 gmem|       pointer|
|m_axi_gmem_CHN_1_0_AWID             |  out|    1|       m_axi|                 gmem|       pointer|
|m_axi_gmem_CHN_1_0_AWLEN            |  out|   32|       m_axi|                 gmem|       pointer|
|m_axi_gmem_CHN_1_0_AWSIZE           |  out|    3|       m_axi|                 gmem|       pointer|
|m_axi_gmem_CHN_1_0_AWBURST          |  out|    2|       m_axi|                 gmem|       pointer|
|m_axi_gmem_CHN_1_0_AWLOCK           |  out|    2|       m_axi|                 gmem|       pointer|
|m_axi_gmem_CHN_1_0_AWCACHE          |  out|    4|       m_axi|                 gmem|       pointer|
|m_axi_gmem_CHN_1_0_AWPROT           |  out|    3|       m_axi|                 gmem|       pointer|
|m_axi_gmem_CHN_1_0_AWQOS            |  out|    4|       m_axi|                 gmem|       pointer|
|m_axi_gmem_CHN_1_0_AWREGION         |  out|    4|       m_axi|                 gmem|       pointer|
|m_axi_gmem_CHN_1_0_AWUSER           |  out|    1|       m_axi|                 gmem|       pointer|
|m_axi_gmem_CHN_1_0_WVALID           |  out|    1|       m_axi|                 gmem|       pointer|
|m_axi_gmem_CHN_1_0_WREADY           |   in|    1|       m_axi|                 gmem|       pointer|
|m_axi_gmem_CHN_1_0_WDATA            |  out|   64|       m_axi|                 gmem|       pointer|
|m_axi_gmem_CHN_1_0_WSTRB            |  out|    8|       m_axi|                 gmem|       pointer|
|m_axi_gmem_CHN_1_0_WLAST            |  out|    1|       m_axi|                 gmem|       pointer|
|m_axi_gmem_CHN_1_0_WID              |  out|    1|       m_axi|                 gmem|       pointer|
|m_axi_gmem_CHN_1_0_WUSER            |  out|    1|       m_axi|                 gmem|       pointer|
|m_axi_gmem_CHN_1_0_ARVALID          |  out|    1|       m_axi|                 gmem|       pointer|
|m_axi_gmem_CHN_1_0_ARREADY          |   in|    1|       m_axi|                 gmem|       pointer|
|m_axi_gmem_CHN_1_0_ARADDR           |  out|   64|       m_axi|                 gmem|       pointer|
|m_axi_gmem_CHN_1_0_ARID             |  out|    1|       m_axi|                 gmem|       pointer|
|m_axi_gmem_CHN_1_0_ARLEN            |  out|   32|       m_axi|                 gmem|       pointer|
|m_axi_gmem_CHN_1_0_ARSIZE           |  out|    3|       m_axi|                 gmem|       pointer|
|m_axi_gmem_CHN_1_0_ARBURST          |  out|    2|       m_axi|                 gmem|       pointer|
|m_axi_gmem_CHN_1_0_ARLOCK           |  out|    2|       m_axi|                 gmem|       pointer|
|m_axi_gmem_CHN_1_0_ARCACHE          |  out|    4|       m_axi|                 gmem|       pointer|
|m_axi_gmem_CHN_1_0_ARPROT           |  out|    3|       m_axi|                 gmem|       pointer|
|m_axi_gmem_CHN_1_0_ARQOS            |  out|    4|       m_axi|                 gmem|       pointer|
|m_axi_gmem_CHN_1_0_ARREGION         |  out|    4|       m_axi|                 gmem|       pointer|
|m_axi_gmem_CHN_1_0_ARUSER           |  out|    1|       m_axi|                 gmem|       pointer|
|m_axi_gmem_CHN_1_0_RVALID           |   in|    1|       m_axi|                 gmem|       pointer|
|m_axi_gmem_CHN_1_0_RREADY           |  out|    1|       m_axi|                 gmem|       pointer|
|m_axi_gmem_CHN_1_0_RDATA            |   in|   64|       m_axi|                 gmem|       pointer|
|m_axi_gmem_CHN_1_0_RLAST            |   in|    1|       m_axi|                 gmem|       pointer|
|m_axi_gmem_CHN_1_0_RID              |   in|    1|       m_axi|                 gmem|       pointer|
|m_axi_gmem_CHN_1_0_RFIFONUM         |   in|   11|       m_axi|                 gmem|       pointer|
|m_axi_gmem_CHN_1_0_RUSER            |   in|    1|       m_axi|                 gmem|       pointer|
|m_axi_gmem_CHN_1_0_RRESP            |   in|    2|       m_axi|                 gmem|       pointer|
|m_axi_gmem_CHN_1_0_BVALID           |   in|    1|       m_axi|                 gmem|       pointer|
|m_axi_gmem_CHN_1_0_BREADY           |  out|    1|       m_axi|                 gmem|       pointer|
|m_axi_gmem_CHN_1_0_BRESP            |   in|    2|       m_axi|                 gmem|       pointer|
|m_axi_gmem_CHN_1_0_BID              |   in|    1|       m_axi|                 gmem|       pointer|
|m_axi_gmem_CHN_1_0_BUSER            |   in|    1|       m_axi|                 gmem|       pointer|
|mem0                                |   in|   64|     ap_none|                 mem0|        scalar|
|m_axi_gmem_CHN_2_0_AWVALID          |  out|    1|       m_axi|                 gmem|       pointer|
|m_axi_gmem_CHN_2_0_AWREADY          |   in|    1|       m_axi|                 gmem|       pointer|
|m_axi_gmem_CHN_2_0_AWADDR           |  out|   64|       m_axi|                 gmem|       pointer|
|m_axi_gmem_CHN_2_0_AWID             |  out|    1|       m_axi|                 gmem|       pointer|
|m_axi_gmem_CHN_2_0_AWLEN            |  out|   32|       m_axi|                 gmem|       pointer|
|m_axi_gmem_CHN_2_0_AWSIZE           |  out|    3|       m_axi|                 gmem|       pointer|
|m_axi_gmem_CHN_2_0_AWBURST          |  out|    2|       m_axi|                 gmem|       pointer|
|m_axi_gmem_CHN_2_0_AWLOCK           |  out|    2|       m_axi|                 gmem|       pointer|
|m_axi_gmem_CHN_2_0_AWCACHE          |  out|    4|       m_axi|                 gmem|       pointer|
|m_axi_gmem_CHN_2_0_AWPROT           |  out|    3|       m_axi|                 gmem|       pointer|
|m_axi_gmem_CHN_2_0_AWQOS            |  out|    4|       m_axi|                 gmem|       pointer|
|m_axi_gmem_CHN_2_0_AWREGION         |  out|    4|       m_axi|                 gmem|       pointer|
|m_axi_gmem_CHN_2_0_AWUSER           |  out|    1|       m_axi|                 gmem|       pointer|
|m_axi_gmem_CHN_2_0_WVALID           |  out|    1|       m_axi|                 gmem|       pointer|
|m_axi_gmem_CHN_2_0_WREADY           |   in|    1|       m_axi|                 gmem|       pointer|
|m_axi_gmem_CHN_2_0_WDATA            |  out|   64|       m_axi|                 gmem|       pointer|
|m_axi_gmem_CHN_2_0_WSTRB            |  out|    8|       m_axi|                 gmem|       pointer|
|m_axi_gmem_CHN_2_0_WLAST            |  out|    1|       m_axi|                 gmem|       pointer|
|m_axi_gmem_CHN_2_0_WID              |  out|    1|       m_axi|                 gmem|       pointer|
|m_axi_gmem_CHN_2_0_WUSER            |  out|    1|       m_axi|                 gmem|       pointer|
|m_axi_gmem_CHN_2_0_ARVALID          |  out|    1|       m_axi|                 gmem|       pointer|
|m_axi_gmem_CHN_2_0_ARREADY          |   in|    1|       m_axi|                 gmem|       pointer|
|m_axi_gmem_CHN_2_0_ARADDR           |  out|   64|       m_axi|                 gmem|       pointer|
|m_axi_gmem_CHN_2_0_ARID             |  out|    1|       m_axi|                 gmem|       pointer|
|m_axi_gmem_CHN_2_0_ARLEN            |  out|   32|       m_axi|                 gmem|       pointer|
|m_axi_gmem_CHN_2_0_ARSIZE           |  out|    3|       m_axi|                 gmem|       pointer|
|m_axi_gmem_CHN_2_0_ARBURST          |  out|    2|       m_axi|                 gmem|       pointer|
|m_axi_gmem_CHN_2_0_ARLOCK           |  out|    2|       m_axi|                 gmem|       pointer|
|m_axi_gmem_CHN_2_0_ARCACHE          |  out|    4|       m_axi|                 gmem|       pointer|
|m_axi_gmem_CHN_2_0_ARPROT           |  out|    3|       m_axi|                 gmem|       pointer|
|m_axi_gmem_CHN_2_0_ARQOS            |  out|    4|       m_axi|                 gmem|       pointer|
|m_axi_gmem_CHN_2_0_ARREGION         |  out|    4|       m_axi|                 gmem|       pointer|
|m_axi_gmem_CHN_2_0_ARUSER           |  out|    1|       m_axi|                 gmem|       pointer|
|m_axi_gmem_CHN_2_0_RVALID           |   in|    1|       m_axi|                 gmem|       pointer|
|m_axi_gmem_CHN_2_0_RREADY           |  out|    1|       m_axi|                 gmem|       pointer|
|m_axi_gmem_CHN_2_0_RDATA            |   in|   64|       m_axi|                 gmem|       pointer|
|m_axi_gmem_CHN_2_0_RLAST            |   in|    1|       m_axi|                 gmem|       pointer|
|m_axi_gmem_CHN_2_0_RID              |   in|    1|       m_axi|                 gmem|       pointer|
|m_axi_gmem_CHN_2_0_RFIFONUM         |   in|   11|       m_axi|                 gmem|       pointer|
|m_axi_gmem_CHN_2_0_RUSER            |   in|    1|       m_axi|                 gmem|       pointer|
|m_axi_gmem_CHN_2_0_RRESP            |   in|    2|       m_axi|                 gmem|       pointer|
|m_axi_gmem_CHN_2_0_BVALID           |   in|    1|       m_axi|                 gmem|       pointer|
|m_axi_gmem_CHN_2_0_BREADY           |  out|    1|       m_axi|                 gmem|       pointer|
|m_axi_gmem_CHN_2_0_BRESP            |   in|    2|       m_axi|                 gmem|       pointer|
|m_axi_gmem_CHN_2_0_BID              |   in|    1|       m_axi|                 gmem|       pointer|
|m_axi_gmem_CHN_2_0_BUSER            |   in|    1|       m_axi|                 gmem|       pointer|
|mem1                                |   in|   64|     ap_none|                 mem1|        scalar|
|v_neighbours_stream_dout            |   in|   64|     ap_fifo|  v_neighbours_stream|       pointer|
|v_neighbours_stream_empty_n         |   in|    1|     ap_fifo|  v_neighbours_stream|       pointer|
|v_neighbours_stream_read            |  out|    1|     ap_fifo|  v_neighbours_stream|       pointer|
|v_neighbours_stream_num_data_valid  |   in|    5|     ap_fifo|  v_neighbours_stream|       pointer|
|v_neighbours_stream_fifo_cap        |   in|    5|     ap_fifo|  v_neighbours_stream|       pointer|
|v_size_0_dout                       |   in|   32|     ap_fifo|             v_size_0|       pointer|
|v_size_0_empty_n                    |   in|    1|     ap_fifo|             v_size_0|       pointer|
|v_size_0_read                       |  out|    1|     ap_fifo|             v_size_0|       pointer|
|v_size_0_num_data_valid             |   in|    5|     ap_fifo|             v_size_0|       pointer|
|v_size_0_fifo_cap                   |   in|    5|     ap_fifo|             v_size_0|       pointer|
|adj_lists_dout                      |   in|   64|     ap_fifo|            adj_lists|       pointer|
|adj_lists_empty_n                   |   in|    1|     ap_fifo|            adj_lists|       pointer|
|adj_lists_read                      |  out|    1|     ap_fifo|            adj_lists|       pointer|
|adj_lists_num_data_valid            |   in|    5|     ap_fifo|            adj_lists|       pointer|
|adj_lists_fifo_cap                  |   in|    5|     ap_fifo|            adj_lists|       pointer|
|Pcurrs_dout                         |   in|   64|     ap_fifo|               Pcurrs|       pointer|
|Pcurrs_empty_n                      |   in|    1|     ap_fifo|               Pcurrs|       pointer|
|Pcurrs_read                         |  out|    1|     ap_fifo|               Pcurrs|       pointer|
|Pcurrs_num_data_valid               |   in|    5|     ap_fifo|               Pcurrs|       pointer|
|Pcurrs_fifo_cap                     |   in|    5|     ap_fifo|               Pcurrs|       pointer|
|adder_in_feed_1_din                 |  out|   32|     ap_fifo|      adder_in_feed_1|       pointer|
|adder_in_feed_1_full_n              |   in|    1|     ap_fifo|      adder_in_feed_1|       pointer|
|adder_in_feed_1_write               |  out|    1|     ap_fifo|      adder_in_feed_1|       pointer|
|adder_in_feed_1_num_data_valid      |   in|    8|     ap_fifo|      adder_in_feed_1|       pointer|
|adder_in_feed_1_fifo_cap            |   in|    8|     ap_fifo|      adder_in_feed_1|       pointer|
+------------------------------------+-----+-----+------------+---------------------+--------------+

