

================================================================
== Vitis HLS Report for 'write_arg'
================================================================
* Date:           Thu Apr  2 14:13:49 2026

* Version:        2025.1 (Build 6135595 on May 21 2025)
* Project:        vertex_map
* Solution:       hls (Vivado IP Flow Target)
* Product family: virtexuplusHBM
* Target device:  xcu55c-fsvh2892-2LV-e


================================================================
== Performance Estimates
================================================================
+ Timing: 
    * Summary: 
    +--------+---------+----------+------------+
    |  Clock |  Target | Estimated| Uncertainty|
    +--------+---------+----------+------------+
    |ap_clk  |  4.00 ns|  2.920 ns|     1.08 ns|
    +--------+---------+----------+------------+

+ Latency: 
    * Summary: 
    +---------+---------+----------+----------+-----+-----+---------+
    |  Latency (cycles) |  Latency (absolute) |  Interval | Pipeline|
    |   min   |   max   |    min   |    max   | min | max |   Type  |
    +---------+---------+----------+----------+-----+-----+---------+
    |       97|       97|  0.388 us|  0.388 us|   97|   97|       no|
    +---------+---------+----------+----------+-----+-----+---------+

    + Detail: 
        * Instance: 
        N/A

        * Loop: 
        N/A



================================================================
== Utilization Estimates
================================================================
* Summary: 
+---------------------+---------+------+---------+---------+-----+
|         Name        | BRAM_18K|  DSP |    FF   |   LUT   | URAM|
+---------------------+---------+------+---------+---------+-----+
|DSP                  |        -|     -|        -|        -|    -|
|Expression           |        -|     -|        0|      430|    -|
|FIFO                 |        -|     -|        -|        -|    -|
|Instance             |        -|     5|      461|      276|    -|
|Memory               |        -|     -|        -|        -|    -|
|Multiplexer          |        -|     -|        0|      608|    -|
|Register             |        -|     -|      560|        -|    -|
+---------------------+---------+------+---------+---------+-----+
|Total                |        0|     5|     1021|     1314|    0|
+---------------------+---------+------+---------+---------+-----+
|Available SLR        |     1344|  3008|   869120|   434560|  320|
+---------------------+---------+------+---------+---------+-----+
|Utilization SLR (%)  |        0|    ~0|       ~0|       ~0|    0|
+---------------------+---------+------+---------+---------+-----+
|Available            |     4032|  9024|  2607360|  1303680|  960|
+---------------------+---------+------+---------+---------+-----+
|Utilization (%)      |        0|    ~0|       ~0|       ~0|    0|
+---------------------+---------+------+---------+---------+-----+

+ Detail: 
    * Instance: 
    +----------------------------------------+------------------------------------+---------+----+-----+-----+-----+
    |                Instance                |               Module               | BRAM_18K| DSP|  FF | LUT | URAM|
    +----------------------------------------+------------------------------------+---------+----+-----+-----+-----+
    |faddfsub_32ns_32ns_32_7_full_dsp_1_U58  |faddfsub_32ns_32ns_32_7_full_dsp_1  |        0|   2|  318|  198|    0|
    |fcmp_32ns_32ns_1_2_no_dsp_1_U62         |fcmp_32ns_32ns_1_2_no_dsp_1         |        0|   0|    0|    0|    0|
    |fdiv_32ns_32ns_32_12_no_dsp_1_U60       |fdiv_32ns_32ns_32_12_no_dsp_1       |        0|   0|    0|    0|    0|
    |fmul_32ns_32ns_32_4_max_dsp_1_U59       |fmul_32ns_32ns_32_4_max_dsp_1       |        0|   3|  143|   78|    0|
    |uitofp_32ns_32_4_no_dsp_1_U61           |uitofp_32ns_32_4_no_dsp_1           |        0|   0|    0|    0|    0|
    +----------------------------------------+------------------------------------+---------+----+-----+-----+-----+
    |Total                                   |                                    |        0|   5|  461|  276|    0|
    +----------------------------------------+------------------------------------+---------+----+-----+-----+-----+

    * DSP: 
    N/A

    * Memory: 
    N/A

    * FIFO: 
    N/A

    * Expression: 
    +------------------------+----------+----+---+-----+------------+------------+
    |      Variable Name     | Operation| DSP| FF| LUT | Bitwidth P0| Bitwidth P1|
    +------------------------+----------+----+---+-----+------------+------------+
    |add_ln204_1_fu_254_p2   |         +|   0|  0|   64|          64|          64|
    |add_ln204_fu_248_p2     |         +|   0|  0|   64|          64|          64|
    |and_ln207_1_fu_411_p2   |       and|   0|  0|    2|           1|           1|
    |and_ln207_fu_405_p2     |       and|   0|  0|    2|           1|           1|
    |icmp_ln207_1_fu_379_p2  |      icmp|   0|  0|   30|          23|           1|
    |icmp_ln207_2_fu_385_p2  |      icmp|   0|  0|   15|           8|           2|
    |icmp_ln207_3_fu_391_p2  |      icmp|   0|  0|   30|          23|           1|
    |icmp_ln207_fu_373_p2    |      icmp|   0|  0|   15|           8|           2|
    |ap_block_state1         |        or|   0|  0|    2|           1|           1|
    |ap_block_state97        |        or|   0|  0|    2|           1|           1|
    |ap_block_state98        |        or|   0|  0|    2|           1|           1|
    |or_ln207_1_fu_401_p2    |        or|   0|  0|    2|           1|           1|
    |or_ln207_fu_397_p2      |        or|   0|  0|    2|           1|           1|
    |shl_ln204_2_fu_321_p2   |       shl|   0|  0|  182|          64|          64|
    |shl_ln204_fu_304_p2     |       shl|   0|  0|   16|           4|           8|
    +------------------------+----------+----+---+-----+------------+------------+
    |Total                   |          |   0|  0|  430|         265|         213|
    +------------------------+----------+----+---+-----+------------+------------+

    * Multiplexer: 
    +---------------------+-----+-----------+-----+-----------+
    |         Name        | LUT | Input Size| Bits| Total Bits|
    +---------------------+-----+-----------+-----+-----------+
    |ap_NS_fsm            |  494|         99|    1|         99|
    |ap_done              |    9|          2|    1|          2|
    |argOut_TDATA_blk_n   |    9|          2|    1|          2|
    |gmem_CHN_5_blk_n_AW  |    9|          2|    1|          2|
    |gmem_CHN_5_blk_n_B   |    9|          2|    1|          2|
    |gmem_CHN_5_blk_n_W   |    9|          2|    1|          2|
    |grp_fu_160_opcode    |   14|          3|    2|          6|
    |grp_fu_160_p0        |   14|          3|   32|         96|
    |grp_fu_160_p1        |   14|          3|   32|         96|
    |mem_blk_n            |    9|          2|    1|          2|
    |sums_stream_blk_n    |    9|          2|    1|          2|
    |taskToWrite_blk_n    |    9|          2|    1|          2|
    +---------------------+-----+-----------+-----+-----------+
    |Total                |  608|        124|   75|        313|
    +---------------------+-----+-----------+-----+-----------+

    * Register: 
    +---------------------------+----+----+-----+-----------+
    |            Name           | FF | LUT| Bits| Const Bits|
    +---------------------------+----+----+-----+-----------+
    |and_ln207_1_reg_520        |   1|   0|    1|          0|
    |ap_CS_fsm                  |  98|   0|   98|          0|
    |ap_done_reg                |   1|   0|    1|          0|
    |conv_reg_471               |  32|   0|   32|          0|
    |div_reg_476                |  32|   0|   32|          0|
    |icmp_ln207_1_reg_505       |   1|   0|    1|          0|
    |icmp_ln207_2_reg_510       |   1|   0|    1|          0|
    |icmp_ln207_3_reg_515       |   1|   0|    1|          0|
    |icmp_ln207_reg_500         |   1|   0|    1|          0|
    |mul_reg_466                |  32|   0|   32|          0|
    |reg_180                    |  32|   0|   32|          0|
    |shl_ln204_2_reg_486        |  64|   0|   64|          0|
    |shl_ln204_reg_481          |   8|   0|    8|          0|
    |sums_stream_read_reg_424   |  32|   0|   32|          0|
    |task_cont_reg_429          |  64|   0|   64|          0|
    |task_vertex_count_reg_434  |  32|   0|   32|          0|
    |trunc_ln192_4_reg_439      |  32|   0|   32|          0|
    |trunc_ln204_1_reg_450      |  61|   0|   61|          0|
    |trunc_ln204_reg_444        |   3|   0|    3|          0|
    |val_fu_112                 |  32|   0|   32|          0|
    +---------------------------+----+----+-----+-----------+
    |Total                      | 560|   0|  560|          0|
    +---------------------------+----+----+-----+-----------+



================================================================
== Interface
================================================================
* Summary: 
+-----------------------------+-----+-----+------------+--------------+--------------+
|          RTL Ports          | Dir | Bits|  Protocol  | Source Object|    C Type    |
+-----------------------------+-----+-----+------------+--------------+--------------+
|ap_clk                       |   in|    1|  ap_ctrl_hs|     write_arg|  return value|
|ap_rst                       |   in|    1|  ap_ctrl_hs|     write_arg|  return value|
|ap_start                     |   in|    1|  ap_ctrl_hs|     write_arg|  return value|
|ap_done                      |  out|    1|  ap_ctrl_hs|     write_arg|  return value|
|ap_continue                  |   in|    1|  ap_ctrl_hs|     write_arg|  return value|
|ap_idle                      |  out|    1|  ap_ctrl_hs|     write_arg|  return value|
|ap_ready                     |  out|    1|  ap_ctrl_hs|     write_arg|  return value|
|m_axi_gmem_CHN_5_0_AWVALID   |  out|    1|       m_axi|          gmem|       pointer|
|m_axi_gmem_CHN_5_0_AWREADY   |   in|    1|       m_axi|          gmem|       pointer|
|m_axi_gmem_CHN_5_0_AWADDR    |  out|   64|       m_axi|          gmem|       pointer|
|m_axi_gmem_CHN_5_0_AWID      |  out|    1|       m_axi|          gmem|       pointer|
|m_axi_gmem_CHN_5_0_AWLEN     |  out|   32|       m_axi|          gmem|       pointer|
|m_axi_gmem_CHN_5_0_AWSIZE    |  out|    3|       m_axi|          gmem|       pointer|
|m_axi_gmem_CHN_5_0_AWBURST   |  out|    2|       m_axi|          gmem|       pointer|
|m_axi_gmem_CHN_5_0_AWLOCK    |  out|    2|       m_axi|          gmem|       pointer|
|m_axi_gmem_CHN_5_0_AWCACHE   |  out|    4|       m_axi|          gmem|       pointer|
|m_axi_gmem_CHN_5_0_AWPROT    |  out|    3|       m_axi|          gmem|       pointer|
|m_axi_gmem_CHN_5_0_AWQOS     |  out|    4|       m_axi|          gmem|       pointer|
|m_axi_gmem_CHN_5_0_AWREGION  |  out|    4|       m_axi|          gmem|       pointer|
|m_axi_gmem_CHN_5_0_AWUSER    |  out|    1|       m_axi|          gmem|       pointer|
|m_axi_gmem_CHN_5_0_WVALID    |  out|    1|       m_axi|          gmem|       pointer|
|m_axi_gmem_CHN_5_0_WREADY    |   in|    1|       m_axi|          gmem|       pointer|
|m_axi_gmem_CHN_5_0_WDATA     |  out|   64|       m_axi|          gmem|       pointer|
|m_axi_gmem_CHN_5_0_WSTRB     |  out|    8|       m_axi|          gmem|       pointer|
|m_axi_gmem_CHN_5_0_WLAST     |  out|    1|       m_axi|          gmem|       pointer|
|m_axi_gmem_CHN_5_0_WID       |  out|    1|       m_axi|          gmem|       pointer|
|m_axi_gmem_CHN_5_0_WUSER     |  out|    1|       m_axi|          gmem|       pointer|
|m_axi_gmem_CHN_5_0_ARVALID   |  out|    1|       m_axi|          gmem|       pointer|
|m_axi_gmem_CHN_5_0_ARREADY   |   in|    1|       m_axi|          gmem|       pointer|
|m_axi_gmem_CHN_5_0_ARADDR    |  out|   64|       m_axi|          gmem|       pointer|
|m_axi_gmem_CHN_5_0_ARID      |  out|    1|       m_axi|          gmem|       pointer|
|m_axi_gmem_CHN_5_0_ARLEN     |  out|   32|       m_axi|          gmem|       pointer|
|m_axi_gmem_CHN_5_0_ARSIZE    |  out|    3|       m_axi|          gmem|       pointer|
|m_axi_gmem_CHN_5_0_ARBURST   |  out|    2|       m_axi|          gmem|       pointer|
|m_axi_gmem_CHN_5_0_ARLOCK    |  out|    2|       m_axi|          gmem|       pointer|
|m_axi_gmem_CHN_5_0_ARCACHE   |  out|    4|       m_axi|          gmem|       pointer|
|m_axi_gmem_CHN_5_0_ARPROT    |  out|    3|       m_axi|          gmem|       pointer|
|m_axi_gmem_CHN_5_0_ARQOS     |  out|    4|       m_axi|          gmem|       pointer|
|m_axi_gmem_CHN_5_0_ARREGION  |  out|    4|       m_axi|          gmem|       pointer|
|m_axi_gmem_CHN_5_0_ARUSER    |  out|    1|       m_axi|          gmem|       pointer|
|m_axi_gmem_CHN_5_0_RVALID    |   in|    1|       m_axi|          gmem|       pointer|
|m_axi_gmem_CHN_5_0_RREADY    |  out|    1|       m_axi|          gmem|       pointer|
|m_axi_gmem_CHN_5_0_RDATA     |   in|   64|       m_axi|          gmem|       pointer|
|m_axi_gmem_CHN_5_0_RLAST     |   in|    1|       m_axi|          gmem|       pointer|
|m_axi_gmem_CHN_5_0_RID       |   in|    1|       m_axi|          gmem|       pointer|
|m_axi_gmem_CHN_5_0_RFIFONUM  |   in|   11|       m_axi|          gmem|       pointer|
|m_axi_gmem_CHN_5_0_RUSER     |   in|    1|       m_axi|          gmem|       pointer|
|m_axi_gmem_CHN_5_0_RRESP     |   in|    2|       m_axi|          gmem|       pointer|
|m_axi_gmem_CHN_5_0_BVALID    |   in|    1|       m_axi|          gmem|       pointer|
|m_axi_gmem_CHN_5_0_BREADY    |  out|    1|       m_axi|          gmem|       pointer|
|m_axi_gmem_CHN_5_0_BRESP     |   in|    2|       m_axi|          gmem|       pointer|
|m_axi_gmem_CHN_5_0_BID       |   in|    1|       m_axi|          gmem|       pointer|
|m_axi_gmem_CHN_5_0_BUSER     |   in|    1|       m_axi|          gmem|       pointer|
|mem_dout                     |   in|   64|     ap_fifo|           mem|       pointer|
|mem_empty_n                  |   in|    1|     ap_fifo|           mem|       pointer|
|mem_read                     |  out|    1|     ap_fifo|           mem|       pointer|
|mem_num_data_valid           |   in|    4|     ap_fifo|           mem|       pointer|
|mem_fifo_cap                 |   in|    4|     ap_fifo|           mem|       pointer|
|argOut_TDATA                 |  out|   64|        axis|        argOut|       pointer|
|argOut_TVALID                |  out|    1|        axis|        argOut|       pointer|
|argOut_TREADY                |   in|    1|        axis|        argOut|       pointer|
|taskToWrite_dout             |   in|  480|     ap_fifo|   taskToWrite|       pointer|
|taskToWrite_empty_n          |   in|    1|     ap_fifo|   taskToWrite|       pointer|
|taskToWrite_read             |  out|    1|     ap_fifo|   taskToWrite|       pointer|
|taskToWrite_num_data_valid   |   in|    5|     ap_fifo|   taskToWrite|       pointer|
|taskToWrite_fifo_cap         |   in|    5|     ap_fifo|   taskToWrite|       pointer|
|sums_stream_dout             |   in|   32|     ap_fifo|   sums_stream|       pointer|
|sums_stream_empty_n          |   in|    1|     ap_fifo|   sums_stream|       pointer|
|sums_stream_read             |  out|    1|     ap_fifo|   sums_stream|       pointer|
|sums_stream_num_data_valid   |   in|    5|     ap_fifo|   sums_stream|       pointer|
|sums_stream_fifo_cap         |   in|    5|     ap_fifo|   sums_stream|       pointer|
+-----------------------------+-----+-----+------------+--------------+--------------+

