

================================================================
== Vitis HLS Report for 'pageRankReduce'
================================================================
* Date:           Thu Aug 14 16:12:00 2025

* Version:        2024.1 (Build 5069499 on May 21 2024)
* Project:        pageRankReduce
* Solution:       hls (Vivado IP Flow Target)
* Product family: virtexuplusHBM
* Target device:  xcu55c-fsvh2892-2LV-e


================================================================
== Performance Estimates
================================================================
+ Timing: 
    * Summary: 
    +--------+---------+----------+------------+
    |  Clock |  Target | Estimated| Uncertainty|
    +--------+---------+----------+------------+
    |ap_clk  |  4.00 ns|  3.231 ns|     1.08 ns|
    +--------+---------+----------+------------+

+ Latency: 
    * Summary: 
    +---------+---------+----------+----------+-----+-----+---------+
    |  Latency (cycles) |  Latency (absolute) |  Interval | Pipeline|
    |   min   |   max   |    min   |    max   | min | max |   Type  |
    +---------+---------+----------+----------+-----+-----+---------+
    |        ?|        ?|         ?|         ?|    ?|    ?|       no|
    +---------+---------+----------+----------+-----+-----+---------+

    + Detail: 
        * Instance: 
        N/A

        * Loop: 
        +-------------------+---------+---------+----------+-----------+-----------+------+----------+
        |                   |  Latency (cycles) | Iteration|  Initiation Interval  | Trip |          |
        |     Loop Name     |   min   |   max   |  Latency |  achieved |   target  | Count| Pipelined|
        +-------------------+---------+---------+----------+-----------+-----------+------+----------+
        |- VITIS_LOOP_34_1  |        ?|        ?|         ?|          -|          -|     ?|        no|
        +-------------------+---------+---------+----------+-----------+-----------+------+----------+

============================================================
+ Verbose Summary: Synthesis Manager
============================================================
InlineROM: 1
ExposeGlobal: 0
============================================================
+ Verbose Summary: CDFG Model
============================================================
IsTopModel: 1
ResetActiveHigh: 1
IsCombinational: 0
IsDatapathOnly: 0
HasWiredReturn: 1
HasMFsm: 0
HasVarLatency: 1
IsPipeline: 0
IsRtlPipelined: 0
IsInstanceOverlapped: 0
IsDontTouch: 0
HasImplIP: 0
IsGatedGlobalClock: 0


============================================================
+ Verbose Summary: Schedule
============================================================
* Number of FSM states : 12
* Pipeline : 0
* Dataflow Pipeline: 0

* FSM state transitions: 
1 --> 2 
2 --> 3 12 
3 --> 4 
4 --> 5 
5 --> 6 
6 --> 7 
7 --> 8 
8 --> 9 
9 --> 10 
10 --> 11 
11 --> 2 
12 --> 

* FSM state operations: 

State 1 <SV = 0> <Delay = 0.38>
ST_1 : Operation 13 [1/1] (0.00ns)   --->   "%iter = alloca i32 1" [pageRank.cpp:31]   --->   Operation 13 'alloca' 'iter' <Predicate = true> <Delay = 0.00>
ST_1 : Operation 14 [1/1] (0.00ns)   --->   "%sum_loc = alloca i64 1"   --->   Operation 14 'alloca' 'sum_loc' <Predicate = true> <Delay = 0.00>
ST_1 : Operation 15 [1/1] (0.00ns)   --->   "%partial_sums_3_load_loc = alloca i64 1"   --->   Operation 15 'alloca' 'partial_sums_3_load_loc' <Predicate = true> <Delay = 0.00>
ST_1 : Operation 16 [1/1] (0.00ns)   --->   "%partial_sums_2_load_loc = alloca i64 1"   --->   Operation 16 'alloca' 'partial_sums_2_load_loc' <Predicate = true> <Delay = 0.00>
ST_1 : Operation 17 [1/1] (0.00ns)   --->   "%partial_sums_1_load_loc = alloca i64 1"   --->   Operation 17 'alloca' 'partial_sums_1_load_loc' <Predicate = true> <Delay = 0.00>
ST_1 : Operation 18 [1/1] (0.00ns)   --->   "%partial_sums_load_loc = alloca i64 1"   --->   Operation 18 'alloca' 'partial_sums_load_loc' <Predicate = true> <Delay = 0.00>
ST_1 : Operation 19 [1/1] (0.00ns)   --->   "%spectopmodule_ln18 = spectopmodule void @_ssdm_op_SpecTopModule, void @empty_2" [pageRank.cpp:18]   --->   Operation 19 'spectopmodule' 'spectopmodule_ln18' <Predicate = true> <Delay = 0.00>
ST_1 : Operation 20 [1/1] (0.00ns)   --->   "%specinterface_ln0 = specinterface void @_ssdm_op_SpecInterface, i512 %taskOutGlobal, void @empty, i32 1, i32 1, void @empty_0, i32 0, i32 0, void @empty_1, void @empty_1, void @empty_1, i32 0, i32 0, i32 0, i32 0, void @empty_1, void @empty_1, i32 4294967295, i32 0, i32 0"   --->   Operation 20 'specinterface' 'specinterface_ln0' <Predicate = true> <Delay = 0.00>
ST_1 : Operation 21 [1/1] (0.00ns)   --->   "%specbitsmap_ln0 = specbitsmap void @_ssdm_op_SpecBitsMap, i512 %taskOutGlobal"   --->   Operation 21 'specbitsmap' 'specbitsmap_ln0' <Predicate = true> <Delay = 0.00>
ST_1 : Operation 22 [1/1] (0.00ns)   --->   "%specinterface_ln0 = specinterface void @_ssdm_op_SpecInterface, i512 %taskIn, void @empty, i32 1, i32 1, void @empty_0, i32 0, i32 0, void @empty_1, void @empty_1, void @empty_1, i32 0, i32 0, i32 0, i32 0, void @empty_1, void @empty_1, i32 4294967295, i32 0, i32 0"   --->   Operation 22 'specinterface' 'specinterface_ln0' <Predicate = true> <Delay = 0.00>
ST_1 : Operation 23 [1/1] (0.00ns)   --->   "%specbitsmap_ln0 = specbitsmap void @_ssdm_op_SpecBitsMap, i512 %taskIn"   --->   Operation 23 'specbitsmap' 'specbitsmap_ln0' <Predicate = true> <Delay = 0.00>
ST_1 : Operation 24 [1/1] (0.00ns)   --->   "%specinterface_ln0 = specinterface void @_ssdm_op_SpecInterface, i64 %argOut, void @empty, i32 1, i32 1, void @empty_0, i32 0, i32 0, void @empty_1, void @empty_1, void @empty_1, i32 0, i32 0, i32 0, i32 0, void @empty_1, void @empty_1, i32 4294967295, i32 0, i32 0"   --->   Operation 24 'specinterface' 'specinterface_ln0' <Predicate = true> <Delay = 0.00>
ST_1 : Operation 25 [1/1] (0.00ns)   --->   "%specbitsmap_ln0 = specbitsmap void @_ssdm_op_SpecBitsMap, i64 %argOut"   --->   Operation 25 'specbitsmap' 'specbitsmap_ln0' <Predicate = true> <Delay = 0.00>
ST_1 : Operation 26 [1/1] (0.07ns)   --->   "%taskIn_read = read i512 @_ssdm_op_Read.axis.volatile.i512P128A, i512 %taskIn" [pageRank.cpp:29]   --->   Operation 26 'read' 'taskIn_read' <Predicate = true> <Delay = 0.07> <CoreInst = "regslice">   --->   Core 148 'regslice' <Latency = 0> <II = 1> <Delay = 0.99> <Adapter> <Opcode : 'read' 'write'>
ST_1 : Operation 27 [1/1] (0.00ns)   --->   "%trunc_ln29 = trunc i512 %taskIn_read" [pageRank.cpp:29]   --->   Operation 27 'trunc' 'trunc_ln29' <Predicate = true> <Delay = 0.00>
ST_1 : Operation 28 [1/1] (0.00ns)   --->   "%base_task_iteration_count = partselect i32 @_ssdm_op_PartSelect.i32.i512.i32.i32, i512 %taskIn_read, i32 32, i32 63" [pageRank.cpp:29]   --->   Operation 28 'partselect' 'base_task_iteration_count' <Predicate = true> <Delay = 0.00>
ST_1 : Operation 29 [1/1] (0.00ns)   --->   "%base_task_pPrCurr = partselect i64 @_ssdm_op_PartSelect.i64.i512.i32.i32, i512 %taskIn_read, i32 128, i32 191" [pageRank.cpp:29]   --->   Operation 29 'partselect' 'base_task_pPrCurr' <Predicate = true> <Delay = 0.00>
ST_1 : Operation 30 [1/1] (0.00ns)   --->   "%base_task_pPrNext = partselect i64 @_ssdm_op_PartSelect.i64.i512.i32.i32, i512 %taskIn_read, i32 192, i32 255" [pageRank.cpp:29]   --->   Operation 30 'partselect' 'base_task_pPrNext' <Predicate = true> <Delay = 0.00>
ST_1 : Operation 31 [1/1] (0.00ns)   --->   "%base_task_vertex_count = partselect i32 @_ssdm_op_PartSelect.i32.i512.i32.i32, i512 %taskIn_read, i32 384, i32 415" [pageRank.cpp:29]   --->   Operation 31 'partselect' 'base_task_vertex_count' <Predicate = true> <Delay = 0.00>
ST_1 : Operation 32 [1/1] (0.00ns)   --->   "%tmp5 = partselect i32 @_ssdm_op_PartSelect.i32.i512.i32.i32, i512 %taskIn_read, i32 416, i32 447" [pageRank.cpp:29]   --->   Operation 32 'partselect' 'tmp5' <Predicate = true> <Delay = 0.00>
ST_1 : Operation 33 [1/1] (0.00ns)   --->   "%base_task_epsilon = bitcast i32 %tmp5" [pageRank.cpp:29]   --->   Operation 33 'bitcast' 'base_task_epsilon' <Predicate = true> <Delay = 0.00>
ST_1 : Operation 34 [1/1] (0.00ns)   --->   "%base_task_cont = partselect i64 @_ssdm_op_PartSelect.i64.i512.i32.i32, i512 %taskIn_read, i32 448, i32 511" [pageRank.cpp:29]   --->   Operation 34 'partselect' 'base_task_cont' <Predicate = true> <Delay = 0.00>
ST_1 : Operation 35 [1/1] (0.38ns)   --->   "%store_ln31 = store i32 1, i32 %iter" [pageRank.cpp:31]   --->   Operation 35 'store' 'store_ln31' <Predicate = true> <Delay = 0.38>
ST_1 : Operation 36 [1/1] (0.38ns)   --->   "%br_ln34 = br void %while.cond" [pageRank.cpp:34]   --->   Operation 36 'br' 'br_ln34' <Predicate = true> <Delay = 0.38>

State 2 <SV = 1> <Delay = 1.26>
ST_2 : Operation 37 [1/1] (0.00ns)   --->   "%base_task_pPrCurr_3 = phi i64 %base_task_pPrCurr, void %entry, i64 %base_task_pPrNext_3, void %if.end"   --->   Operation 37 'phi' 'base_task_pPrCurr_3' <Predicate = true> <Delay = 0.00>
ST_2 : Operation 38 [1/1] (0.00ns)   --->   "%base_task_pPrNext_3 = phi i64 %base_task_pPrNext, void %entry, i64 %base_task_pPrCurr_3, void %if.end"   --->   Operation 38 'phi' 'base_task_pPrNext_3' <Predicate = true> <Delay = 0.00>
ST_2 : Operation 39 [1/1] (0.00ns)   --->   "%done_flag = phi i1 0, void %entry, i1 %done_flag_1, void %if.end"   --->   Operation 39 'phi' 'done_flag' <Predicate = true> <Delay = 0.00>
ST_2 : Operation 40 [1/1] (0.00ns)   --->   "%br_ln34 = br i1 %done_flag, void %VITIS_LOOP_38_2, void %while.end" [pageRank.cpp:34]   --->   Operation 40 'br' 'br_ln34' <Predicate = true> <Delay = 0.00>
ST_2 : Operation 41 [1/1] (0.00ns)   --->   "%iter_load_1 = load i32 %iter" [pageRank.cpp:70]   --->   Operation 41 'load' 'iter_load_1' <Predicate = (!done_flag)> <Delay = 0.00>
ST_2 : Operation 42 [1/1] (0.00ns)   --->   "%empty = wait i32 @_ssdm_op_Wait"   --->   Operation 42 'wait' 'empty' <Predicate = (!done_flag)> <Delay = 0.00>
ST_2 : Operation 43 [2/2] (1.26ns)   --->   "%call_ln29 = call void @pageRankReduce_Pipeline_VITIS_LOOP_38_2, i32 %base_task_vertex_count, i416 %trunc_ln29, i64 %base_task_pPrCurr_3, i64 %base_task_pPrNext_3, i512 %taskOutGlobal" [pageRank.cpp:29]   --->   Operation 43 'call' 'call_ln29' <Predicate = (!done_flag)> <Delay = 1.26> <CoreType = "Generic">   --->   Core 0 '' <Latency = 0> <II = 1> <Delay = 1.00> <Generic> <Opcode : >
ST_2 : Operation 44 [1/1] (0.00ns)   --->   "%tmp_3 = partselect i8 @_ssdm_op_PartSelect.i8.i512.i32.i32, i512 %taskIn_read, i32 439, i32 446" [pageRank.cpp:70]   --->   Operation 44 'partselect' 'tmp_3' <Predicate = (!done_flag)> <Delay = 0.00>
ST_2 : Operation 45 [1/1] (0.00ns)   --->   "%tmp_4 = partselect i23 @_ssdm_op_PartSelect.i23.i512.i32.i32, i512 %taskIn_read, i32 416, i32 438" [pageRank.cpp:70]   --->   Operation 45 'partselect' 'tmp_4' <Predicate = (!done_flag)> <Delay = 0.00>
ST_2 : Operation 46 [1/1] (0.70ns)   --->   "%icmp_ln70_3 = icmp_ne  i8 %tmp_3, i8 255" [pageRank.cpp:70]   --->   Operation 46 'icmp' 'icmp_ln70_3' <Predicate = (!done_flag)> <Delay = 0.70> <CoreInst = "Cmp">   --->   Core 9 'Cmp' <Latency = 0> <II = 1> <Delay = 0.70> <FuncUnit> <Opcode : 'seteq' 'setne' 'setle' 'setge' 'setlt' 'setgt'> <InPorts = 2> <OutPorts = 1>
ST_2 : Operation 47 [1/1] (0.82ns)   --->   "%icmp_ln70_4 = icmp_eq  i23 %tmp_4, i23 0" [pageRank.cpp:70]   --->   Operation 47 'icmp' 'icmp_ln70_4' <Predicate = (!done_flag)> <Delay = 0.82> <CoreInst = "Cmp">   --->   Core 9 'Cmp' <Latency = 0> <II = 1> <Delay = 0.82> <FuncUnit> <Opcode : 'seteq' 'setne' 'setle' 'setge' 'setlt' 'setgt'> <InPorts = 2> <OutPorts = 1>
ST_2 : Operation 48 [1/1] (0.88ns)   --->   "%icmp_ln70 = icmp_ugt  i32 %iter_load_1, i32 %base_task_iteration_count" [pageRank.cpp:70]   --->   Operation 48 'icmp' 'icmp_ln70' <Predicate = (!done_flag)> <Delay = 0.88> <CoreInst = "Cmp">   --->   Core 9 'Cmp' <Latency = 0> <II = 1> <Delay = 0.88> <FuncUnit> <Opcode : 'seteq' 'setne' 'setle' 'setge' 'setlt' 'setgt'> <InPorts = 2> <OutPorts = 1>

State 3 <SV = 2> <Delay = 1.65>
ST_3 : Operation 49 [1/2] (1.65ns)   --->   "%call_ln29 = call void @pageRankReduce_Pipeline_VITIS_LOOP_38_2, i32 %base_task_vertex_count, i416 %trunc_ln29, i64 %base_task_pPrCurr_3, i64 %base_task_pPrNext_3, i512 %taskOutGlobal" [pageRank.cpp:29]   --->   Operation 49 'call' 'call_ln29' <Predicate = true> <Delay = 1.65> <CoreType = "Generic">   --->   Core 0 '' <Latency = 0> <II = 1> <Delay = 1.00> <Generic> <Opcode : >

State 4 <SV = 3> <Delay = 0.00>
ST_4 : Operation 50 [1/1] (0.00ns)   --->   "%empty_16 = wait i32 @_ssdm_op_Wait"   --->   Operation 50 'wait' 'empty_16' <Predicate = true> <Delay = 0.00>

State 5 <SV = 4> <Delay = 1.26>
ST_5 : Operation 51 [1/1] (0.00ns)   --->   "%empty_17 = wait i32 @_ssdm_op_Wait"   --->   Operation 51 'wait' 'empty_17' <Predicate = true> <Delay = 0.00>
ST_5 : Operation 52 [2/2] (1.26ns)   --->   "%call_ln29 = call void @pageRankReduce_Pipeline_VITIS_LOOP_55_3, i32 %base_task_vertex_count, i512 %taskIn, i32 %partial_sums_load_loc, i32 %partial_sums_1_load_loc, i32 %partial_sums_2_load_loc, i32 %partial_sums_3_load_loc" [pageRank.cpp:29]   --->   Operation 52 'call' 'call_ln29' <Predicate = true> <Delay = 1.26> <CoreType = "Generic">   --->   Core 0 '' <Latency = 0> <II = 1> <Delay = 1.00> <Generic> <Opcode : >

State 6 <SV = 5> <Delay = 0.00>
ST_6 : Operation 53 [1/2] (0.00ns)   --->   "%call_ln29 = call void @pageRankReduce_Pipeline_VITIS_LOOP_55_3, i32 %base_task_vertex_count, i512 %taskIn, i32 %partial_sums_load_loc, i32 %partial_sums_1_load_loc, i32 %partial_sums_2_load_loc, i32 %partial_sums_3_load_loc" [pageRank.cpp:29]   --->   Operation 53 'call' 'call_ln29' <Predicate = true> <Delay = 0.00> <CoreType = "Generic">   --->   Core 0 '' <Latency = 0> <II = 1> <Delay = 1.00> <Generic> <Opcode : >

State 7 <SV = 6> <Delay = 0.45>
ST_7 : Operation 54 [1/1] (0.00ns)   --->   "%partial_sums_load = load i32 %partial_sums_load_loc"   --->   Operation 54 'load' 'partial_sums_load' <Predicate = true> <Delay = 0.00>
ST_7 : Operation 55 [1/1] (0.00ns)   --->   "%partial_sums_1_load = load i32 %partial_sums_1_load_loc"   --->   Operation 55 'load' 'partial_sums_1_load' <Predicate = true> <Delay = 0.00>
ST_7 : Operation 56 [1/1] (0.00ns)   --->   "%partial_sums_2_load = load i32 %partial_sums_2_load_loc"   --->   Operation 56 'load' 'partial_sums_2_load' <Predicate = true> <Delay = 0.00>
ST_7 : Operation 57 [1/1] (0.00ns)   --->   "%partial_sums_3_load = load i32 %partial_sums_3_load_loc"   --->   Operation 57 'load' 'partial_sums_3_load' <Predicate = true> <Delay = 0.00>
ST_7 : Operation 58 [1/1] (0.00ns)   --->   "%empty_18 = wait i32 @_ssdm_op_Wait"   --->   Operation 58 'wait' 'empty_18' <Predicate = true> <Delay = 0.00>
ST_7 : Operation 59 [2/2] (0.45ns)   --->   "%call_ln0 = call void @pageRankReduce_Pipeline_VITIS_LOOP_62_4, i32 %partial_sums_load, i32 %partial_sums_1_load, i32 %partial_sums_2_load, i32 %partial_sums_3_load, i32 %sum_loc"   --->   Operation 59 'call' 'call_ln0' <Predicate = true> <Delay = 0.45> <CoreType = "Generic">   --->   Core 0 '' <Latency = 0> <II = 1> <Delay = 1.00> <Generic> <Opcode : >

State 8 <SV = 7> <Delay = 0.00>
ST_8 : Operation 60 [1/2] (0.00ns)   --->   "%call_ln0 = call void @pageRankReduce_Pipeline_VITIS_LOOP_62_4, i32 %partial_sums_load, i32 %partial_sums_1_load, i32 %partial_sums_2_load, i32 %partial_sums_3_load, i32 %sum_loc"   --->   Operation 60 'call' 'call_ln0' <Predicate = true> <Delay = 0.00> <CoreType = "Generic">   --->   Core 0 '' <Latency = 0> <II = 1> <Delay = 1.00> <Generic> <Opcode : >

State 9 <SV = 8> <Delay = 1.64>
ST_9 : Operation 61 [1/1] (0.00ns)   --->   "%sum_loc_load = load i32 %sum_loc"   --->   Operation 61 'load' 'sum_loc_load' <Predicate = true> <Delay = 0.00>
ST_9 : Operation 62 [1/1] (0.00ns)   --->   "%bitcast_ln70 = bitcast i32 %sum_loc_load" [pageRank.cpp:70]   --->   Operation 62 'bitcast' 'bitcast_ln70' <Predicate = true> <Delay = 0.00>
ST_9 : Operation 63 [1/1] (0.00ns)   --->   "%tmp_s = partselect i8 @_ssdm_op_PartSelect.i8.i32.i32.i32, i32 %bitcast_ln70, i32 23, i32 30" [pageRank.cpp:70]   --->   Operation 63 'partselect' 'tmp_s' <Predicate = true> <Delay = 0.00>
ST_9 : Operation 64 [1/1] (0.00ns)   --->   "%trunc_ln70 = trunc i32 %bitcast_ln70" [pageRank.cpp:70]   --->   Operation 64 'trunc' 'trunc_ln70' <Predicate = true> <Delay = 0.00>
ST_9 : Operation 65 [1/1] (0.70ns)   --->   "%icmp_ln70_1 = icmp_ne  i8 %tmp_s, i8 255" [pageRank.cpp:70]   --->   Operation 65 'icmp' 'icmp_ln70_1' <Predicate = true> <Delay = 0.70> <CoreInst = "Cmp">   --->   Core 9 'Cmp' <Latency = 0> <II = 1> <Delay = 0.70> <FuncUnit> <Opcode : 'seteq' 'setne' 'setle' 'setge' 'setlt' 'setgt'> <InPorts = 2> <OutPorts = 1>
ST_9 : Operation 66 [1/1] (0.82ns)   --->   "%icmp_ln70_2 = icmp_eq  i23 %trunc_ln70, i23 0" [pageRank.cpp:70]   --->   Operation 66 'icmp' 'icmp_ln70_2' <Predicate = true> <Delay = 0.82> <CoreInst = "Cmp">   --->   Core 9 'Cmp' <Latency = 0> <II = 1> <Delay = 0.82> <FuncUnit> <Opcode : 'seteq' 'setne' 'setle' 'setge' 'setlt' 'setgt'> <InPorts = 2> <OutPorts = 1>
ST_9 : Operation 67 [2/2] (1.64ns)   --->   "%tmp_8 = fcmp_olt  i32 %sum_loc_load, i32 %base_task_epsilon" [pageRank.cpp:70]   --->   Operation 67 'fcmp' 'tmp_8' <Predicate = true> <Delay = 1.64> <CoreInst = "FCompare">   --->   Core 19 'FCompare' <Latency = 1> <II = 1> <Delay = 1.64> <FuncUnit> <Opcode : 'fcmp'> <InPorts = 2> <OutPorts = 1>

State 10 <SV = 9> <Delay = 2.36>
ST_10 : Operation 68 [1/1] (0.00ns)   --->   "%specloopname_ln34 = specloopname void @_ssdm_op_SpecLoopName, void @empty_6" [pageRank.cpp:34]   --->   Operation 68 'specloopname' 'specloopname_ln34' <Predicate = true> <Delay = 0.00>
ST_10 : Operation 69 [1/1] (0.00ns) (grouped into LUT with out node or_ln70)   --->   "%or_ln70_1 = or i1 %icmp_ln70_2, i1 %icmp_ln70_1" [pageRank.cpp:70]   --->   Operation 69 'or' 'or_ln70_1' <Predicate = true> <Delay = 0.00> <CoreInst = "LogicGate">   --->   Core 74 'LogicGate' <Latency = 0> <II = 1> <Delay = 0.12> <FuncUnit> <Opcode : 'and' 'or' 'xor'> <InPorts = 2> <OutPorts = 1>
ST_10 : Operation 70 [1/1] (0.00ns) (grouped into LUT with out node or_ln70)   --->   "%or_ln70_2 = or i1 %icmp_ln70_4, i1 %icmp_ln70_3" [pageRank.cpp:70]   --->   Operation 70 'or' 'or_ln70_2' <Predicate = true> <Delay = 0.00> <CoreInst = "LogicGate">   --->   Core 74 'LogicGate' <Latency = 0> <II = 1> <Delay = 0.12> <FuncUnit> <Opcode : 'and' 'or' 'xor'> <InPorts = 2> <OutPorts = 1>
ST_10 : Operation 71 [1/1] (0.00ns) (grouped into LUT with out node or_ln70)   --->   "%and_ln70 = and i1 %or_ln70_1, i1 %or_ln70_2" [pageRank.cpp:70]   --->   Operation 71 'and' 'and_ln70' <Predicate = true> <Delay = 0.00> <CoreInst = "LogicGate">   --->   Core 74 'LogicGate' <Latency = 0> <II = 1> <Delay = 0.12> <FuncUnit> <Opcode : 'and' 'or' 'xor'> <InPorts = 2> <OutPorts = 1>
ST_10 : Operation 72 [1/2] (1.64ns)   --->   "%tmp_8 = fcmp_olt  i32 %sum_loc_load, i32 %base_task_epsilon" [pageRank.cpp:70]   --->   Operation 72 'fcmp' 'tmp_8' <Predicate = true> <Delay = 1.64> <CoreInst = "FCompare">   --->   Core 19 'FCompare' <Latency = 1> <II = 1> <Delay = 1.64> <FuncUnit> <Opcode : 'fcmp'> <InPorts = 2> <OutPorts = 1>
ST_10 : Operation 73 [1/1] (0.00ns) (grouped into LUT with out node or_ln70)   --->   "%and_ln70_1 = and i1 %and_ln70, i1 %tmp_8" [pageRank.cpp:70]   --->   Operation 73 'and' 'and_ln70_1' <Predicate = true> <Delay = 0.00> <CoreInst = "LogicGate">   --->   Core 74 'LogicGate' <Latency = 0> <II = 1> <Delay = 0.12> <FuncUnit> <Opcode : 'and' 'or' 'xor'> <InPorts = 2> <OutPorts = 1>
ST_10 : Operation 74 [1/1] (0.12ns) (out node of the LUT)   --->   "%or_ln70 = or i1 %and_ln70_1, i1 %icmp_ln70" [pageRank.cpp:70]   --->   Operation 74 'or' 'or_ln70' <Predicate = true> <Delay = 0.12> <CoreInst = "LogicGate">   --->   Core 74 'LogicGate' <Latency = 0> <II = 1> <Delay = 0.12> <FuncUnit> <Opcode : 'and' 'or' 'xor'> <InPorts = 2> <OutPorts = 1>
ST_10 : Operation 75 [1/1] (0.38ns)   --->   "%br_ln70 = br i1 %or_ln70, void %if.end, void %if.then" [pageRank.cpp:70]   --->   Operation 75 'br' 'br_ln70' <Predicate = true> <Delay = 0.38>
ST_10 : Operation 76 [2/2] (0.59ns)   --->   "%write_ln72 = write void @_ssdm_op_Write.axis.volatile.i64P128A, i64 %argOut, i64 %base_task_cont" [pageRank.cpp:72]   --->   Operation 76 'write' 'write_ln72' <Predicate = (or_ln70)> <Delay = 0.59> <CoreInst = "regslice">   --->   Core 148 'regslice' <Latency = 0> <II = 1> <Delay = 0.72> <Adapter> <Opcode : 'read' 'write'>

State 11 <SV = 10> <Delay = 1.26>
ST_11 : Operation 77 [1/2] (0.59ns)   --->   "%write_ln72 = write void @_ssdm_op_Write.axis.volatile.i64P128A, i64 %argOut, i64 %base_task_cont" [pageRank.cpp:72]   --->   Operation 77 'write' 'write_ln72' <Predicate = (or_ln70)> <Delay = 0.59> <CoreInst = "regslice">   --->   Core 148 'regslice' <Latency = 0> <II = 1> <Delay = 0.72> <Adapter> <Opcode : 'read' 'write'>
ST_11 : Operation 78 [1/1] (0.38ns)   --->   "%br_ln73 = br void %if.end" [pageRank.cpp:73]   --->   Operation 78 'br' 'br_ln73' <Predicate = (or_ln70)> <Delay = 0.38>
ST_11 : Operation 79 [1/1] (0.00ns)   --->   "%done_flag_1 = phi i1 1, void %if.then, i1 0, void %VITIS_LOOP_38_2"   --->   Operation 79 'phi' 'done_flag_1' <Predicate = true> <Delay = 0.00>
ST_11 : Operation 80 [1/1] (0.00ns)   --->   "%iter_load = load i32 %iter" [pageRank.cpp:34]   --->   Operation 80 'load' 'iter_load' <Predicate = true> <Delay = 0.00>
ST_11 : Operation 81 [1/1] (0.88ns)   --->   "%add_ln34 = add i32 %iter_load, i32 1" [pageRank.cpp:34]   --->   Operation 81 'add' 'add_ln34' <Predicate = true> <Delay = 0.88> <CoreInst = "Adder">   --->   Core 1 'Adder' <Latency = 0> <II = 1> <Delay = 0.88> <FuncUnit> <Opcode : 'add' 'sub'> <InPorts = 2> <OutPorts = 1>
ST_11 : Operation 82 [1/1] (0.38ns)   --->   "%store_ln31 = store i32 %add_ln34, i32 %iter" [pageRank.cpp:31]   --->   Operation 82 'store' 'store_ln31' <Predicate = true> <Delay = 0.38>
ST_11 : Operation 83 [1/1] (0.00ns)   --->   "%br_ln34 = br void %while.cond" [pageRank.cpp:34]   --->   Operation 83 'br' 'br_ln34' <Predicate = true> <Delay = 0.00>

State 12 <SV = 3> <Delay = 0.00>
ST_12 : Operation 84 [1/1] (0.00ns)   --->   "%ret_ln75 = ret" [pageRank.cpp:75]   --->   Operation 84 'ret' 'ret_ln75' <Predicate = true> <Delay = 0.00>


============================================================
+ Verbose Summary: Timing violations
============================================================
Target clock period: 4.000ns, clock uncertainty: 1.080ns.

 <State 1>: 0.387ns
The critical path consists of the following:
	'alloca' operation 32 bit ('iter', pageRank.cpp:31) [4]  (0.000 ns)
	'store' operation 0 bit ('store_ln31', pageRank.cpp:31) of constant 1 on local variable 'iter', pageRank.cpp:31 [26]  (0.387 ns)

 <State 2>: 1.267ns
The critical path consists of the following:
	'phi' operation 64 bit ('base_task.pPrCurr') with incoming values : ('base_task.pPrCurr', pageRank.cpp:29) ('base_task.pPrNext', pageRank.cpp:29) [29]  (0.000 ns)
	'call' operation 0 bit ('call_ln29', pageRank.cpp:29) to 'pageRankReduce_Pipeline_VITIS_LOOP_38_2' [37]  (1.267 ns)

 <State 3>: 1.654ns
The critical path consists of the following:
	'call' operation 0 bit ('call_ln29', pageRank.cpp:29) to 'pageRankReduce_Pipeline_VITIS_LOOP_38_2' [37]  (1.654 ns)

 <State 4>: 0.000ns
The critical path consists of the following:

 <State 5>: 1.267ns
The critical path consists of the following:
	'call' operation 0 bit ('call_ln29', pageRank.cpp:29) to 'pageRankReduce_Pipeline_VITIS_LOOP_55_3' [40]  (1.267 ns)

 <State 6>: 0.000ns
The critical path consists of the following:

 <State 7>: 0.453ns
The critical path consists of the following:
	'load' operation 32 bit ('partial_sums_load') on local variable 'partial_sums_load_loc' [41]  (0.000 ns)
	'call' operation 0 bit ('call_ln0') to 'pageRankReduce_Pipeline_VITIS_LOOP_62_4' [46]  (0.453 ns)

 <State 8>: 0.000ns
The critical path consists of the following:

 <State 9>: 1.649ns
The critical path consists of the following:
	'load' operation 32 bit ('sum_loc_load') on local variable 'sum_loc' [47]  (0.000 ns)
	'fcmp' operation 1 bit ('tmp_8', pageRank.cpp:70) [60]  (1.649 ns)

 <State 10>: 2.369ns
The critical path consists of the following:
	'fcmp' operation 1 bit ('tmp_8', pageRank.cpp:70) [60]  (1.649 ns)
	'and' operation 1 bit ('and_ln70_1', pageRank.cpp:70) [61]  (0.000 ns)
	'or' operation 1 bit ('or_ln70', pageRank.cpp:70) [63]  (0.122 ns)
	multiplexor before 'phi' operation 1 bit ('done_flag') [69]  (0.387 ns)
	blocking operation 0.211 ns on control path)

 <State 11>: 1.267ns
The critical path consists of the following:
	'load' operation 32 bit ('iter_load', pageRank.cpp:34) on local variable 'iter', pageRank.cpp:31 [70]  (0.000 ns)
	'add' operation 32 bit ('add_ln34', pageRank.cpp:34) [71]  (0.880 ns)
	'store' operation 0 bit ('store_ln31', pageRank.cpp:31) of variable 'add_ln34', pageRank.cpp:34 on local variable 'iter', pageRank.cpp:31 [72]  (0.387 ns)

 <State 12>: 0.000ns
The critical path consists of the following:


============================================================
+ Verbose Summary: Binding
============================================================
N/A
* FSMD analyzer results:
  - Output states:
 - Input state : 
  - Chain level:
	State 1
	State 2
	State 3
	State 4
	State 5
	State 6
	State 7
	State 8
	State 9
	State 10
	State 11
	State 12


============================================================
+ Verbose Summary: Datapath Resource usage 
============================================================
N/A
