

================================================================
== Vitis HLS Report for 'pageRankReduce_Pipeline_VITIS_LOOP_55_3'
================================================================
* Date:           Thu Aug 14 16:12:00 2025

* Version:        2024.1 (Build 5069499 on May 21 2024)
* Project:        pageRankReduce
* Solution:       hls (Vivado IP Flow Target)
* Product family: virtexuplusHBM
* Target device:  xcu55c-fsvh2892-2LV-e


================================================================
== Performance Estimates
================================================================
+ Timing: 
    * Summary: 
    +--------+---------+----------+------------+
    |  Clock |  Target | Estimated| Uncertainty|
    +--------+---------+----------+------------+
    |ap_clk  |  4.00 ns|  3.231 ns|     1.08 ns|
    +--------+---------+----------+------------+

+ Latency: 
    * Summary: 
    +---------+---------+----------+----------+-----+-----+-----------------------------------------------+
    |  Latency (cycles) |  Latency (absolute) |  Interval |                    Pipeline                   |
    |   min   |   max   |    min   |    max   | min | max |                      Type                     |
    +---------+---------+----------+----------+-----+-----+-----------------------------------------------+
    |        ?|        ?|         ?|         ?|    0|    0|  loop auto-rewind stp(delay=0 clock cycles(s))|
    +---------+---------+----------+----------+-----+-----+-----------------------------------------------+

    + Detail: 
        * Instance: 
        N/A

        * Loop: 
        +-------------------+---------+---------+----------+-----------+-----------+------+----------+
        |                   |  Latency (cycles) | Iteration|  Initiation Interval  | Trip |          |
        |     Loop Name     |   min   |   max   |  Latency |  achieved |   target  | Count| Pipelined|
        +-------------------+---------+---------+----------+-----------+-----------+------+----------+
        |- VITIS_LOOP_55_3  |        ?|        ?|         5|          1|          1|     ?|       yes|
        +-------------------+---------+---------+----------+-----------+-----------+------+----------+

============================================================
+ Verbose Summary: Synthesis Manager
============================================================
InlineROM: 1
ExposeGlobal: 0
============================================================
+ Verbose Summary: CDFG Model
============================================================
IsTopModel: 0
ResetActiveHigh: 1
IsCombinational: 0
IsDatapathOnly: 0
HasWiredReturn: 1
HasMFsm: 2
HasVarLatency: 1
IsPipeline: 0
IsRtlPipelined: 0
IsInstanceOverlapped: 0
IsDontTouch: 0
HasImplIP: 0
IsGatedGlobalClock: 0

+ Individual pipeline summary: 
  * Pipeline-0: initiation interval (II) = 1, depth = 5


============================================================
+ Verbose Summary: Schedule
============================================================
* Number of FSM states : 5
* Pipeline : 1
  Pipeline-0 : II = 1, D = 5, States = { 1 2 3 4 5 }
* Dataflow Pipeline: 0

* FSM state transitions: 
1 --> 2 
2 --> 3 
3 --> 4 
4 --> 5 
5 --> 

* FSM state operations: 

State 1 <SV = 0> <Delay = 1.65>
ST_1 : Operation 8 [1/1] (0.00ns)   --->   "%i_1 = alloca i32 1" [pageRank.cpp:55]   --->   Operation 8 'alloca' 'i_1' <Predicate = true> <Delay = 0.00>
ST_1 : Operation 9 [1/1] (0.00ns)   --->   "%specinterface_ln0 = specinterface void @_ssdm_op_SpecInterface, i512 %taskIn, void @empty, i32 0, i32 0, void @empty_0, i32 0, i32 0, void @empty_1, void @empty_1, void @empty_1, i32 0, i32 0, i32 0, i32 0, void @empty_1, void @empty_1, i32 4294967295, i32 0, i32 0"   --->   Operation 9 'specinterface' 'specinterface_ln0' <Predicate = true> <Delay = 0.00>
ST_1 : Operation 10 [1/1] (0.00ns)   --->   "%base_task_vertex_count4_read = read i32 @_ssdm_op_Read.ap_auto.i32, i32 %base_task_vertex_count4"   --->   Operation 10 'read' 'base_task_vertex_count4_read' <Predicate = true> <Delay = 0.00>
ST_1 : Operation 11 [1/1] (0.00ns)   --->   "%partial_sums_3 = alloca i64 1" [pageRank.cpp:53]   --->   Operation 11 'alloca' 'partial_sums_3' <Predicate = true> <Delay = 0.00>
ST_1 : Operation 12 [1/1] (0.00ns)   --->   "%partial_sums_2 = alloca i64 1" [pageRank.cpp:53]   --->   Operation 12 'alloca' 'partial_sums_2' <Predicate = true> <Delay = 0.00>
ST_1 : Operation 13 [1/1] (0.00ns)   --->   "%partial_sums_1 = alloca i64 1" [pageRank.cpp:53]   --->   Operation 13 'alloca' 'partial_sums_1' <Predicate = true> <Delay = 0.00>
ST_1 : Operation 14 [1/1] (0.00ns)   --->   "%partial_sums = alloca i64 1" [pageRank.cpp:53]   --->   Operation 14 'alloca' 'partial_sums' <Predicate = true> <Delay = 0.00>
ST_1 : Operation 15 [1/1] (0.38ns)   --->   "%store_ln0 = store i32 0, i32 %partial_sums"   --->   Operation 15 'store' 'store_ln0' <Predicate = true> <Delay = 0.38>
ST_1 : Operation 16 [1/1] (0.38ns)   --->   "%store_ln0 = store i32 0, i32 %partial_sums_1"   --->   Operation 16 'store' 'store_ln0' <Predicate = true> <Delay = 0.38>
ST_1 : Operation 17 [1/1] (0.38ns)   --->   "%store_ln0 = store i32 0, i32 %partial_sums_2"   --->   Operation 17 'store' 'store_ln0' <Predicate = true> <Delay = 0.38>
ST_1 : Operation 18 [1/1] (0.38ns)   --->   "%store_ln0 = store i32 0, i32 %partial_sums_3"   --->   Operation 18 'store' 'store_ln0' <Predicate = true> <Delay = 0.38>
ST_1 : Operation 19 [1/1] (0.38ns)   --->   "%store_ln55 = store i32 0, i32 %i_1" [pageRank.cpp:55]   --->   Operation 19 'store' 'store_ln55' <Predicate = true> <Delay = 0.38>
ST_1 : Operation 20 [1/1] (0.00ns)   --->   "%br_ln55 = br void %for.inc13" [pageRank.cpp:55]   --->   Operation 20 'br' 'br_ln55' <Predicate = true> <Delay = 0.00>
ST_1 : Operation 21 [1/1] (0.00ns)   --->   "%i = load i32 %i_1" [pageRank.cpp:55]   --->   Operation 21 'load' 'i' <Predicate = true> <Delay = 0.00>
ST_1 : Operation 22 [1/1] (0.88ns)   --->   "%icmp_ln55 = icmp_eq  i32 %i, i32 %base_task_vertex_count4_read" [pageRank.cpp:55]   --->   Operation 22 'icmp' 'icmp_ln55' <Predicate = true> <Delay = 0.88> <CoreInst = "Cmp">   --->   Core 9 'Cmp' <Latency = 0> <II = 1> <Delay = 0.88> <FuncUnit> <Opcode : 'seteq' 'setne' 'setle' 'setge' 'setlt' 'setgt'> <InPorts = 2> <OutPorts = 1>
ST_1 : Operation 23 [1/1] (0.88ns)   --->   "%i_2 = add i32 %i, i32 1" [pageRank.cpp:55]   --->   Operation 23 'add' 'i_2' <Predicate = true> <Delay = 0.88> <CoreInst = "Adder">   --->   Core 1 'Adder' <Latency = 0> <II = 1> <Delay = 0.88> <FuncUnit> <Opcode : 'add' 'sub'> <InPorts = 2> <OutPorts = 1>
ST_1 : Operation 24 [1/1] (0.00ns)   --->   "%br_ln55 = br i1 %icmp_ln55, void %for.inc13.split, void %VITIS_LOOP_62_4.loopexit" [pageRank.cpp:55]   --->   Operation 24 'br' 'br_ln55' <Predicate = true> <Delay = 0.00>
ST_1 : Operation 25 [1/1] (0.00ns)   --->   "%trunc_ln55 = trunc i32 %i" [pageRank.cpp:55]   --->   Operation 25 'trunc' 'trunc_ln55' <Predicate = (!icmp_ln55)> <Delay = 0.00>
ST_1 : Operation 26 [1/1] (0.07ns)   --->   "%taskIn_read = read i512 @_ssdm_op_Read.axis.volatile.i512P128A, i512 %taskIn" [pageRank.cpp:57]   --->   Operation 26 'read' 'taskIn_read' <Predicate = (!icmp_ln55)> <Delay = 0.07> <CoreInst = "regslice">   --->   Core 148 'regslice' <Latency = 0> <II = 1> <Delay = 0.99> <Adapter> <Opcode : 'read' 'write'>
ST_1 : Operation 27 [1/1] (0.00ns)   --->   "%trunc_ln57 = trunc i512 %taskIn_read" [pageRank.cpp:57]   --->   Operation 27 'trunc' 'trunc_ln57' <Predicate = (!icmp_ln55)> <Delay = 0.00>
ST_1 : Operation 28 [1/1] (0.66ns)   --->   "%switch_ln58 = switch i2 %trunc_ln55, void %arrayidx.case.3, i2 0, void %arrayidx.case.0, i2 1, void %arrayidx.case.1, i2 2, void %arrayidx.case.2" [pageRank.cpp:58]   --->   Operation 28 'switch' 'switch_ln58' <Predicate = (!icmp_ln55)> <Delay = 0.66>
ST_1 : Operation 29 [1/1] (0.38ns)   --->   "%store_ln55 = store i32 %i_2, i32 %i_1" [pageRank.cpp:55]   --->   Operation 29 'store' 'store_ln55' <Predicate = (!icmp_ln55)> <Delay = 0.38>
ST_1 : Operation 30 [1/1] (0.00ns)   --->   "%br_ln55 = br void %for.inc13" [pageRank.cpp:55]   --->   Operation 30 'br' 'br_ln55' <Predicate = (!icmp_ln55)> <Delay = 0.00>

State 2 <SV = 1> <Delay = 3.23>
ST_2 : Operation 31 [1/1] (0.00ns)   --->   "%reduce_task_value = bitcast i32 %trunc_ln57" [pageRank.cpp:57]   --->   Operation 31 'bitcast' 'reduce_task_value' <Predicate = true> <Delay = 0.00>
ST_2 : Operation 32 [1/1] (0.00ns)   --->   "%partial_sums_load_1 = load i32 %partial_sums" [pageRank.cpp:58]   --->   Operation 32 'load' 'partial_sums_load_1' <Predicate = (trunc_ln55 == 0)> <Delay = 0.00>
ST_2 : Operation 33 [1/1] (0.00ns)   --->   "%partial_sums_1_load_1 = load i32 %partial_sums_1" [pageRank.cpp:58]   --->   Operation 33 'load' 'partial_sums_1_load_1' <Predicate = (trunc_ln55 == 1)> <Delay = 0.00>
ST_2 : Operation 34 [1/1] (0.00ns)   --->   "%partial_sums_2_load_1 = load i32 %partial_sums_2" [pageRank.cpp:58]   --->   Operation 34 'load' 'partial_sums_2_load_1' <Predicate = (trunc_ln55 == 2)> <Delay = 0.00>
ST_2 : Operation 35 [1/1] (0.00ns)   --->   "%partial_sums_3_load_1 = load i32 %partial_sums_3" [pageRank.cpp:58]   --->   Operation 35 'load' 'partial_sums_3_load_1' <Predicate = (trunc_ln55 == 3)> <Delay = 0.00>
ST_2 : Operation 36 [1/1] (0.45ns)   --->   "%tmp_2 = sparsemux i32 @_ssdm_op_SparseMux.ap_auto.4float.float.i2, i2 0, i32 %partial_sums_load_1, i2 1, i32 %partial_sums_1_load_1, i2 2, i32 %partial_sums_2_load_1, i2 3, i32 %partial_sums_3_load_1, i32 <undef>, i2 %trunc_ln55" [pageRank.cpp:58]   --->   Operation 36 'sparsemux' 'tmp_2' <Predicate = true> <Delay = 0.45> <CoreInst = "SparseMux">   --->   Core 144 'SparseMux' <Latency = 0> <II = 1> <Delay = 0.45> <FuncUnit> <Opcode : 'sparsemux'> <InPorts = 2> <OutPorts = 1>
ST_2 : Operation 37 [4/4] (2.77ns)   --->   "%partial_sums_4 = fadd i32 %tmp_2, i32 %reduce_task_value" [pageRank.cpp:58]   --->   Operation 37 'fadd' 'partial_sums_4' <Predicate = true> <Delay = 2.77> <CoreInst = "FAddSub_nodsp">   --->   Core 17 'FAddSub_nodsp' <Latency = 3> <II = 1> <Delay = 2.77> <FuncUnit> <Opcode : 'fadd' 'fsub'> <InPorts = 2> <OutPorts = 1>

State 3 <SV = 2> <Delay = 2.77>
ST_3 : Operation 38 [3/4] (2.77ns)   --->   "%partial_sums_4 = fadd i32 %tmp_2, i32 %reduce_task_value" [pageRank.cpp:58]   --->   Operation 38 'fadd' 'partial_sums_4' <Predicate = true> <Delay = 2.77> <CoreInst = "FAddSub_nodsp">   --->   Core 17 'FAddSub_nodsp' <Latency = 3> <II = 1> <Delay = 2.77> <FuncUnit> <Opcode : 'fadd' 'fsub'> <InPorts = 2> <OutPorts = 1>

State 4 <SV = 3> <Delay = 2.77>
ST_4 : Operation 39 [2/4] (2.77ns)   --->   "%partial_sums_4 = fadd i32 %tmp_2, i32 %reduce_task_value" [pageRank.cpp:58]   --->   Operation 39 'fadd' 'partial_sums_4' <Predicate = true> <Delay = 2.77> <CoreInst = "FAddSub_nodsp">   --->   Core 17 'FAddSub_nodsp' <Latency = 3> <II = 1> <Delay = 2.77> <FuncUnit> <Opcode : 'fadd' 'fsub'> <InPorts = 2> <OutPorts = 1>
ST_4 : Operation 51 [1/1] (0.00ns)   --->   "%partial_sums_load = load i32 %partial_sums"   --->   Operation 51 'load' 'partial_sums_load' <Predicate = (icmp_ln55)> <Delay = 0.00>
ST_4 : Operation 52 [1/1] (0.00ns)   --->   "%partial_sums_1_load = load i32 %partial_sums_1"   --->   Operation 52 'load' 'partial_sums_1_load' <Predicate = (icmp_ln55)> <Delay = 0.00>
ST_4 : Operation 53 [1/1] (0.00ns)   --->   "%partial_sums_2_load = load i32 %partial_sums_2"   --->   Operation 53 'load' 'partial_sums_2_load' <Predicate = (icmp_ln55)> <Delay = 0.00>
ST_4 : Operation 54 [1/1] (0.00ns)   --->   "%partial_sums_3_load = load i32 %partial_sums_3"   --->   Operation 54 'load' 'partial_sums_3_load' <Predicate = (icmp_ln55)> <Delay = 0.00>
ST_4 : Operation 55 [1/1] (0.00ns)   --->   "%write_ln0 = write void @_ssdm_op_Write.ap_auto.floatP0A, i32 %partial_sums_load_out, i32 %partial_sums_load"   --->   Operation 55 'write' 'write_ln0' <Predicate = (icmp_ln55)> <Delay = 0.00>
ST_4 : Operation 56 [1/1] (0.00ns)   --->   "%write_ln0 = write void @_ssdm_op_Write.ap_auto.floatP0A, i32 %partial_sums_1_load_out, i32 %partial_sums_1_load"   --->   Operation 56 'write' 'write_ln0' <Predicate = (icmp_ln55)> <Delay = 0.00>
ST_4 : Operation 57 [1/1] (0.00ns)   --->   "%write_ln0 = write void @_ssdm_op_Write.ap_auto.floatP0A, i32 %partial_sums_2_load_out, i32 %partial_sums_2_load"   --->   Operation 57 'write' 'write_ln0' <Predicate = (icmp_ln55)> <Delay = 0.00>
ST_4 : Operation 58 [1/1] (0.00ns)   --->   "%write_ln0 = write void @_ssdm_op_Write.ap_auto.floatP0A, i32 %partial_sums_3_load_out, i32 %partial_sums_3_load"   --->   Operation 58 'write' 'write_ln0' <Predicate = (icmp_ln55)> <Delay = 0.00>
ST_4 : Operation 59 [1/1] (0.38ns)   --->   "%ret_ln0 = ret"   --->   Operation 59 'ret' 'ret_ln0' <Predicate = (icmp_ln55)> <Delay = 0.38>

State 5 <SV = 4> <Delay = 3.16>
ST_5 : Operation 40 [1/1] (0.00ns)   --->   "%specpipeline_ln56 = specpipeline void @_ssdm_op_SpecPipeline, i32 1, i32 0, i32 0, i32 0, void @empty_1" [pageRank.cpp:56]   --->   Operation 40 'specpipeline' 'specpipeline_ln56' <Predicate = true> <Delay = 0.00>
ST_5 : Operation 41 [1/1] (0.00ns)   --->   "%specloopname_ln55 = specloopname void @_ssdm_op_SpecLoopName, void @empty_4" [pageRank.cpp:55]   --->   Operation 41 'specloopname' 'specloopname_ln55' <Predicate = true> <Delay = 0.00>
ST_5 : Operation 42 [1/4] (2.77ns)   --->   "%partial_sums_4 = fadd i32 %tmp_2, i32 %reduce_task_value" [pageRank.cpp:58]   --->   Operation 42 'fadd' 'partial_sums_4' <Predicate = true> <Delay = 2.77> <CoreInst = "FAddSub_nodsp">   --->   Core 17 'FAddSub_nodsp' <Latency = 3> <II = 1> <Delay = 2.77> <FuncUnit> <Opcode : 'fadd' 'fsub'> <InPorts = 2> <OutPorts = 1>
ST_5 : Operation 43 [1/1] (0.38ns)   --->   "%store_ln58 = store i32 %partial_sums_4, i32 %partial_sums_2" [pageRank.cpp:58]   --->   Operation 43 'store' 'store_ln58' <Predicate = (trunc_ln55 == 2)> <Delay = 0.38>
ST_5 : Operation 44 [1/1] (0.00ns)   --->   "%br_ln58 = br void %arrayidx.exit" [pageRank.cpp:58]   --->   Operation 44 'br' 'br_ln58' <Predicate = (trunc_ln55 == 2)> <Delay = 0.00>
ST_5 : Operation 45 [1/1] (0.38ns)   --->   "%store_ln58 = store i32 %partial_sums_4, i32 %partial_sums_1" [pageRank.cpp:58]   --->   Operation 45 'store' 'store_ln58' <Predicate = (trunc_ln55 == 1)> <Delay = 0.38>
ST_5 : Operation 46 [1/1] (0.00ns)   --->   "%br_ln58 = br void %arrayidx.exit" [pageRank.cpp:58]   --->   Operation 46 'br' 'br_ln58' <Predicate = (trunc_ln55 == 1)> <Delay = 0.00>
ST_5 : Operation 47 [1/1] (0.38ns)   --->   "%store_ln58 = store i32 %partial_sums_4, i32 %partial_sums" [pageRank.cpp:58]   --->   Operation 47 'store' 'store_ln58' <Predicate = (trunc_ln55 == 0)> <Delay = 0.38>
ST_5 : Operation 48 [1/1] (0.00ns)   --->   "%br_ln58 = br void %arrayidx.exit" [pageRank.cpp:58]   --->   Operation 48 'br' 'br_ln58' <Predicate = (trunc_ln55 == 0)> <Delay = 0.00>
ST_5 : Operation 49 [1/1] (0.38ns)   --->   "%store_ln58 = store i32 %partial_sums_4, i32 %partial_sums_3" [pageRank.cpp:58]   --->   Operation 49 'store' 'store_ln58' <Predicate = (trunc_ln55 == 3)> <Delay = 0.38>
ST_5 : Operation 50 [1/1] (0.00ns)   --->   "%br_ln58 = br void %arrayidx.exit" [pageRank.cpp:58]   --->   Operation 50 'br' 'br_ln58' <Predicate = (trunc_ln55 == 3)> <Delay = 0.00>


============================================================
+ Verbose Summary: Timing violations
============================================================
Target clock period: 4.000ns, clock uncertainty: 1.080ns.

 <State 1>: 1.654ns
The critical path consists of the following:
	'store' operation 0 bit ('store_ln55', pageRank.cpp:55) of constant 0 on local variable 'i', pageRank.cpp:55 [18]  (0.387 ns)
	'load' operation 32 bit ('i', pageRank.cpp:55) on local variable 'i', pageRank.cpp:55 [21]  (0.000 ns)
	'icmp' operation 1 bit ('icmp_ln55', pageRank.cpp:55) [22]  (0.880 ns)
	'store' operation 0 bit ('store_ln55', pageRank.cpp:55) of variable 'i', pageRank.cpp:55 on local variable 'i', pageRank.cpp:55 [52]  (0.387 ns)

 <State 2>: 3.231ns
The critical path consists of the following:
	'load' operation 32 bit ('partial_sums_load_1', pageRank.cpp:58) on local variable 'partial_sums', pageRank.cpp:53 [32]  (0.000 ns)
	'sparsemux' operation 32 bit ('tmp_2', pageRank.cpp:58) [36]  (0.453 ns)
	'fadd' operation 32 bit ('partial_sums', pageRank.cpp:58) [37]  (2.778 ns)

 <State 3>: 2.778ns
The critical path consists of the following:
	'fadd' operation 32 bit ('partial_sums', pageRank.cpp:58) [37]  (2.778 ns)

 <State 4>: 2.778ns
The critical path consists of the following:
	'fadd' operation 32 bit ('partial_sums', pageRank.cpp:58) [37]  (2.778 ns)

 <State 5>: 3.165ns
The critical path consists of the following:
	'fadd' operation 32 bit ('partial_sums', pageRank.cpp:58) [37]  (2.778 ns)
	'store' operation 0 bit ('store_ln58', pageRank.cpp:58) of variable 'partial_sums', pageRank.cpp:58 on local variable 'partial_sums', pageRank.cpp:53 [46]  (0.387 ns)


============================================================
+ Verbose Summary: Binding
============================================================
N/A
* FSMD analyzer results:
  - Output states:
 - Input state : 
  - Chain level:
	State 1
	State 2
	State 3
	State 4
	State 5


============================================================
+ Verbose Summary: Datapath Resource usage 
============================================================
N/A
