

================================================================
== Vitis HLS Report for 'pageRankReduce_Pipeline_VITIS_LOOP_62_4'
================================================================
* Date:           Thu Aug 14 16:12:00 2025

* Version:        2024.1 (Build 5069499 on May 21 2024)
* Project:        pageRankReduce
* Solution:       hls (Vivado IP Flow Target)
* Product family: virtexuplusHBM
* Target device:  xcu55c-fsvh2892-2LV-e


================================================================
== Performance Estimates
================================================================
+ Timing: 
    * Summary: 
    +--------+---------+----------+------------+
    |  Clock |  Target | Estimated| Uncertainty|
    +--------+---------+----------+------------+
    |ap_clk  |  4.00 ns|  2.729 ns|     1.08 ns|
    +--------+---------+----------+------------+

+ Latency: 
    * Summary: 
    +---------+---------+----------+----------+-----+-----+-----------------------------------------------+
    |  Latency (cycles) |  Latency (absolute) |  Interval |                    Pipeline                   |
    |   min   |   max   |    min   |    max   | min | max |                      Type                     |
    +---------+---------+----------+----------+-----+-----+-----------------------------------------------+
    |       27|       27|  0.108 us|  0.108 us|   26|   26|  loop auto-rewind stp(delay=0 clock cycles(s))|
    +---------+---------+----------+----------+-----+-----+-----------------------------------------------+

    + Detail: 
        * Instance: 
        N/A

        * Loop: 
        +-------------------+---------+---------+----------+-----------+-----------+------+----------+
        |                   |  Latency (cycles) | Iteration|  Initiation Interval  | Trip |          |
        |     Loop Name     |   min   |   max   |  Latency |  achieved |   target  | Count| Pipelined|
        +-------------------+---------+---------+----------+-----------+-----------+------+----------+
        |- VITIS_LOOP_62_4  |       25|       25|         8|          6|          1|     4|       yes|
        +-------------------+---------+---------+----------+-----------+-----------+------+----------+

============================================================
+ Verbose Summary: Synthesis Manager
============================================================
InlineROM: 1
ExposeGlobal: 0
============================================================
+ Verbose Summary: CDFG Model
============================================================
IsTopModel: 0
ResetActiveHigh: 1
IsCombinational: 0
IsDatapathOnly: 0
HasWiredReturn: 1
HasMFsm: 2
HasVarLatency: 1
IsPipeline: 0
IsRtlPipelined: 0
IsInstanceOverlapped: 0
IsDontTouch: 0
HasImplIP: 0
IsGatedGlobalClock: 0

+ Individual pipeline summary: 
  * Pipeline-0: initiation interval (II) = 6, depth = 8


============================================================
+ Verbose Summary: Schedule
============================================================
* Number of FSM states : 8
* Pipeline : 1
  Pipeline-0 : II = 6, D = 8, States = { 1 2 3 4 5 6 7 8 }
* Dataflow Pipeline: 0

* FSM state transitions: 
1 --> 2 
2 --> 3 
3 --> 4 
4 --> 5 
5 --> 6 
6 --> 7 
7 --> 8 
8 --> 

* FSM state operations: 

State 1 <SV = 0> <Delay = 1.34>
ST_1 : Operation 11 [1/1] (0.00ns)   --->   "%sum = alloca i32 1" [pageRank.cpp:35]   --->   Operation 11 'alloca' 'sum' <Predicate = true> <Delay = 0.00>
ST_1 : Operation 12 [1/1] (0.00ns)   --->   "%i = alloca i32 1" [pageRank.cpp:62]   --->   Operation 12 'alloca' 'i' <Predicate = true> <Delay = 0.00>
ST_1 : Operation 13 [1/1] (0.00ns)   --->   "%partial_sums_3_load_reload_read = read i32 @_ssdm_op_Read.ap_auto.float, i32 %partial_sums_3_load_reload"   --->   Operation 13 'read' 'partial_sums_3_load_reload_read' <Predicate = true> <Delay = 0.00>
ST_1 : Operation 14 [1/1] (0.00ns)   --->   "%partial_sums_2_load_reload_read = read i32 @_ssdm_op_Read.ap_auto.float, i32 %partial_sums_2_load_reload"   --->   Operation 14 'read' 'partial_sums_2_load_reload_read' <Predicate = true> <Delay = 0.00>
ST_1 : Operation 15 [1/1] (0.00ns)   --->   "%partial_sums_1_load_reload_read = read i32 @_ssdm_op_Read.ap_auto.float, i32 %partial_sums_1_load_reload"   --->   Operation 15 'read' 'partial_sums_1_load_reload_read' <Predicate = true> <Delay = 0.00>
ST_1 : Operation 16 [1/1] (0.00ns)   --->   "%partial_sums_load_reload_read = read i32 @_ssdm_op_Read.ap_auto.float, i32 %partial_sums_load_reload"   --->   Operation 16 'read' 'partial_sums_load_reload_read' <Predicate = true> <Delay = 0.00>
ST_1 : Operation 17 [1/1] (0.38ns)   --->   "%store_ln62 = store i3 0, i3 %i" [pageRank.cpp:62]   --->   Operation 17 'store' 'store_ln62' <Predicate = true> <Delay = 0.38>
ST_1 : Operation 18 [1/1] (0.38ns)   --->   "%store_ln35 = store i32 0, i32 %sum" [pageRank.cpp:35]   --->   Operation 18 'store' 'store_ln35' <Predicate = true> <Delay = 0.38>
ST_1 : Operation 19 [1/1] (0.00ns)   --->   "%br_ln0 = br void %for.inc24"   --->   Operation 19 'br' 'br_ln0' <Predicate = true> <Delay = 0.00>
ST_1 : Operation 20 [1/1] (0.00ns)   --->   "%i_1 = load i3 %i" [pageRank.cpp:62]   --->   Operation 20 'load' 'i_1' <Predicate = true> <Delay = 0.00>
ST_1 : Operation 21 [1/1] (0.57ns)   --->   "%icmp_ln62 = icmp_eq  i3 %i_1, i3 4" [pageRank.cpp:62]   --->   Operation 21 'icmp' 'icmp_ln62' <Predicate = true> <Delay = 0.57> <CoreInst = "Cmp">   --->   Core 9 'Cmp' <Latency = 0> <II = 1> <Delay = 0.57> <FuncUnit> <Opcode : 'seteq' 'setne' 'setle' 'setge' 'setlt' 'setgt'> <InPorts = 2> <OutPorts = 1>
ST_1 : Operation 22 [1/1] (0.57ns)   --->   "%add_ln62 = add i3 %i_1, i3 1" [pageRank.cpp:62]   --->   Operation 22 'add' 'add_ln62' <Predicate = true> <Delay = 0.57> <CoreInst = "Adder">   --->   Core 1 'Adder' <Latency = 0> <II = 1> <Delay = 0.57> <FuncUnit> <Opcode : 'add' 'sub'> <InPorts = 2> <OutPorts = 1>
ST_1 : Operation 23 [1/1] (0.00ns)   --->   "%br_ln62 = br i1 %icmp_ln62, void %for.inc24.split, void %for.end26.exitStub" [pageRank.cpp:62]   --->   Operation 23 'br' 'br_ln62' <Predicate = true> <Delay = 0.00>
ST_1 : Operation 24 [1/1] (0.00ns)   --->   "%trunc_ln62 = trunc i3 %i_1" [pageRank.cpp:62]   --->   Operation 24 'trunc' 'trunc_ln62' <Predicate = (!icmp_ln62)> <Delay = 0.00>
ST_1 : Operation 25 [1/1] (0.45ns)   --->   "%tmp_3 = sparsemux i32 @_ssdm_op_SparseMux.ap_auto.4float.float.i2, i2 0, i32 %partial_sums_load_reload_read, i2 1, i32 %partial_sums_1_load_reload_read, i2 2, i32 %partial_sums_2_load_reload_read, i2 3, i32 %partial_sums_3_load_reload_read, i32 <undef>, i2 %trunc_ln62" [pageRank.cpp:63]   --->   Operation 25 'sparsemux' 'tmp_3' <Predicate = (!icmp_ln62)> <Delay = 0.45> <CoreInst = "SparseMux">   --->   Core 144 'SparseMux' <Latency = 0> <II = 1> <Delay = 0.45> <FuncUnit> <Opcode : 'sparsemux'> <InPorts = 2> <OutPorts = 1>
ST_1 : Operation 26 [1/1] (0.38ns)   --->   "%store_ln62 = store i3 %add_ln62, i3 %i" [pageRank.cpp:62]   --->   Operation 26 'store' 'store_ln62' <Predicate = (!icmp_ln62)> <Delay = 0.38>

State 2 <SV = 1> <Delay = 2.34>
ST_2 : Operation 27 [1/1] (0.00ns)   --->   "%sum_load = load i32 %sum" [pageRank.cpp:63]   --->   Operation 27 'load' 'sum_load' <Predicate = (!icmp_ln62)> <Delay = 0.00>
ST_2 : Operation 28 [7/7] (2.34ns)   --->   "%sum_1 = fadd i32 %sum_load, i32 %tmp_3" [pageRank.cpp:63]   --->   Operation 28 'fadd' 'sum_1' <Predicate = (!icmp_ln62)> <Delay = 2.34> <CoreInst = "FAddSub_fulldsp">   --->   Core 18 'FAddSub_fulldsp' <Latency = 6> <II = 1> <Delay = 2.34> <FuncUnit> <Opcode : 'fadd' 'fsub'> <InPorts = 2> <OutPorts = 1>
ST_2 : Operation 40 [1/1] (0.00ns)   --->   "%sum_load_1 = load i32 %sum"   --->   Operation 40 'load' 'sum_load_1' <Predicate = (icmp_ln62)> <Delay = 0.00>
ST_2 : Operation 41 [1/1] (0.00ns)   --->   "%write_ln0 = write void @_ssdm_op_Write.ap_auto.floatP0A, i32 %sum_out, i32 %sum_load_1"   --->   Operation 41 'write' 'write_ln0' <Predicate = (icmp_ln62)> <Delay = 0.00>
ST_2 : Operation 42 [1/1] (0.38ns)   --->   "%ret_ln0 = ret"   --->   Operation 42 'ret' 'ret_ln0' <Predicate = (icmp_ln62)> <Delay = 0.38>

State 3 <SV = 2> <Delay = 2.34>
ST_3 : Operation 29 [6/7] (2.34ns)   --->   "%sum_1 = fadd i32 %sum_load, i32 %tmp_3" [pageRank.cpp:63]   --->   Operation 29 'fadd' 'sum_1' <Predicate = (!icmp_ln62)> <Delay = 2.34> <CoreInst = "FAddSub_fulldsp">   --->   Core 18 'FAddSub_fulldsp' <Latency = 6> <II = 1> <Delay = 2.34> <FuncUnit> <Opcode : 'fadd' 'fsub'> <InPorts = 2> <OutPorts = 1>

State 4 <SV = 3> <Delay = 2.34>
ST_4 : Operation 30 [5/7] (2.34ns)   --->   "%sum_1 = fadd i32 %sum_load, i32 %tmp_3" [pageRank.cpp:63]   --->   Operation 30 'fadd' 'sum_1' <Predicate = (!icmp_ln62)> <Delay = 2.34> <CoreInst = "FAddSub_fulldsp">   --->   Core 18 'FAddSub_fulldsp' <Latency = 6> <II = 1> <Delay = 2.34> <FuncUnit> <Opcode : 'fadd' 'fsub'> <InPorts = 2> <OutPorts = 1>

State 5 <SV = 4> <Delay = 2.34>
ST_5 : Operation 31 [4/7] (2.34ns)   --->   "%sum_1 = fadd i32 %sum_load, i32 %tmp_3" [pageRank.cpp:63]   --->   Operation 31 'fadd' 'sum_1' <Predicate = (!icmp_ln62)> <Delay = 2.34> <CoreInst = "FAddSub_fulldsp">   --->   Core 18 'FAddSub_fulldsp' <Latency = 6> <II = 1> <Delay = 2.34> <FuncUnit> <Opcode : 'fadd' 'fsub'> <InPorts = 2> <OutPorts = 1>

State 6 <SV = 5> <Delay = 2.34>
ST_6 : Operation 32 [3/7] (2.34ns)   --->   "%sum_1 = fadd i32 %sum_load, i32 %tmp_3" [pageRank.cpp:63]   --->   Operation 32 'fadd' 'sum_1' <Predicate = (!icmp_ln62)> <Delay = 2.34> <CoreInst = "FAddSub_fulldsp">   --->   Core 18 'FAddSub_fulldsp' <Latency = 6> <II = 1> <Delay = 2.34> <FuncUnit> <Opcode : 'fadd' 'fsub'> <InPorts = 2> <OutPorts = 1>

State 7 <SV = 6> <Delay = 2.34>
ST_7 : Operation 33 [2/7] (2.34ns)   --->   "%sum_1 = fadd i32 %sum_load, i32 %tmp_3" [pageRank.cpp:63]   --->   Operation 33 'fadd' 'sum_1' <Predicate = true> <Delay = 2.34> <CoreInst = "FAddSub_fulldsp">   --->   Core 18 'FAddSub_fulldsp' <Latency = 6> <II = 1> <Delay = 2.34> <FuncUnit> <Opcode : 'fadd' 'fsub'> <InPorts = 2> <OutPorts = 1>

State 8 <SV = 7> <Delay = 2.72>
ST_8 : Operation 34 [1/1] (0.00ns)   --->   "%specpipeline_ln35 = specpipeline void @_ssdm_op_SpecPipeline, i32 4294967295, i32 0, i32 0, i32 0, void @empty_1" [pageRank.cpp:35]   --->   Operation 34 'specpipeline' 'specpipeline_ln35' <Predicate = true> <Delay = 0.00>
ST_8 : Operation 35 [1/1] (0.00ns)   --->   "%speclooptripcount_ln35 = speclooptripcount void @_ssdm_op_SpecLoopTripCount, i64 4, i64 4, i64 4" [pageRank.cpp:35]   --->   Operation 35 'speclooptripcount' 'speclooptripcount_ln35' <Predicate = true> <Delay = 0.00>
ST_8 : Operation 36 [1/1] (0.00ns)   --->   "%specloopname_ln62 = specloopname void @_ssdm_op_SpecLoopName, void @empty_5" [pageRank.cpp:62]   --->   Operation 36 'specloopname' 'specloopname_ln62' <Predicate = true> <Delay = 0.00>
ST_8 : Operation 37 [1/7] (2.34ns)   --->   "%sum_1 = fadd i32 %sum_load, i32 %tmp_3" [pageRank.cpp:63]   --->   Operation 37 'fadd' 'sum_1' <Predicate = true> <Delay = 2.34> <CoreInst = "FAddSub_fulldsp">   --->   Core 18 'FAddSub_fulldsp' <Latency = 6> <II = 1> <Delay = 2.34> <FuncUnit> <Opcode : 'fadd' 'fsub'> <InPorts = 2> <OutPorts = 1>
ST_8 : Operation 38 [1/1] (0.38ns)   --->   "%store_ln35 = store i32 %sum_1, i32 %sum" [pageRank.cpp:35]   --->   Operation 38 'store' 'store_ln35' <Predicate = true> <Delay = 0.38>
ST_8 : Operation 39 [1/1] (0.00ns)   --->   "%br_ln62 = br void %for.inc24" [pageRank.cpp:62]   --->   Operation 39 'br' 'br_ln62' <Predicate = true> <Delay = 0.00>


============================================================
+ Verbose Summary: Timing violations
============================================================
Target clock period: 4.000ns, clock uncertainty: 1.080ns.

 <State 1>: 1.346ns
The critical path consists of the following:
	'store' operation 0 bit ('store_ln62', pageRank.cpp:62) of constant 0 on local variable 'i', pageRank.cpp:62 [12]  (0.387 ns)
	'load' operation 3 bit ('i', pageRank.cpp:62) on local variable 'i', pageRank.cpp:62 [16]  (0.000 ns)
	'icmp' operation 1 bit ('icmp_ln62', pageRank.cpp:62) [17]  (0.572 ns)
	'store' operation 0 bit ('store_ln62', pageRank.cpp:62) of variable 'add_ln62', pageRank.cpp:62 on local variable 'i', pageRank.cpp:62 [28]  (0.387 ns)

 <State 2>: 2.342ns
The critical path consists of the following:
	'load' operation 32 bit ('sum_load', pageRank.cpp:63) on local variable 'sum', pageRank.cpp:35 [21]  (0.000 ns)
	'fadd' operation 32 bit ('sum', pageRank.cpp:63) [27]  (2.342 ns)

 <State 3>: 2.342ns
The critical path consists of the following:
	'fadd' operation 32 bit ('sum', pageRank.cpp:63) [27]  (2.342 ns)

 <State 4>: 2.342ns
The critical path consists of the following:
	'fadd' operation 32 bit ('sum', pageRank.cpp:63) [27]  (2.342 ns)

 <State 5>: 2.342ns
The critical path consists of the following:
	'fadd' operation 32 bit ('sum', pageRank.cpp:63) [27]  (2.342 ns)

 <State 6>: 2.342ns
The critical path consists of the following:
	'fadd' operation 32 bit ('sum', pageRank.cpp:63) [27]  (2.342 ns)

 <State 7>: 2.342ns
The critical path consists of the following:
	'fadd' operation 32 bit ('sum', pageRank.cpp:63) [27]  (2.342 ns)

 <State 8>: 2.729ns
The critical path consists of the following:
	'fadd' operation 32 bit ('sum', pageRank.cpp:63) [27]  (2.342 ns)
	'store' operation 0 bit ('store_ln35', pageRank.cpp:35) of variable 'sum', pageRank.cpp:63 on local variable 'sum', pageRank.cpp:35 [29]  (0.387 ns)


============================================================
+ Verbose Summary: Binding
============================================================
N/A
* FSMD analyzer results:
  - Output states:
 - Input state : 
  - Chain level:
	State 1
	State 2
	State 3
	State 4
	State 5
	State 6
	State 7
	State 8


============================================================
+ Verbose Summary: Datapath Resource usage 
============================================================
N/A
