

================================================================
== Vitis HLS Report for 'pageRankReduce_Pipeline_VITIS_LOOP_38_2'
================================================================
* Date:           Thu Aug 14 16:12:00 2025

* Version:        2024.1 (Build 5069499 on May 21 2024)
* Project:        pageRankReduce
* Solution:       hls (Vivado IP Flow Target)
* Product family: virtexuplusHBM
* Target device:  xcu55c-fsvh2892-2LV-e


================================================================
== Performance Estimates
================================================================
+ Timing: 
    * Summary: 
    +--------+---------+----------+------------+
    |  Clock |  Target | Estimated| Uncertainty|
    +--------+---------+----------+------------+
    |ap_clk  |  4.00 ns|  1.654 ns|     1.08 ns|
    +--------+---------+----------+------------+

+ Latency: 
    * Summary: 
    +---------+---------+----------+----------+-----+-----+-----------------------------------------------+
    |  Latency (cycles) |  Latency (absolute) |  Interval |                    Pipeline                   |
    |   min   |   max   |    min   |    max   | min | max |                      Type                     |
    +---------+---------+----------+----------+-----+-----+-----------------------------------------------+
    |        ?|        ?|         ?|         ?|    0|    0|  loop auto-rewind stp(delay=0 clock cycles(s))|
    +---------+---------+----------+----------+-----+-----+-----------------------------------------------+

    + Detail: 
        * Instance: 
        N/A

        * Loop: 
        +-------------------+---------+---------+----------+-----------+-----------+------+----------+
        |                   |  Latency (cycles) | Iteration|  Initiation Interval  | Trip |          |
        |     Loop Name     |   min   |   max   |  Latency |  achieved |   target  | Count| Pipelined|
        +-------------------+---------+---------+----------+-----------+-----------+------+----------+
        |- VITIS_LOOP_38_2  |        ?|        ?|         2|          1|          1|     ?|       yes|
        +-------------------+---------+---------+----------+-----------+-----------+------+----------+

============================================================
+ Verbose Summary: Synthesis Manager
============================================================
InlineROM: 1
ExposeGlobal: 0
============================================================
+ Verbose Summary: CDFG Model
============================================================
IsTopModel: 0
ResetActiveHigh: 1
IsCombinational: 0
IsDatapathOnly: 0
HasWiredReturn: 1
HasMFsm: 2
HasVarLatency: 1
IsPipeline: 0
IsRtlPipelined: 0
IsInstanceOverlapped: 0
IsDontTouch: 0
HasImplIP: 0
IsGatedGlobalClock: 0

+ Individual pipeline summary: 
  * Pipeline-0: initiation interval (II) = 1, depth = 2


============================================================
+ Verbose Summary: Schedule
============================================================
* Number of FSM states : 2
* Pipeline : 1
  Pipeline-0 : II = 1, D = 2, States = { 1 2 }
* Dataflow Pipeline: 0

* FSM state transitions: 
1 --> 2 
2 --> 

* FSM state operations: 

State 1 <SV = 0> <Delay = 1.65>
ST_1 : Operation 5 [1/1] (0.00ns)   --->   "%vmap_task_vertex = alloca i32 1" [pageRank.cpp:40]   --->   Operation 5 'alloca' 'vmap_task_vertex' <Predicate = true> <Delay = 0.00>
ST_1 : Operation 6 [1/1] (0.00ns)   --->   "%base_task_pPrNext_3_read = read i64 @_ssdm_op_Read.ap_auto.i64, i64 %base_task_pPrNext_3"   --->   Operation 6 'read' 'base_task_pPrNext_3_read' <Predicate = true> <Delay = 0.00>
ST_1 : Operation 7 [1/1] (0.00ns)   --->   "%base_task_pPrCurr_3_read = read i64 @_ssdm_op_Read.ap_auto.i64, i64 %base_task_pPrCurr_3"   --->   Operation 7 'read' 'base_task_pPrCurr_3_read' <Predicate = true> <Delay = 0.00>
ST_1 : Operation 8 [1/1] (0.00ns)   --->   "%tmp = read i416 @_ssdm_op_Read.ap_auto.i416, i416 %empty"   --->   Operation 8 'read' 'tmp' <Predicate = true> <Delay = 0.00>
ST_1 : Operation 9 [1/1] (0.00ns)   --->   "%base_task_vertex_count4_read = read i32 @_ssdm_op_Read.ap_auto.i32, i32 %base_task_vertex_count4"   --->   Operation 9 'read' 'base_task_vertex_count4_read' <Predicate = true> <Delay = 0.00>
ST_1 : Operation 10 [1/1] (0.00ns)   --->   "%specinterface_ln0 = specinterface void @_ssdm_op_SpecInterface, i512 %taskOutGlobal, void @empty, i32 0, i32 0, void @empty_0, i32 0, i32 0, void @empty_1, void @empty_1, void @empty_1, i32 0, i32 0, i32 0, i32 0, void @empty_1, void @empty_1, i32 4294967295, i32 0, i32 0"   --->   Operation 10 'specinterface' 'specinterface_ln0' <Predicate = true> <Delay = 0.00>
ST_1 : Operation 11 [1/1] (0.38ns)   --->   "%store_ln40 = store i32 0, i32 %vmap_task_vertex" [pageRank.cpp:40]   --->   Operation 11 'store' 'store_ln40' <Predicate = true> <Delay = 0.38>
ST_1 : Operation 12 [1/1] (0.00ns)   --->   "%br_ln0 = br void %for.inc"   --->   Operation 12 'br' 'br_ln0' <Predicate = true> <Delay = 0.00>
ST_1 : Operation 13 [1/1] (0.00ns)   --->   "%i_3 = load i32 %vmap_task_vertex" [pageRank.cpp:38]   --->   Operation 13 'load' 'i_3' <Predicate = true> <Delay = 0.00>
ST_1 : Operation 14 [1/1] (0.88ns)   --->   "%icmp_ln38 = icmp_eq  i32 %i_3, i32 %base_task_vertex_count4_read" [pageRank.cpp:38]   --->   Operation 14 'icmp' 'icmp_ln38' <Predicate = true> <Delay = 0.88> <CoreInst = "Cmp">   --->   Core 9 'Cmp' <Latency = 0> <II = 1> <Delay = 0.88> <FuncUnit> <Opcode : 'seteq' 'setne' 'setle' 'setge' 'setlt' 'setgt'> <InPorts = 2> <OutPorts = 1>
ST_1 : Operation 15 [1/1] (0.88ns)   --->   "%i = add i32 %i_3, i32 1" [pageRank.cpp:38]   --->   Operation 15 'add' 'i' <Predicate = true> <Delay = 0.88> <CoreInst = "Adder">   --->   Core 1 'Adder' <Latency = 0> <II = 1> <Delay = 0.88> <FuncUnit> <Opcode : 'add' 'sub'> <InPorts = 2> <OutPorts = 1>
ST_1 : Operation 16 [1/1] (0.00ns)   --->   "%br_ln38 = br i1 %icmp_ln38, void %for.inc.split, void %VITIS_LOOP_55_3.exitStub" [pageRank.cpp:38]   --->   Operation 16 'br' 'br_ln38' <Predicate = true> <Delay = 0.00>
ST_1 : Operation 17 [1/1] (0.38ns)   --->   "%store_ln40 = store i32 %i, i32 %vmap_task_vertex" [pageRank.cpp:40]   --->   Operation 17 'store' 'store_ln40' <Predicate = (!icmp_ln38)> <Delay = 0.38>
ST_1 : Operation 27 [1/1] (0.38ns)   --->   "%ret_ln0 = ret"   --->   Operation 27 'ret' 'ret_ln0' <Predicate = (icmp_ln38)> <Delay = 0.38>

State 2 <SV = 1> <Delay = 0.84>
ST_2 : Operation 18 [1/1] (0.00ns)   --->   "%specpipeline_ln39 = specpipeline void @_ssdm_op_SpecPipeline, i32 1, i32 0, i32 0, i32 0, void @empty_1" [pageRank.cpp:39]   --->   Operation 18 'specpipeline' 'specpipeline_ln39' <Predicate = true> <Delay = 0.00>
ST_2 : Operation 19 [1/1] (0.00ns)   --->   "%specloopname_ln38 = specloopname void @_ssdm_op_SpecLoopName, void @empty_3" [pageRank.cpp:38]   --->   Operation 19 'specloopname' 'specloopname_ln38' <Predicate = true> <Delay = 0.00>
ST_2 : Operation 20 [1/1] (0.00ns)   --->   "%tmp_s = partselect i64 @_ssdm_op_PartSelect.i64.i416.i32.i32, i416 %tmp, i32 64, i32 127" [pageRank.cpp:49]   --->   Operation 20 'partselect' 'tmp_s' <Predicate = true> <Delay = 0.00>
ST_2 : Operation 21 [1/1] (0.00ns)   --->   "%tmp_1 = partselect i32 @_ssdm_op_PartSelect.i32.i416.i32.i32, i416 %tmp, i32 384, i32 415" [pageRank.cpp:49]   --->   Operation 21 'partselect' 'tmp_1' <Predicate = true> <Delay = 0.00>
ST_2 : Operation 22 [1/1] (0.00ns)   --->   "%tmp_2 = partselect i32 @_ssdm_op_PartSelect.i32.i416.i32.i32, i416 %tmp, i32 320, i32 351" [pageRank.cpp:49]   --->   Operation 22 'partselect' 'tmp_2' <Predicate = true> <Delay = 0.00>
ST_2 : Operation 23 [1/1] (0.00ns)   --->   "%tmp_9 = bitconcatenate i352 @_ssdm_op_BitConcatenate.i352.i32.i32.i32.i64.i64.i64.i64, i32 %tmp_2, i32 %tmp_1, i32 %i_3, i64 %tmp_s, i64 0, i64 %base_task_pPrCurr_3_read, i64 %base_task_pPrNext_3_read" [pageRank.cpp:49]   --->   Operation 23 'bitconcatenate' 'tmp_9' <Predicate = true> <Delay = 0.00>
ST_2 : Operation 24 [1/1] (0.00ns)   --->   "%zext_ln49 = zext i352 %tmp_9" [pageRank.cpp:49]   --->   Operation 24 'zext' 'zext_ln49' <Predicate = true> <Delay = 0.00>
ST_2 : Operation 25 [1/1] (0.84ns)   --->   "%write_ln49 = write void @_ssdm_op_Write.axis.volatile.i512P128A, i512 %taskOutGlobal, i512 %zext_ln49" [pageRank.cpp:49]   --->   Operation 25 'write' 'write_ln49' <Predicate = true> <Delay = 0.84> <CoreInst = "regslice">   --->   Core 148 'regslice' <Latency = 0> <II = 1> <Delay = 0.99> <Adapter> <Opcode : 'read' 'write'>
ST_2 : Operation 26 [1/1] (0.00ns)   --->   "%br_ln38 = br void %for.inc" [pageRank.cpp:38]   --->   Operation 26 'br' 'br_ln38' <Predicate = true> <Delay = 0.00>


============================================================
+ Verbose Summary: Binding
============================================================
STG Binding: 
---------------- STG Properties BEGIN ----------------
- Is combinational: 0
- Is one-state seq: 0
- Is datapath-only: 0
- Is pipelined: 0
- Is top level: 0
Port [ Return ] is wired: 1; IO mode=ap_ctrl_hs:ce=0
Port [ base_task_vertex_count4]:  wired=1; compound=0; hidden=0; nouse=0; global=0; static=0; extern=0; dir=0; type=0; pingpong=0; private_global=0; IO mode=ap_none:ce=0
Port [ empty]:  wired=1; compound=0; hidden=0; nouse=0; global=0; static=0; extern=0; dir=0; type=0; pingpong=0; private_global=0; IO mode=ap_none:ce=0
Port [ base_task_pPrCurr_3]:  wired=1; compound=0; hidden=0; nouse=0; global=0; static=0; extern=0; dir=0; type=0; pingpong=0; private_global=0; IO mode=ap_none:ce=0
Port [ base_task_pPrNext_3]:  wired=1; compound=0; hidden=0; nouse=0; global=0; static=0; extern=0; dir=0; type=0; pingpong=0; private_global=0; IO mode=ap_none:ce=0
Port [ taskOutGlobal]:  wired=1; compound=1; hidden=0; nouse=0; global=0; static=0; extern=0; dir=1; type=0; pingpong=0; private_global=0; IO mode=axis:ce=0
---------------- STG Properties END ------------------

---------------- Datapath Model BEGIN ----------------

<LifeTime>
<method=bitvector/>
vmap_task_vertex             (alloca        ) [ 010]
base_task_pPrNext_3_read     (read          ) [ 011]
base_task_pPrCurr_3_read     (read          ) [ 011]
tmp                          (read          ) [ 011]
base_task_vertex_count4_read (read          ) [ 000]
specinterface_ln0            (specinterface ) [ 000]
store_ln40                   (store         ) [ 000]
br_ln0                       (br            ) [ 000]
i_3                          (load          ) [ 011]
icmp_ln38                    (icmp          ) [ 010]
i                            (add           ) [ 000]
br_ln38                      (br            ) [ 000]
store_ln40                   (store         ) [ 000]
specpipeline_ln39            (specpipeline  ) [ 000]
specloopname_ln38            (specloopname  ) [ 000]
tmp_s                        (partselect    ) [ 000]
tmp_1                        (partselect    ) [ 000]
tmp_2                        (partselect    ) [ 000]
tmp_9                        (bitconcatenate) [ 000]
zext_ln49                    (zext          ) [ 000]
write_ln49                   (write         ) [ 000]
br_ln38                      (br            ) [ 000]
ret_ln0                      (ret           ) [ 000]
</LifeTime>

<model>

<comp_list>
<comp id="0" class="1000" name="base_task_vertex_count4">
<pin_list>
<pin id="1" dir="1" index="0" bw="1" slack="0"/>
</pin_list>
<bind>
<StgValue><ssdm name="base_task_vertex_count4"/></StgValue>
</bind>
</comp>

<comp id="2" class="1000" name="empty">
<pin_list>
<pin id="3" dir="1" index="0" bw="1" slack="0"/>
</pin_list>
<bind>
<StgValue><ssdm name="empty"/></StgValue>
</bind>
</comp>

<comp id="4" class="1000" name="base_task_pPrCurr_3">
<pin_list>
<pin id="5" dir="1" index="0" bw="1" slack="0"/>
</pin_list>
<bind>
<StgValue><ssdm name="base_task_pPrCurr_3"/></StgValue>
</bind>
</comp>

<comp id="6" class="1000" name="base_task_pPrNext_3">
<pin_list>
<pin id="7" dir="1" index="0" bw="1" slack="0"/>
</pin_list>
<bind>
<StgValue><ssdm name="base_task_pPrNext_3"/></StgValue>
</bind>
</comp>

<comp id="8" class="1000" name="taskOutGlobal">
<pin_list>
<pin id="9" dir="1" index="0" bw="1" slack="0"/>
</pin_list>
<bind>
<StgValue><ssdm name="taskOutGlobal"/></StgValue>
</bind>
</comp>

<comp id="10" class="1001" name="const_10">
<pin_list>
<pin id="11" dir="1" index="0" bw="1" slack="0"/>
</pin_list>
<bind>
<StgValue><ssdm name=""/></StgValue>
</bind>
</comp>

<comp id="12" class="1001" name="const_12">
<pin_list>
<pin id="13" dir="1" index="0" bw="1" slack="0"/>
</pin_list>
<bind>
<StgValue><ssdm name="_ssdm_op_Read.ap_auto.i64"/></StgValue>
</bind>
</comp>

<comp id="14" class="1001" name="const_14">
<pin_list>
<pin id="15" dir="1" index="0" bw="1" slack="0"/>
</pin_list>
<bind>
<StgValue><ssdm name="_ssdm_op_Read.ap_auto.i416"/></StgValue>
</bind>
</comp>

<comp id="16" class="1001" name="const_16">
<pin_list>
<pin id="17" dir="1" index="0" bw="1" slack="0"/>
</pin_list>
<bind>
<StgValue><ssdm name="_ssdm_op_Read.ap_auto.i32"/></StgValue>
</bind>
</comp>

<comp id="18" class="1001" name="const_18">
<pin_list>
<pin id="19" dir="1" index="0" bw="1" slack="2147483647"/>
</pin_list>
<bind>
<StgValue><ssdm name="_ssdm_op_SpecInterface"/></StgValue>
</bind>
</comp>

<comp id="20" class="1001" name="const_20">
<pin_list>
<pin id="21" dir="1" index="0" bw="1" slack="2147483647"/>
</pin_list>
<bind>
<StgValue><ssdm name="empty"/></StgValue>
</bind>
</comp>

<comp id="22" class="1001" name="const_22">
<pin_list>
<pin id="23" dir="1" index="0" bw="1" slack="0"/>
</pin_list>
<bind>
<StgValue><ssdm name=""/></StgValue>
</bind>
</comp>

<comp id="24" class="1001" name="const_24">
<pin_list>
<pin id="25" dir="1" index="0" bw="1" slack="2147483647"/>
</pin_list>
<bind>
<StgValue><ssdm name="empty_0"/></StgValue>
</bind>
</comp>

<comp id="26" class="1001" name="const_26">
<pin_list>
<pin id="27" dir="1" index="0" bw="1" slack="2147483647"/>
</pin_list>
<bind>
<StgValue><ssdm name="empty_1"/></StgValue>
</bind>
</comp>

<comp id="28" class="1001" name="const_28">
<pin_list>
<pin id="29" dir="1" index="0" bw="1" slack="2147483647"/>
</pin_list>
<bind>
<StgValue><ssdm name=""/></StgValue>
</bind>
</comp>

<comp id="30" class="1001" name="const_30">
<pin_list>
<pin id="31" dir="1" index="0" bw="1" slack="2147483647"/>
</pin_list>
<bind>
<StgValue><ssdm name="_ssdm_op_SpecPipeline"/></StgValue>
</bind>
</comp>

<comp id="32" class="1001" name="const_32">
<pin_list>
<pin id="33" dir="1" index="0" bw="1" slack="2147483647"/>
</pin_list>
<bind>
<StgValue><ssdm name="_ssdm_op_SpecLoopName"/></StgValue>
</bind>
</comp>

<comp id="34" class="1001" name="const_34">
<pin_list>
<pin id="35" dir="1" index="0" bw="1" slack="2147483647"/>
</pin_list>
<bind>
<StgValue><ssdm name="empty_3"/></StgValue>
</bind>
</comp>

<comp id="36" class="1001" name="const_36">
<pin_list>
<pin id="37" dir="1" index="0" bw="1" slack="0"/>
</pin_list>
<bind>
<StgValue><ssdm name="_ssdm_op_PartSelect.i64.i416.i32.i32"/></StgValue>
</bind>
</comp>

<comp id="38" class="1001" name="const_38">
<pin_list>
<pin id="39" dir="1" index="0" bw="1" slack="0"/>
</pin_list>
<bind>
<StgValue><ssdm name=""/></StgValue>
</bind>
</comp>

<comp id="40" class="1001" name="const_40">
<pin_list>
<pin id="41" dir="1" index="0" bw="1" slack="0"/>
</pin_list>
<bind>
<StgValue><ssdm name=""/></StgValue>
</bind>
</comp>

<comp id="42" class="1001" name="const_42">
<pin_list>
<pin id="43" dir="1" index="0" bw="1" slack="0"/>
</pin_list>
<bind>
<StgValue><ssdm name="_ssdm_op_PartSelect.i32.i416.i32.i32"/></StgValue>
</bind>
</comp>

<comp id="44" class="1001" name="const_44">
<pin_list>
<pin id="45" dir="1" index="0" bw="1" slack="0"/>
</pin_list>
<bind>
<StgValue><ssdm name=""/></StgValue>
</bind>
</comp>

<comp id="46" class="1001" name="const_46">
<pin_list>
<pin id="47" dir="1" index="0" bw="1" slack="0"/>
</pin_list>
<bind>
<StgValue><ssdm name=""/></StgValue>
</bind>
</comp>

<comp id="48" class="1001" name="const_48">
<pin_list>
<pin id="49" dir="1" index="0" bw="1" slack="0"/>
</pin_list>
<bind>
<StgValue><ssdm name=""/></StgValue>
</bind>
</comp>

<comp id="50" class="1001" name="const_50">
<pin_list>
<pin id="51" dir="1" index="0" bw="1" slack="0"/>
</pin_list>
<bind>
<StgValue><ssdm name=""/></StgValue>
</bind>
</comp>

<comp id="52" class="1001" name="const_52">
<pin_list>
<pin id="53" dir="1" index="0" bw="1" slack="0"/>
</pin_list>
<bind>
<StgValue><ssdm name="_ssdm_op_BitConcatenate.i352.i32.i32.i32.i64.i64.i64.i64"/></StgValue>
</bind>
</comp>

<comp id="54" class="1001" name="const_54">
<pin_list>
<pin id="55" dir="1" index="0" bw="1" slack="0"/>
</pin_list>
<bind>
<StgValue><ssdm name=""/></StgValue>
</bind>
</comp>

<comp id="56" class="1001" name="const_56">
<pin_list>
<pin id="57" dir="1" index="0" bw="1" slack="0"/>
</pin_list>
<bind>
<StgValue><ssdm name="_ssdm_op_Write.axis.volatile.i512P128A"/></StgValue>
</bind>
</comp>

<comp id="58" class="1004" name="vmap_task_vertex_fu_58">
<pin_list>
<pin id="59" dir="0" index="0" bw="1" slack="0"/>
<pin id="60" dir="1" index="1" bw="32" slack="0"/>
</pin_list>
<bind>
<opcode="alloca(26) " fcode="alloca"/>
<opset="vmap_task_vertex/1 "/>
</bind>
</comp>

<comp id="62" class="1004" name="base_task_pPrNext_3_read_read_fu_62">
<pin_list>
<pin id="63" dir="0" index="0" bw="64" slack="0"/>
<pin id="64" dir="0" index="1" bw="64" slack="0"/>
<pin id="65" dir="1" index="2" bw="64" slack="1"/>
</pin_list>
<bind>
<opcode="read(1150) " fcode="read"/>
<opset="base_task_pPrNext_3_read/1 "/>
</bind>
</comp>

<comp id="68" class="1004" name="base_task_pPrCurr_3_read_read_fu_68">
<pin_list>
<pin id="69" dir="0" index="0" bw="64" slack="0"/>
<pin id="70" dir="0" index="1" bw="64" slack="0"/>
<pin id="71" dir="1" index="2" bw="64" slack="1"/>
</pin_list>
<bind>
<opcode="read(1150) " fcode="read"/>
<opset="base_task_pPrCurr_3_read/1 "/>
</bind>
</comp>

<comp id="74" class="1004" name="tmp_read_fu_74">
<pin_list>
<pin id="75" dir="0" index="0" bw="416" slack="0"/>
<pin id="76" dir="0" index="1" bw="416" slack="0"/>
<pin id="77" dir="1" index="2" bw="416" slack="1"/>
</pin_list>
<bind>
<opcode="read(1150) " fcode="read"/>
<opset="tmp/1 "/>
</bind>
</comp>

<comp id="80" class="1004" name="base_task_vertex_count4_read_read_fu_80">
<pin_list>
<pin id="81" dir="0" index="0" bw="32" slack="0"/>
<pin id="82" dir="0" index="1" bw="32" slack="0"/>
<pin id="83" dir="1" index="2" bw="32" slack="0"/>
</pin_list>
<bind>
<opcode="read(1150) " fcode="read"/>
<opset="base_task_vertex_count4_read/1 "/>
</bind>
</comp>

<comp id="86" class="1004" name="write_ln49_write_fu_86">
<pin_list>
<pin id="87" dir="0" index="0" bw="0" slack="0"/>
<pin id="88" dir="0" index="1" bw="512" slack="0"/>
<pin id="89" dir="0" index="2" bw="352" slack="0"/>
<pin id="90" dir="1" index="3" bw="0" slack="2147483647"/>
</pin_list>
<bind>
<opcode="write(1151) " fcode="write"/>
<opset="write_ln49/2 "/>
</bind>
</comp>

<comp id="93" class="1004" name="store_ln40_store_fu_93">
<pin_list>
<pin id="94" dir="0" index="0" bw="1" slack="0"/>
<pin id="95" dir="0" index="1" bw="32" slack="0"/>
<pin id="96" dir="1" index="2" bw="0" slack="2147483647"/>
</pin_list>
<bind>
<opcode="store(28) " fcode="store"/>
<opset="store_ln40/1 "/>
</bind>
</comp>

<comp id="98" class="1004" name="i_3_load_fu_98">
<pin_list>
<pin id="99" dir="0" index="0" bw="32" slack="0"/>
<pin id="100" dir="1" index="1" bw="32" slack="0"/>
</pin_list>
<bind>
<opcode="load(27) " fcode="load"/>
<opset="i_3/1 "/>
</bind>
</comp>

<comp id="101" class="1004" name="icmp_ln38_fu_101">
<pin_list>
<pin id="102" dir="0" index="0" bw="32" slack="0"/>
<pin id="103" dir="0" index="1" bw="32" slack="0"/>
<pin id="104" dir="1" index="2" bw="1" slack="2147483647"/>
</pin_list>
<bind>
<opcode="icmp(45) " fcode="icmp"/>
<opset="icmp_ln38/1 "/>
</bind>
</comp>

<comp id="107" class="1004" name="i_fu_107">
<pin_list>
<pin id="108" dir="0" index="0" bw="32" slack="0"/>
<pin id="109" dir="0" index="1" bw="1" slack="0"/>
<pin id="110" dir="1" index="2" bw="32" slack="0"/>
</pin_list>
<bind>
<opcode="add(8) " fcode="add"/>
<opset="i/1 "/>
</bind>
</comp>

<comp id="113" class="1004" name="store_ln40_store_fu_113">
<pin_list>
<pin id="114" dir="0" index="0" bw="32" slack="0"/>
<pin id="115" dir="0" index="1" bw="32" slack="0"/>
<pin id="116" dir="1" index="2" bw="0" slack="2147483647"/>
</pin_list>
<bind>
<opcode="store(28) " fcode="store"/>
<opset="store_ln40/1 "/>
</bind>
</comp>

<comp id="118" class="1004" name="tmp_s_fu_118">
<pin_list>
<pin id="119" dir="0" index="0" bw="64" slack="0"/>
<pin id="120" dir="0" index="1" bw="416" slack="1"/>
<pin id="121" dir="0" index="2" bw="8" slack="0"/>
<pin id="122" dir="0" index="3" bw="8" slack="0"/>
<pin id="123" dir="1" index="4" bw="64" slack="0"/>
</pin_list>
<bind>
<opcode="partselect(1002) " fcode="partselect"/>
<opset="tmp_s/2 "/>
</bind>
</comp>

<comp id="127" class="1004" name="tmp_1_fu_127">
<pin_list>
<pin id="128" dir="0" index="0" bw="32" slack="0"/>
<pin id="129" dir="0" index="1" bw="416" slack="1"/>
<pin id="130" dir="0" index="2" bw="10" slack="0"/>
<pin id="131" dir="0" index="3" bw="10" slack="0"/>
<pin id="132" dir="1" index="4" bw="32" slack="0"/>
</pin_list>
<bind>
<opcode="partselect(1002) " fcode="partselect"/>
<opset="tmp_1/2 "/>
</bind>
</comp>

<comp id="136" class="1004" name="tmp_2_fu_136">
<pin_list>
<pin id="137" dir="0" index="0" bw="32" slack="0"/>
<pin id="138" dir="0" index="1" bw="416" slack="1"/>
<pin id="139" dir="0" index="2" bw="10" slack="0"/>
<pin id="140" dir="0" index="3" bw="10" slack="0"/>
<pin id="141" dir="1" index="4" bw="32" slack="0"/>
</pin_list>
<bind>
<opcode="partselect(1002) " fcode="partselect"/>
<opset="tmp_2/2 "/>
</bind>
</comp>

<comp id="145" class="1004" name="tmp_9_fu_145">
<pin_list>
<pin id="146" dir="0" index="0" bw="352" slack="0"/>
<pin id="147" dir="0" index="1" bw="32" slack="0"/>
<pin id="148" dir="0" index="2" bw="32" slack="0"/>
<pin id="149" dir="0" index="3" bw="32" slack="1"/>
<pin id="150" dir="0" index="4" bw="64" slack="0"/>
<pin id="151" dir="0" index="5" bw="1" slack="0"/>
<pin id="152" dir="0" index="6" bw="64" slack="1"/>
<pin id="153" dir="0" index="7" bw="64" slack="1"/>
<pin id="154" dir="1" index="8" bw="352" slack="0"/>
</pin_list>
<bind>
<opcode="bitconcatenate(1004) " fcode="bitconcatenate"/>
<opset="tmp_9/2 "/>
</bind>
</comp>

<comp id="160" class="1004" name="zext_ln49_fu_160">
<pin_list>
<pin id="161" dir="0" index="0" bw="352" slack="0"/>
<pin id="162" dir="1" index="1" bw="512" slack="0"/>
</pin_list>
<bind>
<opcode="zext(34) " fcode="zext"/>
<opset="zext_ln49/2 "/>
</bind>
</comp>

<comp id="165" class="1005" name="vmap_task_vertex_reg_165">
<pin_list>
<pin id="166" dir="0" index="0" bw="32" slack="0"/>
<pin id="167" dir="1" index="1" bw="32" slack="0"/>
</pin_list>
<bind>
<opset="vmap_task_vertex "/>
</bind>
</comp>

<comp id="172" class="1005" name="base_task_pPrNext_3_read_reg_172">
<pin_list>
<pin id="173" dir="0" index="0" bw="64" slack="1"/>
<pin id="174" dir="1" index="1" bw="64" slack="1"/>
</pin_list>
<bind>
<opset="base_task_pPrNext_3_read "/>
</bind>
</comp>

<comp id="177" class="1005" name="base_task_pPrCurr_3_read_reg_177">
<pin_list>
<pin id="178" dir="0" index="0" bw="64" slack="1"/>
<pin id="179" dir="1" index="1" bw="64" slack="1"/>
</pin_list>
<bind>
<opset="base_task_pPrCurr_3_read "/>
</bind>
</comp>

<comp id="182" class="1005" name="tmp_reg_182">
<pin_list>
<pin id="183" dir="0" index="0" bw="416" slack="1"/>
<pin id="184" dir="1" index="1" bw="416" slack="1"/>
</pin_list>
<bind>
<opset="tmp "/>
</bind>
</comp>

<comp id="189" class="1005" name="i_3_reg_189">
<pin_list>
<pin id="190" dir="0" index="0" bw="32" slack="1"/>
<pin id="191" dir="1" index="1" bw="32" slack="1"/>
</pin_list>
<bind>
<opset="i_3 "/>
</bind>
</comp>

</comp_list>

<net_list>
<net id="61"><net_src comp="10" pin="0"/><net_sink comp="58" pin=0"/></net>

<net id="66"><net_src comp="12" pin="0"/><net_sink comp="62" pin=0"/></net>

<net id="67"><net_src comp="6" pin="0"/><net_sink comp="62" pin=1"/></net>

<net id="72"><net_src comp="12" pin="0"/><net_sink comp="68" pin=0"/></net>

<net id="73"><net_src comp="4" pin="0"/><net_sink comp="68" pin=1"/></net>

<net id="78"><net_src comp="14" pin="0"/><net_sink comp="74" pin=0"/></net>

<net id="79"><net_src comp="2" pin="0"/><net_sink comp="74" pin=1"/></net>

<net id="84"><net_src comp="16" pin="0"/><net_sink comp="80" pin=0"/></net>

<net id="85"><net_src comp="0" pin="0"/><net_sink comp="80" pin=1"/></net>

<net id="91"><net_src comp="56" pin="0"/><net_sink comp="86" pin=0"/></net>

<net id="92"><net_src comp="8" pin="0"/><net_sink comp="86" pin=1"/></net>

<net id="97"><net_src comp="22" pin="0"/><net_sink comp="93" pin=0"/></net>

<net id="105"><net_src comp="98" pin="1"/><net_sink comp="101" pin=0"/></net>

<net id="106"><net_src comp="80" pin="2"/><net_sink comp="101" pin=1"/></net>

<net id="111"><net_src comp="98" pin="1"/><net_sink comp="107" pin=0"/></net>

<net id="112"><net_src comp="10" pin="0"/><net_sink comp="107" pin=1"/></net>

<net id="117"><net_src comp="107" pin="2"/><net_sink comp="113" pin=0"/></net>

<net id="124"><net_src comp="36" pin="0"/><net_sink comp="118" pin=0"/></net>

<net id="125"><net_src comp="38" pin="0"/><net_sink comp="118" pin=2"/></net>

<net id="126"><net_src comp="40" pin="0"/><net_sink comp="118" pin=3"/></net>

<net id="133"><net_src comp="42" pin="0"/><net_sink comp="127" pin=0"/></net>

<net id="134"><net_src comp="44" pin="0"/><net_sink comp="127" pin=2"/></net>

<net id="135"><net_src comp="46" pin="0"/><net_sink comp="127" pin=3"/></net>

<net id="142"><net_src comp="42" pin="0"/><net_sink comp="136" pin=0"/></net>

<net id="143"><net_src comp="48" pin="0"/><net_sink comp="136" pin=2"/></net>

<net id="144"><net_src comp="50" pin="0"/><net_sink comp="136" pin=3"/></net>

<net id="155"><net_src comp="52" pin="0"/><net_sink comp="145" pin=0"/></net>

<net id="156"><net_src comp="136" pin="4"/><net_sink comp="145" pin=1"/></net>

<net id="157"><net_src comp="127" pin="4"/><net_sink comp="145" pin=2"/></net>

<net id="158"><net_src comp="118" pin="4"/><net_sink comp="145" pin=4"/></net>

<net id="159"><net_src comp="54" pin="0"/><net_sink comp="145" pin=5"/></net>

<net id="163"><net_src comp="145" pin="8"/><net_sink comp="160" pin=0"/></net>

<net id="164"><net_src comp="160" pin="1"/><net_sink comp="86" pin=2"/></net>

<net id="168"><net_src comp="58" pin="1"/><net_sink comp="165" pin=0"/></net>

<net id="169"><net_src comp="165" pin="1"/><net_sink comp="93" pin=1"/></net>

<net id="170"><net_src comp="165" pin="1"/><net_sink comp="98" pin=0"/></net>

<net id="171"><net_src comp="165" pin="1"/><net_sink comp="113" pin=1"/></net>

<net id="175"><net_src comp="62" pin="2"/><net_sink comp="172" pin=0"/></net>

<net id="176"><net_src comp="172" pin="1"/><net_sink comp="145" pin=7"/></net>

<net id="180"><net_src comp="68" pin="2"/><net_sink comp="177" pin=0"/></net>

<net id="181"><net_src comp="177" pin="1"/><net_sink comp="145" pin=6"/></net>

<net id="185"><net_src comp="74" pin="2"/><net_sink comp="182" pin=0"/></net>

<net id="186"><net_src comp="182" pin="1"/><net_sink comp="118" pin=1"/></net>

<net id="187"><net_src comp="182" pin="1"/><net_sink comp="127" pin=1"/></net>

<net id="188"><net_src comp="182" pin="1"/><net_sink comp="136" pin=1"/></net>

<net id="192"><net_src comp="98" pin="1"/><net_sink comp="189" pin=0"/></net>

<net id="193"><net_src comp="189" pin="1"/><net_sink comp="145" pin=3"/></net>

</net_list>

</model> 
---------------- Datapath Model END ------------------

* FSMD analyzer results:
  - Output states:
	Port: taskOutGlobal | {2 }
 - Input state : 
	Port: pageRankReduce_Pipeline_VITIS_LOOP_38_2 : base_task_vertex_count4 | {1 }
	Port: pageRankReduce_Pipeline_VITIS_LOOP_38_2 : empty | {1 }
	Port: pageRankReduce_Pipeline_VITIS_LOOP_38_2 : base_task_pPrCurr_3 | {1 }
	Port: pageRankReduce_Pipeline_VITIS_LOOP_38_2 : base_task_pPrNext_3 | {1 }
  - Chain level:
	State 1
		store_ln40 : 1
		i_3 : 1
		icmp_ln38 : 2
		i : 2
		br_ln38 : 3
		store_ln40 : 3
	State 2
		tmp_9 : 1
		zext_ln49 : 2
		write_ln49 : 3


============================================================
+ Verbose Summary: Datapath Resource usage 
============================================================

* Functional unit list:
|----------|-----------------------------------------|---------|---------|
| Operation|             Functional Unit             |    FF   |   LUT   |
|----------|-----------------------------------------|---------|---------|
|   icmp   |             icmp_ln38_fu_101            |    0    |    39   |
|----------|-----------------------------------------|---------|---------|
|    add   |                 i_fu_107                |    0    |    39   |
|----------|-----------------------------------------|---------|---------|
|          |   base_task_pPrNext_3_read_read_fu_62   |    0    |    0    |
|   read   |   base_task_pPrCurr_3_read_read_fu_68   |    0    |    0    |
|          |              tmp_read_fu_74             |    0    |    0    |
|          | base_task_vertex_count4_read_read_fu_80 |    0    |    0    |
|----------|-----------------------------------------|---------|---------|
|   write  |          write_ln49_write_fu_86         |    0    |    0    |
|----------|-----------------------------------------|---------|---------|
|          |               tmp_s_fu_118              |    0    |    0    |
|partselect|               tmp_1_fu_127              |    0    |    0    |
|          |               tmp_2_fu_136              |    0    |    0    |
|----------|-----------------------------------------|---------|---------|
|bitconcatenate|               tmp_9_fu_145              |    0    |    0    |
|----------|-----------------------------------------|---------|---------|
|   zext   |             zext_ln49_fu_160            |    0    |    0    |
|----------|-----------------------------------------|---------|---------|
|   Total  |                                         |    0    |    78   |
|----------|-----------------------------------------|---------|---------|

Memories:
N/A

* Register list:
+--------------------------------+--------+
|                                |   FF   |
+--------------------------------+--------+
|base_task_pPrCurr_3_read_reg_177|   64   |
|base_task_pPrNext_3_read_reg_172|   64   |
|           i_3_reg_189          |   32   |
|           tmp_reg_182          |   416  |
|    vmap_task_vertex_reg_165    |   32   |
+--------------------------------+--------+
|              Total             |   608  |
+--------------------------------+--------+

* Multiplexer (MUX) list: 
|--------|------|------|------|--------|
|  Comp  |  Pin | Size |  BW  | S x BW |
|--------|------|------|------|--------|
|  Total |      |      |      |    0   |
|--------|------|------|------|--------|



* Summary:
+-----------+--------+--------+
|           |   FF   |   LUT  |
+-----------+--------+--------+
|  Function |    0   |   78   |
|   Memory  |    -   |    -   |
|Multiplexer|    -   |    -   |
|  Register |   608  |    -   |
+-----------+--------+--------+
|   Total   |   608  |   78   |
+-----------+--------+--------+
