

================================================================
== Vitis HLS Report for 'pageRankReduce'
================================================================
* Date:           Thu Aug 14 16:12:00 2025

* Version:        2024.1 (Build 5069499 on May 21 2024)
* Project:        pageRankReduce
* Solution:       hls (Vivado IP Flow Target)
* Product family: virtexuplusHBM
* Target device:  xcu55c-fsvh2892-2LV-e


================================================================
== Performance Estimates
================================================================
+ Timing: 
    * Summary: 
    +--------+---------+----------+------------+
    |  Clock |  Target | Estimated| Uncertainty|
    +--------+---------+----------+------------+
    |ap_clk  |  4.00 ns|  3.231 ns|     1.08 ns|
    +--------+---------+----------+------------+

+ Latency: 
    * Summary: 
    +---------+---------+----------+----------+-----+-----+---------+
    |  Latency (cycles) |  Latency (absolute) |  Interval | Pipeline|
    |   min   |   max   |    min   |    max   | min | max |   Type  |
    +---------+---------+----------+----------+-----+-----+---------+
    |        ?|        ?|         ?|         ?|    ?|    ?|       no|
    +---------+---------+----------+----------+-----+-----+---------+

    + Detail: 
        * Instance: 
        +----------------------------------------------------+-----------------------------------------+---------+---------+----------+----------+-----+-----+-----------------------------------------------+
        |                                                    |                                         |  Latency (cycles) |  Latency (absolute) |  Interval |                    Pipeline                   |
        |                      Instance                      |                  Module                 |   min   |   max   |    min   |    max   | min | max |                      Type                     |
        +----------------------------------------------------+-----------------------------------------+---------+---------+----------+----------+-----+-----+-----------------------------------------------+
        |grp_pageRankReduce_Pipeline_VITIS_LOOP_38_2_fu_180  |pageRankReduce_Pipeline_VITIS_LOOP_38_2  |        ?|        ?|         ?|         ?|    0|    0|  loop auto-rewind stp(delay=0 clock cycles(s))|
        |grp_pageRankReduce_Pipeline_VITIS_LOOP_55_3_fu_192  |pageRankReduce_Pipeline_VITIS_LOOP_55_3  |        ?|        ?|         ?|         ?|    0|    0|  loop auto-rewind stp(delay=0 clock cycles(s))|
        |grp_pageRankReduce_Pipeline_VITIS_LOOP_62_4_fu_203  |pageRankReduce_Pipeline_VITIS_LOOP_62_4  |       27|       27|  0.108 us|  0.108 us|   26|   26|  loop auto-rewind stp(delay=0 clock cycles(s))|
        +----------------------------------------------------+-----------------------------------------+---------+---------+----------+----------+-----+-----+-----------------------------------------------+

        * Loop: 
        +-------------------+---------+---------+----------+-----------+-----------+------+----------+
        |                   |  Latency (cycles) | Iteration|  Initiation Interval  | Trip |          |
        |     Loop Name     |   min   |   max   |  Latency |  achieved |   target  | Count| Pipelined|
        +-------------------+---------+---------+----------+-----------+-----------+------+----------+
        |- VITIS_LOOP_34_1  |        ?|        ?|         ?|          -|          -|     ?|        no|
        +-------------------+---------+---------+----------+-----------+-----------+------+----------+



================================================================
== Utilization Estimates
================================================================
* Summary: 
+---------------------+---------+------+---------+---------+-----+
|         Name        | BRAM_18K|  DSP |    FF   |   LUT   | URAM|
+---------------------+---------+------+---------+---------+-----+
|DSP                  |        -|     -|        -|        -|    -|
|Expression           |        -|     -|        0|      188|    -|
|FIFO                 |        -|     -|        -|        -|    -|
|Instance             |        -|     2|      962|     1103|    -|
|Memory               |        -|     -|        -|        -|    -|
|Multiplexer          |        -|     -|        0|      142|    -|
|Register             |        -|     -|     1271|        -|    -|
+---------------------+---------+------+---------+---------+-----+
|Total                |        0|     2|     2233|     1433|    0|
+---------------------+---------+------+---------+---------+-----+
|Available SLR        |     1344|  3008|   869120|   434560|  320|
+---------------------+---------+------+---------+---------+-----+
|Utilization SLR (%)  |        0|    ~0|       ~0|       ~0|    0|
+---------------------+---------+------+---------+---------+-----+
|Available            |     4032|  9024|  2607360|  1303680|  960|
+---------------------+---------+------+---------+---------+-----+
|Utilization (%)      |        0|    ~0|       ~0|       ~0|    0|
+---------------------+---------+------+---------+---------+-----+

+ Detail: 
    * Instance: 
    +----------------------------------------------------+-----------------------------------------+---------+----+-----+-----+-----+
    |                      Instance                      |                  Module                 | BRAM_18K| DSP|  FF | LUT | URAM|
    +----------------------------------------------------+-----------------------------------------+---------+----+-----+-----+-----+
    |fcmp_32ns_32ns_1_2_no_dsp_1_U24                     |fcmp_32ns_32ns_1_2_no_dsp_1              |        0|   0|    0|    0|    0|
    |grp_pageRankReduce_Pipeline_VITIS_LOOP_38_2_fu_180  |pageRankReduce_Pipeline_VITIS_LOOP_38_2  |        0|   0|   67|  129|    0|
    |grp_pageRankReduce_Pipeline_VITIS_LOOP_55_3_fu_192  |pageRankReduce_Pipeline_VITIS_LOOP_55_3  |        0|   0|  500|  623|    0|
    |grp_pageRankReduce_Pipeline_VITIS_LOOP_62_4_fu_203  |pageRankReduce_Pipeline_VITIS_LOOP_62_4  |        0|   2|  395|  351|    0|
    +----------------------------------------------------+-----------------------------------------+---------+----+-----+-----+-----+
    |Total                                               |                                         |        0|   2|  962| 1103|    0|
    +----------------------------------------------------+-----------------------------------------+---------+----+-----+-----+-----+

    * DSP: 
    N/A

    * Memory: 
    N/A

    * FIFO: 
    N/A

    * Expression: 
    +-------------------------------------------------------------------------+----------+----+---+----+------------+------------+
    |                              Variable Name                              | Operation| DSP| FF| LUT| Bitwidth P0| Bitwidth P1|
    +-------------------------------------------------------------------------+----------+----+---+----+------------+------------+
    |add_ln34_fu_402_p2                                                       |         +|   0|  0|  39|          32|           1|
    |and_ln70_1_fu_391_p2                                                     |       and|   0|  0|   2|           1|           1|
    |and_ln70_fu_385_p2                                                       |       and|   0|  0|   2|           1|           1|
    |ap_block_state10                                                         |       and|   0|  0|   2|           1|           1|
    |ap_block_state11                                                         |       and|   0|  0|   2|           1|           1|
    |grp_pageRankReduce_Pipeline_VITIS_LOOP_38_2_fu_180_taskOutGlobal_TREADY  |       and|   0|  0|   2|           1|           1|
    |icmp_ln70_1_fu_365_p2                                                    |      icmp|   0|  0|  15|           8|           2|
    |icmp_ln70_2_fu_371_p2                                                    |      icmp|   0|  0|  30|          23|           1|
    |icmp_ln70_3_fu_310_p2                                                    |      icmp|   0|  0|  15|           8|           2|
    |icmp_ln70_4_fu_316_p2                                                    |      icmp|   0|  0|  30|          23|           1|
    |icmp_ln70_fu_322_p2                                                      |      icmp|   0|  0|  39|          32|          32|
    |ap_block_state1                                                          |        or|   0|  0|   2|           1|           1|
    |ap_block_state12                                                         |        or|   0|  0|   2|           1|           1|
    |or_ln70_1_fu_377_p2                                                      |        or|   0|  0|   2|           1|           1|
    |or_ln70_2_fu_381_p2                                                      |        or|   0|  0|   2|           1|           1|
    |or_ln70_fu_397_p2                                                        |        or|   0|  0|   2|           1|           1|
    +-------------------------------------------------------------------------+----------+----+---+----+------------+------------+
    |Total                                                                    |          |   0|  0| 188|         136|          49|
    +-------------------------------------------------------------------------+----------+----+---+----+------------+------------+

    * Multiplexer: 
    +--------------------------------------+----+-----------+-----+-----------+
    |                 Name                 | LUT| Input Size| Bits| Total Bits|
    +--------------------------------------+----+-----------+-----+-----------+
    |ap_NS_fsm                             |  65|         13|    1|         13|
    |ap_phi_mux_done_flag_1_phi_fu_171_p4  |   9|          2|    1|          2|
    |argOut_TDATA_blk_n                    |   9|          2|    1|          2|
    |base_task_pPrCurr_3_reg_133           |   9|          2|   64|        128|
    |base_task_pPrNext_3_reg_143           |   9|          2|   64|        128|
    |done_flag_reg_155                     |   9|          2|    1|          2|
    |iter_fu_96                            |   9|          2|   32|         64|
    |taskIn_TDATA_blk_n                    |   9|          2|    1|          2|
    |taskIn_TREADY_int_regslice            |  14|          3|    1|          3|
    +--------------------------------------+----+-----------+-----+-----------+
    |Total                                 | 142|         30|  166|        344|
    +--------------------------------------+----+-----------+-----+-----------+

    * Register: 
    +-----------------------------------------------------------------+-----+----+-----+-----------+
    |                               Name                              |  FF | LUT| Bits| Const Bits|
    +-----------------------------------------------------------------+-----+----+-----+-----------+
    |ap_CS_fsm                                                        |   12|   0|   12|          0|
    |base_task_cont_reg_487                                           |   64|   0|   64|          0|
    |base_task_epsilon_reg_482                                        |   32|   0|   32|          0|
    |base_task_iteration_count_reg_461                                |   32|   0|   32|          0|
    |base_task_pPrCurr_3_reg_133                                      |   64|   0|   64|          0|
    |base_task_pPrNext_3_reg_143                                      |   64|   0|   64|          0|
    |base_task_vertex_count_reg_476                                   |   32|   0|   32|          0|
    |done_flag_1_reg_166                                              |    1|   0|    1|          0|
    |done_flag_reg_155                                                |    1|   0|    1|          0|
    |grp_pageRankReduce_Pipeline_VITIS_LOOP_38_2_fu_180_ap_start_reg  |    1|   0|    1|          0|
    |grp_pageRankReduce_Pipeline_VITIS_LOOP_55_3_fu_192_ap_start_reg  |    1|   0|    1|          0|
    |grp_pageRankReduce_Pipeline_VITIS_LOOP_62_4_fu_203_ap_start_reg  |    1|   0|    1|          0|
    |icmp_ln70_1_reg_522                                              |    1|   0|    1|          0|
    |icmp_ln70_2_reg_527                                              |    1|   0|    1|          0|
    |icmp_ln70_3_reg_492                                              |    1|   0|    1|          0|
    |icmp_ln70_4_reg_497                                              |    1|   0|    1|          0|
    |icmp_ln70_reg_502                                                |    1|   0|    1|          0|
    |iter_fu_96                                                       |   32|   0|   32|          0|
    |or_ln70_reg_532                                                  |    1|   0|    1|          0|
    |taskIn_read_reg_450                                              |  512|   0|  512|          0|
    |trunc_ln29_reg_456                                               |  416|   0|  416|          0|
    +-----------------------------------------------------------------+-----+----+-----+-----------+
    |Total                                                            | 1271|   0| 1271|          0|
    +-----------------------------------------------------------------+-----+----+-----+-----------+



================================================================
== Interface
================================================================
* Summary: 
+----------------------+-----+-----+------------+----------------+--------------+
|       RTL Ports      | Dir | Bits|  Protocol  |  Source Object |    C Type    |
+----------------------+-----+-----+------------+----------------+--------------+
|ap_clk                |   in|    1|  ap_ctrl_hs|  pageRankReduce|  return value|
|ap_rst_n              |   in|    1|  ap_ctrl_hs|  pageRankReduce|  return value|
|ap_start              |   in|    1|  ap_ctrl_hs|  pageRankReduce|  return value|
|ap_done               |  out|    1|  ap_ctrl_hs|  pageRankReduce|  return value|
|ap_idle               |  out|    1|  ap_ctrl_hs|  pageRankReduce|  return value|
|ap_ready              |  out|    1|  ap_ctrl_hs|  pageRankReduce|  return value|
|taskOutGlobal_TDATA   |  out|  512|        axis|   taskOutGlobal|       pointer|
|taskOutGlobal_TVALID  |  out|    1|        axis|   taskOutGlobal|       pointer|
|taskOutGlobal_TREADY  |   in|    1|        axis|   taskOutGlobal|       pointer|
|taskIn_TDATA          |   in|  512|        axis|          taskIn|       pointer|
|taskIn_TVALID         |   in|    1|        axis|          taskIn|       pointer|
|taskIn_TREADY         |  out|    1|        axis|          taskIn|       pointer|
|argOut_TDATA          |  out|   64|        axis|          argOut|       pointer|
|argOut_TVALID         |  out|    1|        axis|          argOut|       pointer|
|argOut_TREADY         |   in|    1|        axis|          argOut|       pointer|
+----------------------+-----+-----+------------+----------------+--------------+

============================================================
+ Verbose Summary: Synthesis Manager
============================================================
InlineROM: 1
ExposeGlobal: 0
============================================================
+ Verbose Summary: CDFG Model
============================================================
IsTopModel: 1
ResetActiveHigh: 1
IsCombinational: 2
IsDatapathOnly: 2
HasWiredReturn: 1
HasMFsm: 0
HasVarLatency: 1
IsPipeline: 0
IsRtlPipelined: 0
IsInstanceOverlapped: 0
IsDontTouch: 0
HasImplIP: 0
IsGatedGlobalClock: 0


============================================================
+ Verbose Summary: Schedule
============================================================
* Number of FSM states : 12
* Pipeline : 0
* Dataflow Pipeline: 0

* FSM state transitions: 
1 --> 2 
2 --> 3 12 
3 --> 4 
4 --> 5 
5 --> 6 
6 --> 7 
7 --> 8 
8 --> 9 
9 --> 10 
10 --> 11 
11 --> 2 
12 --> 

* FSM state operations: 

State 1 <SV = 0> <Delay = 0.38>
ST_1 : Operation 13 [1/1] (0.00ns)   --->   "%iter = alloca i32 1" [pageRank.cpp:31]   --->   Operation 13 'alloca' 'iter' <Predicate = true> <Delay = 0.00>
ST_1 : Operation 14 [1/1] (0.00ns)   --->   "%sum_loc = alloca i64 1"   --->   Operation 14 'alloca' 'sum_loc' <Predicate = true> <Delay = 0.00>
ST_1 : Operation 15 [1/1] (0.00ns)   --->   "%partial_sums_3_load_loc = alloca i64 1"   --->   Operation 15 'alloca' 'partial_sums_3_load_loc' <Predicate = true> <Delay = 0.00>
ST_1 : Operation 16 [1/1] (0.00ns)   --->   "%partial_sums_2_load_loc = alloca i64 1"   --->   Operation 16 'alloca' 'partial_sums_2_load_loc' <Predicate = true> <Delay = 0.00>
ST_1 : Operation 17 [1/1] (0.00ns)   --->   "%partial_sums_1_load_loc = alloca i64 1"   --->   Operation 17 'alloca' 'partial_sums_1_load_loc' <Predicate = true> <Delay = 0.00>
ST_1 : Operation 18 [1/1] (0.00ns)   --->   "%partial_sums_load_loc = alloca i64 1"   --->   Operation 18 'alloca' 'partial_sums_load_loc' <Predicate = true> <Delay = 0.00>
ST_1 : Operation 19 [1/1] (0.00ns)   --->   "%spectopmodule_ln18 = spectopmodule void @_ssdm_op_SpecTopModule, void @empty_2" [pageRank.cpp:18]   --->   Operation 19 'spectopmodule' 'spectopmodule_ln18' <Predicate = true> <Delay = 0.00>
ST_1 : Operation 20 [1/1] (0.00ns)   --->   "%specinterface_ln0 = specinterface void @_ssdm_op_SpecInterface, i512 %taskOutGlobal, void @empty, i32 1, i32 1, void @empty_0, i32 0, i32 0, void @empty_1, void @empty_1, void @empty_1, i32 0, i32 0, i32 0, i32 0, void @empty_1, void @empty_1, i32 4294967295, i32 0, i32 0"   --->   Operation 20 'specinterface' 'specinterface_ln0' <Predicate = true> <Delay = 0.00>
ST_1 : Operation 21 [1/1] (0.00ns)   --->   "%specbitsmap_ln0 = specbitsmap void @_ssdm_op_SpecBitsMap, i512 %taskOutGlobal"   --->   Operation 21 'specbitsmap' 'specbitsmap_ln0' <Predicate = true> <Delay = 0.00>
ST_1 : Operation 22 [1/1] (0.00ns)   --->   "%specinterface_ln0 = specinterface void @_ssdm_op_SpecInterface, i512 %taskIn, void @empty, i32 1, i32 1, void @empty_0, i32 0, i32 0, void @empty_1, void @empty_1, void @empty_1, i32 0, i32 0, i32 0, i32 0, void @empty_1, void @empty_1, i32 4294967295, i32 0, i32 0"   --->   Operation 22 'specinterface' 'specinterface_ln0' <Predicate = true> <Delay = 0.00>
ST_1 : Operation 23 [1/1] (0.00ns)   --->   "%specbitsmap_ln0 = specbitsmap void @_ssdm_op_SpecBitsMap, i512 %taskIn"   --->   Operation 23 'specbitsmap' 'specbitsmap_ln0' <Predicate = true> <Delay = 0.00>
ST_1 : Operation 24 [1/1] (0.00ns)   --->   "%specinterface_ln0 = specinterface void @_ssdm_op_SpecInterface, i64 %argOut, void @empty, i32 1, i32 1, void @empty_0, i32 0, i32 0, void @empty_1, void @empty_1, void @empty_1, i32 0, i32 0, i32 0, i32 0, void @empty_1, void @empty_1, i32 4294967295, i32 0, i32 0"   --->   Operation 24 'specinterface' 'specinterface_ln0' <Predicate = true> <Delay = 0.00>
ST_1 : Operation 25 [1/1] (0.00ns)   --->   "%specbitsmap_ln0 = specbitsmap void @_ssdm_op_SpecBitsMap, i64 %argOut"   --->   Operation 25 'specbitsmap' 'specbitsmap_ln0' <Predicate = true> <Delay = 0.00>
ST_1 : Operation 26 [1/1] (0.07ns)   --->   "%taskIn_read = read i512 @_ssdm_op_Read.axis.volatile.i512P128A, i512 %taskIn" [pageRank.cpp:29]   --->   Operation 26 'read' 'taskIn_read' <Predicate = true> <Delay = 0.07> <CoreInst = "regslice">   --->   Core 148 'regslice' <Latency = 0> <II = 1> <Delay = 0.99> <Adapter> <Opcode : 'read' 'write'>
ST_1 : Operation 27 [1/1] (0.00ns)   --->   "%trunc_ln29 = trunc i512 %taskIn_read" [pageRank.cpp:29]   --->   Operation 27 'trunc' 'trunc_ln29' <Predicate = true> <Delay = 0.00>
ST_1 : Operation 28 [1/1] (0.00ns)   --->   "%base_task_iteration_count = partselect i32 @_ssdm_op_PartSelect.i32.i512.i32.i32, i512 %taskIn_read, i32 32, i32 63" [pageRank.cpp:29]   --->   Operation 28 'partselect' 'base_task_iteration_count' <Predicate = true> <Delay = 0.00>
ST_1 : Operation 29 [1/1] (0.00ns)   --->   "%base_task_pPrCurr = partselect i64 @_ssdm_op_PartSelect.i64.i512.i32.i32, i512 %taskIn_read, i32 128, i32 191" [pageRank.cpp:29]   --->   Operation 29 'partselect' 'base_task_pPrCurr' <Predicate = true> <Delay = 0.00>
ST_1 : Operation 30 [1/1] (0.00ns)   --->   "%base_task_pPrNext = partselect i64 @_ssdm_op_PartSelect.i64.i512.i32.i32, i512 %taskIn_read, i32 192, i32 255" [pageRank.cpp:29]   --->   Operation 30 'partselect' 'base_task_pPrNext' <Predicate = true> <Delay = 0.00>
ST_1 : Operation 31 [1/1] (0.00ns)   --->   "%base_task_vertex_count = partselect i32 @_ssdm_op_PartSelect.i32.i512.i32.i32, i512 %taskIn_read, i32 384, i32 415" [pageRank.cpp:29]   --->   Operation 31 'partselect' 'base_task_vertex_count' <Predicate = true> <Delay = 0.00>
ST_1 : Operation 32 [1/1] (0.00ns)   --->   "%tmp5 = partselect i32 @_ssdm_op_PartSelect.i32.i512.i32.i32, i512 %taskIn_read, i32 416, i32 447" [pageRank.cpp:29]   --->   Operation 32 'partselect' 'tmp5' <Predicate = true> <Delay = 0.00>
ST_1 : Operation 33 [1/1] (0.00ns)   --->   "%base_task_epsilon = bitcast i32 %tmp5" [pageRank.cpp:29]   --->   Operation 33 'bitcast' 'base_task_epsilon' <Predicate = true> <Delay = 0.00>
ST_1 : Operation 34 [1/1] (0.00ns)   --->   "%base_task_cont = partselect i64 @_ssdm_op_PartSelect.i64.i512.i32.i32, i512 %taskIn_read, i32 448, i32 511" [pageRank.cpp:29]   --->   Operation 34 'partselect' 'base_task_cont' <Predicate = true> <Delay = 0.00>
ST_1 : Operation 35 [1/1] (0.38ns)   --->   "%store_ln31 = store i32 1, i32 %iter" [pageRank.cpp:31]   --->   Operation 35 'store' 'store_ln31' <Predicate = true> <Delay = 0.38>
ST_1 : Operation 36 [1/1] (0.38ns)   --->   "%br_ln34 = br void %while.cond" [pageRank.cpp:34]   --->   Operation 36 'br' 'br_ln34' <Predicate = true> <Delay = 0.38>

State 2 <SV = 1> <Delay = 1.26>
ST_2 : Operation 37 [1/1] (0.00ns)   --->   "%base_task_pPrCurr_3 = phi i64 %base_task_pPrCurr, void %entry, i64 %base_task_pPrNext_3, void %if.end"   --->   Operation 37 'phi' 'base_task_pPrCurr_3' <Predicate = true> <Delay = 0.00>
ST_2 : Operation 38 [1/1] (0.00ns)   --->   "%base_task_pPrNext_3 = phi i64 %base_task_pPrNext, void %entry, i64 %base_task_pPrCurr_3, void %if.end"   --->   Operation 38 'phi' 'base_task_pPrNext_3' <Predicate = true> <Delay = 0.00>
ST_2 : Operation 39 [1/1] (0.00ns)   --->   "%done_flag = phi i1 0, void %entry, i1 %done_flag_1, void %if.end"   --->   Operation 39 'phi' 'done_flag' <Predicate = true> <Delay = 0.00>
ST_2 : Operation 40 [1/1] (0.00ns)   --->   "%br_ln34 = br i1 %done_flag, void %VITIS_LOOP_38_2, void %while.end" [pageRank.cpp:34]   --->   Operation 40 'br' 'br_ln34' <Predicate = true> <Delay = 0.00>
ST_2 : Operation 41 [1/1] (0.00ns)   --->   "%iter_load_1 = load i32 %iter" [pageRank.cpp:70]   --->   Operation 41 'load' 'iter_load_1' <Predicate = (!done_flag)> <Delay = 0.00>
ST_2 : Operation 42 [1/1] (0.00ns)   --->   "%empty = wait i32 @_ssdm_op_Wait"   --->   Operation 42 'wait' 'empty' <Predicate = (!done_flag)> <Delay = 0.00>
ST_2 : Operation 43 [2/2] (1.26ns)   --->   "%call_ln29 = call void @pageRankReduce_Pipeline_VITIS_LOOP_38_2, i32 %base_task_vertex_count, i416 %trunc_ln29, i64 %base_task_pPrCurr_3, i64 %base_task_pPrNext_3, i512 %taskOutGlobal" [pageRank.cpp:29]   --->   Operation 43 'call' 'call_ln29' <Predicate = (!done_flag)> <Delay = 1.26> <CoreType = "Generic">   --->   Core 0 '' <Latency = 0> <II = 1> <Delay = 1.00> <Generic> <Opcode : >
ST_2 : Operation 44 [1/1] (0.00ns)   --->   "%tmp_3 = partselect i8 @_ssdm_op_PartSelect.i8.i512.i32.i32, i512 %taskIn_read, i32 439, i32 446" [pageRank.cpp:70]   --->   Operation 44 'partselect' 'tmp_3' <Predicate = (!done_flag)> <Delay = 0.00>
ST_2 : Operation 45 [1/1] (0.00ns)   --->   "%tmp_4 = partselect i23 @_ssdm_op_PartSelect.i23.i512.i32.i32, i512 %taskIn_read, i32 416, i32 438" [pageRank.cpp:70]   --->   Operation 45 'partselect' 'tmp_4' <Predicate = (!done_flag)> <Delay = 0.00>
ST_2 : Operation 46 [1/1] (0.70ns)   --->   "%icmp_ln70_3 = icmp_ne  i8 %tmp_3, i8 255" [pageRank.cpp:70]   --->   Operation 46 'icmp' 'icmp_ln70_3' <Predicate = (!done_flag)> <Delay = 0.70> <CoreInst = "Cmp">   --->   Core 9 'Cmp' <Latency = 0> <II = 1> <Delay = 0.70> <FuncUnit> <Opcode : 'seteq' 'setne' 'setle' 'setge' 'setlt' 'setgt'> <InPorts = 2> <OutPorts = 1>
ST_2 : Operation 47 [1/1] (0.82ns)   --->   "%icmp_ln70_4 = icmp_eq  i23 %tmp_4, i23 0" [pageRank.cpp:70]   --->   Operation 47 'icmp' 'icmp_ln70_4' <Predicate = (!done_flag)> <Delay = 0.82> <CoreInst = "Cmp">   --->   Core 9 'Cmp' <Latency = 0> <II = 1> <Delay = 0.82> <FuncUnit> <Opcode : 'seteq' 'setne' 'setle' 'setge' 'setlt' 'setgt'> <InPorts = 2> <OutPorts = 1>
ST_2 : Operation 48 [1/1] (0.88ns)   --->   "%icmp_ln70 = icmp_ugt  i32 %iter_load_1, i32 %base_task_iteration_count" [pageRank.cpp:70]   --->   Operation 48 'icmp' 'icmp_ln70' <Predicate = (!done_flag)> <Delay = 0.88> <CoreInst = "Cmp">   --->   Core 9 'Cmp' <Latency = 0> <II = 1> <Delay = 0.88> <FuncUnit> <Opcode : 'seteq' 'setne' 'setle' 'setge' 'setlt' 'setgt'> <InPorts = 2> <OutPorts = 1>

State 3 <SV = 2> <Delay = 1.65>
ST_3 : Operation 49 [1/2] (1.65ns)   --->   "%call_ln29 = call void @pageRankReduce_Pipeline_VITIS_LOOP_38_2, i32 %base_task_vertex_count, i416 %trunc_ln29, i64 %base_task_pPrCurr_3, i64 %base_task_pPrNext_3, i512 %taskOutGlobal" [pageRank.cpp:29]   --->   Operation 49 'call' 'call_ln29' <Predicate = true> <Delay = 1.65> <CoreType = "Generic">   --->   Core 0 '' <Latency = 0> <II = 1> <Delay = 1.00> <Generic> <Opcode : >

State 4 <SV = 3> <Delay = 0.00>
ST_4 : Operation 50 [1/1] (0.00ns)   --->   "%empty_16 = wait i32 @_ssdm_op_Wait"   --->   Operation 50 'wait' 'empty_16' <Predicate = true> <Delay = 0.00>

State 5 <SV = 4> <Delay = 1.26>
ST_5 : Operation 51 [1/1] (0.00ns)   --->   "%empty_17 = wait i32 @_ssdm_op_Wait"   --->   Operation 51 'wait' 'empty_17' <Predicate = true> <Delay = 0.00>
ST_5 : Operation 52 [2/2] (1.26ns)   --->   "%call_ln29 = call void @pageRankReduce_Pipeline_VITIS_LOOP_55_3, i32 %base_task_vertex_count, i512 %taskIn, i32 %partial_sums_load_loc, i32 %partial_sums_1_load_loc, i32 %partial_sums_2_load_loc, i32 %partial_sums_3_load_loc" [pageRank.cpp:29]   --->   Operation 52 'call' 'call_ln29' <Predicate = true> <Delay = 1.26> <CoreType = "Generic">   --->   Core 0 '' <Latency = 0> <II = 1> <Delay = 1.00> <Generic> <Opcode : >

State 6 <SV = 5> <Delay = 0.00>
ST_6 : Operation 53 [1/2] (0.00ns)   --->   "%call_ln29 = call void @pageRankReduce_Pipeline_VITIS_LOOP_55_3, i32 %base_task_vertex_count, i512 %taskIn, i32 %partial_sums_load_loc, i32 %partial_sums_1_load_loc, i32 %partial_sums_2_load_loc, i32 %partial_sums_3_load_loc" [pageRank.cpp:29]   --->   Operation 53 'call' 'call_ln29' <Predicate = true> <Delay = 0.00> <CoreType = "Generic">   --->   Core 0 '' <Latency = 0> <II = 1> <Delay = 1.00> <Generic> <Opcode : >

State 7 <SV = 6> <Delay = 0.45>
ST_7 : Operation 54 [1/1] (0.00ns)   --->   "%partial_sums_load = load i32 %partial_sums_load_loc"   --->   Operation 54 'load' 'partial_sums_load' <Predicate = true> <Delay = 0.00>
ST_7 : Operation 55 [1/1] (0.00ns)   --->   "%partial_sums_1_load = load i32 %partial_sums_1_load_loc"   --->   Operation 55 'load' 'partial_sums_1_load' <Predicate = true> <Delay = 0.00>
ST_7 : Operation 56 [1/1] (0.00ns)   --->   "%partial_sums_2_load = load i32 %partial_sums_2_load_loc"   --->   Operation 56 'load' 'partial_sums_2_load' <Predicate = true> <Delay = 0.00>
ST_7 : Operation 57 [1/1] (0.00ns)   --->   "%partial_sums_3_load = load i32 %partial_sums_3_load_loc"   --->   Operation 57 'load' 'partial_sums_3_load' <Predicate = true> <Delay = 0.00>
ST_7 : Operation 58 [1/1] (0.00ns)   --->   "%empty_18 = wait i32 @_ssdm_op_Wait"   --->   Operation 58 'wait' 'empty_18' <Predicate = true> <Delay = 0.00>
ST_7 : Operation 59 [2/2] (0.45ns)   --->   "%call_ln0 = call void @pageRankReduce_Pipeline_VITIS_LOOP_62_4, i32 %partial_sums_load, i32 %partial_sums_1_load, i32 %partial_sums_2_load, i32 %partial_sums_3_load, i32 %sum_loc"   --->   Operation 59 'call' 'call_ln0' <Predicate = true> <Delay = 0.45> <CoreType = "Generic">   --->   Core 0 '' <Latency = 0> <II = 1> <Delay = 1.00> <Generic> <Opcode : >

State 8 <SV = 7> <Delay = 0.00>
ST_8 : Operation 60 [1/2] (0.00ns)   --->   "%call_ln0 = call void @pageRankReduce_Pipeline_VITIS_LOOP_62_4, i32 %partial_sums_load, i32 %partial_sums_1_load, i32 %partial_sums_2_load, i32 %partial_sums_3_load, i32 %sum_loc"   --->   Operation 60 'call' 'call_ln0' <Predicate = true> <Delay = 0.00> <CoreType = "Generic">   --->   Core 0 '' <Latency = 0> <II = 1> <Delay = 1.00> <Generic> <Opcode : >

State 9 <SV = 8> <Delay = 1.64>
ST_9 : Operation 61 [1/1] (0.00ns)   --->   "%sum_loc_load = load i32 %sum_loc"   --->   Operation 61 'load' 'sum_loc_load' <Predicate = true> <Delay = 0.00>
ST_9 : Operation 62 [1/1] (0.00ns)   --->   "%bitcast_ln70 = bitcast i32 %sum_loc_load" [pageRank.cpp:70]   --->   Operation 62 'bitcast' 'bitcast_ln70' <Predicate = true> <Delay = 0.00>
ST_9 : Operation 63 [1/1] (0.00ns)   --->   "%tmp_s = partselect i8 @_ssdm_op_PartSelect.i8.i32.i32.i32, i32 %bitcast_ln70, i32 23, i32 30" [pageRank.cpp:70]   --->   Operation 63 'partselect' 'tmp_s' <Predicate = true> <Delay = 0.00>
ST_9 : Operation 64 [1/1] (0.00ns)   --->   "%trunc_ln70 = trunc i32 %bitcast_ln70" [pageRank.cpp:70]   --->   Operation 64 'trunc' 'trunc_ln70' <Predicate = true> <Delay = 0.00>
ST_9 : Operation 65 [1/1] (0.70ns)   --->   "%icmp_ln70_1 = icmp_ne  i8 %tmp_s, i8 255" [pageRank.cpp:70]   --->   Operation 65 'icmp' 'icmp_ln70_1' <Predicate = true> <Delay = 0.70> <CoreInst = "Cmp">   --->   Core 9 'Cmp' <Latency = 0> <II = 1> <Delay = 0.70> <FuncUnit> <Opcode : 'seteq' 'setne' 'setle' 'setge' 'setlt' 'setgt'> <InPorts = 2> <OutPorts = 1>
ST_9 : Operation 66 [1/1] (0.82ns)   --->   "%icmp_ln70_2 = icmp_eq  i23 %trunc_ln70, i23 0" [pageRank.cpp:70]   --->   Operation 66 'icmp' 'icmp_ln70_2' <Predicate = true> <Delay = 0.82> <CoreInst = "Cmp">   --->   Core 9 'Cmp' <Latency = 0> <II = 1> <Delay = 0.82> <FuncUnit> <Opcode : 'seteq' 'setne' 'setle' 'setge' 'setlt' 'setgt'> <InPorts = 2> <OutPorts = 1>
ST_9 : Operation 67 [2/2] (1.64ns)   --->   "%tmp_8 = fcmp_olt  i32 %sum_loc_load, i32 %base_task_epsilon" [pageRank.cpp:70]   --->   Operation 67 'fcmp' 'tmp_8' <Predicate = true> <Delay = 1.64> <CoreInst = "FCompare">   --->   Core 19 'FCompare' <Latency = 1> <II = 1> <Delay = 1.64> <FuncUnit> <Opcode : 'fcmp'> <InPorts = 2> <OutPorts = 1>

State 10 <SV = 9> <Delay = 2.36>
ST_10 : Operation 68 [1/1] (0.00ns)   --->   "%specloopname_ln34 = specloopname void @_ssdm_op_SpecLoopName, void @empty_6" [pageRank.cpp:34]   --->   Operation 68 'specloopname' 'specloopname_ln34' <Predicate = true> <Delay = 0.00>
ST_10 : Operation 69 [1/1] (0.00ns) (grouped into LUT with out node or_ln70)   --->   "%or_ln70_1 = or i1 %icmp_ln70_2, i1 %icmp_ln70_1" [pageRank.cpp:70]   --->   Operation 69 'or' 'or_ln70_1' <Predicate = true> <Delay = 0.00> <CoreInst = "LogicGate">   --->   Core 74 'LogicGate' <Latency = 0> <II = 1> <Delay = 0.12> <FuncUnit> <Opcode : 'and' 'or' 'xor'> <InPorts = 2> <OutPorts = 1>
ST_10 : Operation 70 [1/1] (0.00ns) (grouped into LUT with out node or_ln70)   --->   "%or_ln70_2 = or i1 %icmp_ln70_4, i1 %icmp_ln70_3" [pageRank.cpp:70]   --->   Operation 70 'or' 'or_ln70_2' <Predicate = true> <Delay = 0.00> <CoreInst = "LogicGate">   --->   Core 74 'LogicGate' <Latency = 0> <II = 1> <Delay = 0.12> <FuncUnit> <Opcode : 'and' 'or' 'xor'> <InPorts = 2> <OutPorts = 1>
ST_10 : Operation 71 [1/1] (0.00ns) (grouped into LUT with out node or_ln70)   --->   "%and_ln70 = and i1 %or_ln70_1, i1 %or_ln70_2" [pageRank.cpp:70]   --->   Operation 71 'and' 'and_ln70' <Predicate = true> <Delay = 0.00> <CoreInst = "LogicGate">   --->   Core 74 'LogicGate' <Latency = 0> <II = 1> <Delay = 0.12> <FuncUnit> <Opcode : 'and' 'or' 'xor'> <InPorts = 2> <OutPorts = 1>
ST_10 : Operation 72 [1/2] (1.64ns)   --->   "%tmp_8 = fcmp_olt  i32 %sum_loc_load, i32 %base_task_epsilon" [pageRank.cpp:70]   --->   Operation 72 'fcmp' 'tmp_8' <Predicate = true> <Delay = 1.64> <CoreInst = "FCompare">   --->   Core 19 'FCompare' <Latency = 1> <II = 1> <Delay = 1.64> <FuncUnit> <Opcode : 'fcmp'> <InPorts = 2> <OutPorts = 1>
ST_10 : Operation 73 [1/1] (0.00ns) (grouped into LUT with out node or_ln70)   --->   "%and_ln70_1 = and i1 %and_ln70, i1 %tmp_8" [pageRank.cpp:70]   --->   Operation 73 'and' 'and_ln70_1' <Predicate = true> <Delay = 0.00> <CoreInst = "LogicGate">   --->   Core 74 'LogicGate' <Latency = 0> <II = 1> <Delay = 0.12> <FuncUnit> <Opcode : 'and' 'or' 'xor'> <InPorts = 2> <OutPorts = 1>
ST_10 : Operation 74 [1/1] (0.12ns) (out node of the LUT)   --->   "%or_ln70 = or i1 %and_ln70_1, i1 %icmp_ln70" [pageRank.cpp:70]   --->   Operation 74 'or' 'or_ln70' <Predicate = true> <Delay = 0.12> <CoreInst = "LogicGate">   --->   Core 74 'LogicGate' <Latency = 0> <II = 1> <Delay = 0.12> <FuncUnit> <Opcode : 'and' 'or' 'xor'> <InPorts = 2> <OutPorts = 1>
ST_10 : Operation 75 [1/1] (0.38ns)   --->   "%br_ln70 = br i1 %or_ln70, void %if.end, void %if.then" [pageRank.cpp:70]   --->   Operation 75 'br' 'br_ln70' <Predicate = true> <Delay = 0.38>
ST_10 : Operation 76 [2/2] (0.59ns)   --->   "%write_ln72 = write void @_ssdm_op_Write.axis.volatile.i64P128A, i64 %argOut, i64 %base_task_cont" [pageRank.cpp:72]   --->   Operation 76 'write' 'write_ln72' <Predicate = (or_ln70)> <Delay = 0.59> <CoreInst = "regslice">   --->   Core 148 'regslice' <Latency = 0> <II = 1> <Delay = 0.72> <Adapter> <Opcode : 'read' 'write'>

State 11 <SV = 10> <Delay = 1.26>
ST_11 : Operation 77 [1/2] (0.59ns)   --->   "%write_ln72 = write void @_ssdm_op_Write.axis.volatile.i64P128A, i64 %argOut, i64 %base_task_cont" [pageRank.cpp:72]   --->   Operation 77 'write' 'write_ln72' <Predicate = (or_ln70)> <Delay = 0.59> <CoreInst = "regslice">   --->   Core 148 'regslice' <Latency = 0> <II = 1> <Delay = 0.72> <Adapter> <Opcode : 'read' 'write'>
ST_11 : Operation 78 [1/1] (0.38ns)   --->   "%br_ln73 = br void %if.end" [pageRank.cpp:73]   --->   Operation 78 'br' 'br_ln73' <Predicate = (or_ln70)> <Delay = 0.38>
ST_11 : Operation 79 [1/1] (0.00ns)   --->   "%done_flag_1 = phi i1 1, void %if.then, i1 0, void %VITIS_LOOP_38_2"   --->   Operation 79 'phi' 'done_flag_1' <Predicate = true> <Delay = 0.00>
ST_11 : Operation 80 [1/1] (0.00ns)   --->   "%iter_load = load i32 %iter" [pageRank.cpp:34]   --->   Operation 80 'load' 'iter_load' <Predicate = true> <Delay = 0.00>
ST_11 : Operation 81 [1/1] (0.88ns)   --->   "%add_ln34 = add i32 %iter_load, i32 1" [pageRank.cpp:34]   --->   Operation 81 'add' 'add_ln34' <Predicate = true> <Delay = 0.88> <CoreInst = "Adder">   --->   Core 1 'Adder' <Latency = 0> <II = 1> <Delay = 0.88> <FuncUnit> <Opcode : 'add' 'sub'> <InPorts = 2> <OutPorts = 1>
ST_11 : Operation 82 [1/1] (0.38ns)   --->   "%store_ln31 = store i32 %add_ln34, i32 %iter" [pageRank.cpp:31]   --->   Operation 82 'store' 'store_ln31' <Predicate = true> <Delay = 0.38>
ST_11 : Operation 83 [1/1] (0.00ns)   --->   "%br_ln34 = br void %while.cond" [pageRank.cpp:34]   --->   Operation 83 'br' 'br_ln34' <Predicate = true> <Delay = 0.00>

State 12 <SV = 3> <Delay = 0.00>
ST_12 : Operation 84 [1/1] (0.00ns)   --->   "%ret_ln75 = ret" [pageRank.cpp:75]   --->   Operation 84 'ret' 'ret_ln75' <Predicate = true> <Delay = 0.00>


============================================================
+ Verbose Summary: Binding
============================================================
STG Binding: 
---------------- STG Properties BEGIN ----------------
- Is combinational: 0
- Is one-state seq: 0
- Is datapath-only: 0
- Is pipelined: 0
- Is top level: 1
Port [ Return ] is wired: 1; IO mode=ap_ctrl_hs:ce=0
Port [ taskOutGlobal]:  wired=1; compound=1; hidden=0; nouse=0; global=0; static=0; extern=0; dir=1; type=0; pingpong=0; private_global=0; IO mode=axis:ce=0
Port [ taskIn]:  wired=1; compound=1; hidden=0; nouse=0; global=0; static=0; extern=0; dir=0; type=0; pingpong=0; private_global=0; IO mode=axis:ce=0
Port [ argOut]:  wired=1; compound=1; hidden=0; nouse=0; global=0; static=0; extern=0; dir=1; type=0; pingpong=0; private_global=0; IO mode=axis:ce=0
---------------- STG Properties END ------------------

---------------- Datapath Model BEGIN ----------------

<LifeTime>
<method=bitvector/>
iter                      (alloca       ) [ 0111111111110]
sum_loc                   (alloca       ) [ 0011111111110]
partial_sums_3_load_loc   (alloca       ) [ 0011111111110]
partial_sums_2_load_loc   (alloca       ) [ 0011111111110]
partial_sums_1_load_loc   (alloca       ) [ 0011111111110]
partial_sums_load_loc     (alloca       ) [ 0011111111110]
spectopmodule_ln18        (spectopmodule) [ 0000000000000]
specinterface_ln0         (specinterface) [ 0000000000000]
specbitsmap_ln0           (specbitsmap  ) [ 0000000000000]
specinterface_ln0         (specinterface) [ 0000000000000]
specbitsmap_ln0           (specbitsmap  ) [ 0000000000000]
specinterface_ln0         (specinterface) [ 0000000000000]
specbitsmap_ln0           (specbitsmap  ) [ 0000000000000]
taskIn_read               (read         ) [ 0011111111110]
trunc_ln29                (trunc        ) [ 0011111111110]
base_task_iteration_count (partselect   ) [ 0011111111110]
base_task_pPrCurr         (partselect   ) [ 0111111111110]
base_task_pPrNext         (partselect   ) [ 0111111111110]
base_task_vertex_count    (partselect   ) [ 0011111111110]
tmp5                      (partselect   ) [ 0000000000000]
base_task_epsilon         (bitcast      ) [ 0011111111110]
base_task_cont            (partselect   ) [ 0011111111110]
store_ln31                (store        ) [ 0000000000000]
br_ln34                   (br           ) [ 0111111111110]
base_task_pPrCurr_3       (phi          ) [ 0111111111110]
base_task_pPrNext_3       (phi          ) [ 0111111111110]
done_flag                 (phi          ) [ 0011111111110]
br_ln34                   (br           ) [ 0000000000000]
iter_load_1               (load         ) [ 0000000000000]
empty                     (wait         ) [ 0000000000000]
tmp_3                     (partselect   ) [ 0000000000000]
tmp_4                     (partselect   ) [ 0000000000000]
icmp_ln70_3               (icmp         ) [ 0001111111100]
icmp_ln70_4               (icmp         ) [ 0001111111100]
icmp_ln70                 (icmp         ) [ 0001111111100]
call_ln29                 (call         ) [ 0000000000000]
empty_16                  (wait         ) [ 0000000000000]
empty_17                  (wait         ) [ 0000000000000]
call_ln29                 (call         ) [ 0000000000000]
partial_sums_load         (load         ) [ 0000000010000]
partial_sums_1_load       (load         ) [ 0000000010000]
partial_sums_2_load       (load         ) [ 0000000010000]
partial_sums_3_load       (load         ) [ 0000000010000]
empty_18                  (wait         ) [ 0000000000000]
call_ln0                  (call         ) [ 0000000000000]
sum_loc_load              (load         ) [ 0000000000100]
bitcast_ln70              (bitcast      ) [ 0000000000000]
tmp_s                     (partselect   ) [ 0000000000000]
trunc_ln70                (trunc        ) [ 0000000000000]
icmp_ln70_1               (icmp         ) [ 0000000000100]
icmp_ln70_2               (icmp         ) [ 0000000000100]
specloopname_ln34         (specloopname ) [ 0000000000000]
or_ln70_1                 (or           ) [ 0000000000000]
or_ln70_2                 (or           ) [ 0000000000000]
and_ln70                  (and          ) [ 0000000000000]
tmp_8                     (fcmp         ) [ 0000000000000]
and_ln70_1                (and          ) [ 0000000000000]
or_ln70                   (or           ) [ 0011111111110]
br_ln70                   (br           ) [ 0011111111110]
write_ln72                (write        ) [ 0000000000000]
br_ln73                   (br           ) [ 0000000000000]
done_flag_1               (phi          ) [ 0110000000010]
iter_load                 (load         ) [ 0000000000000]
add_ln34                  (add          ) [ 0000000000000]
store_ln31                (store        ) [ 0000000000000]
br_ln34                   (br           ) [ 0111111111110]
ret_ln75                  (ret          ) [ 0000000000000]
</LifeTime>

<model>

<comp_list>
<comp id="0" class="1000" name="taskOutGlobal">
<pin_list>
<pin id="1" dir="1" index="0" bw="1" slack="0"/>
</pin_list>
<bind>
<StgValue><ssdm name="taskOutGlobal"/></StgValue>
</bind>
</comp>

<comp id="2" class="1000" name="taskIn">
<pin_list>
<pin id="3" dir="1" index="0" bw="1" slack="0"/>
</pin_list>
<bind>
<StgValue><ssdm name="taskIn"/></StgValue>
</bind>
</comp>

<comp id="4" class="1000" name="argOut">
<pin_list>
<pin id="5" dir="1" index="0" bw="1" slack="0"/>
</pin_list>
<bind>
<StgValue><ssdm name="argOut"/></StgValue>
</bind>
</comp>

<comp id="6" class="1001" name="const_6">
<pin_list>
<pin id="7" dir="1" index="0" bw="1" slack="0"/>
</pin_list>
<bind>
<StgValue><ssdm name=""/></StgValue>
</bind>
</comp>

<comp id="8" class="1001" name="const_8">
<pin_list>
<pin id="9" dir="1" index="0" bw="1" slack="0"/>
</pin_list>
<bind>
<StgValue><ssdm name=""/></StgValue>
</bind>
</comp>

<comp id="10" class="1001" name="const_10">
<pin_list>
<pin id="11" dir="1" index="0" bw="1" slack="2147483647"/>
</pin_list>
<bind>
<StgValue><ssdm name="_ssdm_op_SpecTopModule"/></StgValue>
</bind>
</comp>

<comp id="12" class="1001" name="const_12">
<pin_list>
<pin id="13" dir="1" index="0" bw="1" slack="2147483647"/>
</pin_list>
<bind>
<StgValue><ssdm name="empty_2"/></StgValue>
</bind>
</comp>

<comp id="14" class="1001" name="const_14">
<pin_list>
<pin id="15" dir="1" index="0" bw="1" slack="2147483647"/>
</pin_list>
<bind>
<StgValue><ssdm name="_ssdm_op_SpecInterface"/></StgValue>
</bind>
</comp>

<comp id="16" class="1001" name="const_16">
<pin_list>
<pin id="17" dir="1" index="0" bw="1" slack="2147483647"/>
</pin_list>
<bind>
<StgValue><ssdm name="empty"/></StgValue>
</bind>
</comp>

<comp id="18" class="1001" name="const_18">
<pin_list>
<pin id="19" dir="1" index="0" bw="1" slack="2147483647"/>
</pin_list>
<bind>
<StgValue><ssdm name="empty_0"/></StgValue>
</bind>
</comp>

<comp id="20" class="1001" name="const_20">
<pin_list>
<pin id="21" dir="1" index="0" bw="1" slack="2147483647"/>
</pin_list>
<bind>
<StgValue><ssdm name=""/></StgValue>
</bind>
</comp>

<comp id="22" class="1001" name="const_22">
<pin_list>
<pin id="23" dir="1" index="0" bw="1" slack="2147483647"/>
</pin_list>
<bind>
<StgValue><ssdm name="empty_1"/></StgValue>
</bind>
</comp>

<comp id="24" class="1001" name="const_24">
<pin_list>
<pin id="25" dir="1" index="0" bw="1" slack="2147483647"/>
</pin_list>
<bind>
<StgValue><ssdm name=""/></StgValue>
</bind>
</comp>

<comp id="26" class="1001" name="const_26">
<pin_list>
<pin id="27" dir="1" index="0" bw="1" slack="2147483647"/>
</pin_list>
<bind>
<StgValue><ssdm name="_ssdm_op_SpecBitsMap"/></StgValue>
</bind>
</comp>

<comp id="28" class="1001" name="const_28">
<pin_list>
<pin id="29" dir="1" index="0" bw="1" slack="0"/>
</pin_list>
<bind>
<StgValue><ssdm name="_ssdm_op_Read.axis.volatile.i512P128A"/></StgValue>
</bind>
</comp>

<comp id="30" class="1001" name="const_30">
<pin_list>
<pin id="31" dir="1" index="0" bw="1" slack="0"/>
</pin_list>
<bind>
<StgValue><ssdm name="_ssdm_op_PartSelect.i32.i512.i32.i32"/></StgValue>
</bind>
</comp>

<comp id="32" class="1001" name="const_32">
<pin_list>
<pin id="33" dir="1" index="0" bw="1" slack="0"/>
</pin_list>
<bind>
<StgValue><ssdm name=""/></StgValue>
</bind>
</comp>

<comp id="34" class="1001" name="const_34">
<pin_list>
<pin id="35" dir="1" index="0" bw="1" slack="0"/>
</pin_list>
<bind>
<StgValue><ssdm name=""/></StgValue>
</bind>
</comp>

<comp id="36" class="1001" name="const_36">
<pin_list>
<pin id="37" dir="1" index="0" bw="1" slack="0"/>
</pin_list>
<bind>
<StgValue><ssdm name="_ssdm_op_PartSelect.i64.i512.i32.i32"/></StgValue>
</bind>
</comp>

<comp id="38" class="1001" name="const_38">
<pin_list>
<pin id="39" dir="1" index="0" bw="1" slack="0"/>
</pin_list>
<bind>
<StgValue><ssdm name=""/></StgValue>
</bind>
</comp>

<comp id="40" class="1001" name="const_40">
<pin_list>
<pin id="41" dir="1" index="0" bw="1" slack="0"/>
</pin_list>
<bind>
<StgValue><ssdm name=""/></StgValue>
</bind>
</comp>

<comp id="42" class="1001" name="const_42">
<pin_list>
<pin id="43" dir="1" index="0" bw="1" slack="0"/>
</pin_list>
<bind>
<StgValue><ssdm name=""/></StgValue>
</bind>
</comp>

<comp id="44" class="1001" name="const_44">
<pin_list>
<pin id="45" dir="1" index="0" bw="1" slack="0"/>
</pin_list>
<bind>
<StgValue><ssdm name=""/></StgValue>
</bind>
</comp>

<comp id="46" class="1001" name="const_46">
<pin_list>
<pin id="47" dir="1" index="0" bw="1" slack="0"/>
</pin_list>
<bind>
<StgValue><ssdm name=""/></StgValue>
</bind>
</comp>

<comp id="48" class="1001" name="const_48">
<pin_list>
<pin id="49" dir="1" index="0" bw="1" slack="0"/>
</pin_list>
<bind>
<StgValue><ssdm name=""/></StgValue>
</bind>
</comp>

<comp id="50" class="1001" name="const_50">
<pin_list>
<pin id="51" dir="1" index="0" bw="1" slack="0"/>
</pin_list>
<bind>
<StgValue><ssdm name=""/></StgValue>
</bind>
</comp>

<comp id="52" class="1001" name="const_52">
<pin_list>
<pin id="53" dir="1" index="0" bw="1" slack="0"/>
</pin_list>
<bind>
<StgValue><ssdm name=""/></StgValue>
</bind>
</comp>

<comp id="54" class="1001" name="const_54">
<pin_list>
<pin id="55" dir="1" index="0" bw="1" slack="0"/>
</pin_list>
<bind>
<StgValue><ssdm name=""/></StgValue>
</bind>
</comp>

<comp id="56" class="1001" name="const_56">
<pin_list>
<pin id="57" dir="1" index="0" bw="1" slack="0"/>
</pin_list>
<bind>
<StgValue><ssdm name=""/></StgValue>
</bind>
</comp>

<comp id="58" class="1001" name="const_58">
<pin_list>
<pin id="59" dir="1" index="0" bw="1" slack="1"/>
</pin_list>
<bind>
<StgValue><ssdm name=""/></StgValue>
</bind>
</comp>

<comp id="60" class="1001" name="const_60">
<pin_list>
<pin id="61" dir="1" index="0" bw="1" slack="2147483647"/>
</pin_list>
<bind>
<StgValue><ssdm name="_ssdm_op_Wait"/></StgValue>
</bind>
</comp>

<comp id="62" class="1001" name="const_62">
<pin_list>
<pin id="63" dir="1" index="0" bw="1" slack="0"/>
</pin_list>
<bind>
<StgValue><ssdm name="pageRankReduce_Pipeline_VITIS_LOOP_38_2"/></StgValue>
</bind>
</comp>

<comp id="64" class="1001" name="const_64">
<pin_list>
<pin id="65" dir="1" index="0" bw="1" slack="0"/>
</pin_list>
<bind>
<StgValue><ssdm name="_ssdm_op_PartSelect.i8.i512.i32.i32"/></StgValue>
</bind>
</comp>

<comp id="66" class="1001" name="const_66">
<pin_list>
<pin id="67" dir="1" index="0" bw="1" slack="0"/>
</pin_list>
<bind>
<StgValue><ssdm name=""/></StgValue>
</bind>
</comp>

<comp id="68" class="1001" name="const_68">
<pin_list>
<pin id="69" dir="1" index="0" bw="1" slack="0"/>
</pin_list>
<bind>
<StgValue><ssdm name=""/></StgValue>
</bind>
</comp>

<comp id="70" class="1001" name="const_70">
<pin_list>
<pin id="71" dir="1" index="0" bw="1" slack="0"/>
</pin_list>
<bind>
<StgValue><ssdm name="_ssdm_op_PartSelect.i23.i512.i32.i32"/></StgValue>
</bind>
</comp>

<comp id="72" class="1001" name="const_72">
<pin_list>
<pin id="73" dir="1" index="0" bw="1" slack="0"/>
</pin_list>
<bind>
<StgValue><ssdm name=""/></StgValue>
</bind>
</comp>

<comp id="74" class="1001" name="const_74">
<pin_list>
<pin id="75" dir="1" index="0" bw="1" slack="0"/>
</pin_list>
<bind>
<StgValue><ssdm name=""/></StgValue>
</bind>
</comp>

<comp id="76" class="1001" name="const_76">
<pin_list>
<pin id="77" dir="1" index="0" bw="1" slack="0"/>
</pin_list>
<bind>
<StgValue><ssdm name=""/></StgValue>
</bind>
</comp>

<comp id="78" class="1001" name="const_78">
<pin_list>
<pin id="79" dir="1" index="0" bw="1" slack="0"/>
</pin_list>
<bind>
<StgValue><ssdm name="pageRankReduce_Pipeline_VITIS_LOOP_55_3"/></StgValue>
</bind>
</comp>

<comp id="80" class="1001" name="const_80">
<pin_list>
<pin id="81" dir="1" index="0" bw="1" slack="0"/>
</pin_list>
<bind>
<StgValue><ssdm name="pageRankReduce_Pipeline_VITIS_LOOP_62_4"/></StgValue>
</bind>
</comp>

<comp id="82" class="1001" name="const_82">
<pin_list>
<pin id="83" dir="1" index="0" bw="1" slack="0"/>
</pin_list>
<bind>
<StgValue><ssdm name="_ssdm_op_PartSelect.i8.i32.i32.i32"/></StgValue>
</bind>
</comp>

<comp id="84" class="1001" name="const_84">
<pin_list>
<pin id="85" dir="1" index="0" bw="1" slack="0"/>
</pin_list>
<bind>
<StgValue><ssdm name=""/></StgValue>
</bind>
</comp>

<comp id="86" class="1001" name="const_86">
<pin_list>
<pin id="87" dir="1" index="0" bw="1" slack="0"/>
</pin_list>
<bind>
<StgValue><ssdm name=""/></StgValue>
</bind>
</comp>

<comp id="88" class="1001" name="const_88">
<pin_list>
<pin id="89" dir="1" index="0" bw="1" slack="2147483647"/>
</pin_list>
<bind>
<StgValue><ssdm name="_ssdm_op_SpecLoopName"/></StgValue>
</bind>
</comp>

<comp id="90" class="1001" name="const_90">
<pin_list>
<pin id="91" dir="1" index="0" bw="1" slack="2147483647"/>
</pin_list>
<bind>
<StgValue><ssdm name="empty_6"/></StgValue>
</bind>
</comp>

<comp id="92" class="1001" name="const_92">
<pin_list>
<pin id="93" dir="1" index="0" bw="1" slack="0"/>
</pin_list>
<bind>
<StgValue><ssdm name="_ssdm_op_Write.axis.volatile.i64P128A"/></StgValue>
</bind>
</comp>

<comp id="94" class="1001" name="const_94">
<pin_list>
<pin id="95" dir="1" index="0" bw="1" slack="0"/>
</pin_list>
<bind>
<StgValue><ssdm name=""/></StgValue>
</bind>
</comp>

<comp id="96" class="1004" name="iter_fu_96">
<pin_list>
<pin id="97" dir="0" index="0" bw="1" slack="0"/>
<pin id="98" dir="1" index="1" bw="32" slack="0"/>
</pin_list>
<bind>
<opcode="alloca(26) " fcode="alloca"/>
<opset="iter/1 "/>
</bind>
</comp>

<comp id="100" class="1004" name="sum_loc_fu_100">
<pin_list>
<pin id="101" dir="0" index="0" bw="1" slack="0"/>
<pin id="102" dir="1" index="1" bw="32" slack="6"/>
</pin_list>
<bind>
<opcode="alloca(26) " fcode="alloca"/>
<opset="sum_loc/1 "/>
</bind>
</comp>

<comp id="104" class="1004" name="partial_sums_3_load_loc_fu_104">
<pin_list>
<pin id="105" dir="0" index="0" bw="1" slack="0"/>
<pin id="106" dir="1" index="1" bw="32" slack="4"/>
</pin_list>
<bind>
<opcode="alloca(26) " fcode="alloca"/>
<opset="partial_sums_3_load_loc/1 "/>
</bind>
</comp>

<comp id="108" class="1004" name="partial_sums_2_load_loc_fu_108">
<pin_list>
<pin id="109" dir="0" index="0" bw="1" slack="0"/>
<pin id="110" dir="1" index="1" bw="32" slack="4"/>
</pin_list>
<bind>
<opcode="alloca(26) " fcode="alloca"/>
<opset="partial_sums_2_load_loc/1 "/>
</bind>
</comp>

<comp id="112" class="1004" name="partial_sums_1_load_loc_fu_112">
<pin_list>
<pin id="113" dir="0" index="0" bw="1" slack="0"/>
<pin id="114" dir="1" index="1" bw="32" slack="4"/>
</pin_list>
<bind>
<opcode="alloca(26) " fcode="alloca"/>
<opset="partial_sums_1_load_loc/1 "/>
</bind>
</comp>

<comp id="116" class="1004" name="partial_sums_load_loc_fu_116">
<pin_list>
<pin id="117" dir="0" index="0" bw="1" slack="0"/>
<pin id="118" dir="1" index="1" bw="32" slack="4"/>
</pin_list>
<bind>
<opcode="alloca(26) " fcode="alloca"/>
<opset="partial_sums_load_loc/1 "/>
</bind>
</comp>

<comp id="120" class="1004" name="taskIn_read_read_fu_120">
<pin_list>
<pin id="121" dir="0" index="0" bw="512" slack="0"/>
<pin id="122" dir="0" index="1" bw="512" slack="0"/>
<pin id="123" dir="1" index="2" bw="512" slack="0"/>
</pin_list>
<bind>
<opcode="read(1150) " fcode="read"/>
<opset="taskIn_read/1 "/>
</bind>
</comp>

<comp id="126" class="1004" name="grp_write_fu_126">
<pin_list>
<pin id="127" dir="0" index="0" bw="0" slack="0"/>
<pin id="128" dir="0" index="1" bw="64" slack="0"/>
<pin id="129" dir="0" index="2" bw="64" slack="9"/>
<pin id="130" dir="1" index="3" bw="0" slack="2147483647"/>
</pin_list>
<bind>
<opcode="write(1151) " fcode="write"/>
<opset="write_ln72/10 "/>
</bind>
</comp>

<comp id="133" class="1005" name="base_task_pPrCurr_3_reg_133">
<pin_list>
<pin id="134" dir="0" index="0" bw="64" slack="0"/>
<pin id="135" dir="1" index="1" bw="64" slack="0"/>
</pin_list>
<bind>
<opset="base_task_pPrCurr_3 (phireg) "/>
</bind>
</comp>

<comp id="136" class="1004" name="base_task_pPrCurr_3_phi_fu_136">
<pin_list>
<pin id="137" dir="0" index="0" bw="64" slack="1"/>
<pin id="138" dir="0" index="1" bw="0" slack="2147483647"/>
<pin id="139" dir="0" index="2" bw="64" slack="0"/>
<pin id="140" dir="0" index="3" bw="0" slack="2147483647"/>
<pin id="141" dir="1" index="4" bw="64" slack="0"/>
</pin_list>
<bind>
<opcode="phi(47) " fcode="phi"/>
<opset="base_task_pPrCurr_3/2 "/>
</bind>
</comp>

<comp id="143" class="1005" name="base_task_pPrNext_3_reg_143">
<pin_list>
<pin id="144" dir="0" index="0" bw="64" slack="0"/>
<pin id="145" dir="1" index="1" bw="64" slack="0"/>
</pin_list>
<bind>
<opset="base_task_pPrNext_3 (phireg) "/>
</bind>
</comp>

<comp id="147" class="1004" name="base_task_pPrNext_3_phi_fu_147">
<pin_list>
<pin id="148" dir="0" index="0" bw="64" slack="1"/>
<pin id="149" dir="0" index="1" bw="0" slack="2147483647"/>
<pin id="150" dir="0" index="2" bw="64" slack="0"/>
<pin id="151" dir="0" index="3" bw="0" slack="2147483647"/>
<pin id="152" dir="1" index="4" bw="64" slack="0"/>
</pin_list>
<bind>
<opcode="phi(47) " fcode="phi"/>
<opset="base_task_pPrNext_3/2 "/>
</bind>
</comp>

<comp id="155" class="1005" name="done_flag_reg_155">
<pin_list>
<pin id="156" dir="0" index="0" bw="1" slack="1"/>
<pin id="157" dir="1" index="1" bw="1" slack="1"/>
</pin_list>
<bind>
<opset="done_flag (phireg) "/>
</bind>
</comp>

<comp id="159" class="1004" name="done_flag_phi_fu_159">
<pin_list>
<pin id="160" dir="0" index="0" bw="1" slack="1"/>
<pin id="161" dir="0" index="1" bw="0" slack="2147483647"/>
<pin id="162" dir="0" index="2" bw="1" slack="1"/>
<pin id="163" dir="0" index="3" bw="0" slack="2147483647"/>
<pin id="164" dir="1" index="4" bw="1" slack="2147483647"/>
</pin_list>
<bind>
<opcode="phi(47) " fcode="phi"/>
<opset="done_flag/2 "/>
</bind>
</comp>

<comp id="166" class="1005" name="done_flag_1_reg_166">
<pin_list>
<pin id="167" dir="0" index="0" bw="1" slack="1"/>
<pin id="168" dir="1" index="1" bw="1" slack="1"/>
</pin_list>
<bind>
<opset="done_flag_1 (phireg) "/>
</bind>
</comp>

<comp id="171" class="1004" name="done_flag_1_phi_fu_171">
<pin_list>
<pin id="172" dir="0" index="0" bw="1" slack="0"/>
<pin id="173" dir="0" index="1" bw="0" slack="2147483647"/>
<pin id="174" dir="0" index="2" bw="1" slack="1"/>
<pin id="175" dir="0" index="3" bw="0" slack="2147483647"/>
<pin id="176" dir="1" index="4" bw="1" slack="1"/>
</pin_list>
<bind>
<opcode="phi(47) " fcode="phi"/>
<opset="done_flag_1/11 "/>
</bind>
</comp>

<comp id="180" class="1004" name="grp_pageRankReduce_Pipeline_VITIS_LOOP_38_2_fu_180">
<pin_list>
<pin id="181" dir="0" index="0" bw="0" slack="0"/>
<pin id="182" dir="0" index="1" bw="32" slack="1"/>
<pin id="183" dir="0" index="2" bw="416" slack="1"/>
<pin id="184" dir="0" index="3" bw="64" slack="0"/>
<pin id="185" dir="0" index="4" bw="64" slack="0"/>
<pin id="186" dir="0" index="5" bw="512" slack="0"/>
<pin id="187" dir="1" index="6" bw="0" slack="2147483647"/>
</pin_list>
<bind>
<opcode="call(48) " fcode="call"/>
<opset="call_ln29/2 "/>
</bind>
</comp>

<comp id="192" class="1004" name="grp_pageRankReduce_Pipeline_VITIS_LOOP_55_3_fu_192">
<pin_list>
<pin id="193" dir="0" index="0" bw="0" slack="0"/>
<pin id="194" dir="0" index="1" bw="32" slack="4"/>
<pin id="195" dir="0" index="2" bw="512" slack="0"/>
<pin id="196" dir="0" index="3" bw="32" slack="4"/>
<pin id="197" dir="0" index="4" bw="32" slack="4"/>
<pin id="198" dir="0" index="5" bw="32" slack="4"/>
<pin id="199" dir="0" index="6" bw="32" slack="4"/>
<pin id="200" dir="1" index="7" bw="0" slack="2147483647"/>
</pin_list>
<bind>
<opcode="call(48) " fcode="call"/>
<opset="call_ln29/5 "/>
</bind>
</comp>

<comp id="203" class="1004" name="grp_pageRankReduce_Pipeline_VITIS_LOOP_62_4_fu_203">
<pin_list>
<pin id="204" dir="0" index="0" bw="0" slack="0"/>
<pin id="205" dir="0" index="1" bw="32" slack="0"/>
<pin id="206" dir="0" index="2" bw="32" slack="0"/>
<pin id="207" dir="0" index="3" bw="32" slack="0"/>
<pin id="208" dir="0" index="4" bw="32" slack="0"/>
<pin id="209" dir="0" index="5" bw="32" slack="6"/>
<pin id="210" dir="1" index="6" bw="0" slack="2147483647"/>
</pin_list>
<bind>
<opcode="call(48) " fcode="call"/>
<opset="call_ln0/7 "/>
</bind>
</comp>

<comp id="212" class="1004" name="grp_fu_212">
<pin_list>
<pin id="213" dir="0" index="0" bw="32" slack="0"/>
<pin id="214" dir="0" index="1" bw="32" slack="8"/>
<pin id="215" dir="1" index="2" bw="1" slack="0"/>
</pin_list>
<bind>
<opcode="fcmp(46) " fcode="fcmp"/>
<opset="tmp_8/9 "/>
</bind>
</comp>

<comp id="216" class="1004" name="grp_load_fu_216">
<pin_list>
<pin id="217" dir="0" index="0" bw="32" slack="1"/>
<pin id="218" dir="1" index="1" bw="32" slack="0"/>
</pin_list>
<bind>
<opcode="load(27) " fcode="load"/>
<opset="iter_load_1/2 iter_load/11 "/>
</bind>
</comp>

<comp id="219" class="1004" name="trunc_ln29_fu_219">
<pin_list>
<pin id="220" dir="0" index="0" bw="512" slack="0"/>
<pin id="221" dir="1" index="1" bw="416" slack="1"/>
</pin_list>
<bind>
<opcode="trunc(33) " fcode="trunc"/>
<opset="trunc_ln29/1 "/>
</bind>
</comp>

<comp id="223" class="1004" name="base_task_iteration_count_fu_223">
<pin_list>
<pin id="224" dir="0" index="0" bw="32" slack="0"/>
<pin id="225" dir="0" index="1" bw="512" slack="0"/>
<pin id="226" dir="0" index="2" bw="7" slack="0"/>
<pin id="227" dir="0" index="3" bw="7" slack="0"/>
<pin id="228" dir="1" index="4" bw="32" slack="1"/>
</pin_list>
<bind>
<opcode="partselect(1002) " fcode="partselect"/>
<opset="base_task_iteration_count/1 "/>
</bind>
</comp>

<comp id="233" class="1004" name="base_task_pPrCurr_fu_233">
<pin_list>
<pin id="234" dir="0" index="0" bw="64" slack="0"/>
<pin id="235" dir="0" index="1" bw="512" slack="0"/>
<pin id="236" dir="0" index="2" bw="9" slack="0"/>
<pin id="237" dir="0" index="3" bw="9" slack="0"/>
<pin id="238" dir="1" index="4" bw="64" slack="1"/>
</pin_list>
<bind>
<opcode="partselect(1002) " fcode="partselect"/>
<opset="base_task_pPrCurr/1 "/>
</bind>
</comp>

<comp id="243" class="1004" name="base_task_pPrNext_fu_243">
<pin_list>
<pin id="244" dir="0" index="0" bw="64" slack="0"/>
<pin id="245" dir="0" index="1" bw="512" slack="0"/>
<pin id="246" dir="0" index="2" bw="9" slack="0"/>
<pin id="247" dir="0" index="3" bw="9" slack="0"/>
<pin id="248" dir="1" index="4" bw="64" slack="1"/>
</pin_list>
<bind>
<opcode="partselect(1002) " fcode="partselect"/>
<opset="base_task_pPrNext/1 "/>
</bind>
</comp>

<comp id="253" class="1004" name="base_task_vertex_count_fu_253">
<pin_list>
<pin id="254" dir="0" index="0" bw="32" slack="0"/>
<pin id="255" dir="0" index="1" bw="512" slack="0"/>
<pin id="256" dir="0" index="2" bw="10" slack="0"/>
<pin id="257" dir="0" index="3" bw="10" slack="0"/>
<pin id="258" dir="1" index="4" bw="32" slack="1"/>
</pin_list>
<bind>
<opcode="partselect(1002) " fcode="partselect"/>
<opset="base_task_vertex_count/1 "/>
</bind>
</comp>

<comp id="263" class="1004" name="tmp5_fu_263">
<pin_list>
<pin id="264" dir="0" index="0" bw="32" slack="0"/>
<pin id="265" dir="0" index="1" bw="512" slack="0"/>
<pin id="266" dir="0" index="2" bw="10" slack="0"/>
<pin id="267" dir="0" index="3" bw="10" slack="0"/>
<pin id="268" dir="1" index="4" bw="32" slack="0"/>
</pin_list>
<bind>
<opcode="partselect(1002) " fcode="partselect"/>
<opset="tmp5/1 "/>
</bind>
</comp>

<comp id="273" class="1004" name="base_task_epsilon_fu_273">
<pin_list>
<pin id="274" dir="0" index="0" bw="32" slack="0"/>
<pin id="275" dir="1" index="1" bw="32" slack="8"/>
</pin_list>
<bind>
<opcode="bitcast(44) " fcode="bitcast"/>
<opset="base_task_epsilon/1 "/>
</bind>
</comp>

<comp id="277" class="1004" name="base_task_cont_fu_277">
<pin_list>
<pin id="278" dir="0" index="0" bw="64" slack="0"/>
<pin id="279" dir="0" index="1" bw="512" slack="0"/>
<pin id="280" dir="0" index="2" bw="10" slack="0"/>
<pin id="281" dir="0" index="3" bw="10" slack="0"/>
<pin id="282" dir="1" index="4" bw="64" slack="9"/>
</pin_list>
<bind>
<opcode="partselect(1002) " fcode="partselect"/>
<opset="base_task_cont/1 "/>
</bind>
</comp>

<comp id="287" class="1004" name="store_ln31_store_fu_287">
<pin_list>
<pin id="288" dir="0" index="0" bw="1" slack="0"/>
<pin id="289" dir="0" index="1" bw="32" slack="0"/>
<pin id="290" dir="1" index="2" bw="0" slack="2147483647"/>
</pin_list>
<bind>
<opcode="store(28) " fcode="store"/>
<opset="store_ln31/1 "/>
</bind>
</comp>

<comp id="292" class="1004" name="tmp_3_fu_292">
<pin_list>
<pin id="293" dir="0" index="0" bw="8" slack="0"/>
<pin id="294" dir="0" index="1" bw="512" slack="1"/>
<pin id="295" dir="0" index="2" bw="10" slack="0"/>
<pin id="296" dir="0" index="3" bw="10" slack="0"/>
<pin id="297" dir="1" index="4" bw="8" slack="0"/>
</pin_list>
<bind>
<opcode="partselect(1002) " fcode="partselect"/>
<opset="tmp_3/2 "/>
</bind>
</comp>

<comp id="301" class="1004" name="tmp_4_fu_301">
<pin_list>
<pin id="302" dir="0" index="0" bw="23" slack="0"/>
<pin id="303" dir="0" index="1" bw="512" slack="1"/>
<pin id="304" dir="0" index="2" bw="10" slack="0"/>
<pin id="305" dir="0" index="3" bw="10" slack="0"/>
<pin id="306" dir="1" index="4" bw="23" slack="0"/>
</pin_list>
<bind>
<opcode="partselect(1002) " fcode="partselect"/>
<opset="tmp_4/2 "/>
</bind>
</comp>

<comp id="310" class="1004" name="icmp_ln70_3_fu_310">
<pin_list>
<pin id="311" dir="0" index="0" bw="8" slack="0"/>
<pin id="312" dir="0" index="1" bw="8" slack="0"/>
<pin id="313" dir="1" index="2" bw="1" slack="8"/>
</pin_list>
<bind>
<opcode="icmp(45) " fcode="icmp"/>
<opset="icmp_ln70_3/2 "/>
</bind>
</comp>

<comp id="316" class="1004" name="icmp_ln70_4_fu_316">
<pin_list>
<pin id="317" dir="0" index="0" bw="23" slack="0"/>
<pin id="318" dir="0" index="1" bw="23" slack="0"/>
<pin id="319" dir="1" index="2" bw="1" slack="8"/>
</pin_list>
<bind>
<opcode="icmp(45) " fcode="icmp"/>
<opset="icmp_ln70_4/2 "/>
</bind>
</comp>

<comp id="322" class="1004" name="icmp_ln70_fu_322">
<pin_list>
<pin id="323" dir="0" index="0" bw="32" slack="0"/>
<pin id="324" dir="0" index="1" bw="32" slack="1"/>
<pin id="325" dir="1" index="2" bw="1" slack="8"/>
</pin_list>
<bind>
<opcode="icmp(45) " fcode="icmp"/>
<opset="icmp_ln70/2 "/>
</bind>
</comp>

<comp id="327" class="1004" name="partial_sums_load_load_fu_327">
<pin_list>
<pin id="328" dir="0" index="0" bw="32" slack="6"/>
<pin id="329" dir="1" index="1" bw="32" slack="0"/>
</pin_list>
<bind>
<opcode="load(27) " fcode="load"/>
<opset="partial_sums_load/7 "/>
</bind>
</comp>

<comp id="331" class="1004" name="partial_sums_1_load_load_fu_331">
<pin_list>
<pin id="332" dir="0" index="0" bw="32" slack="6"/>
<pin id="333" dir="1" index="1" bw="32" slack="0"/>
</pin_list>
<bind>
<opcode="load(27) " fcode="load"/>
<opset="partial_sums_1_load/7 "/>
</bind>
</comp>

<comp id="335" class="1004" name="partial_sums_2_load_load_fu_335">
<pin_list>
<pin id="336" dir="0" index="0" bw="32" slack="6"/>
<pin id="337" dir="1" index="1" bw="32" slack="0"/>
</pin_list>
<bind>
<opcode="load(27) " fcode="load"/>
<opset="partial_sums_2_load/7 "/>
</bind>
</comp>

<comp id="339" class="1004" name="partial_sums_3_load_load_fu_339">
<pin_list>
<pin id="340" dir="0" index="0" bw="32" slack="6"/>
<pin id="341" dir="1" index="1" bw="32" slack="0"/>
</pin_list>
<bind>
<opcode="load(27) " fcode="load"/>
<opset="partial_sums_3_load/7 "/>
</bind>
</comp>

<comp id="343" class="1004" name="sum_loc_load_load_fu_343">
<pin_list>
<pin id="344" dir="0" index="0" bw="32" slack="8"/>
<pin id="345" dir="1" index="1" bw="32" slack="0"/>
</pin_list>
<bind>
<opcode="load(27) " fcode="load"/>
<opset="sum_loc_load/9 "/>
</bind>
</comp>

<comp id="347" class="1004" name="bitcast_ln70_fu_347">
<pin_list>
<pin id="348" dir="0" index="0" bw="32" slack="0"/>
<pin id="349" dir="1" index="1" bw="32" slack="0"/>
</pin_list>
<bind>
<opcode="bitcast(44) " fcode="bitcast"/>
<opset="bitcast_ln70/9 "/>
</bind>
</comp>

<comp id="351" class="1004" name="tmp_s_fu_351">
<pin_list>
<pin id="352" dir="0" index="0" bw="8" slack="0"/>
<pin id="353" dir="0" index="1" bw="32" slack="0"/>
<pin id="354" dir="0" index="2" bw="6" slack="0"/>
<pin id="355" dir="0" index="3" bw="6" slack="0"/>
<pin id="356" dir="1" index="4" bw="8" slack="0"/>
</pin_list>
<bind>
<opcode="partselect(1002) " fcode="partselect"/>
<opset="tmp_s/9 "/>
</bind>
</comp>

<comp id="361" class="1004" name="trunc_ln70_fu_361">
<pin_list>
<pin id="362" dir="0" index="0" bw="32" slack="0"/>
<pin id="363" dir="1" index="1" bw="23" slack="0"/>
</pin_list>
<bind>
<opcode="trunc(33) " fcode="trunc"/>
<opset="trunc_ln70/9 "/>
</bind>
</comp>

<comp id="365" class="1004" name="icmp_ln70_1_fu_365">
<pin_list>
<pin id="366" dir="0" index="0" bw="8" slack="0"/>
<pin id="367" dir="0" index="1" bw="8" slack="0"/>
<pin id="368" dir="1" index="2" bw="1" slack="1"/>
</pin_list>
<bind>
<opcode="icmp(45) " fcode="icmp"/>
<opset="icmp_ln70_1/9 "/>
</bind>
</comp>

<comp id="371" class="1004" name="icmp_ln70_2_fu_371">
<pin_list>
<pin id="372" dir="0" index="0" bw="23" slack="0"/>
<pin id="373" dir="0" index="1" bw="23" slack="0"/>
<pin id="374" dir="1" index="2" bw="1" slack="1"/>
</pin_list>
<bind>
<opcode="icmp(45) " fcode="icmp"/>
<opset="icmp_ln70_2/9 "/>
</bind>
</comp>

<comp id="377" class="1004" name="or_ln70_1_fu_377">
<pin_list>
<pin id="378" dir="0" index="0" bw="1" slack="1"/>
<pin id="379" dir="0" index="1" bw="1" slack="1"/>
<pin id="380" dir="1" index="2" bw="1" slack="0"/>
</pin_list>
<bind>
<opcode="or(24) " fcode="or"/>
<opset="or_ln70_1/10 "/>
</bind>
</comp>

<comp id="381" class="1004" name="or_ln70_2_fu_381">
<pin_list>
<pin id="382" dir="0" index="0" bw="1" slack="8"/>
<pin id="383" dir="0" index="1" bw="1" slack="8"/>
<pin id="384" dir="1" index="2" bw="1" slack="0"/>
</pin_list>
<bind>
<opcode="or(24) " fcode="or"/>
<opset="or_ln70_2/10 "/>
</bind>
</comp>

<comp id="385" class="1004" name="and_ln70_fu_385">
<pin_list>
<pin id="386" dir="0" index="0" bw="1" slack="0"/>
<pin id="387" dir="0" index="1" bw="1" slack="0"/>
<pin id="388" dir="1" index="2" bw="1" slack="0"/>
</pin_list>
<bind>
<opcode="and(23) " fcode="and"/>
<opset="and_ln70/10 "/>
</bind>
</comp>

<comp id="391" class="1004" name="and_ln70_1_fu_391">
<pin_list>
<pin id="392" dir="0" index="0" bw="1" slack="0"/>
<pin id="393" dir="0" index="1" bw="1" slack="0"/>
<pin id="394" dir="1" index="2" bw="1" slack="0"/>
</pin_list>
<bind>
<opcode="and(23) " fcode="and"/>
<opset="and_ln70_1/10 "/>
</bind>
</comp>

<comp id="397" class="1004" name="or_ln70_fu_397">
<pin_list>
<pin id="398" dir="0" index="0" bw="1" slack="0"/>
<pin id="399" dir="0" index="1" bw="1" slack="8"/>
<pin id="400" dir="1" index="2" bw="1" slack="1"/>
</pin_list>
<bind>
<opcode="or(24) " fcode="or"/>
<opset="or_ln70/10 "/>
</bind>
</comp>

<comp id="402" class="1004" name="add_ln34_fu_402">
<pin_list>
<pin id="403" dir="0" index="0" bw="32" slack="0"/>
<pin id="404" dir="0" index="1" bw="1" slack="0"/>
<pin id="405" dir="1" index="2" bw="32" slack="0"/>
</pin_list>
<bind>
<opcode="add(8) " fcode="add"/>
<opset="add_ln34/11 "/>
</bind>
</comp>

<comp id="408" class="1004" name="store_ln31_store_fu_408">
<pin_list>
<pin id="409" dir="0" index="0" bw="32" slack="0"/>
<pin id="410" dir="0" index="1" bw="32" slack="10"/>
<pin id="411" dir="1" index="2" bw="0" slack="2147483647"/>
</pin_list>
<bind>
<opcode="store(28) " fcode="store"/>
<opset="store_ln31/11 "/>
</bind>
</comp>

<comp id="413" class="1005" name="iter_reg_413">
<pin_list>
<pin id="414" dir="0" index="0" bw="32" slack="0"/>
<pin id="415" dir="1" index="1" bw="32" slack="0"/>
</pin_list>
<bind>
<opset="iter "/>
</bind>
</comp>

<comp id="420" class="1005" name="sum_loc_reg_420">
<pin_list>
<pin id="421" dir="0" index="0" bw="32" slack="6"/>
<pin id="422" dir="1" index="1" bw="32" slack="6"/>
</pin_list>
<bind>
<opset="sum_loc "/>
</bind>
</comp>

<comp id="426" class="1005" name="partial_sums_3_load_loc_reg_426">
<pin_list>
<pin id="427" dir="0" index="0" bw="32" slack="4"/>
<pin id="428" dir="1" index="1" bw="32" slack="4"/>
</pin_list>
<bind>
<opset="partial_sums_3_load_loc "/>
</bind>
</comp>

<comp id="432" class="1005" name="partial_sums_2_load_loc_reg_432">
<pin_list>
<pin id="433" dir="0" index="0" bw="32" slack="4"/>
<pin id="434" dir="1" index="1" bw="32" slack="4"/>
</pin_list>
<bind>
<opset="partial_sums_2_load_loc "/>
</bind>
</comp>

<comp id="438" class="1005" name="partial_sums_1_load_loc_reg_438">
<pin_list>
<pin id="439" dir="0" index="0" bw="32" slack="4"/>
<pin id="440" dir="1" index="1" bw="32" slack="4"/>
</pin_list>
<bind>
<opset="partial_sums_1_load_loc "/>
</bind>
</comp>

<comp id="444" class="1005" name="partial_sums_load_loc_reg_444">
<pin_list>
<pin id="445" dir="0" index="0" bw="32" slack="4"/>
<pin id="446" dir="1" index="1" bw="32" slack="4"/>
</pin_list>
<bind>
<opset="partial_sums_load_loc "/>
</bind>
</comp>

<comp id="450" class="1005" name="taskIn_read_reg_450">
<pin_list>
<pin id="451" dir="0" index="0" bw="512" slack="1"/>
<pin id="452" dir="1" index="1" bw="512" slack="1"/>
</pin_list>
<bind>
<opset="taskIn_read "/>
</bind>
</comp>

<comp id="456" class="1005" name="trunc_ln29_reg_456">
<pin_list>
<pin id="457" dir="0" index="0" bw="416" slack="1"/>
<pin id="458" dir="1" index="1" bw="416" slack="1"/>
</pin_list>
<bind>
<opset="trunc_ln29 "/>
</bind>
</comp>

<comp id="461" class="1005" name="base_task_iteration_count_reg_461">
<pin_list>
<pin id="462" dir="0" index="0" bw="32" slack="1"/>
<pin id="463" dir="1" index="1" bw="32" slack="1"/>
</pin_list>
<bind>
<opset="base_task_iteration_count "/>
</bind>
</comp>

<comp id="466" class="1005" name="base_task_pPrCurr_reg_466">
<pin_list>
<pin id="467" dir="0" index="0" bw="64" slack="1"/>
<pin id="468" dir="1" index="1" bw="64" slack="1"/>
</pin_list>
<bind>
<opset="base_task_pPrCurr "/>
</bind>
</comp>

<comp id="471" class="1005" name="base_task_pPrNext_reg_471">
<pin_list>
<pin id="472" dir="0" index="0" bw="64" slack="1"/>
<pin id="473" dir="1" index="1" bw="64" slack="1"/>
</pin_list>
<bind>
<opset="base_task_pPrNext "/>
</bind>
</comp>

<comp id="476" class="1005" name="base_task_vertex_count_reg_476">
<pin_list>
<pin id="477" dir="0" index="0" bw="32" slack="1"/>
<pin id="478" dir="1" index="1" bw="32" slack="1"/>
</pin_list>
<bind>
<opset="base_task_vertex_count "/>
</bind>
</comp>

<comp id="482" class="1005" name="base_task_epsilon_reg_482">
<pin_list>
<pin id="483" dir="0" index="0" bw="32" slack="8"/>
<pin id="484" dir="1" index="1" bw="32" slack="8"/>
</pin_list>
<bind>
<opset="base_task_epsilon "/>
</bind>
</comp>

<comp id="487" class="1005" name="base_task_cont_reg_487">
<pin_list>
<pin id="488" dir="0" index="0" bw="64" slack="9"/>
<pin id="489" dir="1" index="1" bw="64" slack="9"/>
</pin_list>
<bind>
<opset="base_task_cont "/>
</bind>
</comp>

<comp id="492" class="1005" name="icmp_ln70_3_reg_492">
<pin_list>
<pin id="493" dir="0" index="0" bw="1" slack="8"/>
<pin id="494" dir="1" index="1" bw="1" slack="8"/>
</pin_list>
<bind>
<opset="icmp_ln70_3 "/>
</bind>
</comp>

<comp id="497" class="1005" name="icmp_ln70_4_reg_497">
<pin_list>
<pin id="498" dir="0" index="0" bw="1" slack="8"/>
<pin id="499" dir="1" index="1" bw="1" slack="8"/>
</pin_list>
<bind>
<opset="icmp_ln70_4 "/>
</bind>
</comp>

<comp id="502" class="1005" name="icmp_ln70_reg_502">
<pin_list>
<pin id="503" dir="0" index="0" bw="1" slack="8"/>
<pin id="504" dir="1" index="1" bw="1" slack="8"/>
</pin_list>
<bind>
<opset="icmp_ln70 "/>
</bind>
</comp>

<comp id="522" class="1005" name="icmp_ln70_1_reg_522">
<pin_list>
<pin id="523" dir="0" index="0" bw="1" slack="1"/>
<pin id="524" dir="1" index="1" bw="1" slack="1"/>
</pin_list>
<bind>
<opset="icmp_ln70_1 "/>
</bind>
</comp>

<comp id="527" class="1005" name="icmp_ln70_2_reg_527">
<pin_list>
<pin id="528" dir="0" index="0" bw="1" slack="1"/>
<pin id="529" dir="1" index="1" bw="1" slack="1"/>
</pin_list>
<bind>
<opset="icmp_ln70_2 "/>
</bind>
</comp>

<comp id="532" class="1005" name="or_ln70_reg_532">
<pin_list>
<pin id="533" dir="0" index="0" bw="1" slack="1"/>
<pin id="534" dir="1" index="1" bw="1" slack="2147483647"/>
</pin_list>
<bind>
<opset="or_ln70 "/>
</bind>
</comp>

</comp_list>

<net_list>
<net id="99"><net_src comp="6" pin="0"/><net_sink comp="96" pin=0"/></net>

<net id="103"><net_src comp="8" pin="0"/><net_sink comp="100" pin=0"/></net>

<net id="107"><net_src comp="8" pin="0"/><net_sink comp="104" pin=0"/></net>

<net id="111"><net_src comp="8" pin="0"/><net_sink comp="108" pin=0"/></net>

<net id="115"><net_src comp="8" pin="0"/><net_sink comp="112" pin=0"/></net>

<net id="119"><net_src comp="8" pin="0"/><net_sink comp="116" pin=0"/></net>

<net id="124"><net_src comp="28" pin="0"/><net_sink comp="120" pin=0"/></net>

<net id="125"><net_src comp="2" pin="0"/><net_sink comp="120" pin=1"/></net>

<net id="131"><net_src comp="92" pin="0"/><net_sink comp="126" pin=0"/></net>

<net id="132"><net_src comp="4" pin="0"/><net_sink comp="126" pin=1"/></net>

<net id="142"><net_src comp="136" pin="4"/><net_sink comp="133" pin=0"/></net>

<net id="146"><net_src comp="143" pin="1"/><net_sink comp="136" pin=2"/></net>

<net id="153"><net_src comp="133" pin="1"/><net_sink comp="147" pin=2"/></net>

<net id="154"><net_src comp="147" pin="4"/><net_sink comp="143" pin=0"/></net>

<net id="158"><net_src comp="58" pin="0"/><net_sink comp="155" pin=0"/></net>

<net id="165"><net_src comp="155" pin="1"/><net_sink comp="159" pin=0"/></net>

<net id="169"><net_src comp="58" pin="0"/><net_sink comp="166" pin=0"/></net>

<net id="170"><net_src comp="166" pin="1"/><net_sink comp="159" pin=2"/></net>

<net id="177"><net_src comp="94" pin="0"/><net_sink comp="171" pin=0"/></net>

<net id="178"><net_src comp="166" pin="1"/><net_sink comp="171" pin=2"/></net>

<net id="179"><net_src comp="171" pin="4"/><net_sink comp="166" pin=0"/></net>

<net id="188"><net_src comp="62" pin="0"/><net_sink comp="180" pin=0"/></net>

<net id="189"><net_src comp="136" pin="4"/><net_sink comp="180" pin=3"/></net>

<net id="190"><net_src comp="147" pin="4"/><net_sink comp="180" pin=4"/></net>

<net id="191"><net_src comp="0" pin="0"/><net_sink comp="180" pin=5"/></net>

<net id="201"><net_src comp="78" pin="0"/><net_sink comp="192" pin=0"/></net>

<net id="202"><net_src comp="2" pin="0"/><net_sink comp="192" pin=2"/></net>

<net id="211"><net_src comp="80" pin="0"/><net_sink comp="203" pin=0"/></net>

<net id="222"><net_src comp="120" pin="2"/><net_sink comp="219" pin=0"/></net>

<net id="229"><net_src comp="30" pin="0"/><net_sink comp="223" pin=0"/></net>

<net id="230"><net_src comp="120" pin="2"/><net_sink comp="223" pin=1"/></net>

<net id="231"><net_src comp="32" pin="0"/><net_sink comp="223" pin=2"/></net>

<net id="232"><net_src comp="34" pin="0"/><net_sink comp="223" pin=3"/></net>

<net id="239"><net_src comp="36" pin="0"/><net_sink comp="233" pin=0"/></net>

<net id="240"><net_src comp="120" pin="2"/><net_sink comp="233" pin=1"/></net>

<net id="241"><net_src comp="38" pin="0"/><net_sink comp="233" pin=2"/></net>

<net id="242"><net_src comp="40" pin="0"/><net_sink comp="233" pin=3"/></net>

<net id="249"><net_src comp="36" pin="0"/><net_sink comp="243" pin=0"/></net>

<net id="250"><net_src comp="120" pin="2"/><net_sink comp="243" pin=1"/></net>

<net id="251"><net_src comp="42" pin="0"/><net_sink comp="243" pin=2"/></net>

<net id="252"><net_src comp="44" pin="0"/><net_sink comp="243" pin=3"/></net>

<net id="259"><net_src comp="30" pin="0"/><net_sink comp="253" pin=0"/></net>

<net id="260"><net_src comp="120" pin="2"/><net_sink comp="253" pin=1"/></net>

<net id="261"><net_src comp="46" pin="0"/><net_sink comp="253" pin=2"/></net>

<net id="262"><net_src comp="48" pin="0"/><net_sink comp="253" pin=3"/></net>

<net id="269"><net_src comp="30" pin="0"/><net_sink comp="263" pin=0"/></net>

<net id="270"><net_src comp="120" pin="2"/><net_sink comp="263" pin=1"/></net>

<net id="271"><net_src comp="50" pin="0"/><net_sink comp="263" pin=2"/></net>

<net id="272"><net_src comp="52" pin="0"/><net_sink comp="263" pin=3"/></net>

<net id="276"><net_src comp="263" pin="4"/><net_sink comp="273" pin=0"/></net>

<net id="283"><net_src comp="36" pin="0"/><net_sink comp="277" pin=0"/></net>

<net id="284"><net_src comp="120" pin="2"/><net_sink comp="277" pin=1"/></net>

<net id="285"><net_src comp="54" pin="0"/><net_sink comp="277" pin=2"/></net>

<net id="286"><net_src comp="56" pin="0"/><net_sink comp="277" pin=3"/></net>

<net id="291"><net_src comp="6" pin="0"/><net_sink comp="287" pin=0"/></net>

<net id="298"><net_src comp="64" pin="0"/><net_sink comp="292" pin=0"/></net>

<net id="299"><net_src comp="66" pin="0"/><net_sink comp="292" pin=2"/></net>

<net id="300"><net_src comp="68" pin="0"/><net_sink comp="292" pin=3"/></net>

<net id="307"><net_src comp="70" pin="0"/><net_sink comp="301" pin=0"/></net>

<net id="308"><net_src comp="50" pin="0"/><net_sink comp="301" pin=2"/></net>

<net id="309"><net_src comp="72" pin="0"/><net_sink comp="301" pin=3"/></net>

<net id="314"><net_src comp="292" pin="4"/><net_sink comp="310" pin=0"/></net>

<net id="315"><net_src comp="74" pin="0"/><net_sink comp="310" pin=1"/></net>

<net id="320"><net_src comp="301" pin="4"/><net_sink comp="316" pin=0"/></net>

<net id="321"><net_src comp="76" pin="0"/><net_sink comp="316" pin=1"/></net>

<net id="326"><net_src comp="216" pin="1"/><net_sink comp="322" pin=0"/></net>

<net id="330"><net_src comp="327" pin="1"/><net_sink comp="203" pin=1"/></net>

<net id="334"><net_src comp="331" pin="1"/><net_sink comp="203" pin=2"/></net>

<net id="338"><net_src comp="335" pin="1"/><net_sink comp="203" pin=3"/></net>

<net id="342"><net_src comp="339" pin="1"/><net_sink comp="203" pin=4"/></net>

<net id="346"><net_src comp="343" pin="1"/><net_sink comp="212" pin=0"/></net>

<net id="350"><net_src comp="343" pin="1"/><net_sink comp="347" pin=0"/></net>

<net id="357"><net_src comp="82" pin="0"/><net_sink comp="351" pin=0"/></net>

<net id="358"><net_src comp="347" pin="1"/><net_sink comp="351" pin=1"/></net>

<net id="359"><net_src comp="84" pin="0"/><net_sink comp="351" pin=2"/></net>

<net id="360"><net_src comp="86" pin="0"/><net_sink comp="351" pin=3"/></net>

<net id="364"><net_src comp="347" pin="1"/><net_sink comp="361" pin=0"/></net>

<net id="369"><net_src comp="351" pin="4"/><net_sink comp="365" pin=0"/></net>

<net id="370"><net_src comp="74" pin="0"/><net_sink comp="365" pin=1"/></net>

<net id="375"><net_src comp="361" pin="1"/><net_sink comp="371" pin=0"/></net>

<net id="376"><net_src comp="76" pin="0"/><net_sink comp="371" pin=1"/></net>

<net id="389"><net_src comp="377" pin="2"/><net_sink comp="385" pin=0"/></net>

<net id="390"><net_src comp="381" pin="2"/><net_sink comp="385" pin=1"/></net>

<net id="395"><net_src comp="385" pin="2"/><net_sink comp="391" pin=0"/></net>

<net id="396"><net_src comp="212" pin="2"/><net_sink comp="391" pin=1"/></net>

<net id="401"><net_src comp="391" pin="2"/><net_sink comp="397" pin=0"/></net>

<net id="406"><net_src comp="216" pin="1"/><net_sink comp="402" pin=0"/></net>

<net id="407"><net_src comp="6" pin="0"/><net_sink comp="402" pin=1"/></net>

<net id="412"><net_src comp="402" pin="2"/><net_sink comp="408" pin=0"/></net>

<net id="416"><net_src comp="96" pin="1"/><net_sink comp="413" pin=0"/></net>

<net id="417"><net_src comp="413" pin="1"/><net_sink comp="287" pin=1"/></net>

<net id="418"><net_src comp="413" pin="1"/><net_sink comp="216" pin=0"/></net>

<net id="419"><net_src comp="413" pin="1"/><net_sink comp="408" pin=1"/></net>

<net id="423"><net_src comp="100" pin="1"/><net_sink comp="420" pin=0"/></net>

<net id="424"><net_src comp="420" pin="1"/><net_sink comp="203" pin=5"/></net>

<net id="425"><net_src comp="420" pin="1"/><net_sink comp="343" pin=0"/></net>

<net id="429"><net_src comp="104" pin="1"/><net_sink comp="426" pin=0"/></net>

<net id="430"><net_src comp="426" pin="1"/><net_sink comp="192" pin=6"/></net>

<net id="431"><net_src comp="426" pin="1"/><net_sink comp="339" pin=0"/></net>

<net id="435"><net_src comp="108" pin="1"/><net_sink comp="432" pin=0"/></net>

<net id="436"><net_src comp="432" pin="1"/><net_sink comp="192" pin=5"/></net>

<net id="437"><net_src comp="432" pin="1"/><net_sink comp="335" pin=0"/></net>

<net id="441"><net_src comp="112" pin="1"/><net_sink comp="438" pin=0"/></net>

<net id="442"><net_src comp="438" pin="1"/><net_sink comp="192" pin=4"/></net>

<net id="443"><net_src comp="438" pin="1"/><net_sink comp="331" pin=0"/></net>

<net id="447"><net_src comp="116" pin="1"/><net_sink comp="444" pin=0"/></net>

<net id="448"><net_src comp="444" pin="1"/><net_sink comp="192" pin=3"/></net>

<net id="449"><net_src comp="444" pin="1"/><net_sink comp="327" pin=0"/></net>

<net id="453"><net_src comp="120" pin="2"/><net_sink comp="450" pin=0"/></net>

<net id="454"><net_src comp="450" pin="1"/><net_sink comp="292" pin=1"/></net>

<net id="455"><net_src comp="450" pin="1"/><net_sink comp="301" pin=1"/></net>

<net id="459"><net_src comp="219" pin="1"/><net_sink comp="456" pin=0"/></net>

<net id="460"><net_src comp="456" pin="1"/><net_sink comp="180" pin=2"/></net>

<net id="464"><net_src comp="223" pin="4"/><net_sink comp="461" pin=0"/></net>

<net id="465"><net_src comp="461" pin="1"/><net_sink comp="322" pin=1"/></net>

<net id="469"><net_src comp="233" pin="4"/><net_sink comp="466" pin=0"/></net>

<net id="470"><net_src comp="466" pin="1"/><net_sink comp="136" pin=0"/></net>

<net id="474"><net_src comp="243" pin="4"/><net_sink comp="471" pin=0"/></net>

<net id="475"><net_src comp="471" pin="1"/><net_sink comp="147" pin=0"/></net>

<net id="479"><net_src comp="253" pin="4"/><net_sink comp="476" pin=0"/></net>

<net id="480"><net_src comp="476" pin="1"/><net_sink comp="180" pin=1"/></net>

<net id="481"><net_src comp="476" pin="1"/><net_sink comp="192" pin=1"/></net>

<net id="485"><net_src comp="273" pin="1"/><net_sink comp="482" pin=0"/></net>

<net id="486"><net_src comp="482" pin="1"/><net_sink comp="212" pin=1"/></net>

<net id="490"><net_src comp="277" pin="4"/><net_sink comp="487" pin=0"/></net>

<net id="491"><net_src comp="487" pin="1"/><net_sink comp="126" pin=2"/></net>

<net id="495"><net_src comp="310" pin="2"/><net_sink comp="492" pin=0"/></net>

<net id="496"><net_src comp="492" pin="1"/><net_sink comp="381" pin=1"/></net>

<net id="500"><net_src comp="316" pin="2"/><net_sink comp="497" pin=0"/></net>

<net id="501"><net_src comp="497" pin="1"/><net_sink comp="381" pin=0"/></net>

<net id="505"><net_src comp="322" pin="2"/><net_sink comp="502" pin=0"/></net>

<net id="506"><net_src comp="502" pin="1"/><net_sink comp="397" pin=1"/></net>

<net id="525"><net_src comp="365" pin="2"/><net_sink comp="522" pin=0"/></net>

<net id="526"><net_src comp="522" pin="1"/><net_sink comp="377" pin=1"/></net>

<net id="530"><net_src comp="371" pin="2"/><net_sink comp="527" pin=0"/></net>

<net id="531"><net_src comp="527" pin="1"/><net_sink comp="377" pin=0"/></net>

<net id="535"><net_src comp="397" pin="2"/><net_sink comp="532" pin=0"/></net>

</net_list>

</model> 
---------------- Datapath Model END ------------------

* FSMD analyzer results:
  - Output states:
	Port: taskOutGlobal | {2 3 }
	Port: argOut | {11 }
 - Input state : 
	Port: pageRankReduce : taskIn | {1 5 6 }
  - Chain level:
	State 1
		base_task_epsilon : 1
		store_ln31 : 1
	State 2
		br_ln34 : 1
		call_ln29 : 1
		icmp_ln70_3 : 1
		icmp_ln70_4 : 1
		icmp_ln70 : 1
	State 3
	State 4
	State 5
	State 6
	State 7
		call_ln0 : 1
	State 8
	State 9
		bitcast_ln70 : 1
		tmp_s : 2
		trunc_ln70 : 2
		icmp_ln70_1 : 3
		icmp_ln70_2 : 3
		tmp_8 : 1
	State 10
	State 11
		done_flag_1 : 1
		add_ln34 : 1
		store_ln31 : 2
	State 12


============================================================
+ Verbose Summary: Datapath Resource usage 
============================================================

* Functional unit list:
|----------|----------------------------------------------------|---------|---------|---------|---------|
| Operation|                   Functional Unit                  |   DSP   |  Delay  |    FF   |   LUT   |
|----------|----------------------------------------------------|---------|---------|---------|---------|
|          | grp_pageRankReduce_Pipeline_VITIS_LOOP_38_2_fu_180 |    0    |    0    |   608   |    78   |
|   call   | grp_pageRankReduce_Pipeline_VITIS_LOOP_55_3_fu_192 |    0    |  0.774  |   427   |   454   |
|          | grp_pageRankReduce_Pipeline_VITIS_LOOP_62_4_fu_203 |    2    |  0.387  |   418   |   247   |
|----------|----------------------------------------------------|---------|---------|---------|---------|
|          |                 icmp_ln70_3_fu_310                 |    0    |    0    |    0    |    15   |
|          |                 icmp_ln70_4_fu_316                 |    0    |    0    |    0    |    30   |
|   icmp   |                  icmp_ln70_fu_322                  |    0    |    0    |    0    |    39   |
|          |                 icmp_ln70_1_fu_365                 |    0    |    0    |    0    |    15   |
|          |                 icmp_ln70_2_fu_371                 |    0    |    0    |    0    |    30   |
|----------|----------------------------------------------------|---------|---------|---------|---------|
|    add   |                   add_ln34_fu_402                  |    0    |    0    |    0    |    39   |
|----------|----------------------------------------------------|---------|---------|---------|---------|
|          |                  or_ln70_1_fu_377                  |    0    |    0    |    0    |    2    |
|    or    |                  or_ln70_2_fu_381                  |    0    |    0    |    0    |    2    |
|          |                   or_ln70_fu_397                   |    0    |    0    |    0    |    2    |
|----------|----------------------------------------------------|---------|---------|---------|---------|
|    and   |                   and_ln70_fu_385                  |    0    |    0    |    0    |    2    |
|          |                  and_ln70_1_fu_391                 |    0    |    0    |    0    |    2    |
|----------|----------------------------------------------------|---------|---------|---------|---------|
|   read   |               taskIn_read_read_fu_120              |    0    |    0    |    0    |    0    |
|----------|----------------------------------------------------|---------|---------|---------|---------|
|   write  |                  grp_write_fu_126                  |    0    |    0    |    0    |    0    |
|----------|----------------------------------------------------|---------|---------|---------|---------|
|   fcmp   |                     grp_fu_212                     |    0    |    0    |    0    |    0    |
|----------|----------------------------------------------------|---------|---------|---------|---------|
|   trunc  |                  trunc_ln29_fu_219                 |    0    |    0    |    0    |    0    |
|          |                  trunc_ln70_fu_361                 |    0    |    0    |    0    |    0    |
|----------|----------------------------------------------------|---------|---------|---------|---------|
|          |          base_task_iteration_count_fu_223          |    0    |    0    |    0    |    0    |
|          |              base_task_pPrCurr_fu_233              |    0    |    0    |    0    |    0    |
|          |              base_task_pPrNext_fu_243              |    0    |    0    |    0    |    0    |
|          |            base_task_vertex_count_fu_253           |    0    |    0    |    0    |    0    |
|partselect|                     tmp5_fu_263                    |    0    |    0    |    0    |    0    |
|          |                base_task_cont_fu_277               |    0    |    0    |    0    |    0    |
|          |                    tmp_3_fu_292                    |    0    |    0    |    0    |    0    |
|          |                    tmp_4_fu_301                    |    0    |    0    |    0    |    0    |
|          |                    tmp_s_fu_351                    |    0    |    0    |    0    |    0    |
|----------|----------------------------------------------------|---------|---------|---------|---------|
|   Total  |                                                    |    2    |  1.161  |   1453  |   957   |
|----------|----------------------------------------------------|---------|---------|---------|---------|

Memories:
N/A

* Register list:
+---------------------------------+--------+
|                                 |   FF   |
+---------------------------------+--------+
|      base_task_cont_reg_487     |   64   |
|    base_task_epsilon_reg_482    |   32   |
|base_task_iteration_count_reg_461|   32   |
|   base_task_pPrCurr_3_reg_133   |   64   |
|    base_task_pPrCurr_reg_466    |   64   |
|   base_task_pPrNext_3_reg_143   |   64   |
|    base_task_pPrNext_reg_471    |   64   |
|  base_task_vertex_count_reg_476 |   32   |
|       done_flag_1_reg_166       |    1   |
|        done_flag_reg_155        |    1   |
|       icmp_ln70_1_reg_522       |    1   |
|       icmp_ln70_2_reg_527       |    1   |
|       icmp_ln70_3_reg_492       |    1   |
|       icmp_ln70_4_reg_497       |    1   |
|        icmp_ln70_reg_502        |    1   |
|           iter_reg_413          |   32   |
|         or_ln70_reg_532         |    1   |
| partial_sums_1_load_loc_reg_438 |   32   |
| partial_sums_2_load_loc_reg_432 |   32   |
| partial_sums_3_load_loc_reg_426 |   32   |
|  partial_sums_load_loc_reg_444  |   32   |
|         sum_loc_reg_420         |   32   |
|       taskIn_read_reg_450       |   512  |
|        trunc_ln29_reg_456       |   416  |
+---------------------------------+--------+
|              Total              |  1544  |
+---------------------------------+--------+

* Multiplexer (MUX) list: 
|---------------------|------|------|------|--------||---------||---------||---------|
|         Comp        |  Pin | Size |  BW  | S x BW ||  Delay  ||    FF   ||   LUT   |
|---------------------|------|------|------|--------||---------||---------||---------|
| done_flag_1_reg_166 |  p0  |   2  |   1  |    2   ||    0    ||    9    |
|---------------------|------|------|------|--------||---------||---------||---------|
|        Total        |      |      |      |    2   ||  0.387  ||    0    ||    9    |
|---------------------|------|------|------|--------||---------||---------||---------|



* Summary:
+-----------+--------+--------+--------+--------+
|           |   DSP  |  Delay |   FF   |   LUT  |
+-----------+--------+--------+--------+--------+
|  Function |    2   |    1   |  1453  |   957  |
|   Memory  |    -   |    -   |    -   |    -   |
|Multiplexer|    -   |    0   |    0   |    9   |
|  Register |    -   |    -   |  1544  |    -   |
+-----------+--------+--------+--------+--------+
|   Total   |    2   |    1   |  2997  |   966  |
+-----------+--------+--------+--------+--------+
