

================================================================
== Vitis HLS Report for 'pageRankReduce_Pipeline_VITIS_LOOP_55_3'
================================================================
* Date:           Thu Aug 14 16:12:00 2025

* Version:        2024.1 (Build 5069499 on May 21 2024)
* Project:        pageRankReduce
* Solution:       hls (Vivado IP Flow Target)
* Product family: virtexuplusHBM
* Target device:  xcu55c-fsvh2892-2LV-e


================================================================
== Performance Estimates
================================================================
+ Timing: 
    * Summary: 
    +--------+---------+----------+------------+
    |  Clock |  Target | Estimated| Uncertainty|
    +--------+---------+----------+------------+
    |ap_clk  |  4.00 ns|  3.231 ns|     1.08 ns|
    +--------+---------+----------+------------+

+ Latency: 
    * Summary: 
    +---------+---------+----------+----------+-----+-----+-----------------------------------------------+
    |  Latency (cycles) |  Latency (absolute) |  Interval |                    Pipeline                   |
    |   min   |   max   |    min   |    max   | min | max |                      Type                     |
    +---------+---------+----------+----------+-----+-----+-----------------------------------------------+
    |        ?|        ?|         ?|         ?|    0|    0|  loop auto-rewind stp(delay=0 clock cycles(s))|
    +---------+---------+----------+----------+-----+-----+-----------------------------------------------+

    + Detail: 
        * Instance: 
        N/A

        * Loop: 
        +-------------------+---------+---------+----------+-----------+-----------+------+----------+
        |                   |  Latency (cycles) | Iteration|  Initiation Interval  | Trip |          |
        |     Loop Name     |   min   |   max   |  Latency |  achieved |   target  | Count| Pipelined|
        +-------------------+---------+---------+----------+-----------+-----------+------+----------+
        |- VITIS_LOOP_55_3  |        ?|        ?|         5|          1|          1|     ?|       yes|
        +-------------------+---------+---------+----------+-----------+-----------+------+----------+



================================================================
== Utilization Estimates
================================================================
* Summary: 
+---------------------+---------+------+---------+---------+-----+
|         Name        | BRAM_18K|  DSP |    FF   |   LUT   | URAM|
+---------------------+---------+------+---------+---------+-----+
|DSP                  |        -|     -|        -|        -|    -|
|Expression           |        -|     -|        0|       84|    -|
|FIFO                 |        -|     -|        -|        -|    -|
|Instance             |        -|     0|      168|      358|    -|
|Memory               |        -|     -|        -|        -|    -|
|Multiplexer          |        -|     -|        0|      117|    -|
|Register             |        -|     -|      332|       64|    -|
+---------------------+---------+------+---------+---------+-----+
|Total                |        0|     0|      500|      623|    0|
+---------------------+---------+------+---------+---------+-----+
|Available SLR        |     1344|  3008|   869120|   434560|  320|
+---------------------+---------+------+---------+---------+-----+
|Utilization SLR (%)  |        0|     0|       ~0|       ~0|    0|
+---------------------+---------+------+---------+---------+-----+
|Available            |     4032|  9024|  2607360|  1303680|  960|
+---------------------+---------+------+---------+---------+-----+
|Utilization (%)      |        0|     0|       ~0|       ~0|    0|
+---------------------+---------+------+---------+---------+-----+

+ Detail: 
    * Instance: 
    +---------------------------------+------------------------------+---------+----+-----+-----+-----+
    |             Instance            |            Module            | BRAM_18K| DSP|  FF | LUT | URAM|
    +---------------------------------+------------------------------+---------+----+-----+-----+-----+
    |fadd_32ns_32ns_32_4_no_dsp_1_U6  |fadd_32ns_32ns_32_4_no_dsp_1  |        0|   0|  168|  338|    0|
    |sparsemux_9_2_32_1_1_U7          |sparsemux_9_2_32_1_1          |        0|   0|    0|   20|    0|
    +---------------------------------+------------------------------+---------+----+-----+-----+-----+
    |Total                            |                              |        0|   0|  168|  358|    0|
    +---------------------------------+------------------------------+---------+----+-----+-----+-----+

    * DSP: 
    N/A

    * Memory: 
    N/A

    * FIFO: 
    N/A

    * Expression: 
    +----------------------------------+----------+----+---+----+------------+------------+
    |           Variable Name          | Operation| DSP| FF| LUT| Bitwidth P0| Bitwidth P1|
    +----------------------------------+----------+----+---+----+------------+------------+
    |i_2_fu_152_p2                     |         +|   0|  0|  39|          32|           1|
    |ap_block_pp0_stage0_01001         |       and|   0|  0|   2|           1|           1|
    |ap_block_state1_pp0_stage0_iter0  |       and|   0|  0|   2|           1|           1|
    |icmp_ln55_fu_146_p2               |      icmp|   0|  0|  39|          32|          32|
    |ap_enable_pp0                     |       xor|   0|  0|   2|           1|           2|
    +----------------------------------+----------+----+---+----+------------+------------+
    |Total                             |          |   0|  0|  84|          67|          37|
    +----------------------------------+----------+----+---+----+------------+------------+

    * Multiplexer: 
    +----------------------------------------+----+-----------+-----+-----------+
    |                  Name                  | LUT| Input Size| Bits| Total Bits|
    +----------------------------------------+----+-----------+-----+-----------+
    |ap_done_int                             |   9|          2|    1|          2|
    |ap_enable_reg_pp0_iter1                 |   9|          2|    1|          2|
    |ap_sig_allocacmp_i                      |   9|          2|   32|         64|
    |ap_sig_allocacmp_partial_sums_1_load_1  |   9|          2|   32|         64|
    |ap_sig_allocacmp_partial_sums_2_load_1  |   9|          2|   32|         64|
    |ap_sig_allocacmp_partial_sums_3_load_1  |   9|          2|   32|         64|
    |ap_sig_allocacmp_partial_sums_load_1    |   9|          2|   32|         64|
    |i_1_fu_54                               |   9|          2|   32|         64|
    |partial_sums_1_fu_66                    |   9|          2|   32|         64|
    |partial_sums_2_fu_62                    |   9|          2|   32|         64|
    |partial_sums_3_fu_58                    |   9|          2|   32|         64|
    |partial_sums_fu_70                      |   9|          2|   32|         64|
    |taskIn_TDATA_blk_n                      |   9|          2|    1|          2|
    +----------------------------------------+----+-----------+-----+-----------+
    |Total                                   | 117|         26|  323|        646|
    +----------------------------------------+----+-----------+-----+-----------+

    * Register: 
    +----------------------------------+----+----+-----+-----------+
    |               Name               | FF | LUT| Bits| Const Bits|
    +----------------------------------+----+----+-----+-----------+
    |ap_CS_fsm                         |   1|   0|    1|          0|
    |ap_done_reg                       |   1|   0|    1|          0|
    |ap_enable_reg_pp0_iter1           |   1|   0|    1|          0|
    |ap_enable_reg_pp0_iter2           |   1|   0|    1|          0|
    |ap_enable_reg_pp0_iter3           |   1|   0|    1|          0|
    |ap_enable_reg_pp0_iter4           |   1|   0|    1|          0|
    |ap_loop_exit_ready_pp0_iter1_reg  |   1|   0|    1|          0|
    |ap_loop_exit_ready_pp0_iter2_reg  |   1|   0|    1|          0|
    |ap_loop_exit_ready_pp0_iter3_reg  |   1|   0|    1|          0|
    |i_1_fu_54                         |  32|   0|   32|          0|
    |icmp_ln55_reg_286                 |   1|   0|    1|          0|
    |partial_sums_1_fu_66              |  32|   0|   32|          0|
    |partial_sums_2_fu_62              |  32|   0|   32|          0|
    |partial_sums_3_fu_58              |  32|   0|   32|          0|
    |partial_sums_fu_70                |  32|   0|   32|          0|
    |trunc_ln55_reg_290                |   2|   0|    2|          0|
    |trunc_ln57_reg_295                |  32|   0|   32|          0|
    |icmp_ln55_reg_286                 |  64|  32|    1|          0|
    |trunc_ln55_reg_290                |  64|  32|    2|          0|
    +----------------------------------+----+----+-----+-----------+
    |Total                             | 332|  64|  207|          0|
    +----------------------------------+----+----+-----+-----------+



================================================================
== Interface
================================================================
* Summary: 
+--------------------------------+-----+-----+------------+-----------------------------------------+--------------+
|            RTL Ports           | Dir | Bits|  Protocol  |              Source Object              |    C Type    |
+--------------------------------+-----+-----+------------+-----------------------------------------+--------------+
|ap_clk                          |   in|    1|  ap_ctrl_hs|  pageRankReduce_Pipeline_VITIS_LOOP_55_3|  return value|
|ap_rst                          |   in|    1|  ap_ctrl_hs|  pageRankReduce_Pipeline_VITIS_LOOP_55_3|  return value|
|ap_start                        |   in|    1|  ap_ctrl_hs|  pageRankReduce_Pipeline_VITIS_LOOP_55_3|  return value|
|ap_done                         |  out|    1|  ap_ctrl_hs|  pageRankReduce_Pipeline_VITIS_LOOP_55_3|  return value|
|ap_idle                         |  out|    1|  ap_ctrl_hs|  pageRankReduce_Pipeline_VITIS_LOOP_55_3|  return value|
|ap_ready                        |  out|    1|  ap_ctrl_hs|  pageRankReduce_Pipeline_VITIS_LOOP_55_3|  return value|
|taskIn_TVALID                   |   in|    1|        axis|                                   taskIn|       pointer|
|taskIn_TDATA                    |   in|  512|        axis|                                   taskIn|       pointer|
|taskIn_TREADY                   |  out|    1|        axis|                                   taskIn|       pointer|
|base_task_vertex_count4         |   in|   32|     ap_none|                  base_task_vertex_count4|        scalar|
|partial_sums_load_out           |  out|   32|      ap_vld|                    partial_sums_load_out|       pointer|
|partial_sums_load_out_ap_vld    |  out|    1|      ap_vld|                    partial_sums_load_out|       pointer|
|partial_sums_1_load_out         |  out|   32|      ap_vld|                  partial_sums_1_load_out|       pointer|
|partial_sums_1_load_out_ap_vld  |  out|    1|      ap_vld|                  partial_sums_1_load_out|       pointer|
|partial_sums_2_load_out         |  out|   32|      ap_vld|                  partial_sums_2_load_out|       pointer|
|partial_sums_2_load_out_ap_vld  |  out|    1|      ap_vld|                  partial_sums_2_load_out|       pointer|
|partial_sums_3_load_out         |  out|   32|      ap_vld|                  partial_sums_3_load_out|       pointer|
|partial_sums_3_load_out_ap_vld  |  out|    1|      ap_vld|                  partial_sums_3_load_out|       pointer|
+--------------------------------+-----+-----+------------+-----------------------------------------+--------------+

============================================================
+ Verbose Summary: Synthesis Manager
============================================================
InlineROM: 1
ExposeGlobal: 0
============================================================
+ Verbose Summary: CDFG Model
============================================================
IsTopModel: 0
ResetActiveHigh: 1
IsCombinational: 2
IsDatapathOnly: 2
HasWiredReturn: 1
HasMFsm: 2
HasVarLatency: 1
IsPipeline: 0
IsRtlPipelined: 0
IsInstanceOverlapped: 0
IsDontTouch: 0
HasImplIP: 0
IsGatedGlobalClock: 0

+ Individual pipeline summary: 
  * Pipeline-0: initiation interval (II) = 1, depth = 5


============================================================
+ Verbose Summary: Schedule
============================================================
* Number of FSM states : 5
* Pipeline : 1
  Pipeline-0 : II = 1, D = 5, States = { 1 2 3 4 5 }
* Dataflow Pipeline: 0

* FSM state transitions: 
1 --> 2 
2 --> 3 
3 --> 4 
4 --> 5 
5 --> 

* FSM state operations: 

State 1 <SV = 0> <Delay = 1.65>
ST_1 : Operation 8 [1/1] (0.00ns)   --->   "%i_1 = alloca i32 1" [pageRank.cpp:55]   --->   Operation 8 'alloca' 'i_1' <Predicate = true> <Delay = 0.00>
ST_1 : Operation 9 [1/1] (0.00ns)   --->   "%specinterface_ln0 = specinterface void @_ssdm_op_SpecInterface, i512 %taskIn, void @empty, i32 0, i32 0, void @empty_0, i32 0, i32 0, void @empty_1, void @empty_1, void @empty_1, i32 0, i32 0, i32 0, i32 0, void @empty_1, void @empty_1, i32 4294967295, i32 0, i32 0"   --->   Operation 9 'specinterface' 'specinterface_ln0' <Predicate = true> <Delay = 0.00>
ST_1 : Operation 10 [1/1] (0.00ns)   --->   "%base_task_vertex_count4_read = read i32 @_ssdm_op_Read.ap_auto.i32, i32 %base_task_vertex_count4"   --->   Operation 10 'read' 'base_task_vertex_count4_read' <Predicate = true> <Delay = 0.00>
ST_1 : Operation 11 [1/1] (0.00ns)   --->   "%partial_sums_3 = alloca i64 1" [pageRank.cpp:53]   --->   Operation 11 'alloca' 'partial_sums_3' <Predicate = true> <Delay = 0.00>
ST_1 : Operation 12 [1/1] (0.00ns)   --->   "%partial_sums_2 = alloca i64 1" [pageRank.cpp:53]   --->   Operation 12 'alloca' 'partial_sums_2' <Predicate = true> <Delay = 0.00>
ST_1 : Operation 13 [1/1] (0.00ns)   --->   "%partial_sums_1 = alloca i64 1" [pageRank.cpp:53]   --->   Operation 13 'alloca' 'partial_sums_1' <Predicate = true> <Delay = 0.00>
ST_1 : Operation 14 [1/1] (0.00ns)   --->   "%partial_sums = alloca i64 1" [pageRank.cpp:53]   --->   Operation 14 'alloca' 'partial_sums' <Predicate = true> <Delay = 0.00>
ST_1 : Operation 15 [1/1] (0.38ns)   --->   "%store_ln0 = store i32 0, i32 %partial_sums"   --->   Operation 15 'store' 'store_ln0' <Predicate = true> <Delay = 0.38>
ST_1 : Operation 16 [1/1] (0.38ns)   --->   "%store_ln0 = store i32 0, i32 %partial_sums_1"   --->   Operation 16 'store' 'store_ln0' <Predicate = true> <Delay = 0.38>
ST_1 : Operation 17 [1/1] (0.38ns)   --->   "%store_ln0 = store i32 0, i32 %partial_sums_2"   --->   Operation 17 'store' 'store_ln0' <Predicate = true> <Delay = 0.38>
ST_1 : Operation 18 [1/1] (0.38ns)   --->   "%store_ln0 = store i32 0, i32 %partial_sums_3"   --->   Operation 18 'store' 'store_ln0' <Predicate = true> <Delay = 0.38>
ST_1 : Operation 19 [1/1] (0.38ns)   --->   "%store_ln55 = store i32 0, i32 %i_1" [pageRank.cpp:55]   --->   Operation 19 'store' 'store_ln55' <Predicate = true> <Delay = 0.38>
ST_1 : Operation 20 [1/1] (0.00ns)   --->   "%br_ln55 = br void %for.inc13" [pageRank.cpp:55]   --->   Operation 20 'br' 'br_ln55' <Predicate = true> <Delay = 0.00>
ST_1 : Operation 21 [1/1] (0.00ns)   --->   "%i = load i32 %i_1" [pageRank.cpp:55]   --->   Operation 21 'load' 'i' <Predicate = true> <Delay = 0.00>
ST_1 : Operation 22 [1/1] (0.88ns)   --->   "%icmp_ln55 = icmp_eq  i32 %i, i32 %base_task_vertex_count4_read" [pageRank.cpp:55]   --->   Operation 22 'icmp' 'icmp_ln55' <Predicate = true> <Delay = 0.88> <CoreInst = "Cmp">   --->   Core 9 'Cmp' <Latency = 0> <II = 1> <Delay = 0.88> <FuncUnit> <Opcode : 'seteq' 'setne' 'setle' 'setge' 'setlt' 'setgt'> <InPorts = 2> <OutPorts = 1>
ST_1 : Operation 23 [1/1] (0.88ns)   --->   "%i_2 = add i32 %i, i32 1" [pageRank.cpp:55]   --->   Operation 23 'add' 'i_2' <Predicate = true> <Delay = 0.88> <CoreInst = "Adder">   --->   Core 1 'Adder' <Latency = 0> <II = 1> <Delay = 0.88> <FuncUnit> <Opcode : 'add' 'sub'> <InPorts = 2> <OutPorts = 1>
ST_1 : Operation 24 [1/1] (0.00ns)   --->   "%br_ln55 = br i1 %icmp_ln55, void %for.inc13.split, void %VITIS_LOOP_62_4.loopexit" [pageRank.cpp:55]   --->   Operation 24 'br' 'br_ln55' <Predicate = true> <Delay = 0.00>
ST_1 : Operation 25 [1/1] (0.00ns)   --->   "%trunc_ln55 = trunc i32 %i" [pageRank.cpp:55]   --->   Operation 25 'trunc' 'trunc_ln55' <Predicate = (!icmp_ln55)> <Delay = 0.00>
ST_1 : Operation 26 [1/1] (0.07ns)   --->   "%taskIn_read = read i512 @_ssdm_op_Read.axis.volatile.i512P128A, i512 %taskIn" [pageRank.cpp:57]   --->   Operation 26 'read' 'taskIn_read' <Predicate = (!icmp_ln55)> <Delay = 0.07> <CoreInst = "regslice">   --->   Core 148 'regslice' <Latency = 0> <II = 1> <Delay = 0.99> <Adapter> <Opcode : 'read' 'write'>
ST_1 : Operation 27 [1/1] (0.00ns)   --->   "%trunc_ln57 = trunc i512 %taskIn_read" [pageRank.cpp:57]   --->   Operation 27 'trunc' 'trunc_ln57' <Predicate = (!icmp_ln55)> <Delay = 0.00>
ST_1 : Operation 28 [1/1] (0.66ns)   --->   "%switch_ln58 = switch i2 %trunc_ln55, void %arrayidx.case.3, i2 0, void %arrayidx.case.0, i2 1, void %arrayidx.case.1, i2 2, void %arrayidx.case.2" [pageRank.cpp:58]   --->   Operation 28 'switch' 'switch_ln58' <Predicate = (!icmp_ln55)> <Delay = 0.66>
ST_1 : Operation 29 [1/1] (0.38ns)   --->   "%store_ln55 = store i32 %i_2, i32 %i_1" [pageRank.cpp:55]   --->   Operation 29 'store' 'store_ln55' <Predicate = (!icmp_ln55)> <Delay = 0.38>
ST_1 : Operation 30 [1/1] (0.00ns)   --->   "%br_ln55 = br void %for.inc13" [pageRank.cpp:55]   --->   Operation 30 'br' 'br_ln55' <Predicate = (!icmp_ln55)> <Delay = 0.00>

State 2 <SV = 1> <Delay = 3.23>
ST_2 : Operation 31 [1/1] (0.00ns)   --->   "%reduce_task_value = bitcast i32 %trunc_ln57" [pageRank.cpp:57]   --->   Operation 31 'bitcast' 'reduce_task_value' <Predicate = true> <Delay = 0.00>
ST_2 : Operation 32 [1/1] (0.00ns)   --->   "%partial_sums_load_1 = load i32 %partial_sums" [pageRank.cpp:58]   --->   Operation 32 'load' 'partial_sums_load_1' <Predicate = (trunc_ln55 == 0)> <Delay = 0.00>
ST_2 : Operation 33 [1/1] (0.00ns)   --->   "%partial_sums_1_load_1 = load i32 %partial_sums_1" [pageRank.cpp:58]   --->   Operation 33 'load' 'partial_sums_1_load_1' <Predicate = (trunc_ln55 == 1)> <Delay = 0.00>
ST_2 : Operation 34 [1/1] (0.00ns)   --->   "%partial_sums_2_load_1 = load i32 %partial_sums_2" [pageRank.cpp:58]   --->   Operation 34 'load' 'partial_sums_2_load_1' <Predicate = (trunc_ln55 == 2)> <Delay = 0.00>
ST_2 : Operation 35 [1/1] (0.00ns)   --->   "%partial_sums_3_load_1 = load i32 %partial_sums_3" [pageRank.cpp:58]   --->   Operation 35 'load' 'partial_sums_3_load_1' <Predicate = (trunc_ln55 == 3)> <Delay = 0.00>
ST_2 : Operation 36 [1/1] (0.45ns)   --->   "%tmp_2 = sparsemux i32 @_ssdm_op_SparseMux.ap_auto.4float.float.i2, i2 0, i32 %partial_sums_load_1, i2 1, i32 %partial_sums_1_load_1, i2 2, i32 %partial_sums_2_load_1, i2 3, i32 %partial_sums_3_load_1, i32 <undef>, i2 %trunc_ln55" [pageRank.cpp:58]   --->   Operation 36 'sparsemux' 'tmp_2' <Predicate = true> <Delay = 0.45> <CoreInst = "SparseMux">   --->   Core 144 'SparseMux' <Latency = 0> <II = 1> <Delay = 0.45> <FuncUnit> <Opcode : 'sparsemux'> <InPorts = 2> <OutPorts = 1>
ST_2 : Operation 37 [4/4] (2.77ns)   --->   "%partial_sums_4 = fadd i32 %tmp_2, i32 %reduce_task_value" [pageRank.cpp:58]   --->   Operation 37 'fadd' 'partial_sums_4' <Predicate = true> <Delay = 2.77> <CoreInst = "FAddSub_nodsp">   --->   Core 17 'FAddSub_nodsp' <Latency = 3> <II = 1> <Delay = 2.77> <FuncUnit> <Opcode : 'fadd' 'fsub'> <InPorts = 2> <OutPorts = 1>

State 3 <SV = 2> <Delay = 2.77>
ST_3 : Operation 38 [3/4] (2.77ns)   --->   "%partial_sums_4 = fadd i32 %tmp_2, i32 %reduce_task_value" [pageRank.cpp:58]   --->   Operation 38 'fadd' 'partial_sums_4' <Predicate = true> <Delay = 2.77> <CoreInst = "FAddSub_nodsp">   --->   Core 17 'FAddSub_nodsp' <Latency = 3> <II = 1> <Delay = 2.77> <FuncUnit> <Opcode : 'fadd' 'fsub'> <InPorts = 2> <OutPorts = 1>

State 4 <SV = 3> <Delay = 2.77>
ST_4 : Operation 39 [2/4] (2.77ns)   --->   "%partial_sums_4 = fadd i32 %tmp_2, i32 %reduce_task_value" [pageRank.cpp:58]   --->   Operation 39 'fadd' 'partial_sums_4' <Predicate = true> <Delay = 2.77> <CoreInst = "FAddSub_nodsp">   --->   Core 17 'FAddSub_nodsp' <Latency = 3> <II = 1> <Delay = 2.77> <FuncUnit> <Opcode : 'fadd' 'fsub'> <InPorts = 2> <OutPorts = 1>
ST_4 : Operation 51 [1/1] (0.00ns)   --->   "%partial_sums_load = load i32 %partial_sums"   --->   Operation 51 'load' 'partial_sums_load' <Predicate = (icmp_ln55)> <Delay = 0.00>
ST_4 : Operation 52 [1/1] (0.00ns)   --->   "%partial_sums_1_load = load i32 %partial_sums_1"   --->   Operation 52 'load' 'partial_sums_1_load' <Predicate = (icmp_ln55)> <Delay = 0.00>
ST_4 : Operation 53 [1/1] (0.00ns)   --->   "%partial_sums_2_load = load i32 %partial_sums_2"   --->   Operation 53 'load' 'partial_sums_2_load' <Predicate = (icmp_ln55)> <Delay = 0.00>
ST_4 : Operation 54 [1/1] (0.00ns)   --->   "%partial_sums_3_load = load i32 %partial_sums_3"   --->   Operation 54 'load' 'partial_sums_3_load' <Predicate = (icmp_ln55)> <Delay = 0.00>
ST_4 : Operation 55 [1/1] (0.00ns)   --->   "%write_ln0 = write void @_ssdm_op_Write.ap_auto.floatP0A, i32 %partial_sums_load_out, i32 %partial_sums_load"   --->   Operation 55 'write' 'write_ln0' <Predicate = (icmp_ln55)> <Delay = 0.00>
ST_4 : Operation 56 [1/1] (0.00ns)   --->   "%write_ln0 = write void @_ssdm_op_Write.ap_auto.floatP0A, i32 %partial_sums_1_load_out, i32 %partial_sums_1_load"   --->   Operation 56 'write' 'write_ln0' <Predicate = (icmp_ln55)> <Delay = 0.00>
ST_4 : Operation 57 [1/1] (0.00ns)   --->   "%write_ln0 = write void @_ssdm_op_Write.ap_auto.floatP0A, i32 %partial_sums_2_load_out, i32 %partial_sums_2_load"   --->   Operation 57 'write' 'write_ln0' <Predicate = (icmp_ln55)> <Delay = 0.00>
ST_4 : Operation 58 [1/1] (0.00ns)   --->   "%write_ln0 = write void @_ssdm_op_Write.ap_auto.floatP0A, i32 %partial_sums_3_load_out, i32 %partial_sums_3_load"   --->   Operation 58 'write' 'write_ln0' <Predicate = (icmp_ln55)> <Delay = 0.00>
ST_4 : Operation 59 [1/1] (0.38ns)   --->   "%ret_ln0 = ret"   --->   Operation 59 'ret' 'ret_ln0' <Predicate = (icmp_ln55)> <Delay = 0.38>

State 5 <SV = 4> <Delay = 3.16>
ST_5 : Operation 40 [1/1] (0.00ns)   --->   "%specpipeline_ln56 = specpipeline void @_ssdm_op_SpecPipeline, i32 1, i32 0, i32 0, i32 0, void @empty_1" [pageRank.cpp:56]   --->   Operation 40 'specpipeline' 'specpipeline_ln56' <Predicate = true> <Delay = 0.00>
ST_5 : Operation 41 [1/1] (0.00ns)   --->   "%specloopname_ln55 = specloopname void @_ssdm_op_SpecLoopName, void @empty_4" [pageRank.cpp:55]   --->   Operation 41 'specloopname' 'specloopname_ln55' <Predicate = true> <Delay = 0.00>
ST_5 : Operation 42 [1/4] (2.77ns)   --->   "%partial_sums_4 = fadd i32 %tmp_2, i32 %reduce_task_value" [pageRank.cpp:58]   --->   Operation 42 'fadd' 'partial_sums_4' <Predicate = true> <Delay = 2.77> <CoreInst = "FAddSub_nodsp">   --->   Core 17 'FAddSub_nodsp' <Latency = 3> <II = 1> <Delay = 2.77> <FuncUnit> <Opcode : 'fadd' 'fsub'> <InPorts = 2> <OutPorts = 1>
ST_5 : Operation 43 [1/1] (0.38ns)   --->   "%store_ln58 = store i32 %partial_sums_4, i32 %partial_sums_2" [pageRank.cpp:58]   --->   Operation 43 'store' 'store_ln58' <Predicate = (trunc_ln55 == 2)> <Delay = 0.38>
ST_5 : Operation 44 [1/1] (0.00ns)   --->   "%br_ln58 = br void %arrayidx.exit" [pageRank.cpp:58]   --->   Operation 44 'br' 'br_ln58' <Predicate = (trunc_ln55 == 2)> <Delay = 0.00>
ST_5 : Operation 45 [1/1] (0.38ns)   --->   "%store_ln58 = store i32 %partial_sums_4, i32 %partial_sums_1" [pageRank.cpp:58]   --->   Operation 45 'store' 'store_ln58' <Predicate = (trunc_ln55 == 1)> <Delay = 0.38>
ST_5 : Operation 46 [1/1] (0.00ns)   --->   "%br_ln58 = br void %arrayidx.exit" [pageRank.cpp:58]   --->   Operation 46 'br' 'br_ln58' <Predicate = (trunc_ln55 == 1)> <Delay = 0.00>
ST_5 : Operation 47 [1/1] (0.38ns)   --->   "%store_ln58 = store i32 %partial_sums_4, i32 %partial_sums" [pageRank.cpp:58]   --->   Operation 47 'store' 'store_ln58' <Predicate = (trunc_ln55 == 0)> <Delay = 0.38>
ST_5 : Operation 48 [1/1] (0.00ns)   --->   "%br_ln58 = br void %arrayidx.exit" [pageRank.cpp:58]   --->   Operation 48 'br' 'br_ln58' <Predicate = (trunc_ln55 == 0)> <Delay = 0.00>
ST_5 : Operation 49 [1/1] (0.38ns)   --->   "%store_ln58 = store i32 %partial_sums_4, i32 %partial_sums_3" [pageRank.cpp:58]   --->   Operation 49 'store' 'store_ln58' <Predicate = (trunc_ln55 == 3)> <Delay = 0.38>
ST_5 : Operation 50 [1/1] (0.00ns)   --->   "%br_ln58 = br void %arrayidx.exit" [pageRank.cpp:58]   --->   Operation 50 'br' 'br_ln58' <Predicate = (trunc_ln55 == 3)> <Delay = 0.00>


============================================================
+ Verbose Summary: Binding
============================================================
STG Binding: 
---------------- STG Properties BEGIN ----------------
- Is combinational: 0
- Is one-state seq: 0
- Is datapath-only: 0
- Is pipelined: 0
- Is top level: 0
Port [ Return ] is wired: 1; IO mode=ap_ctrl_hs:ce=0
Port [ base_task_vertex_count4]:  wired=1; compound=0; hidden=0; nouse=0; global=0; static=0; extern=0; dir=0; type=0; pingpong=0; private_global=0; IO mode=ap_none:ce=0
Port [ taskIn]:  wired=1; compound=1; hidden=0; nouse=0; global=0; static=0; extern=0; dir=0; type=0; pingpong=0; private_global=0; IO mode=axis:ce=0
Port [ partial_sums_load_out]:  wired=1; compound=0; hidden=0; nouse=0; global=0; static=0; extern=0; dir=1; type=0; pingpong=0; private_global=0; IO mode=ap_vld:ce=0
Port [ partial_sums_1_load_out]:  wired=1; compound=0; hidden=0; nouse=0; global=0; static=0; extern=0; dir=1; type=0; pingpong=0; private_global=0; IO mode=ap_vld:ce=0
Port [ partial_sums_2_load_out]:  wired=1; compound=0; hidden=0; nouse=0; global=0; static=0; extern=0; dir=1; type=0; pingpong=0; private_global=0; IO mode=ap_vld:ce=0
Port [ partial_sums_3_load_out]:  wired=1; compound=0; hidden=0; nouse=0; global=0; static=0; extern=0; dir=1; type=0; pingpong=0; private_global=0; IO mode=ap_vld:ce=0
---------------- STG Properties END ------------------

---------------- Datapath Model BEGIN ----------------

<LifeTime>
<method=bitvector/>
i_1                          (alloca       ) [ 010000]
specinterface_ln0            (specinterface) [ 000000]
base_task_vertex_count4_read (read         ) [ 000000]
partial_sums_3               (alloca       ) [ 011111]
partial_sums_2               (alloca       ) [ 011111]
partial_sums_1               (alloca       ) [ 011111]
partial_sums                 (alloca       ) [ 011111]
store_ln0                    (store        ) [ 000000]
store_ln0                    (store        ) [ 000000]
store_ln0                    (store        ) [ 000000]
store_ln0                    (store        ) [ 000000]
store_ln55                   (store        ) [ 000000]
br_ln55                      (br           ) [ 000000]
i                            (load         ) [ 000000]
icmp_ln55                    (icmp         ) [ 011110]
i_2                          (add          ) [ 000000]
br_ln55                      (br           ) [ 000000]
trunc_ln55                   (trunc        ) [ 011111]
taskIn_read                  (read         ) [ 000000]
trunc_ln57                   (trunc        ) [ 011000]
switch_ln58                  (switch       ) [ 000000]
store_ln55                   (store        ) [ 000000]
br_ln55                      (br           ) [ 000000]
reduce_task_value            (bitcast      ) [ 010111]
partial_sums_load_1          (load         ) [ 000000]
partial_sums_1_load_1        (load         ) [ 000000]
partial_sums_2_load_1        (load         ) [ 000000]
partial_sums_3_load_1        (load         ) [ 000000]
tmp_2                        (sparsemux    ) [ 010111]
specpipeline_ln56            (specpipeline ) [ 000000]
specloopname_ln55            (specloopname ) [ 000000]
partial_sums_4               (fadd         ) [ 000000]
store_ln58                   (store        ) [ 000000]
br_ln58                      (br           ) [ 000000]
store_ln58                   (store        ) [ 000000]
br_ln58                      (br           ) [ 000000]
store_ln58                   (store        ) [ 000000]
br_ln58                      (br           ) [ 000000]
store_ln58                   (store        ) [ 000000]
br_ln58                      (br           ) [ 000000]
partial_sums_load            (load         ) [ 000000]
partial_sums_1_load          (load         ) [ 000000]
partial_sums_2_load          (load         ) [ 000000]
partial_sums_3_load          (load         ) [ 000000]
write_ln0                    (write        ) [ 000000]
write_ln0                    (write        ) [ 000000]
write_ln0                    (write        ) [ 000000]
write_ln0                    (write        ) [ 000000]
ret_ln0                      (ret          ) [ 000000]
</LifeTime>

<model>

<comp_list>
<comp id="0" class="1000" name="base_task_vertex_count4">
<pin_list>
<pin id="1" dir="1" index="0" bw="1" slack="0"/>
</pin_list>
<bind>
<StgValue><ssdm name="base_task_vertex_count4"/></StgValue>
</bind>
</comp>

<comp id="2" class="1000" name="taskIn">
<pin_list>
<pin id="3" dir="1" index="0" bw="1" slack="0"/>
</pin_list>
<bind>
<StgValue><ssdm name="taskIn"/></StgValue>
</bind>
</comp>

<comp id="4" class="1000" name="partial_sums_load_out">
<pin_list>
<pin id="5" dir="1" index="0" bw="1" slack="0"/>
</pin_list>
<bind>
<StgValue><ssdm name="partial_sums_load_out"/></StgValue>
</bind>
</comp>

<comp id="6" class="1000" name="partial_sums_1_load_out">
<pin_list>
<pin id="7" dir="1" index="0" bw="1" slack="0"/>
</pin_list>
<bind>
<StgValue><ssdm name="partial_sums_1_load_out"/></StgValue>
</bind>
</comp>

<comp id="8" class="1000" name="partial_sums_2_load_out">
<pin_list>
<pin id="9" dir="1" index="0" bw="1" slack="0"/>
</pin_list>
<bind>
<StgValue><ssdm name="partial_sums_2_load_out"/></StgValue>
</bind>
</comp>

<comp id="10" class="1000" name="partial_sums_3_load_out">
<pin_list>
<pin id="11" dir="1" index="0" bw="1" slack="0"/>
</pin_list>
<bind>
<StgValue><ssdm name="partial_sums_3_load_out"/></StgValue>
</bind>
</comp>

<comp id="12" class="1001" name="const_12">
<pin_list>
<pin id="13" dir="1" index="0" bw="1" slack="0"/>
</pin_list>
<bind>
<StgValue><ssdm name=""/></StgValue>
</bind>
</comp>

<comp id="14" class="1001" name="const_14">
<pin_list>
<pin id="15" dir="1" index="0" bw="1" slack="2147483647"/>
</pin_list>
<bind>
<StgValue><ssdm name="_ssdm_op_SpecInterface"/></StgValue>
</bind>
</comp>

<comp id="16" class="1001" name="const_16">
<pin_list>
<pin id="17" dir="1" index="0" bw="1" slack="2147483647"/>
</pin_list>
<bind>
<StgValue><ssdm name="empty"/></StgValue>
</bind>
</comp>

<comp id="18" class="1001" name="const_18">
<pin_list>
<pin id="19" dir="1" index="0" bw="1" slack="0"/>
</pin_list>
<bind>
<StgValue><ssdm name=""/></StgValue>
</bind>
</comp>

<comp id="20" class="1001" name="const_20">
<pin_list>
<pin id="21" dir="1" index="0" bw="1" slack="2147483647"/>
</pin_list>
<bind>
<StgValue><ssdm name="empty_0"/></StgValue>
</bind>
</comp>

<comp id="22" class="1001" name="const_22">
<pin_list>
<pin id="23" dir="1" index="0" bw="1" slack="2147483647"/>
</pin_list>
<bind>
<StgValue><ssdm name="empty_1"/></StgValue>
</bind>
</comp>

<comp id="24" class="1001" name="const_24">
<pin_list>
<pin id="25" dir="1" index="0" bw="1" slack="2147483647"/>
</pin_list>
<bind>
<StgValue><ssdm name=""/></StgValue>
</bind>
</comp>

<comp id="26" class="1001" name="const_26">
<pin_list>
<pin id="27" dir="1" index="0" bw="1" slack="0"/>
</pin_list>
<bind>
<StgValue><ssdm name="_ssdm_op_Read.ap_auto.i32"/></StgValue>
</bind>
</comp>

<comp id="28" class="1001" name="const_28">
<pin_list>
<pin id="29" dir="1" index="0" bw="1" slack="0"/>
</pin_list>
<bind>
<StgValue><ssdm name=""/></StgValue>
</bind>
</comp>

<comp id="30" class="1001" name="const_30">
<pin_list>
<pin id="31" dir="1" index="0" bw="1" slack="0"/>
</pin_list>
<bind>
<StgValue><ssdm name=""/></StgValue>
</bind>
</comp>

<comp id="32" class="1001" name="const_32">
<pin_list>
<pin id="33" dir="1" index="0" bw="1" slack="0"/>
</pin_list>
<bind>
<StgValue><ssdm name="_ssdm_op_Read.axis.volatile.i512P128A"/></StgValue>
</bind>
</comp>

<comp id="34" class="1001" name="const_34">
<pin_list>
<pin id="35" dir="1" index="0" bw="1" slack="0"/>
</pin_list>
<bind>
<StgValue><ssdm name=""/></StgValue>
</bind>
</comp>

<comp id="36" class="1001" name="const_36">
<pin_list>
<pin id="37" dir="1" index="0" bw="1" slack="0"/>
</pin_list>
<bind>
<StgValue><ssdm name=""/></StgValue>
</bind>
</comp>

<comp id="38" class="1001" name="const_38">
<pin_list>
<pin id="39" dir="1" index="0" bw="1" slack="0"/>
</pin_list>
<bind>
<StgValue><ssdm name=""/></StgValue>
</bind>
</comp>

<comp id="40" class="1001" name="const_40">
<pin_list>
<pin id="41" dir="1" index="0" bw="1" slack="0"/>
</pin_list>
<bind>
<StgValue><ssdm name="_ssdm_op_SparseMux.ap_auto.4float.float.i2"/></StgValue>
</bind>
</comp>

<comp id="42" class="1001" name="const_42">
<pin_list>
<pin id="43" dir="1" index="0" bw="1" slack="0"/>
</pin_list>
<bind>
<StgValue><ssdm name=""/></StgValue>
</bind>
</comp>

<comp id="44" class="1001" name="const_44">
<pin_list>
<pin id="45" dir="1" index="0" bw="1" slack="0"/>
</pin_list>
<bind>
<StgValue><ssdm name=""/></StgValue>
</bind>
</comp>

<comp id="46" class="1001" name="const_46">
<pin_list>
<pin id="47" dir="1" index="0" bw="1" slack="2147483647"/>
</pin_list>
<bind>
<StgValue><ssdm name="_ssdm_op_SpecPipeline"/></StgValue>
</bind>
</comp>

<comp id="48" class="1001" name="const_48">
<pin_list>
<pin id="49" dir="1" index="0" bw="1" slack="2147483647"/>
</pin_list>
<bind>
<StgValue><ssdm name="_ssdm_op_SpecLoopName"/></StgValue>
</bind>
</comp>

<comp id="50" class="1001" name="const_50">
<pin_list>
<pin id="51" dir="1" index="0" bw="1" slack="2147483647"/>
</pin_list>
<bind>
<StgValue><ssdm name="empty_4"/></StgValue>
</bind>
</comp>

<comp id="52" class="1001" name="const_52">
<pin_list>
<pin id="53" dir="1" index="0" bw="1" slack="0"/>
</pin_list>
<bind>
<StgValue><ssdm name="_ssdm_op_Write.ap_auto.floatP0A"/></StgValue>
</bind>
</comp>

<comp id="54" class="1004" name="i_1_fu_54">
<pin_list>
<pin id="55" dir="0" index="0" bw="1" slack="0"/>
<pin id="56" dir="1" index="1" bw="32" slack="0"/>
</pin_list>
<bind>
<opcode="alloca(26) " fcode="alloca"/>
<opset="i_1/1 "/>
</bind>
</comp>

<comp id="58" class="1004" name="partial_sums_3_fu_58">
<pin_list>
<pin id="59" dir="0" index="0" bw="1" slack="0"/>
<pin id="60" dir="1" index="1" bw="32" slack="0"/>
</pin_list>
<bind>
<opcode="alloca(26) " fcode="alloca"/>
<opset="partial_sums_3/1 "/>
</bind>
</comp>

<comp id="62" class="1004" name="partial_sums_2_fu_62">
<pin_list>
<pin id="63" dir="0" index="0" bw="1" slack="0"/>
<pin id="64" dir="1" index="1" bw="32" slack="0"/>
</pin_list>
<bind>
<opcode="alloca(26) " fcode="alloca"/>
<opset="partial_sums_2/1 "/>
</bind>
</comp>

<comp id="66" class="1004" name="partial_sums_1_fu_66">
<pin_list>
<pin id="67" dir="0" index="0" bw="1" slack="0"/>
<pin id="68" dir="1" index="1" bw="32" slack="0"/>
</pin_list>
<bind>
<opcode="alloca(26) " fcode="alloca"/>
<opset="partial_sums_1/1 "/>
</bind>
</comp>

<comp id="70" class="1004" name="partial_sums_fu_70">
<pin_list>
<pin id="71" dir="0" index="0" bw="1" slack="0"/>
<pin id="72" dir="1" index="1" bw="32" slack="0"/>
</pin_list>
<bind>
<opcode="alloca(26) " fcode="alloca"/>
<opset="partial_sums/1 "/>
</bind>
</comp>

<comp id="74" class="1004" name="base_task_vertex_count4_read_read_fu_74">
<pin_list>
<pin id="75" dir="0" index="0" bw="32" slack="0"/>
<pin id="76" dir="0" index="1" bw="32" slack="0"/>
<pin id="77" dir="1" index="2" bw="32" slack="0"/>
</pin_list>
<bind>
<opcode="read(1150) " fcode="read"/>
<opset="base_task_vertex_count4_read/1 "/>
</bind>
</comp>

<comp id="80" class="1004" name="taskIn_read_read_fu_80">
<pin_list>
<pin id="81" dir="0" index="0" bw="512" slack="0"/>
<pin id="82" dir="0" index="1" bw="512" slack="0"/>
<pin id="83" dir="1" index="2" bw="512" slack="0"/>
</pin_list>
<bind>
<opcode="read(1150) " fcode="read"/>
<opset="taskIn_read/1 "/>
</bind>
</comp>

<comp id="86" class="1004" name="write_ln0_write_fu_86">
<pin_list>
<pin id="87" dir="0" index="0" bw="0" slack="0"/>
<pin id="88" dir="0" index="1" bw="32" slack="0"/>
<pin id="89" dir="0" index="2" bw="32" slack="0"/>
<pin id="90" dir="1" index="3" bw="0" slack="2147483647"/>
</pin_list>
<bind>
<opcode="write(1151) " fcode="write"/>
<opset="write_ln0/4 "/>
</bind>
</comp>

<comp id="93" class="1004" name="write_ln0_write_fu_93">
<pin_list>
<pin id="94" dir="0" index="0" bw="0" slack="0"/>
<pin id="95" dir="0" index="1" bw="32" slack="0"/>
<pin id="96" dir="0" index="2" bw="32" slack="0"/>
<pin id="97" dir="1" index="3" bw="0" slack="2147483647"/>
</pin_list>
<bind>
<opcode="write(1151) " fcode="write"/>
<opset="write_ln0/4 "/>
</bind>
</comp>

<comp id="100" class="1004" name="write_ln0_write_fu_100">
<pin_list>
<pin id="101" dir="0" index="0" bw="0" slack="0"/>
<pin id="102" dir="0" index="1" bw="32" slack="0"/>
<pin id="103" dir="0" index="2" bw="32" slack="0"/>
<pin id="104" dir="1" index="3" bw="0" slack="2147483647"/>
</pin_list>
<bind>
<opcode="write(1151) " fcode="write"/>
<opset="write_ln0/4 "/>
</bind>
</comp>

<comp id="107" class="1004" name="write_ln0_write_fu_107">
<pin_list>
<pin id="108" dir="0" index="0" bw="0" slack="0"/>
<pin id="109" dir="0" index="1" bw="32" slack="0"/>
<pin id="110" dir="0" index="2" bw="32" slack="0"/>
<pin id="111" dir="1" index="3" bw="0" slack="2147483647"/>
</pin_list>
<bind>
<opcode="write(1151) " fcode="write"/>
<opset="write_ln0/4 "/>
</bind>
</comp>

<comp id="114" class="1004" name="grp_fu_114">
<pin_list>
<pin id="115" dir="0" index="0" bw="32" slack="0"/>
<pin id="116" dir="0" index="1" bw="32" slack="0"/>
<pin id="117" dir="1" index="2" bw="32" slack="0"/>
</pin_list>
<bind>
<opcode="fadd(9) " fcode="fadd"/>
<opset="partial_sums_4/2 "/>
</bind>
</comp>

<comp id="118" class="1004" name="store_ln0_store_fu_118">
<pin_list>
<pin id="119" dir="0" index="0" bw="32" slack="0"/>
<pin id="120" dir="0" index="1" bw="32" slack="0"/>
<pin id="121" dir="1" index="2" bw="0" slack="2147483647"/>
</pin_list>
<bind>
<opcode="store(28) " fcode="store"/>
<opset="store_ln0/1 "/>
</bind>
</comp>

<comp id="123" class="1004" name="store_ln0_store_fu_123">
<pin_list>
<pin id="124" dir="0" index="0" bw="32" slack="0"/>
<pin id="125" dir="0" index="1" bw="32" slack="0"/>
<pin id="126" dir="1" index="2" bw="0" slack="2147483647"/>
</pin_list>
<bind>
<opcode="store(28) " fcode="store"/>
<opset="store_ln0/1 "/>
</bind>
</comp>

<comp id="128" class="1004" name="store_ln0_store_fu_128">
<pin_list>
<pin id="129" dir="0" index="0" bw="32" slack="0"/>
<pin id="130" dir="0" index="1" bw="32" slack="0"/>
<pin id="131" dir="1" index="2" bw="0" slack="2147483647"/>
</pin_list>
<bind>
<opcode="store(28) " fcode="store"/>
<opset="store_ln0/1 "/>
</bind>
</comp>

<comp id="133" class="1004" name="store_ln0_store_fu_133">
<pin_list>
<pin id="134" dir="0" index="0" bw="32" slack="0"/>
<pin id="135" dir="0" index="1" bw="32" slack="0"/>
<pin id="136" dir="1" index="2" bw="0" slack="2147483647"/>
</pin_list>
<bind>
<opcode="store(28) " fcode="store"/>
<opset="store_ln0/1 "/>
</bind>
</comp>

<comp id="138" class="1004" name="store_ln55_store_fu_138">
<pin_list>
<pin id="139" dir="0" index="0" bw="1" slack="0"/>
<pin id="140" dir="0" index="1" bw="32" slack="0"/>
<pin id="141" dir="1" index="2" bw="0" slack="2147483647"/>
</pin_list>
<bind>
<opcode="store(28) " fcode="store"/>
<opset="store_ln55/1 "/>
</bind>
</comp>

<comp id="143" class="1004" name="i_load_fu_143">
<pin_list>
<pin id="144" dir="0" index="0" bw="32" slack="0"/>
<pin id="145" dir="1" index="1" bw="32" slack="0"/>
</pin_list>
<bind>
<opcode="load(27) " fcode="load"/>
<opset="i/1 "/>
</bind>
</comp>

<comp id="146" class="1004" name="icmp_ln55_fu_146">
<pin_list>
<pin id="147" dir="0" index="0" bw="32" slack="0"/>
<pin id="148" dir="0" index="1" bw="32" slack="0"/>
<pin id="149" dir="1" index="2" bw="1" slack="3"/>
</pin_list>
<bind>
<opcode="icmp(45) " fcode="icmp"/>
<opset="icmp_ln55/1 "/>
</bind>
</comp>

<comp id="152" class="1004" name="i_2_fu_152">
<pin_list>
<pin id="153" dir="0" index="0" bw="32" slack="0"/>
<pin id="154" dir="0" index="1" bw="1" slack="0"/>
<pin id="155" dir="1" index="2" bw="32" slack="0"/>
</pin_list>
<bind>
<opcode="add(8) " fcode="add"/>
<opset="i_2/1 "/>
</bind>
</comp>

<comp id="158" class="1004" name="trunc_ln55_fu_158">
<pin_list>
<pin id="159" dir="0" index="0" bw="32" slack="0"/>
<pin id="160" dir="1" index="1" bw="2" slack="1"/>
</pin_list>
<bind>
<opcode="trunc(33) " fcode="trunc"/>
<opset="trunc_ln55/1 "/>
</bind>
</comp>

<comp id="162" class="1004" name="trunc_ln57_fu_162">
<pin_list>
<pin id="163" dir="0" index="0" bw="512" slack="0"/>
<pin id="164" dir="1" index="1" bw="32" slack="1"/>
</pin_list>
<bind>
<opcode="trunc(33) " fcode="trunc"/>
<opset="trunc_ln57/1 "/>
</bind>
</comp>

<comp id="166" class="1004" name="store_ln55_store_fu_166">
<pin_list>
<pin id="167" dir="0" index="0" bw="32" slack="0"/>
<pin id="168" dir="0" index="1" bw="32" slack="0"/>
<pin id="169" dir="1" index="2" bw="0" slack="2147483647"/>
</pin_list>
<bind>
<opcode="store(28) " fcode="store"/>
<opset="store_ln55/1 "/>
</bind>
</comp>

<comp id="171" class="1004" name="reduce_task_value_fu_171">
<pin_list>
<pin id="172" dir="0" index="0" bw="32" slack="1"/>
<pin id="173" dir="1" index="1" bw="32" slack="0"/>
</pin_list>
<bind>
<opcode="bitcast(44) " fcode="bitcast"/>
<opset="reduce_task_value/2 "/>
</bind>
</comp>

<comp id="175" class="1004" name="partial_sums_load_1_load_fu_175">
<pin_list>
<pin id="176" dir="0" index="0" bw="32" slack="1"/>
<pin id="177" dir="1" index="1" bw="32" slack="0"/>
</pin_list>
<bind>
<opcode="load(27) " fcode="load"/>
<opset="partial_sums_load_1/2 "/>
</bind>
</comp>

<comp id="178" class="1004" name="partial_sums_1_load_1_load_fu_178">
<pin_list>
<pin id="179" dir="0" index="0" bw="32" slack="1"/>
<pin id="180" dir="1" index="1" bw="32" slack="0"/>
</pin_list>
<bind>
<opcode="load(27) " fcode="load"/>
<opset="partial_sums_1_load_1/2 "/>
</bind>
</comp>

<comp id="181" class="1004" name="partial_sums_2_load_1_load_fu_181">
<pin_list>
<pin id="182" dir="0" index="0" bw="32" slack="1"/>
<pin id="183" dir="1" index="1" bw="32" slack="0"/>
</pin_list>
<bind>
<opcode="load(27) " fcode="load"/>
<opset="partial_sums_2_load_1/2 "/>
</bind>
</comp>

<comp id="184" class="1004" name="partial_sums_3_load_1_load_fu_184">
<pin_list>
<pin id="185" dir="0" index="0" bw="32" slack="1"/>
<pin id="186" dir="1" index="1" bw="32" slack="0"/>
</pin_list>
<bind>
<opcode="load(27) " fcode="load"/>
<opset="partial_sums_3_load_1/2 "/>
</bind>
</comp>

<comp id="187" class="1004" name="tmp_2_fu_187">
<pin_list>
<pin id="188" dir="0" index="0" bw="32" slack="0"/>
<pin id="189" dir="0" index="1" bw="2" slack="0"/>
<pin id="190" dir="0" index="2" bw="32" slack="0"/>
<pin id="191" dir="0" index="3" bw="2" slack="0"/>
<pin id="192" dir="0" index="4" bw="32" slack="0"/>
<pin id="193" dir="0" index="5" bw="2" slack="0"/>
<pin id="194" dir="0" index="6" bw="32" slack="0"/>
<pin id="195" dir="0" index="7" bw="2" slack="0"/>
<pin id="196" dir="0" index="8" bw="32" slack="0"/>
<pin id="197" dir="0" index="9" bw="32" slack="0"/>
<pin id="198" dir="0" index="10" bw="2" slack="1"/>
<pin id="199" dir="1" index="11" bw="32" slack="0"/>
</pin_list>
<bind>
<opcode="sparsemux(1197) " fcode="sparsemux"/>
<opset="tmp_2/2 "/>
</bind>
</comp>

<comp id="211" class="1004" name="store_ln58_store_fu_211">
<pin_list>
<pin id="212" dir="0" index="0" bw="32" slack="0"/>
<pin id="213" dir="0" index="1" bw="32" slack="4"/>
<pin id="214" dir="1" index="2" bw="0" slack="2147483647"/>
</pin_list>
<bind>
<opcode="store(28) " fcode="store"/>
<opset="store_ln58/5 "/>
</bind>
</comp>

<comp id="216" class="1004" name="store_ln58_store_fu_216">
<pin_list>
<pin id="217" dir="0" index="0" bw="32" slack="0"/>
<pin id="218" dir="0" index="1" bw="32" slack="4"/>
<pin id="219" dir="1" index="2" bw="0" slack="2147483647"/>
</pin_list>
<bind>
<opcode="store(28) " fcode="store"/>
<opset="store_ln58/5 "/>
</bind>
</comp>

<comp id="221" class="1004" name="store_ln58_store_fu_221">
<pin_list>
<pin id="222" dir="0" index="0" bw="32" slack="0"/>
<pin id="223" dir="0" index="1" bw="32" slack="4"/>
<pin id="224" dir="1" index="2" bw="0" slack="2147483647"/>
</pin_list>
<bind>
<opcode="store(28) " fcode="store"/>
<opset="store_ln58/5 "/>
</bind>
</comp>

<comp id="226" class="1004" name="store_ln58_store_fu_226">
<pin_list>
<pin id="227" dir="0" index="0" bw="32" slack="0"/>
<pin id="228" dir="0" index="1" bw="32" slack="4"/>
<pin id="229" dir="1" index="2" bw="0" slack="2147483647"/>
</pin_list>
<bind>
<opcode="store(28) " fcode="store"/>
<opset="store_ln58/5 "/>
</bind>
</comp>

<comp id="231" class="1004" name="partial_sums_load_load_fu_231">
<pin_list>
<pin id="232" dir="0" index="0" bw="32" slack="3"/>
<pin id="233" dir="1" index="1" bw="32" slack="0"/>
</pin_list>
<bind>
<opcode="load(27) " fcode="load"/>
<opset="partial_sums_load/4 "/>
</bind>
</comp>

<comp id="235" class="1004" name="partial_sums_1_load_load_fu_235">
<pin_list>
<pin id="236" dir="0" index="0" bw="32" slack="3"/>
<pin id="237" dir="1" index="1" bw="32" slack="0"/>
</pin_list>
<bind>
<opcode="load(27) " fcode="load"/>
<opset="partial_sums_1_load/4 "/>
</bind>
</comp>

<comp id="239" class="1004" name="partial_sums_2_load_load_fu_239">
<pin_list>
<pin id="240" dir="0" index="0" bw="32" slack="3"/>
<pin id="241" dir="1" index="1" bw="32" slack="0"/>
</pin_list>
<bind>
<opcode="load(27) " fcode="load"/>
<opset="partial_sums_2_load/4 "/>
</bind>
</comp>

<comp id="243" class="1004" name="partial_sums_3_load_load_fu_243">
<pin_list>
<pin id="244" dir="0" index="0" bw="32" slack="3"/>
<pin id="245" dir="1" index="1" bw="32" slack="0"/>
</pin_list>
<bind>
<opcode="load(27) " fcode="load"/>
<opset="partial_sums_3_load/4 "/>
</bind>
</comp>

<comp id="247" class="1005" name="i_1_reg_247">
<pin_list>
<pin id="248" dir="0" index="0" bw="32" slack="0"/>
<pin id="249" dir="1" index="1" bw="32" slack="0"/>
</pin_list>
<bind>
<opset="i_1 "/>
</bind>
</comp>

<comp id="254" class="1005" name="partial_sums_3_reg_254">
<pin_list>
<pin id="255" dir="0" index="0" bw="32" slack="0"/>
<pin id="256" dir="1" index="1" bw="32" slack="0"/>
</pin_list>
<bind>
<opset="partial_sums_3 "/>
</bind>
</comp>

<comp id="262" class="1005" name="partial_sums_2_reg_262">
<pin_list>
<pin id="263" dir="0" index="0" bw="32" slack="0"/>
<pin id="264" dir="1" index="1" bw="32" slack="0"/>
</pin_list>
<bind>
<opset="partial_sums_2 "/>
</bind>
</comp>

<comp id="270" class="1005" name="partial_sums_1_reg_270">
<pin_list>
<pin id="271" dir="0" index="0" bw="32" slack="0"/>
<pin id="272" dir="1" index="1" bw="32" slack="0"/>
</pin_list>
<bind>
<opset="partial_sums_1 "/>
</bind>
</comp>

<comp id="278" class="1005" name="partial_sums_reg_278">
<pin_list>
<pin id="279" dir="0" index="0" bw="32" slack="0"/>
<pin id="280" dir="1" index="1" bw="32" slack="0"/>
</pin_list>
<bind>
<opset="partial_sums "/>
</bind>
</comp>

<comp id="286" class="1005" name="icmp_ln55_reg_286">
<pin_list>
<pin id="287" dir="0" index="0" bw="1" slack="3"/>
<pin id="288" dir="1" index="1" bw="1" slack="2147483647"/>
</pin_list>
<bind>
<opset="icmp_ln55 "/>
</bind>
</comp>

<comp id="290" class="1005" name="trunc_ln55_reg_290">
<pin_list>
<pin id="291" dir="0" index="0" bw="2" slack="1"/>
<pin id="292" dir="1" index="1" bw="2" slack="1"/>
</pin_list>
<bind>
<opset="trunc_ln55 "/>
</bind>
</comp>

<comp id="295" class="1005" name="trunc_ln57_reg_295">
<pin_list>
<pin id="296" dir="0" index="0" bw="32" slack="1"/>
<pin id="297" dir="1" index="1" bw="32" slack="1"/>
</pin_list>
<bind>
<opset="trunc_ln57 "/>
</bind>
</comp>

<comp id="300" class="1005" name="reduce_task_value_reg_300">
<pin_list>
<pin id="301" dir="0" index="0" bw="32" slack="1"/>
<pin id="302" dir="1" index="1" bw="32" slack="1"/>
</pin_list>
<bind>
<opset="reduce_task_value "/>
</bind>
</comp>

<comp id="305" class="1005" name="tmp_2_reg_305">
<pin_list>
<pin id="306" dir="0" index="0" bw="32" slack="1"/>
<pin id="307" dir="1" index="1" bw="32" slack="1"/>
</pin_list>
<bind>
<opset="tmp_2 "/>
</bind>
</comp>

</comp_list>

<net_list>
<net id="57"><net_src comp="12" pin="0"/><net_sink comp="54" pin=0"/></net>

<net id="61"><net_src comp="28" pin="0"/><net_sink comp="58" pin=0"/></net>

<net id="65"><net_src comp="28" pin="0"/><net_sink comp="62" pin=0"/></net>

<net id="69"><net_src comp="28" pin="0"/><net_sink comp="66" pin=0"/></net>

<net id="73"><net_src comp="28" pin="0"/><net_sink comp="70" pin=0"/></net>

<net id="78"><net_src comp="26" pin="0"/><net_sink comp="74" pin=0"/></net>

<net id="79"><net_src comp="0" pin="0"/><net_sink comp="74" pin=1"/></net>

<net id="84"><net_src comp="32" pin="0"/><net_sink comp="80" pin=0"/></net>

<net id="85"><net_src comp="2" pin="0"/><net_sink comp="80" pin=1"/></net>

<net id="91"><net_src comp="52" pin="0"/><net_sink comp="86" pin=0"/></net>

<net id="92"><net_src comp="4" pin="0"/><net_sink comp="86" pin=1"/></net>

<net id="98"><net_src comp="52" pin="0"/><net_sink comp="93" pin=0"/></net>

<net id="99"><net_src comp="6" pin="0"/><net_sink comp="93" pin=1"/></net>

<net id="105"><net_src comp="52" pin="0"/><net_sink comp="100" pin=0"/></net>

<net id="106"><net_src comp="8" pin="0"/><net_sink comp="100" pin=1"/></net>

<net id="112"><net_src comp="52" pin="0"/><net_sink comp="107" pin=0"/></net>

<net id="113"><net_src comp="10" pin="0"/><net_sink comp="107" pin=1"/></net>

<net id="122"><net_src comp="30" pin="0"/><net_sink comp="118" pin=0"/></net>

<net id="127"><net_src comp="30" pin="0"/><net_sink comp="123" pin=0"/></net>

<net id="132"><net_src comp="30" pin="0"/><net_sink comp="128" pin=0"/></net>

<net id="137"><net_src comp="30" pin="0"/><net_sink comp="133" pin=0"/></net>

<net id="142"><net_src comp="18" pin="0"/><net_sink comp="138" pin=0"/></net>

<net id="150"><net_src comp="143" pin="1"/><net_sink comp="146" pin=0"/></net>

<net id="151"><net_src comp="74" pin="2"/><net_sink comp="146" pin=1"/></net>

<net id="156"><net_src comp="143" pin="1"/><net_sink comp="152" pin=0"/></net>

<net id="157"><net_src comp="12" pin="0"/><net_sink comp="152" pin=1"/></net>

<net id="161"><net_src comp="143" pin="1"/><net_sink comp="158" pin=0"/></net>

<net id="165"><net_src comp="80" pin="2"/><net_sink comp="162" pin=0"/></net>

<net id="170"><net_src comp="152" pin="2"/><net_sink comp="166" pin=0"/></net>

<net id="174"><net_src comp="171" pin="1"/><net_sink comp="114" pin=1"/></net>

<net id="200"><net_src comp="40" pin="0"/><net_sink comp="187" pin=0"/></net>

<net id="201"><net_src comp="34" pin="0"/><net_sink comp="187" pin=1"/></net>

<net id="202"><net_src comp="175" pin="1"/><net_sink comp="187" pin=2"/></net>

<net id="203"><net_src comp="36" pin="0"/><net_sink comp="187" pin=3"/></net>

<net id="204"><net_src comp="178" pin="1"/><net_sink comp="187" pin=4"/></net>

<net id="205"><net_src comp="38" pin="0"/><net_sink comp="187" pin=5"/></net>

<net id="206"><net_src comp="181" pin="1"/><net_sink comp="187" pin=6"/></net>

<net id="207"><net_src comp="42" pin="0"/><net_sink comp="187" pin=7"/></net>

<net id="208"><net_src comp="184" pin="1"/><net_sink comp="187" pin=8"/></net>

<net id="209"><net_src comp="44" pin="0"/><net_sink comp="187" pin=9"/></net>

<net id="210"><net_src comp="187" pin="11"/><net_sink comp="114" pin=0"/></net>

<net id="215"><net_src comp="114" pin="2"/><net_sink comp="211" pin=0"/></net>

<net id="220"><net_src comp="114" pin="2"/><net_sink comp="216" pin=0"/></net>

<net id="225"><net_src comp="114" pin="2"/><net_sink comp="221" pin=0"/></net>

<net id="230"><net_src comp="114" pin="2"/><net_sink comp="226" pin=0"/></net>

<net id="234"><net_src comp="231" pin="1"/><net_sink comp="86" pin=2"/></net>

<net id="238"><net_src comp="235" pin="1"/><net_sink comp="93" pin=2"/></net>

<net id="242"><net_src comp="239" pin="1"/><net_sink comp="100" pin=2"/></net>

<net id="246"><net_src comp="243" pin="1"/><net_sink comp="107" pin=2"/></net>

<net id="250"><net_src comp="54" pin="1"/><net_sink comp="247" pin=0"/></net>

<net id="251"><net_src comp="247" pin="1"/><net_sink comp="138" pin=1"/></net>

<net id="252"><net_src comp="247" pin="1"/><net_sink comp="143" pin=0"/></net>

<net id="253"><net_src comp="247" pin="1"/><net_sink comp="166" pin=1"/></net>

<net id="257"><net_src comp="58" pin="1"/><net_sink comp="254" pin=0"/></net>

<net id="258"><net_src comp="254" pin="1"/><net_sink comp="133" pin=1"/></net>

<net id="259"><net_src comp="254" pin="1"/><net_sink comp="184" pin=0"/></net>

<net id="260"><net_src comp="254" pin="1"/><net_sink comp="226" pin=1"/></net>

<net id="261"><net_src comp="254" pin="1"/><net_sink comp="243" pin=0"/></net>

<net id="265"><net_src comp="62" pin="1"/><net_sink comp="262" pin=0"/></net>

<net id="266"><net_src comp="262" pin="1"/><net_sink comp="128" pin=1"/></net>

<net id="267"><net_src comp="262" pin="1"/><net_sink comp="181" pin=0"/></net>

<net id="268"><net_src comp="262" pin="1"/><net_sink comp="211" pin=1"/></net>

<net id="269"><net_src comp="262" pin="1"/><net_sink comp="239" pin=0"/></net>

<net id="273"><net_src comp="66" pin="1"/><net_sink comp="270" pin=0"/></net>

<net id="274"><net_src comp="270" pin="1"/><net_sink comp="123" pin=1"/></net>

<net id="275"><net_src comp="270" pin="1"/><net_sink comp="178" pin=0"/></net>

<net id="276"><net_src comp="270" pin="1"/><net_sink comp="216" pin=1"/></net>

<net id="277"><net_src comp="270" pin="1"/><net_sink comp="235" pin=0"/></net>

<net id="281"><net_src comp="70" pin="1"/><net_sink comp="278" pin=0"/></net>

<net id="282"><net_src comp="278" pin="1"/><net_sink comp="118" pin=1"/></net>

<net id="283"><net_src comp="278" pin="1"/><net_sink comp="175" pin=0"/></net>

<net id="284"><net_src comp="278" pin="1"/><net_sink comp="221" pin=1"/></net>

<net id="285"><net_src comp="278" pin="1"/><net_sink comp="231" pin=0"/></net>

<net id="289"><net_src comp="146" pin="2"/><net_sink comp="286" pin=0"/></net>

<net id="293"><net_src comp="158" pin="1"/><net_sink comp="290" pin=0"/></net>

<net id="294"><net_src comp="290" pin="1"/><net_sink comp="187" pin=10"/></net>

<net id="298"><net_src comp="162" pin="1"/><net_sink comp="295" pin=0"/></net>

<net id="299"><net_src comp="295" pin="1"/><net_sink comp="171" pin=0"/></net>

<net id="303"><net_src comp="171" pin="1"/><net_sink comp="300" pin=0"/></net>

<net id="304"><net_src comp="300" pin="1"/><net_sink comp="114" pin=1"/></net>

<net id="308"><net_src comp="187" pin="11"/><net_sink comp="305" pin=0"/></net>

<net id="309"><net_src comp="305" pin="1"/><net_sink comp="114" pin=0"/></net>

</net_list>

</model> 
---------------- Datapath Model END ------------------

* FSMD analyzer results:
  - Output states:
	Port: taskIn | {}
	Port: partial_sums_load_out | {4 }
	Port: partial_sums_1_load_out | {4 }
	Port: partial_sums_2_load_out | {4 }
	Port: partial_sums_3_load_out | {4 }
 - Input state : 
	Port: pageRankReduce_Pipeline_VITIS_LOOP_55_3 : base_task_vertex_count4 | {1 }
	Port: pageRankReduce_Pipeline_VITIS_LOOP_55_3 : taskIn | {1 }
  - Chain level:
	State 1
		store_ln0 : 1
		store_ln0 : 1
		store_ln0 : 1
		store_ln0 : 1
		store_ln55 : 1
		i : 1
		icmp_ln55 : 2
		i_2 : 2
		br_ln55 : 3
		trunc_ln55 : 2
		switch_ln58 : 3
		store_ln55 : 3
	State 2
		tmp_2 : 1
		partial_sums_4 : 2
	State 3
	State 4
		write_ln0 : 1
		write_ln0 : 1
		write_ln0 : 1
		write_ln0 : 1
	State 5
		store_ln58 : 1
		store_ln58 : 1
		store_ln58 : 1
		store_ln58 : 1


============================================================
+ Verbose Summary: Datapath Resource usage 
============================================================

* Functional unit list:
|----------|-----------------------------------------|---------|---------|---------|
| Operation|             Functional Unit             |   DSP   |    FF   |   LUT   |
|----------|-----------------------------------------|---------|---------|---------|
|   fadd   |                grp_fu_114               |    0    |   168   |   338   |
|----------|-----------------------------------------|---------|---------|---------|
|   icmp   |             icmp_ln55_fu_146            |    0    |    0    |    39   |
|----------|-----------------------------------------|---------|---------|---------|
|    add   |                i_2_fu_152               |    0    |    0    |    39   |
|----------|-----------------------------------------|---------|---------|---------|
| sparsemux|               tmp_2_fu_187              |    0    |    0    |    20   |
|----------|-----------------------------------------|---------|---------|---------|
|   read   | base_task_vertex_count4_read_read_fu_74 |    0    |    0    |    0    |
|          |          taskIn_read_read_fu_80         |    0    |    0    |    0    |
|----------|-----------------------------------------|---------|---------|---------|
|          |          write_ln0_write_fu_86          |    0    |    0    |    0    |
|   write  |          write_ln0_write_fu_93          |    0    |    0    |    0    |
|          |          write_ln0_write_fu_100         |    0    |    0    |    0    |
|          |          write_ln0_write_fu_107         |    0    |    0    |    0    |
|----------|-----------------------------------------|---------|---------|---------|
|   trunc  |            trunc_ln55_fu_158            |    0    |    0    |    0    |
|          |            trunc_ln57_fu_162            |    0    |    0    |    0    |
|----------|-----------------------------------------|---------|---------|---------|
|   Total  |                                         |    0    |   168   |   436   |
|----------|-----------------------------------------|---------|---------|---------|

Memories:
N/A

* Register list:
+-------------------------+--------+
|                         |   FF   |
+-------------------------+--------+
|       i_1_reg_247       |   32   |
|    icmp_ln55_reg_286    |    1   |
|  partial_sums_1_reg_270 |   32   |
|  partial_sums_2_reg_262 |   32   |
|  partial_sums_3_reg_254 |   32   |
|   partial_sums_reg_278  |   32   |
|reduce_task_value_reg_300|   32   |
|      tmp_2_reg_305      |   32   |
|    trunc_ln55_reg_290   |    2   |
|    trunc_ln57_reg_295   |   32   |
+-------------------------+--------+
|          Total          |   259  |
+-------------------------+--------+

* Multiplexer (MUX) list: 
|------------|------|------|------|--------||---------||---------||---------|
|    Comp    |  Pin | Size |  BW  | S x BW ||  Delay  ||    FF   ||   LUT   |
|------------|------|------|------|--------||---------||---------||---------|
| grp_fu_114 |  p0  |   2  |  32  |   64   ||    0    ||    9    |
| grp_fu_114 |  p1  |   2  |  32  |   64   ||    0    ||    9    |
|------------|------|------|------|--------||---------||---------||---------|
|    Total   |      |      |      |   128  ||  0.774  ||    0    ||    18   |
|------------|------|------|------|--------||---------||---------||---------|



* Summary:
+-----------+--------+--------+--------+--------+
|           |   DSP  |  Delay |   FF   |   LUT  |
+-----------+--------+--------+--------+--------+
|  Function |    0   |    -   |   168  |   436  |
|   Memory  |    -   |    -   |    -   |    -   |
|Multiplexer|    -   |    0   |    0   |   18   |
|  Register |    -   |    -   |   259  |    -   |
+-----------+--------+--------+--------+--------+
|   Total   |    0   |    0   |   427  |   454  |
+-----------+--------+--------+--------+--------+
