

================================================================
== Vitis HLS Report for 'pageRankReduce'
================================================================
* Date:           Wed Apr  1 20:05:05 2026

* Version:        2025.1 (Build 6135595 on May 21 2025)
* Project:        pagerankreduce
* Solution:       hls (Vivado IP Flow Target)
* Product family: virtexuplusHBM
* Target device:  xcu55c-fsvh2892-2LV-e


================================================================
== Performance Estimates
================================================================
+ Timing: 
    * Summary: 
    +--------+---------+----------+------------+
    |  Clock |  Target | Estimated| Uncertainty|
    +--------+---------+----------+------------+
    |ap_clk  |  4.00 ns|  1.654 ns|     1.08 ns|
    +--------+---------+----------+------------+

+ Latency: 
    * Summary: 
    +---------+---------+----------+----------+-----+-----+---------+
    |  Latency (cycles) |  Latency (absolute) |  Interval | Pipeline|
    |   min   |   max   |    min   |    max   | min | max |   Type  |
    +---------+---------+----------+----------+-----+-----+---------+
    |        ?|        ?|         ?|         ?|    ?|    ?|       no|
    +---------+---------+----------+----------+-----+-----+---------+

    + Detail: 
        * Instance: 
        +---------------------------------------------------+-----------------------------------------+---------+---------+----------+----------+-----+-----+------------------------------------------------+
        |                                                   |                                         |  Latency (cycles) |  Latency (absolute) |  Interval |                    Pipeline                    |
        |                      Instance                     |                  Module                 |   min   |   max   |    min   |    max   | min | max |                      Type                      |
        +---------------------------------------------------+-----------------------------------------+---------+---------+----------+----------+-----+-----+------------------------------------------------+
        |grp_pageRankReduce_Pipeline_VITIS_LOOP_38_2_fu_55  |pageRankReduce_Pipeline_VITIS_LOOP_38_2  |        ?|        ?|         ?|         ?|    0|    0|  loop auto-rewind stp (delay=0 clock cycles(s))|
        +---------------------------------------------------+-----------------------------------------+---------+---------+----------+----------+-----+-----+------------------------------------------------+

        * Loop: 
        N/A



================================================================
== Utilization Estimates
================================================================
* Summary: 
+---------------------+---------+------+---------+---------+-----+
|         Name        | BRAM_18K|  DSP |    FF   |   LUT   | URAM|
+---------------------+---------+------+---------+---------+-----+
|DSP                  |        -|     -|        -|        -|    -|
|Expression           |        -|     -|        0|        6|    -|
|FIFO                 |        -|     -|        -|        -|    -|
|Instance             |        -|     -|       67|      127|    -|
|Memory               |        -|     -|        -|        -|    -|
|Multiplexer          |        -|     -|        0|       47|    -|
|Register             |        -|     -|     1124|        -|    -|
+---------------------+---------+------+---------+---------+-----+
|Total                |        0|     0|     1191|      180|    0|
+---------------------+---------+------+---------+---------+-----+
|Available SLR        |     1344|  3008|   869120|   434560|  320|
+---------------------+---------+------+---------+---------+-----+
|Utilization SLR (%)  |        0|     0|       ~0|       ~0|    0|
+---------------------+---------+------+---------+---------+-----+
|Available            |     4032|  9024|  2607360|  1303680|  960|
+---------------------+---------+------+---------+---------+-----+
|Utilization (%)      |        0|     0|       ~0|       ~0|    0|
+---------------------+---------+------+---------+---------+-----+

+ Detail: 
    * Instance: 
    +---------------------------------------------------+-----------------------------------------+---------+----+----+-----+-----+
    |                      Instance                     |                  Module                 | BRAM_18K| DSP| FF | LUT | URAM|
    +---------------------------------------------------+-----------------------------------------+---------+----+----+-----+-----+
    |grp_pageRankReduce_Pipeline_VITIS_LOOP_38_2_fu_55  |pageRankReduce_Pipeline_VITIS_LOOP_38_2  |        0|   0|  67|  127|    0|
    +---------------------------------------------------+-----------------------------------------+---------+----+----+-----+-----+
    |Total                                              |                                         |        0|   0|  67|  127|    0|
    +---------------------------------------------------+-----------------------------------------+---------+----+----+-----+-----+

    * DSP: 
    N/A

    * Memory: 
    N/A

    * FIFO: 
    N/A

    * Expression: 
    +------------------------------------------------------------------------+----------+----+---+----+------------+------------+
    |                              Variable Name                             | Operation| DSP| FF| LUT| Bitwidth P0| Bitwidth P1|
    +------------------------------------------------------------------------+----------+----+---+----+------------+------------+
    |grp_pageRankReduce_Pipeline_VITIS_LOOP_38_2_fu_55_taskOutGlobal_TREADY  |       and|   0|  0|   2|           1|           1|
    |ap_block_state1                                                         |        or|   0|  0|   2|           1|           1|
    |ap_block_state3                                                         |        or|   0|  0|   2|           1|           1|
    +------------------------------------------------------------------------+----------+----+---+----+------------+------------+
    |Total                                                                   |          |   0|  0|   6|           3|           3|
    +------------------------------------------------------------------------+----------+----+---+----+------------+------------+

    * Multiplexer: 
    +----------------------------------+----+-----------+-----+-----------+
    |               Name               | LUT| Input Size| Bits| Total Bits|
    +----------------------------------+----+-----------+-----+-----------+
    |ap_NS_fsm                         |  20|          4|    1|          4|
    |argOut_TDATA_blk_n                |   9|          2|    1|          2|
    |taskIn_TDATA_blk_n                |   9|          2|    1|          2|
    |taskOutGlobal_TDATA_int_regslice  |   9|          2|  512|       1024|
    +----------------------------------+----+-----------+-----+-----------+
    |Total                             |  47|         10|  515|       1032|
    +----------------------------------+----+-----------+-----+-----------+

    * Register: 
    +----------------------------------------------------------------+-----+----+-----+-----------+
    |                              Name                              |  FF | LUT| Bits| Const Bits|
    +----------------------------------------------------------------+-----+----+-----+-----------+
    |ap_CS_fsm                                                       |    3|   0|    3|          0|
    |base_task_pPrNext_reg_97                                        |   64|   0|   64|          0|
    |base_task_vertex_count_reg_102                                  |   32|   0|   32|          0|
    |grp_pageRankReduce_Pipeline_VITIS_LOOP_38_2_fu_55_ap_start_reg  |    1|   0|    1|          0|
    |taskIn_read_reg_92                                              |  512|   0|  512|          0|
    |taskOutGlobal_TDATA_reg                                         |  512|   0|  512|          0|
    +----------------------------------------------------------------+-----+----+-----+-----------+
    |Total                                                           | 1124|   0| 1124|          0|
    +----------------------------------------------------------------+-----+----+-----+-----------+



================================================================
== Interface
================================================================
* Summary: 
+----------------------+-----+-----+------------+----------------+--------------+
|       RTL Ports      | Dir | Bits|  Protocol  |  Source Object |    C Type    |
+----------------------+-----+-----+------------+----------------+--------------+
|ap_clk                |   in|    1|  ap_ctrl_hs|  pageRankReduce|  return value|
|ap_rst_n              |   in|    1|  ap_ctrl_hs|  pageRankReduce|  return value|
|ap_start              |   in|    1|  ap_ctrl_hs|  pageRankReduce|  return value|
|ap_done               |  out|    1|  ap_ctrl_hs|  pageRankReduce|  return value|
|ap_idle               |  out|    1|  ap_ctrl_hs|  pageRankReduce|  return value|
|ap_ready              |  out|    1|  ap_ctrl_hs|  pageRankReduce|  return value|
|taskOutGlobal_TDATA   |  out|  512|        axis|   taskOutGlobal|       pointer|
|taskOutGlobal_TVALID  |  out|    1|        axis|   taskOutGlobal|       pointer|
|taskOutGlobal_TREADY  |   in|    1|        axis|   taskOutGlobal|       pointer|
|taskIn_TDATA          |   in|  512|        axis|          taskIn|       pointer|
|taskIn_TVALID         |   in|    1|        axis|          taskIn|       pointer|
|taskIn_TREADY         |  out|    1|        axis|          taskIn|       pointer|
|argOut_TDATA          |  out|   64|        axis|          argOut|       pointer|
|argOut_TVALID         |  out|    1|        axis|          argOut|       pointer|
|argOut_TREADY         |   in|    1|        axis|          argOut|       pointer|
+----------------------+-----+-----+------------+----------------+--------------+

