

================================================================
== Vitis HLS Report for 'pageRankReduce'
================================================================
* Date:           Thu Apr  2 14:13:02 2026

* Version:        2025.1 (Build 6135595 on May 21 2025)
* Project:        pagerankreduce
* Solution:       hls (Vivado IP Flow Target)
* Product family: virtexuplusHBM
* Target device:  xcu55c-fsvh2892-2LV-e


================================================================
== Performance Estimates
================================================================
+ Timing: 
    * Summary: 
    +--------+---------+----------+------------+
    |  Clock |  Target | Estimated| Uncertainty|
    +--------+---------+----------+------------+
    |ap_clk  |  4.00 ns|  1.654 ns|     1.08 ns|
    +--------+---------+----------+------------+

+ Latency: 
    * Summary: 
    +---------+---------+----------+----------+-----+-----+---------+
    |  Latency (cycles) |  Latency (absolute) |  Interval | Pipeline|
    |   min   |   max   |    min   |    max   | min | max |   Type  |
    +---------+---------+----------+----------+-----+-----+---------+
    |        ?|        ?|         ?|         ?|    ?|    ?|       no|
    +---------+---------+----------+----------+-----+-----+---------+

    + Detail: 
        * Instance: 
        N/A

        * Loop: 
        N/A

============================================================
+ Verbose Summary: Synthesis Manager
============================================================
InlineROM: 1
ExposeGlobal: 0
============================================================
+ Verbose Summary: CDFG Model
============================================================
IsTopModel: 1
ResetActiveHigh: 1
IsCombinational: 0
IsDatapathOnly: 0
HasWiredReturn: 1
HasMFsm: 0
HasVarLatency: 1
IsPipeline: 0
IsRtlPipelined: 0
IsInstanceOverlapped: 0
IsDontTouch: 0
HasImplIP: 0
IsGatedGlobalClock: 0


============================================================
+ Verbose Summary: Schedule
============================================================
* Number of FSM states : 3
* Pipeline : 0
* Dataflow Pipeline: 0

* FSM state transitions: 
1 --> 2 
2 --> 3 
3 --> 

* FSM state operations: 

State 1 <SV = 0> <Delay = 1.34>
ST_1 : Operation 4 [1/1] (0.07ns)   --->   "%taskIn_read = read i512 @_ssdm_op_Read.axis.volatile.i512P128A, i512 %taskIn" [pageRank.cpp:29]   --->   Operation 4 'read' 'taskIn_read' <Predicate = true> <Delay = 0.07> <CoreInst = "regslice">   --->   Core 147 'regslice' <Latency = 0> <II = 1> <Delay = 0.99> <Adapter> <Opcode : 'read' 'write'>
ST_1 : Operation 5 [1/1] (0.00ns)   --->   "%base_task_pPrNext = partselect i64 @_ssdm_op_PartSelect.i64.i512.i512, i512 %taskIn_read, i512 192" [pageRank.cpp:29]   --->   Operation 5 'partselect' 'base_task_pPrNext' <Predicate = true> <Delay = 0.00>
ST_1 : Operation 6 [1/1] (0.00ns)   --->   "%base_task_vertex_count = partselect i32 @_ssdm_op_PartSelect.i32.i512.i512, i512 %taskIn_read, i512 384" [pageRank.cpp:29]   --->   Operation 6 'partselect' 'base_task_vertex_count' <Predicate = true> <Delay = 0.00>
ST_1 : Operation 7 [1/1] (0.00ns)   --->   "%base_task_cont = partselect i64 @_ssdm_op_PartSelect.i64.i512.i512, i512 %taskIn_read, i512 448" [pageRank.cpp:29]   --->   Operation 7 'partselect' 'base_task_cont' <Predicate = true> <Delay = 0.00>
ST_1 : Operation 8 [2/2] (1.26ns)   --->   "%call_ln29 = call void @pageRankReduce_Pipeline_VITIS_LOOP_38_2, i32 %base_task_vertex_count, i512 %taskIn_read, i64 %base_task_pPrNext, i512 %taskOutGlobal" [pageRank.cpp:29]   --->   Operation 8 'call' 'call_ln29' <Predicate = true> <Delay = 1.26> <CoreType = "Generic">   --->   Generic Core
ST_1 : Operation 9 [2/2] (0.59ns)   --->   "%write_ln52 = write void @_ssdm_op_Write.axis.volatile.i64P128A, i64 %argOut, i64 %base_task_cont" [pageRank.cpp:52]   --->   Operation 9 'write' 'write_ln52' <Predicate = true> <Delay = 0.59> <CoreInst = "regslice">   --->   Core 147 'regslice' <Latency = 0> <II = 1> <Delay = 0.72> <Adapter> <Opcode : 'read' 'write'>

State 2 <SV = 1> <Delay = 1.65>
ST_2 : Operation 10 [1/2] (1.65ns)   --->   "%call_ln29 = call void @pageRankReduce_Pipeline_VITIS_LOOP_38_2, i32 %base_task_vertex_count, i512 %taskIn_read, i64 %base_task_pPrNext, i512 %taskOutGlobal" [pageRank.cpp:29]   --->   Operation 10 'call' 'call_ln29' <Predicate = true> <Delay = 1.65> <CoreType = "Generic">   --->   Generic Core
ST_2 : Operation 11 [1/2] (0.59ns)   --->   "%write_ln52 = write void @_ssdm_op_Write.axis.volatile.i64P128A, i64 %argOut, i64 %base_task_cont" [pageRank.cpp:52]   --->   Operation 11 'write' 'write_ln52' <Predicate = true> <Delay = 0.59> <CoreInst = "regslice">   --->   Core 147 'regslice' <Latency = 0> <II = 1> <Delay = 0.72> <Adapter> <Opcode : 'read' 'write'>

State 3 <SV = 2> <Delay = 0.00>
ST_3 : Operation 12 [1/1] (0.00ns)   --->   "%spectopmodule_ln18 = spectopmodule void @_ssdm_op_SpecTopModule, void @empty_2" [pageRank.cpp:18]   --->   Operation 12 'spectopmodule' 'spectopmodule_ln18' <Predicate = true> <Delay = 0.00>
ST_3 : Operation 13 [1/1] (0.00ns)   --->   "%specinterface_ln0 = specinterface void @_ssdm_op_SpecInterface, i512 %taskOutGlobal, void @empty, i32 1, i32 1, void @empty_0, i32 0, i32 0, void @empty_1, void @empty_1, void @empty_1, i32 0, i32 0, i32 0, i32 0, void @empty_1, void @empty_1, i32 4294967295, i32 0, i32 0"   --->   Operation 13 'specinterface' 'specinterface_ln0' <Predicate = true> <Delay = 0.00>
ST_3 : Operation 14 [1/1] (0.00ns)   --->   "%specbitsmap_ln0 = specbitsmap void @_ssdm_op_SpecBitsMap, i512 %taskOutGlobal"   --->   Operation 14 'specbitsmap' 'specbitsmap_ln0' <Predicate = true> <Delay = 0.00>
ST_3 : Operation 15 [1/1] (0.00ns)   --->   "%specinterface_ln0 = specinterface void @_ssdm_op_SpecInterface, i512 %taskIn, void @empty, i32 1, i32 1, void @empty_0, i32 0, i32 0, void @empty_1, void @empty_1, void @empty_1, i32 0, i32 0, i32 0, i32 0, void @empty_1, void @empty_1, i32 4294967295, i32 0, i32 0"   --->   Operation 15 'specinterface' 'specinterface_ln0' <Predicate = true> <Delay = 0.00>
ST_3 : Operation 16 [1/1] (0.00ns)   --->   "%specbitsmap_ln0 = specbitsmap void @_ssdm_op_SpecBitsMap, i512 %taskIn"   --->   Operation 16 'specbitsmap' 'specbitsmap_ln0' <Predicate = true> <Delay = 0.00>
ST_3 : Operation 17 [1/1] (0.00ns)   --->   "%specinterface_ln0 = specinterface void @_ssdm_op_SpecInterface, i64 %argOut, void @empty, i32 1, i32 1, void @empty_0, i32 0, i32 0, void @empty_1, void @empty_1, void @empty_1, i32 0, i32 0, i32 0, i32 0, void @empty_1, void @empty_1, i32 4294967295, i32 0, i32 0"   --->   Operation 17 'specinterface' 'specinterface_ln0' <Predicate = true> <Delay = 0.00>
ST_3 : Operation 18 [1/1] (0.00ns)   --->   "%specbitsmap_ln0 = specbitsmap void @_ssdm_op_SpecBitsMap, i64 %argOut"   --->   Operation 18 'specbitsmap' 'specbitsmap_ln0' <Predicate = true> <Delay = 0.00>
ST_3 : Operation 19 [1/1] (0.00ns)   --->   "%ret_ln78 = ret" [pageRank.cpp:78]   --->   Operation 19 'ret' 'ret_ln78' <Predicate = true> <Delay = 0.00>


============================================================
+ Verbose Summary: Timing violations
============================================================
Target clock period: 4.000ns, clock uncertainty: 1.080ns.

 <State 1>: 1.345ns
The critical path consists of the following:
	axis read operation ('taskIn_read', pageRank.cpp:29) on port 'taskIn' (pageRank.cpp:29) [11]  (0.078 ns)
	'call' operation 0 bit ('call_ln29', pageRank.cpp:29) to 'pageRankReduce_Pipeline_VITIS_LOOP_38_2' [15]  (1.267 ns)

 <State 2>: 1.654ns
The critical path consists of the following:
	'call' operation 0 bit ('call_ln29', pageRank.cpp:29) to 'pageRankReduce_Pipeline_VITIS_LOOP_38_2' [15]  (1.654 ns)

 <State 3>: 0.000ns
The critical path consists of the following:


============================================================
+ Verbose Summary: Binding
============================================================
N/A
* FSMD analyzer results:
  - Output states:
 - Input state : 
  - Chain level:
	State 1
	State 2
	State 3


============================================================
+ Verbose Summary: Datapath Resource usage 
============================================================
N/A
