

================================================================
== Vitis HLS Report for 'adder_function'
================================================================
* Date:           Thu Aug 14 17:22:48 2025

* Version:        2024.1 (Build 5069499 on May 21 2024)
* Project:        vertex_map
* Solution:       hls (Vivado IP Flow Target)
* Product family: virtexuplusHBM
* Target device:  xcu55c-fsvh2892-2LV-e


================================================================
== Performance Estimates
================================================================
+ Timing: 
    * Summary: 
    +--------+---------+----------+------------+
    |  Clock |  Target | Estimated| Uncertainty|
    +--------+---------+----------+------------+
    |ap_clk  |  4.00 ns|  2.729 ns|     1.08 ns|
    +--------+---------+----------+------------+

+ Latency: 
    * Summary: 
    +---------+---------+----------+----------+-----+-----+---------+
    |  Latency (cycles) |  Latency (absolute) |  Interval | Pipeline|
    |   min   |   max   |    min   |    max   | min | max |   Type  |
    +---------+---------+----------+----------+-----+-----+---------+
    |        ?|        ?|         ?|         ?|    ?|    ?|       no|
    +---------+---------+----------+----------+-----+-----+---------+

    + Detail: 
        * Instance: 
        +----------------------------------------------------+------------------------------------------+---------+---------+----------+----------+-----+-----+-----------------------------------------------+
        |                                                    |                                          |  Latency (cycles) |  Latency (absolute) |  Interval |                    Pipeline                   |
        |                      Instance                      |                  Module                  |   min   |   max   |    min   |    max   | min | max |                      Type                     |
        +----------------------------------------------------+------------------------------------------+---------+---------+----------+----------+-----+-----+-----------------------------------------------+
        |grp_adder_function_Pipeline_VITIS_LOOP_115_1_fu_49  |adder_function_Pipeline_VITIS_LOOP_115_1  |        ?|        ?|         ?|         ?|    0|    0|  loop auto-rewind stp(delay=0 clock cycles(s))|
        |grp_adder_function_Pipeline_VITIS_LOOP_120_2_fu_60  |adder_function_Pipeline_VITIS_LOOP_120_2  |       64|       64|  0.256 us|  0.256 us|   63|   63|  loop auto-rewind stp(delay=0 clock cycles(s))|
        +----------------------------------------------------+------------------------------------------+---------+---------+----------+----------+-----+-----+-----------------------------------------------+

        * Loop: 
        N/A

============================================================
+ Verbose Summary: Synthesis Manager
============================================================
InlineROM: 1
ExposeGlobal: 0
============================================================
+ Verbose Summary: CDFG Model
============================================================
IsTopModel: 0
ResetActiveHigh: 1
IsCombinational: 2
IsDatapathOnly: 0
HasWiredReturn: 1
HasMFsm: 0
HasVarLatency: 1
IsPipeline: 0
IsRtlPipelined: 0
IsInstanceOverlapped: 0
IsDontTouch: 0
HasImplIP: 0
IsGatedGlobalClock: 0


============================================================
+ Verbose Summary: Schedule
============================================================
* Number of FSM states : 7
* Pipeline : 0
* Dataflow Pipeline: 0

* FSM state transitions: 
1 --> 2 
2 --> 3 
3 --> 4 
4 --> 5 
5 --> 6 
6 --> 7 
7 --> 

* FSM state operations: 

State 1 <SV = 0> <Delay = 1.43>
ST_1 : Operation 8 [1/1] (0.00ns)   --->   "%sum_loc = alloca i64 1"   --->   Operation 8 'alloca' 'sum_loc' <Predicate = true> <Delay = 0.00>
ST_1 : Operation 9 [1/1] (1.43ns)   --->   "%v_size = read i32 @_ssdm_op_Read.ap_fifo.volatile.i32P0A, i32 %v_size_2" [../pageRankReduce/pageRank.cpp:113]   --->   Operation 9 'read' 'v_size' <Predicate = true> <Delay = 1.43> <CoreInst = "FIFO_SRL">   --->   Core 80 'FIFO_SRL' <Latency = 0> <II = 1> <Delay = 1.43> <Storage> <Opcode : 'read' 'write' 'nbread' 'nbwrite'> <Ports = 0> <Width = 32> <Depth = 9> <FIFO>

State 2 <SV = 1> <Delay = 1.26>
ST_2 : Operation 10 [1/1] (0.00ns)   --->   "%empty = wait i32 @_ssdm_op_Wait"   --->   Operation 10 'wait' 'empty' <Predicate = true> <Delay = 0.00>
ST_2 : Operation 11 [2/2] (1.26ns)   --->   "%call_ln113 = call void @adder_function_Pipeline_VITIS_LOOP_115_1, i32 %v_size, i32 %adder_in_feed_0, i32 %adder_in_feed_1, i32 %adder_results" [../pageRankReduce/pageRank.cpp:113]   --->   Operation 11 'call' 'call_ln113' <Predicate = true> <Delay = 1.26> <CoreType = "Generic">   --->   Core 0 '' <Latency = 0> <II = 1> <Delay = 1.00> <Generic> <Opcode : >

State 3 <SV = 2> <Delay = 0.00>
ST_3 : Operation 12 [1/2] (0.00ns)   --->   "%call_ln113 = call void @adder_function_Pipeline_VITIS_LOOP_115_1, i32 %v_size, i32 %adder_in_feed_0, i32 %adder_in_feed_1, i32 %adder_results" [../pageRankReduce/pageRank.cpp:113]   --->   Operation 12 'call' 'call_ln113' <Predicate = true> <Delay = 0.00> <CoreType = "Generic">   --->   Core 0 '' <Latency = 0> <II = 1> <Delay = 1.00> <Generic> <Opcode : >

State 4 <SV = 3> <Delay = 0.00>
ST_4 : Operation 13 [1/1] (0.00ns)   --->   "%empty_49 = wait i32 @_ssdm_op_Wait"   --->   Operation 13 'wait' 'empty_49' <Predicate = true> <Delay = 0.00>

State 5 <SV = 4> <Delay = 0.00>
ST_5 : Operation 14 [1/1] (0.00ns)   --->   "%empty_50 = wait i32 @_ssdm_op_Wait"   --->   Operation 14 'wait' 'empty_50' <Predicate = true> <Delay = 0.00>
ST_5 : Operation 15 [2/2] (0.00ns)   --->   "%call_ln0 = call void @adder_function_Pipeline_VITIS_LOOP_120_2, i32 %adder_in_feed_0, i32 %sum_loc"   --->   Operation 15 'call' 'call_ln0' <Predicate = true> <Delay = 0.00> <CoreType = "Generic">   --->   Core 0 '' <Latency = 0> <II = 1> <Delay = 1.00> <Generic> <Opcode : >

State 6 <SV = 5> <Delay = 0.00>
ST_6 : Operation 16 [1/2] (0.00ns)   --->   "%call_ln0 = call void @adder_function_Pipeline_VITIS_LOOP_120_2, i32 %adder_in_feed_0, i32 %sum_loc"   --->   Operation 16 'call' 'call_ln0' <Predicate = true> <Delay = 0.00> <CoreType = "Generic">   --->   Core 0 '' <Latency = 0> <II = 1> <Delay = 1.00> <Generic> <Opcode : >

State 7 <SV = 6> <Delay = 1.43>
ST_7 : Operation 17 [1/1] (0.00ns)   --->   "%specinterface_ln0 = specinterface void @_ssdm_op_SpecInterface, i32 %sums_stream, void @empty_4, i32 0, i32 0, void @empty_16, i32 0, i32 0, void @empty_16, void @empty_16, void @empty_16, i32 0, i32 0, i32 0, i32 0, void @empty_16, void @empty_16, i32 4294967295, i32 0, i32 0"   --->   Operation 17 'specinterface' 'specinterface_ln0' <Predicate = true> <Delay = 0.00>
ST_7 : Operation 18 [1/1] (0.00ns)   --->   "%specinterface_ln0 = specinterface void @_ssdm_op_SpecInterface, i32 %v_size_2, void @empty_4, i32 0, i32 0, void @empty_16, i32 0, i32 0, void @empty_16, void @empty_16, void @empty_16, i32 0, i32 0, i32 0, i32 0, void @empty_16, void @empty_16, i32 4294967295, i32 0, i32 0"   --->   Operation 18 'specinterface' 'specinterface_ln0' <Predicate = true> <Delay = 0.00>
ST_7 : Operation 19 [1/1] (0.00ns)   --->   "%specinterface_ln0 = specinterface void @_ssdm_op_SpecInterface, i32 %adder_results, void @empty_4, i32 0, i32 0, void @empty_16, i32 0, i32 0, void @empty_16, void @empty_16, void @empty_16, i32 0, i32 0, i32 0, i32 0, void @empty_16, void @empty_16, i32 4294967295, i32 0, i32 0"   --->   Operation 19 'specinterface' 'specinterface_ln0' <Predicate = true> <Delay = 0.00>
ST_7 : Operation 20 [1/1] (0.00ns)   --->   "%specinterface_ln0 = specinterface void @_ssdm_op_SpecInterface, i32 %adder_in_feed_1, void @empty_4, i32 0, i32 0, void @empty_16, i32 0, i32 0, void @empty_16, void @empty_16, void @empty_16, i32 0, i32 0, i32 0, i32 0, void @empty_16, void @empty_16, i32 4294967295, i32 0, i32 0"   --->   Operation 20 'specinterface' 'specinterface_ln0' <Predicate = true> <Delay = 0.00>
ST_7 : Operation 21 [1/1] (0.00ns)   --->   "%specinterface_ln0 = specinterface void @_ssdm_op_SpecInterface, i32 %adder_in_feed_0, void @empty_4, i32 0, i32 0, void @empty_16, i32 0, i32 0, void @empty_16, void @empty_16, void @empty_16, i32 0, i32 0, i32 0, i32 0, void @empty_16, void @empty_16, i32 4294967295, i32 0, i32 0"   --->   Operation 21 'specinterface' 'specinterface_ln0' <Predicate = true> <Delay = 0.00>
ST_7 : Operation 22 [1/1] (0.00ns)   --->   "%sum_loc_load = load i32 %sum_loc"   --->   Operation 22 'load' 'sum_loc_load' <Predicate = true> <Delay = 0.00>
ST_7 : Operation 23 [1/1] (0.00ns)   --->   "%empty_51 = wait i32 @_ssdm_op_Wait"   --->   Operation 23 'wait' 'empty_51' <Predicate = true> <Delay = 0.00>
ST_7 : Operation 24 [1/1] (0.00ns)   --->   "%bitcast_ln125 = bitcast i32 %sum_loc_load" [../pageRankReduce/pageRank.cpp:125]   --->   Operation 24 'bitcast' 'bitcast_ln125' <Predicate = true> <Delay = 0.00>
ST_7 : Operation 25 [1/1] (1.43ns)   --->   "%write_ln125 = write void @_ssdm_op_Write.ap_fifo.volatile.i32P0A, i32 %sums_stream, i32 %bitcast_ln125" [../pageRankReduce/pageRank.cpp:125]   --->   Operation 25 'write' 'write_ln125' <Predicate = true> <Delay = 1.43> <CoreInst = "FIFO_SRL">   --->   Core 80 'FIFO_SRL' <Latency = 0> <II = 1> <Delay = 1.43> <Storage> <Opcode : 'read' 'write' 'nbread' 'nbwrite'> <Ports = 0> <Width = 32> <Depth = 9> <FIFO>
ST_7 : Operation 26 [1/1] (0.00ns)   --->   "%ret_ln127 = ret" [../pageRankReduce/pageRank.cpp:127]   --->   Operation 26 'ret' 'ret_ln127' <Predicate = true> <Delay = 0.00>


============================================================
+ Verbose Summary: Binding
============================================================
STG Binding: 
---------------- STG Properties BEGIN ----------------
- Is combinational: 0
- Is one-state seq: 0
- Is datapath-only: 0
- Is pipelined: 0
- Is top level: 0
Port [ Return ] is wired: 1; IO mode=ap_ctrl_hs:ce=0
Port [ v_size_2]:  wired=1; compound=1; hidden=0; nouse=0; global=0; static=0; extern=0; dir=0; type=3; pingpong=0; private_global=0; IO mode=ap_fifo:ce=0
Port [ sums_stream]:  wired=1; compound=1; hidden=0; nouse=0; global=0; static=0; extern=0; dir=1; type=3; pingpong=0; private_global=0; IO mode=ap_fifo:ce=0
Port [ adder_results]:  wired=1; compound=1; hidden=0; nouse=0; global=0; static=0; extern=0; dir=1; type=3; pingpong=0; private_global=0; IO mode=ap_fifo:ce=0
Port [ adder_in_feed_0]:  wired=1; compound=1; hidden=0; nouse=0; global=0; static=0; extern=0; dir=0; type=3; pingpong=0; private_global=0; IO mode=ap_fifo:ce=0
Port [ adder_in_feed_1]:  wired=1; compound=1; hidden=0; nouse=0; global=0; static=0; extern=0; dir=0; type=3; pingpong=0; private_global=0; IO mode=ap_fifo:ce=0
---------------- STG Properties END ------------------

---------------- Datapath Model BEGIN ----------------

<LifeTime>
<method=bitvector/>
sum_loc           (alloca       ) [ 00111111]
v_size            (read         ) [ 00110000]
empty             (wait         ) [ 00000000]
call_ln113        (call         ) [ 00000000]
empty_49          (wait         ) [ 00000000]
empty_50          (wait         ) [ 00000000]
call_ln0          (call         ) [ 00000000]
specinterface_ln0 (specinterface) [ 00000000]
specinterface_ln0 (specinterface) [ 00000000]
specinterface_ln0 (specinterface) [ 00000000]
specinterface_ln0 (specinterface) [ 00000000]
specinterface_ln0 (specinterface) [ 00000000]
sum_loc_load      (load         ) [ 00000000]
empty_51          (wait         ) [ 00000000]
bitcast_ln125     (bitcast      ) [ 00000000]
write_ln125       (write        ) [ 00000000]
ret_ln127         (ret          ) [ 00000000]
</LifeTime>

<model>

<comp_list>
<comp id="0" class="1000" name="v_size_2">
<pin_list>
<pin id="1" dir="1" index="0" bw="1" slack="0"/>
</pin_list>
<bind>
<StgValue><ssdm name="v_size_2"/></StgValue>
</bind>
</comp>

<comp id="2" class="1000" name="sums_stream">
<pin_list>
<pin id="3" dir="1" index="0" bw="1" slack="0"/>
</pin_list>
<bind>
<StgValue><ssdm name="sums_stream"/></StgValue>
</bind>
</comp>

<comp id="4" class="1000" name="adder_results">
<pin_list>
<pin id="5" dir="1" index="0" bw="1" slack="0"/>
</pin_list>
<bind>
<StgValue><ssdm name="adder_results"/></StgValue>
</bind>
</comp>

<comp id="6" class="1000" name="adder_in_feed_0">
<pin_list>
<pin id="7" dir="1" index="0" bw="1" slack="0"/>
</pin_list>
<bind>
<StgValue><ssdm name="adder_in_feed_0"/></StgValue>
</bind>
</comp>

<comp id="8" class="1000" name="adder_in_feed_1">
<pin_list>
<pin id="9" dir="1" index="0" bw="1" slack="0"/>
</pin_list>
<bind>
<StgValue><ssdm name="adder_in_feed_1"/></StgValue>
</bind>
</comp>

<comp id="10" class="1001" name="const_10">
<pin_list>
<pin id="11" dir="1" index="0" bw="1" slack="0"/>
</pin_list>
<bind>
<StgValue><ssdm name=""/></StgValue>
</bind>
</comp>

<comp id="12" class="1001" name="const_12">
<pin_list>
<pin id="13" dir="1" index="0" bw="1" slack="0"/>
</pin_list>
<bind>
<StgValue><ssdm name="_ssdm_op_Read.ap_fifo.volatile.i32P0A"/></StgValue>
</bind>
</comp>

<comp id="14" class="1001" name="const_14">
<pin_list>
<pin id="15" dir="1" index="0" bw="1" slack="2147483647"/>
</pin_list>
<bind>
<StgValue><ssdm name="_ssdm_op_Wait"/></StgValue>
</bind>
</comp>

<comp id="16" class="1001" name="const_16">
<pin_list>
<pin id="17" dir="1" index="0" bw="1" slack="0"/>
</pin_list>
<bind>
<StgValue><ssdm name="adder_function_Pipeline_VITIS_LOOP_115_1"/></StgValue>
</bind>
</comp>

<comp id="18" class="1001" name="const_18">
<pin_list>
<pin id="19" dir="1" index="0" bw="1" slack="0"/>
</pin_list>
<bind>
<StgValue><ssdm name="adder_function_Pipeline_VITIS_LOOP_120_2"/></StgValue>
</bind>
</comp>

<comp id="20" class="1001" name="const_20">
<pin_list>
<pin id="21" dir="1" index="0" bw="1" slack="2147483647"/>
</pin_list>
<bind>
<StgValue><ssdm name="_ssdm_op_SpecInterface"/></StgValue>
</bind>
</comp>

<comp id="22" class="1001" name="const_22">
<pin_list>
<pin id="23" dir="1" index="0" bw="1" slack="2147483647"/>
</pin_list>
<bind>
<StgValue><ssdm name="empty_4"/></StgValue>
</bind>
</comp>

<comp id="24" class="1001" name="const_24">
<pin_list>
<pin id="25" dir="1" index="0" bw="1" slack="2147483647"/>
</pin_list>
<bind>
<StgValue><ssdm name=""/></StgValue>
</bind>
</comp>

<comp id="26" class="1001" name="const_26">
<pin_list>
<pin id="27" dir="1" index="0" bw="1" slack="2147483647"/>
</pin_list>
<bind>
<StgValue><ssdm name="empty_16"/></StgValue>
</bind>
</comp>

<comp id="28" class="1001" name="const_28">
<pin_list>
<pin id="29" dir="1" index="0" bw="1" slack="2147483647"/>
</pin_list>
<bind>
<StgValue><ssdm name=""/></StgValue>
</bind>
</comp>

<comp id="30" class="1001" name="const_30">
<pin_list>
<pin id="31" dir="1" index="0" bw="1" slack="0"/>
</pin_list>
<bind>
<StgValue><ssdm name="_ssdm_op_Write.ap_fifo.volatile.i32P0A"/></StgValue>
</bind>
</comp>

<comp id="32" class="1004" name="sum_loc_fu_32">
<pin_list>
<pin id="33" dir="0" index="0" bw="1" slack="0"/>
<pin id="34" dir="1" index="1" bw="32" slack="4"/>
</pin_list>
<bind>
<opcode="alloca(26) " fcode="alloca"/>
<opset="sum_loc/1 "/>
</bind>
</comp>

<comp id="36" class="1004" name="v_size_read_fu_36">
<pin_list>
<pin id="37" dir="0" index="0" bw="32" slack="0"/>
<pin id="38" dir="0" index="1" bw="32" slack="0"/>
<pin id="39" dir="1" index="2" bw="32" slack="1"/>
</pin_list>
<bind>
<opcode="read(1150) " fcode="read"/>
<opset="v_size/1 "/>
</bind>
</comp>

<comp id="42" class="1004" name="write_ln125_write_fu_42">
<pin_list>
<pin id="43" dir="0" index="0" bw="0" slack="0"/>
<pin id="44" dir="0" index="1" bw="32" slack="0"/>
<pin id="45" dir="0" index="2" bw="32" slack="0"/>
<pin id="46" dir="1" index="3" bw="0" slack="2147483647"/>
</pin_list>
<bind>
<opcode="write(1151) " fcode="write"/>
<opset="write_ln125/7 "/>
</bind>
</comp>

<comp id="49" class="1004" name="grp_adder_function_Pipeline_VITIS_LOOP_115_1_fu_49">
<pin_list>
<pin id="50" dir="0" index="0" bw="0" slack="0"/>
<pin id="51" dir="0" index="1" bw="32" slack="1"/>
<pin id="52" dir="0" index="2" bw="32" slack="0"/>
<pin id="53" dir="0" index="3" bw="32" slack="0"/>
<pin id="54" dir="0" index="4" bw="32" slack="0"/>
<pin id="55" dir="1" index="5" bw="0" slack="2147483647"/>
</pin_list>
<bind>
<opcode="call(48) " fcode="call"/>
<opset="call_ln113/2 "/>
</bind>
</comp>

<comp id="60" class="1004" name="grp_adder_function_Pipeline_VITIS_LOOP_120_2_fu_60">
<pin_list>
<pin id="61" dir="0" index="0" bw="0" slack="0"/>
<pin id="62" dir="0" index="1" bw="32" slack="0"/>
<pin id="63" dir="0" index="2" bw="32" slack="4"/>
<pin id="64" dir="1" index="3" bw="0" slack="2147483647"/>
</pin_list>
<bind>
<opcode="call(48) " fcode="call"/>
<opset="call_ln0/5 "/>
</bind>
</comp>

<comp id="67" class="1004" name="sum_loc_load_load_fu_67">
<pin_list>
<pin id="68" dir="0" index="0" bw="32" slack="6"/>
<pin id="69" dir="1" index="1" bw="32" slack="0"/>
</pin_list>
<bind>
<opcode="load(27) " fcode="load"/>
<opset="sum_loc_load/7 "/>
</bind>
</comp>

<comp id="70" class="1004" name="bitcast_ln125_fu_70">
<pin_list>
<pin id="71" dir="0" index="0" bw="32" slack="0"/>
<pin id="72" dir="1" index="1" bw="32" slack="0"/>
</pin_list>
<bind>
<opcode="bitcast(44) " fcode="bitcast"/>
<opset="bitcast_ln125/7 "/>
</bind>
</comp>

<comp id="75" class="1005" name="sum_loc_reg_75">
<pin_list>
<pin id="76" dir="0" index="0" bw="32" slack="4"/>
<pin id="77" dir="1" index="1" bw="32" slack="4"/>
</pin_list>
<bind>
<opset="sum_loc "/>
</bind>
</comp>

<comp id="81" class="1005" name="v_size_reg_81">
<pin_list>
<pin id="82" dir="0" index="0" bw="32" slack="1"/>
<pin id="83" dir="1" index="1" bw="32" slack="1"/>
</pin_list>
<bind>
<opset="v_size "/>
</bind>
</comp>

</comp_list>

<net_list>
<net id="35"><net_src comp="10" pin="0"/><net_sink comp="32" pin=0"/></net>

<net id="40"><net_src comp="12" pin="0"/><net_sink comp="36" pin=0"/></net>

<net id="41"><net_src comp="0" pin="0"/><net_sink comp="36" pin=1"/></net>

<net id="47"><net_src comp="30" pin="0"/><net_sink comp="42" pin=0"/></net>

<net id="48"><net_src comp="2" pin="0"/><net_sink comp="42" pin=1"/></net>

<net id="56"><net_src comp="16" pin="0"/><net_sink comp="49" pin=0"/></net>

<net id="57"><net_src comp="6" pin="0"/><net_sink comp="49" pin=2"/></net>

<net id="58"><net_src comp="8" pin="0"/><net_sink comp="49" pin=3"/></net>

<net id="59"><net_src comp="4" pin="0"/><net_sink comp="49" pin=4"/></net>

<net id="65"><net_src comp="18" pin="0"/><net_sink comp="60" pin=0"/></net>

<net id="66"><net_src comp="6" pin="0"/><net_sink comp="60" pin=1"/></net>

<net id="73"><net_src comp="67" pin="1"/><net_sink comp="70" pin=0"/></net>

<net id="74"><net_src comp="70" pin="1"/><net_sink comp="42" pin=2"/></net>

<net id="78"><net_src comp="32" pin="1"/><net_sink comp="75" pin=0"/></net>

<net id="79"><net_src comp="75" pin="1"/><net_sink comp="60" pin=2"/></net>

<net id="80"><net_src comp="75" pin="1"/><net_sink comp="67" pin=0"/></net>

<net id="84"><net_src comp="36" pin="2"/><net_sink comp="81" pin=0"/></net>

<net id="85"><net_src comp="81" pin="1"/><net_sink comp="49" pin=1"/></net>

</net_list>

</model> 
---------------- Datapath Model END ------------------

* FSMD analyzer results:
  - Output states:
	Port: sums_stream | {7 }
	Port: adder_results | {2 3 }
 - Input state : 
	Port: adder_function : v_size_2 | {1 }
	Port: adder_function : adder_in_feed_0 | {2 3 5 6 }
	Port: adder_function : adder_in_feed_1 | {2 3 }
  - Chain level:
	State 1
	State 2
	State 3
	State 4
	State 5
	State 6
	State 7
		bitcast_ln125 : 1
		write_ln125 : 2


============================================================
+ Verbose Summary: Datapath Resource usage 
============================================================

* Functional unit list:
|----------|----------------------------------------------------|---------|---------|---------|---------|
| Operation|                   Functional Unit                  |   DSP   |  Delay  |    FF   |   LUT   |
|----------|----------------------------------------------------|---------|---------|---------|---------|
|   call   | grp_adder_function_Pipeline_VITIS_LOOP_115_1_fu_49 |    2    |  0.774  |   511   |   294   |
|          | grp_adder_function_Pipeline_VITIS_LOOP_120_2_fu_60 |    2    |  0.774  |   451   |   240   |
|----------|----------------------------------------------------|---------|---------|---------|---------|
|   read   |                  v_size_read_fu_36                 |    0    |    0    |    0    |    0    |
|----------|----------------------------------------------------|---------|---------|---------|---------|
|   write  |               write_ln125_write_fu_42              |    0    |    0    |    0    |    0    |
|----------|----------------------------------------------------|---------|---------|---------|---------|
|   Total  |                                                    |    4    |  1.548  |   962   |   534   |
|----------|----------------------------------------------------|---------|---------|---------|---------|

Memories:
N/A

* Register list:
+--------------+--------+
|              |   FF   |
+--------------+--------+
|sum_loc_reg_75|   32   |
| v_size_reg_81|   32   |
+--------------+--------+
|     Total    |   64   |
+--------------+--------+

* Multiplexer (MUX) list: 
|--------|------|------|------|--------|
|  Comp  |  Pin | Size |  BW  | S x BW |
|--------|------|------|------|--------|
|  Total |      |      |      |    0   |
|--------|------|------|------|--------|



* Summary:
+-----------+--------+--------+--------+--------+
|           |   DSP  |  Delay |   FF   |   LUT  |
+-----------+--------+--------+--------+--------+
|  Function |    4   |    1   |   962  |   534  |
|   Memory  |    -   |    -   |    -   |    -   |
|Multiplexer|    -   |    -   |    -   |    -   |
|  Register |    -   |    -   |   64   |    -   |
+-----------+--------+--------+--------+--------+
|   Total   |    4   |    1   |  1026  |   534  |
+-----------+--------+--------+--------+--------+
