

================================================================
== Vitis HLS Report for 'adder_function_Pipeline_VITIS_LOOP_120_2'
================================================================
* Date:           Thu Aug 14 17:22:48 2025

* Version:        2024.1 (Build 5069499 on May 21 2024)
* Project:        vertex_map
* Solution:       hls (Vivado IP Flow Target)
* Product family: virtexuplusHBM
* Target device:  xcu55c-fsvh2892-2LV-e


================================================================
== Performance Estimates
================================================================
+ Timing: 
    * Summary: 
    +--------+---------+----------+------------+
    |  Clock |  Target | Estimated| Uncertainty|
    +--------+---------+----------+------------+
    |ap_clk  |  4.00 ns|  2.729 ns|     1.08 ns|
    +--------+---------+----------+------------+

+ Latency: 
    * Summary: 
    +---------+---------+----------+----------+-----+-----+-----------------------------------------------+
    |  Latency (cycles) |  Latency (absolute) |  Interval |                    Pipeline                   |
    |   min   |   max   |    min   |    max   | min | max |                      Type                     |
    +---------+---------+----------+----------+-----+-----+-----------------------------------------------+
    |       64|       64|  0.256 us|  0.256 us|   63|   63|  loop auto-rewind stp(delay=0 clock cycles(s))|
    +---------+---------+----------+----------+-----+-----+-----------------------------------------------+

    + Detail: 
        * Instance: 
        N/A

        * Loop: 
        +--------------------+---------+---------+----------+-----------+-----------+------+----------+
        |                    |  Latency (cycles) | Iteration|  Initiation Interval  | Trip |          |
        |      Loop Name     |   min   |   max   |  Latency |  achieved |   target  | Count| Pipelined|
        +--------------------+---------+---------+----------+-----------+-----------+------+----------+
        |- VITIS_LOOP_120_2  |       62|       62|         9|          6|          1|    10|       yes|
        +--------------------+---------+---------+----------+-----------+-----------+------+----------+

============================================================
+ Verbose Summary: Synthesis Manager
============================================================
InlineROM: 1
ExposeGlobal: 0
============================================================
+ Verbose Summary: CDFG Model
============================================================
IsTopModel: 0
ResetActiveHigh: 1
IsCombinational: 0
IsDatapathOnly: 0
HasWiredReturn: 1
HasMFsm: 2
HasVarLatency: 1
IsPipeline: 0
IsRtlPipelined: 0
IsInstanceOverlapped: 0
IsDontTouch: 0
HasImplIP: 0
IsGatedGlobalClock: 0

+ Individual pipeline summary: 
  * Pipeline-0: initiation interval (II) = 6, depth = 9


============================================================
+ Verbose Summary: Schedule
============================================================
* Number of FSM states : 9
* Pipeline : 1
  Pipeline-0 : II = 6, D = 9, States = { 1 2 3 4 5 6 7 8 9 }
* Dataflow Pipeline: 0

* FSM state transitions: 
1 --> 2 
2 --> 3 
3 --> 4 
4 --> 5 
5 --> 6 
6 --> 7 
7 --> 8 
8 --> 9 
9 --> 

* FSM state operations: 

State 1 <SV = 0> <Delay = 1.48>
ST_1 : Operation 12 [1/1] (0.00ns)   --->   "%sum = alloca i32 1" [../pageRankReduce/pageRank.cpp:114]   --->   Operation 12 'alloca' 'sum' <Predicate = true> <Delay = 0.00>
ST_1 : Operation 13 [1/1] (0.00ns)   --->   "%i_5 = alloca i32 1" [../pageRankReduce/pageRank.cpp:120]   --->   Operation 13 'alloca' 'i_5' <Predicate = true> <Delay = 0.00>
ST_1 : Operation 14 [1/1] (0.00ns)   --->   "%specinterface_ln0 = specinterface void @_ssdm_op_SpecInterface, i32 %adder_in_feed_0, void @empty_4, i32 0, i32 0, void @empty_16, i32 0, i32 0, void @empty_16, void @empty_16, void @empty_16, i32 0, i32 0, i32 0, i32 0, void @empty_16, void @empty_16, i32 4294967295, i32 0, i32 0"   --->   Operation 14 'specinterface' 'specinterface_ln0' <Predicate = true> <Delay = 0.00>
ST_1 : Operation 15 [1/1] (0.38ns)   --->   "%store_ln120 = store i4 0, i4 %i_5" [../pageRankReduce/pageRank.cpp:120]   --->   Operation 15 'store' 'store_ln120' <Predicate = true> <Delay = 0.38>
ST_1 : Operation 16 [1/1] (0.38ns)   --->   "%store_ln114 = store i32 0, i32 %sum" [../pageRankReduce/pageRank.cpp:114]   --->   Operation 16 'store' 'store_ln114' <Predicate = true> <Delay = 0.38>
ST_1 : Operation 17 [1/1] (0.00ns)   --->   "%br_ln120 = br void %for.inc10" [../pageRankReduce/pageRank.cpp:120]   --->   Operation 17 'br' 'br_ln120' <Predicate = true> <Delay = 0.00>
ST_1 : Operation 18 [1/1] (0.00ns)   --->   "%i = load i4 %i_5" [../pageRankReduce/pageRank.cpp:120]   --->   Operation 18 'load' 'i' <Predicate = true> <Delay = 0.00>
ST_1 : Operation 19 [1/1] (0.70ns)   --->   "%icmp_ln120 = icmp_eq  i4 %i, i4 10" [../pageRankReduce/pageRank.cpp:120]   --->   Operation 19 'icmp' 'icmp_ln120' <Predicate = true> <Delay = 0.70> <CoreInst = "Cmp">   --->   Core 9 'Cmp' <Latency = 0> <II = 1> <Delay = 0.70> <FuncUnit> <Opcode : 'seteq' 'setne' 'setle' 'setge' 'setlt' 'setgt'> <InPorts = 2> <OutPorts = 1>
ST_1 : Operation 20 [1/1] (0.70ns)   --->   "%i_6 = add i4 %i, i4 1" [../pageRankReduce/pageRank.cpp:120]   --->   Operation 20 'add' 'i_6' <Predicate = true> <Delay = 0.70> <CoreInst = "Adder">   --->   Core 1 'Adder' <Latency = 0> <II = 1> <Delay = 0.70> <FuncUnit> <Opcode : 'add' 'sub'> <InPorts = 2> <OutPorts = 1>
ST_1 : Operation 21 [1/1] (0.00ns)   --->   "%br_ln120 = br i1 %icmp_ln120, void %for.inc10.split, void %for.end12.exitStub" [../pageRankReduce/pageRank.cpp:120]   --->   Operation 21 'br' 'br_ln120' <Predicate = true> <Delay = 0.00>
ST_1 : Operation 22 [1/1] (0.38ns)   --->   "%store_ln120 = store i4 %i_6, i4 %i_5" [../pageRankReduce/pageRank.cpp:120]   --->   Operation 22 'store' 'store_ln120' <Predicate = (!icmp_ln120)> <Delay = 0.38>

State 2 <SV = 1> <Delay = 1.14>
ST_2 : Operation 23 [1/1] (1.14ns)   --->   "%adder_in_feed_0_read = read i32 @_ssdm_op_Read.ap_fifo.volatile.i32P0A, i32 %adder_in_feed_0" [../pageRankReduce/pageRank.cpp:122]   --->   Operation 23 'read' 'adder_in_feed_0_read' <Predicate = (!icmp_ln120)> <Delay = 1.14> <CoreInst = "FIFO">   --->   Core 77 'FIFO' <Latency = 0> <II = 1> <Delay = 1.14> <Storage> <Opcode : 'read' 'write' 'nbread' 'nbwrite'> <Ports = 0> <Width = 32> <Depth = 128> <FIFO>

State 3 <SV = 2> <Delay = 2.34>
ST_3 : Operation 24 [1/1] (0.00ns)   --->   "%sum_load = load i32 %sum" [../pageRankReduce/pageRank.cpp:122]   --->   Operation 24 'load' 'sum_load' <Predicate = (!icmp_ln120)> <Delay = 0.00>
ST_3 : Operation 25 [1/1] (0.00ns)   --->   "%bitcast_ln122 = bitcast i32 %adder_in_feed_0_read" [../pageRankReduce/pageRank.cpp:122]   --->   Operation 25 'bitcast' 'bitcast_ln122' <Predicate = (!icmp_ln120)> <Delay = 0.00>
ST_3 : Operation 26 [7/7] (2.34ns)   --->   "%sum_1 = fadd i32 %sum_load, i32 %bitcast_ln122" [../pageRankReduce/pageRank.cpp:122]   --->   Operation 26 'fadd' 'sum_1' <Predicate = (!icmp_ln120)> <Delay = 2.34> <CoreInst = "FAddSub_fulldsp">   --->   Core 18 'FAddSub_fulldsp' <Latency = 6> <II = 1> <Delay = 2.34> <FuncUnit> <Opcode : 'fadd' 'fsub'> <InPorts = 2> <OutPorts = 1>
ST_3 : Operation 38 [1/1] (0.00ns)   --->   "%sum_load_1 = load i32 %sum"   --->   Operation 38 'load' 'sum_load_1' <Predicate = (icmp_ln120)> <Delay = 0.00>
ST_3 : Operation 39 [1/1] (0.00ns)   --->   "%write_ln0 = write void @_ssdm_op_Write.ap_auto.floatP0A, i32 %sum_out, i32 %sum_load_1"   --->   Operation 39 'write' 'write_ln0' <Predicate = (icmp_ln120)> <Delay = 0.00>
ST_3 : Operation 40 [1/1] (0.38ns)   --->   "%ret_ln0 = ret"   --->   Operation 40 'ret' 'ret_ln0' <Predicate = (icmp_ln120)> <Delay = 0.38>

State 4 <SV = 3> <Delay = 2.34>
ST_4 : Operation 27 [6/7] (2.34ns)   --->   "%sum_1 = fadd i32 %sum_load, i32 %bitcast_ln122" [../pageRankReduce/pageRank.cpp:122]   --->   Operation 27 'fadd' 'sum_1' <Predicate = (!icmp_ln120)> <Delay = 2.34> <CoreInst = "FAddSub_fulldsp">   --->   Core 18 'FAddSub_fulldsp' <Latency = 6> <II = 1> <Delay = 2.34> <FuncUnit> <Opcode : 'fadd' 'fsub'> <InPorts = 2> <OutPorts = 1>

State 5 <SV = 4> <Delay = 2.34>
ST_5 : Operation 28 [5/7] (2.34ns)   --->   "%sum_1 = fadd i32 %sum_load, i32 %bitcast_ln122" [../pageRankReduce/pageRank.cpp:122]   --->   Operation 28 'fadd' 'sum_1' <Predicate = (!icmp_ln120)> <Delay = 2.34> <CoreInst = "FAddSub_fulldsp">   --->   Core 18 'FAddSub_fulldsp' <Latency = 6> <II = 1> <Delay = 2.34> <FuncUnit> <Opcode : 'fadd' 'fsub'> <InPorts = 2> <OutPorts = 1>

State 6 <SV = 5> <Delay = 2.34>
ST_6 : Operation 29 [4/7] (2.34ns)   --->   "%sum_1 = fadd i32 %sum_load, i32 %bitcast_ln122" [../pageRankReduce/pageRank.cpp:122]   --->   Operation 29 'fadd' 'sum_1' <Predicate = (!icmp_ln120)> <Delay = 2.34> <CoreInst = "FAddSub_fulldsp">   --->   Core 18 'FAddSub_fulldsp' <Latency = 6> <II = 1> <Delay = 2.34> <FuncUnit> <Opcode : 'fadd' 'fsub'> <InPorts = 2> <OutPorts = 1>

State 7 <SV = 6> <Delay = 2.34>
ST_7 : Operation 30 [3/7] (2.34ns)   --->   "%sum_1 = fadd i32 %sum_load, i32 %bitcast_ln122" [../pageRankReduce/pageRank.cpp:122]   --->   Operation 30 'fadd' 'sum_1' <Predicate = true> <Delay = 2.34> <CoreInst = "FAddSub_fulldsp">   --->   Core 18 'FAddSub_fulldsp' <Latency = 6> <II = 1> <Delay = 2.34> <FuncUnit> <Opcode : 'fadd' 'fsub'> <InPorts = 2> <OutPorts = 1>

State 8 <SV = 7> <Delay = 2.34>
ST_8 : Operation 31 [2/7] (2.34ns)   --->   "%sum_1 = fadd i32 %sum_load, i32 %bitcast_ln122" [../pageRankReduce/pageRank.cpp:122]   --->   Operation 31 'fadd' 'sum_1' <Predicate = true> <Delay = 2.34> <CoreInst = "FAddSub_fulldsp">   --->   Core 18 'FAddSub_fulldsp' <Latency = 6> <II = 1> <Delay = 2.34> <FuncUnit> <Opcode : 'fadd' 'fsub'> <InPorts = 2> <OutPorts = 1>

State 9 <SV = 8> <Delay = 2.72>
ST_9 : Operation 32 [1/1] (0.00ns)   --->   "%specpipeline_ln121 = specpipeline void @_ssdm_op_SpecPipeline, i32 4294967295, i32 0, i32 0, i32 0, void @empty_16" [../pageRankReduce/pageRank.cpp:121]   --->   Operation 32 'specpipeline' 'specpipeline_ln121' <Predicate = true> <Delay = 0.00>
ST_9 : Operation 33 [1/1] (0.00ns)   --->   "%speclooptripcount_ln114 = speclooptripcount void @_ssdm_op_SpecLoopTripCount, i64 10, i64 10, i64 10" [../pageRankReduce/pageRank.cpp:114]   --->   Operation 33 'speclooptripcount' 'speclooptripcount_ln114' <Predicate = true> <Delay = 0.00>
ST_9 : Operation 34 [1/1] (0.00ns)   --->   "%specloopname_ln120 = specloopname void @_ssdm_op_SpecLoopName, void @empty_9" [../pageRankReduce/pageRank.cpp:120]   --->   Operation 34 'specloopname' 'specloopname_ln120' <Predicate = true> <Delay = 0.00>
ST_9 : Operation 35 [1/7] (2.34ns)   --->   "%sum_1 = fadd i32 %sum_load, i32 %bitcast_ln122" [../pageRankReduce/pageRank.cpp:122]   --->   Operation 35 'fadd' 'sum_1' <Predicate = true> <Delay = 2.34> <CoreInst = "FAddSub_fulldsp">   --->   Core 18 'FAddSub_fulldsp' <Latency = 6> <II = 1> <Delay = 2.34> <FuncUnit> <Opcode : 'fadd' 'fsub'> <InPorts = 2> <OutPorts = 1>
ST_9 : Operation 36 [1/1] (0.38ns)   --->   "%store_ln114 = store i32 %sum_1, i32 %sum" [../pageRankReduce/pageRank.cpp:114]   --->   Operation 36 'store' 'store_ln114' <Predicate = true> <Delay = 0.38>
ST_9 : Operation 37 [1/1] (0.00ns)   --->   "%br_ln120 = br void %for.inc10" [../pageRankReduce/pageRank.cpp:120]   --->   Operation 37 'br' 'br_ln120' <Predicate = true> <Delay = 0.00>


============================================================
+ Verbose Summary: Timing violations
============================================================
Target clock period: 4.000ns, clock uncertainty: 1.080ns.

 <State 1>: 1.482ns
The critical path consists of the following:
	'store' operation 0 bit ('store_ln120', ../pageRankReduce/pageRank.cpp:120) of constant 0 on local variable 'i', ../pageRankReduce/pageRank.cpp:120 [6]  (0.387 ns)
	'load' operation 4 bit ('i', ../pageRankReduce/pageRank.cpp:120) on local variable 'i', ../pageRankReduce/pageRank.cpp:120 [10]  (0.000 ns)
	'icmp' operation 1 bit ('icmp_ln120', ../pageRankReduce/pageRank.cpp:120) [11]  (0.708 ns)
	'store' operation 0 bit ('store_ln120', ../pageRankReduce/pageRank.cpp:120) of variable 'i', ../pageRankReduce/pageRank.cpp:120 on local variable 'i', ../pageRankReduce/pageRank.cpp:120 [22]  (0.387 ns)

 <State 2>: 1.140ns
The critical path consists of the following:
	fifo read operation ('adder_in_feed_0_read', ../pageRankReduce/pageRank.cpp:122) on port 'adder_in_feed_0' (../pageRankReduce/pageRank.cpp:122) [19]  (1.140 ns)

 <State 3>: 2.342ns
The critical path consists of the following:
	'load' operation 32 bit ('sum_load', ../pageRankReduce/pageRank.cpp:122) on local variable 'sum', ../pageRankReduce/pageRank.cpp:114 [15]  (0.000 ns)
	'fadd' operation 32 bit ('sum', ../pageRankReduce/pageRank.cpp:122) [21]  (2.342 ns)

 <State 4>: 2.342ns
The critical path consists of the following:
	'fadd' operation 32 bit ('sum', ../pageRankReduce/pageRank.cpp:122) [21]  (2.342 ns)

 <State 5>: 2.342ns
The critical path consists of the following:
	'fadd' operation 32 bit ('sum', ../pageRankReduce/pageRank.cpp:122) [21]  (2.342 ns)

 <State 6>: 2.342ns
The critical path consists of the following:
	'fadd' operation 32 bit ('sum', ../pageRankReduce/pageRank.cpp:122) [21]  (2.342 ns)

 <State 7>: 2.342ns
The critical path consists of the following:
	'fadd' operation 32 bit ('sum', ../pageRankReduce/pageRank.cpp:122) [21]  (2.342 ns)

 <State 8>: 2.342ns
The critical path consists of the following:
	'fadd' operation 32 bit ('sum', ../pageRankReduce/pageRank.cpp:122) [21]  (2.342 ns)

 <State 9>: 2.729ns
The critical path consists of the following:
	'fadd' operation 32 bit ('sum', ../pageRankReduce/pageRank.cpp:122) [21]  (2.342 ns)
	'store' operation 0 bit ('store_ln114', ../pageRankReduce/pageRank.cpp:114) of variable 'sum', ../pageRankReduce/pageRank.cpp:122 on local variable 'sum', ../pageRankReduce/pageRank.cpp:114 [23]  (0.387 ns)


============================================================
+ Verbose Summary: Binding
============================================================
N/A
* FSMD analyzer results:
  - Output states:
 - Input state : 
  - Chain level:
	State 1
	State 2
	State 3
	State 4
	State 5
	State 6
	State 7
	State 8
	State 9


============================================================
+ Verbose Summary: Datapath Resource usage 
============================================================
N/A
