

================================================================
== Vitis HLS Report for 'readVertex'
================================================================
* Date:           Thu Aug 14 17:22:47 2025

* Version:        2024.1 (Build 5069499 on May 21 2024)
* Project:        vertex_map
* Solution:       hls (Vivado IP Flow Target)
* Product family: virtexuplusHBM
* Target device:  xcu55c-fsvh2892-2LV-e


================================================================
== Performance Estimates
================================================================
+ Timing: 
    * Summary: 
    +--------+---------+----------+------------+
    |  Clock |  Target | Estimated| Uncertainty|
    +--------+---------+----------+------------+
    |ap_clk  |  4.00 ns|  2.920 ns|     1.08 ns|
    +--------+---------+----------+------------+

+ Latency: 
    * Summary: 
    +---------+---------+----------+----------+-----+-----+---------+
    |  Latency (cycles) |  Latency (absolute) |  Interval | Pipeline|
    |   min   |   max   |    min   |    max   | min | max |   Type  |
    +---------+---------+----------+----------+-----+-----+---------+
    |        ?|        ?|         ?|         ?|    ?|    ?|       no|
    +---------+---------+----------+----------+-----+-----+---------+

    + Detail: 
        * Instance: 
        N/A

        * Loop: 
        N/A

============================================================
+ Verbose Summary: Synthesis Manager
============================================================
InlineROM: 1
ExposeGlobal: 0
============================================================
+ Verbose Summary: CDFG Model
============================================================
IsTopModel: 0
ResetActiveHigh: 1
IsCombinational: 2
IsDatapathOnly: 0
HasWiredReturn: 1
HasMFsm: 0
HasVarLatency: 1
IsPipeline: 0
IsRtlPipelined: 0
IsInstanceOverlapped: 0
IsDontTouch: 0
HasImplIP: 0
IsGatedGlobalClock: 0


============================================================
+ Verbose Summary: Schedule
============================================================
* Number of FSM states : 3
* Pipeline : 0
* Dataflow Pipeline: 0

* FSM state transitions: 
1 --> 2 
2 --> 3 
3 --> 

* FSM state operations: 

State 1 <SV = 0> <Delay = 1.43>
ST_1 : Operation 4 [1/1] (0.00ns)   --->   "%mem1_read = read i64 @_ssdm_op_Read.ap_auto.i64, i64 %mem1" [../pageRankReduce/pageRank.cpp:77]   --->   Operation 4 'read' 'mem1_read' <Predicate = true> <Delay = 0.00>
ST_1 : Operation 5 [1/1] (0.00ns)   --->   "%mem0_read = read i64 @_ssdm_op_Read.ap_auto.i64, i64 %mem0" [../pageRankReduce/pageRank.cpp:77]   --->   Operation 5 'read' 'mem0_read' <Predicate = true> <Delay = 0.00>
ST_1 : Operation 6 [1/1] (1.37ns)   --->   "%v_neighbours = read i64 @_ssdm_op_Read.ap_fifo.volatile.i64P0A, i64 %v_neighbours_stream" [../pageRankReduce/pageRank.cpp:87]   --->   Operation 6 'read' 'v_neighbours' <Predicate = true> <Delay = 1.37> <CoreInst = "FIFO_SRL">   --->   Core 80 'FIFO_SRL' <Latency = 0> <II = 1> <Delay = 1.37> <Storage> <Opcode : 'read' 'write' 'nbread' 'nbwrite'> <Ports = 0> <Width = 64> <Depth = 9> <FIFO>
ST_1 : Operation 7 [1/1] (1.43ns)   --->   "%v_size = read i32 @_ssdm_op_Read.ap_fifo.volatile.i32P0A, i32 %v_size_0" [../pageRankReduce/pageRank.cpp:88]   --->   Operation 7 'read' 'v_size' <Predicate = true> <Delay = 1.43> <CoreInst = "FIFO_SRL">   --->   Core 80 'FIFO_SRL' <Latency = 0> <II = 1> <Delay = 1.43> <Storage> <Opcode : 'read' 'write' 'nbread' 'nbwrite'> <Ports = 0> <Width = 32> <Depth = 9> <FIFO>
ST_1 : Operation 8 [1/1] (1.37ns)   --->   "%adj_list = read i64 @_ssdm_op_Read.ap_fifo.volatile.i64P0A, i64 %adj_lists" [../pageRankReduce/pageRank.cpp:89]   --->   Operation 8 'read' 'adj_list' <Predicate = true> <Delay = 1.37> <CoreInst = "FIFO_SRL">   --->   Core 80 'FIFO_SRL' <Latency = 0> <II = 1> <Delay = 1.37> <Storage> <Opcode : 'read' 'write' 'nbread' 'nbwrite'> <Ports = 0> <Width = 64> <Depth = 9> <FIFO>
ST_1 : Operation 9 [1/1] (1.37ns)   --->   "%Pcurr = read i64 @_ssdm_op_Read.ap_fifo.volatile.i64P0A, i64 %Pcurrs" [../pageRankReduce/pageRank.cpp:90]   --->   Operation 9 'read' 'Pcurr' <Predicate = true> <Delay = 1.37> <CoreInst = "FIFO_SRL">   --->   Core 80 'FIFO_SRL' <Latency = 0> <II = 1> <Delay = 1.37> <Storage> <Opcode : 'read' 'write' 'nbread' 'nbwrite'> <Ports = 0> <Width = 64> <Depth = 9> <FIFO>

State 2 <SV = 1> <Delay = 1.26>
ST_2 : Operation 10 [1/1] (0.00ns)   --->   "%empty = wait i32 @_ssdm_op_Wait"   --->   Operation 10 'wait' 'empty' <Predicate = true> <Delay = 0.00>
ST_2 : Operation 11 [2/2] (1.26ns)   --->   "%call_ln88 = call void @readVertex_Pipeline_VITIS_LOOP_92_1, i32 %v_size, i64 %mem0_read, i64 %v_neighbours, i64 %gmem_CHN_1, i64 %adj_list, i64 %mem1_read, i64 %Pcurr, i64 %gmem_CHN_2, i32 %adder_in_feed_1" [../pageRankReduce/pageRank.cpp:88]   --->   Operation 11 'call' 'call_ln88' <Predicate = true> <Delay = 1.26> <CoreType = "Generic">   --->   Core 0 '' <Latency = 0> <II = 1> <Delay = 1.00> <Generic> <Opcode : >

State 3 <SV = 2> <Delay = 0.00>
ST_3 : Operation 12 [1/1] (0.00ns)   --->   "%specmaxicache_ln0 = specmaxicache void @_ssdm_op_SpecMAXICache, i64 %gmem_CHN_1, i64 2, i64 4, i64 1, i64 1, i64 0, i64 0, void @empty_16"   --->   Operation 12 'specmaxicache' 'specmaxicache_ln0' <Predicate = true> <Delay = 0.00>
ST_3 : Operation 13 [1/1] (0.00ns)   --->   "%specmaxicache_ln0 = specmaxicache void @_ssdm_op_SpecMAXICache, i64 %gmem_CHN_2, i64 2, i64 4, i64 1, i64 1, i64 0, i64 0, void @empty_16"   --->   Operation 13 'specmaxicache' 'specmaxicache_ln0' <Predicate = true> <Delay = 0.00>
ST_3 : Operation 14 [1/1] (0.00ns)   --->   "%specinterface_ln0 = specinterface void @_ssdm_op_SpecInterface, i64 %v_neighbours_stream, void @empty_4, i32 0, i32 0, void @empty_16, i32 0, i32 0, void @empty_16, void @empty_16, void @empty_16, i32 0, i32 0, i32 0, i32 0, void @empty_16, void @empty_16, i32 4294967295, i32 0, i32 0"   --->   Operation 14 'specinterface' 'specinterface_ln0' <Predicate = true> <Delay = 0.00>
ST_3 : Operation 15 [1/1] (0.00ns)   --->   "%specinterface_ln0 = specinterface void @_ssdm_op_SpecInterface, i64 %adj_lists, void @empty_4, i32 0, i32 0, void @empty_16, i32 0, i32 0, void @empty_16, void @empty_16, void @empty_16, i32 0, i32 0, i32 0, i32 0, void @empty_16, void @empty_16, i32 4294967295, i32 0, i32 0"   --->   Operation 15 'specinterface' 'specinterface_ln0' <Predicate = true> <Delay = 0.00>
ST_3 : Operation 16 [1/1] (0.00ns)   --->   "%specinterface_ln0 = specinterface void @_ssdm_op_SpecInterface, i64 %Pcurrs, void @empty_4, i32 0, i32 0, void @empty_16, i32 0, i32 0, void @empty_16, void @empty_16, void @empty_16, i32 0, i32 0, i32 0, i32 0, void @empty_16, void @empty_16, i32 4294967295, i32 0, i32 0"   --->   Operation 16 'specinterface' 'specinterface_ln0' <Predicate = true> <Delay = 0.00>
ST_3 : Operation 17 [1/1] (0.00ns)   --->   "%specinterface_ln0 = specinterface void @_ssdm_op_SpecInterface, i32 %v_size_0, void @empty_4, i32 0, i32 0, void @empty_16, i32 0, i32 0, void @empty_16, void @empty_16, void @empty_16, i32 0, i32 0, i32 0, i32 0, void @empty_16, void @empty_16, i32 4294967295, i32 0, i32 0"   --->   Operation 17 'specinterface' 'specinterface_ln0' <Predicate = true> <Delay = 0.00>
ST_3 : Operation 18 [1/1] (0.00ns)   --->   "%specinterface_ln0 = specinterface void @_ssdm_op_SpecInterface, i32 %adder_in_feed_1, void @empty_4, i32 0, i32 0, void @empty_16, i32 0, i32 0, void @empty_16, void @empty_16, void @empty_16, i32 0, i32 0, i32 0, i32 0, void @empty_16, void @empty_16, i32 4294967295, i32 0, i32 0"   --->   Operation 18 'specinterface' 'specinterface_ln0' <Predicate = true> <Delay = 0.00>
ST_3 : Operation 19 [1/1] (0.00ns)   --->   "%specinterface_ln0 = specinterface void @_ssdm_op_SpecInterface, i64 %gmem_CHN_2, void @empty_17, i32 0, i32 0, void @empty_16, i32 64, i32 0, void @empty_15, void @empty_14, void @empty_16, i32 64, i32 1, i32 16, i32 16, void @empty_16, void @empty_16, i32 4294967295, i32 0, i32 2"   --->   Operation 19 'specinterface' 'specinterface_ln0' <Predicate = true> <Delay = 0.00>
ST_3 : Operation 20 [1/1] (0.00ns)   --->   "%specinterface_ln0 = specinterface void @_ssdm_op_SpecInterface, i64 %gmem_CHN_1, void @empty_17, i32 0, i32 0, void @empty_16, i32 64, i32 0, void @empty_15, void @empty_14, void @empty_16, i32 64, i32 1, i32 16, i32 16, void @empty_16, void @empty_16, i32 4294967295, i32 0, i32 1"   --->   Operation 20 'specinterface' 'specinterface_ln0' <Predicate = true> <Delay = 0.00>
ST_3 : Operation 21 [1/2] (0.00ns)   --->   "%call_ln88 = call void @readVertex_Pipeline_VITIS_LOOP_92_1, i32 %v_size, i64 %mem0_read, i64 %v_neighbours, i64 %gmem_CHN_1, i64 %adj_list, i64 %mem1_read, i64 %Pcurr, i64 %gmem_CHN_2, i32 %adder_in_feed_1" [../pageRankReduce/pageRank.cpp:88]   --->   Operation 21 'call' 'call_ln88' <Predicate = true> <Delay = 0.00> <CoreType = "Generic">   --->   Core 0 '' <Latency = 0> <II = 1> <Delay = 1.00> <Generic> <Opcode : >
ST_3 : Operation 22 [1/1] (0.00ns)   --->   "%ret_ln103 = ret" [../pageRankReduce/pageRank.cpp:103]   --->   Operation 22 'ret' 'ret_ln103' <Predicate = true> <Delay = 0.00>


============================================================
+ Verbose Summary: Timing violations
============================================================
Target clock period: 4.000ns, clock uncertainty: 1.080ns.

 <State 1>: 1.432ns
The critical path consists of the following:
	fifo read operation ('v_size', ../pageRankReduce/pageRank.cpp:88) on port 'v_size_0' (../pageRankReduce/pageRank.cpp:88) [22]  (1.432 ns)

 <State 2>: 1.267ns
The critical path consists of the following:
	'call' operation 0 bit ('call_ln88', ../pageRankReduce/pageRank.cpp:88) to 'readVertex_Pipeline_VITIS_LOOP_92_1' [26]  (1.267 ns)

 <State 3>: 0.000ns
The critical path consists of the following:


============================================================
+ Verbose Summary: Binding
============================================================
N/A
* FSMD analyzer results:
  - Output states:
 - Input state : 
  - Chain level:
	State 1
	State 2
	State 3


============================================================
+ Verbose Summary: Datapath Resource usage 
============================================================
N/A
