

================================================================
== Vitis HLS Report for 'read_task'
================================================================
* Date:           Thu Aug 14 17:22:47 2025

* Version:        2024.1 (Build 5069499 on May 21 2024)
* Project:        vertex_map
* Solution:       hls (Vivado IP Flow Target)
* Product family: virtexuplusHBM
* Target device:  xcu55c-fsvh2892-2LV-e


================================================================
== Performance Estimates
================================================================
+ Timing: 
    * Summary: 
    +--------+---------+----------+------------+
    |  Clock |  Target | Estimated| Uncertainty|
    +--------+---------+----------+------------+
    |ap_clk  |  4.00 ns|  2.920 ns|     1.08 ns|
    +--------+---------+----------+------------+

+ Latency: 
    * Summary: 
    +---------+---------+----------+----------+-----+-----+---------+
    |  Latency (cycles) |  Latency (absolute) |  Interval | Pipeline|
    |   min   |   max   |    min   |    max   | min | max |   Type  |
    +---------+---------+----------+----------+-----+-----+---------+
    |       74|       74|  0.296 us|  0.296 us|   74|   74|       no|
    +---------+---------+----------+----------+-----+-----+---------+

    + Detail: 
        * Instance: 
        N/A

        * Loop: 
        N/A

============================================================
+ Verbose Summary: Synthesis Manager
============================================================
InlineROM: 1
ExposeGlobal: 0
============================================================
+ Verbose Summary: CDFG Model
============================================================
IsTopModel: 0
ResetActiveHigh: 1
IsCombinational: 2
IsDatapathOnly: 0
HasWiredReturn: 1
HasMFsm: 0
HasVarLatency: 1
IsPipeline: 0
IsRtlPipelined: 0
IsInstanceOverlapped: 0
IsDontTouch: 0
HasImplIP: 0
IsGatedGlobalClock: 0


============================================================
+ Verbose Summary: Schedule
============================================================
* Number of FSM states : 75
* Pipeline : 0
* Dataflow Pipeline: 0

* FSM state transitions: 
1 --> 2 
2 --> 3 
3 --> 4 
4 --> 5 
5 --> 6 
6 --> 7 
7 --> 8 
8 --> 9 
9 --> 10 
10 --> 11 
11 --> 12 
12 --> 13 
13 --> 14 
14 --> 15 
15 --> 16 
16 --> 17 
17 --> 18 
18 --> 19 
19 --> 20 
20 --> 21 
21 --> 22 
22 --> 23 
23 --> 24 
24 --> 25 
25 --> 26 
26 --> 27 
27 --> 28 
28 --> 29 
29 --> 30 
30 --> 31 
31 --> 32 
32 --> 33 
33 --> 34 
34 --> 35 
35 --> 36 
36 --> 37 
37 --> 38 
38 --> 39 
39 --> 40 
40 --> 41 
41 --> 42 
42 --> 43 
43 --> 44 
44 --> 45 
45 --> 46 
46 --> 47 
47 --> 48 
48 --> 49 
49 --> 50 
50 --> 51 
51 --> 52 
52 --> 53 
53 --> 54 
54 --> 55 
55 --> 56 
56 --> 57 
57 --> 58 
58 --> 59 
59 --> 60 
60 --> 61 
61 --> 62 
62 --> 63 
63 --> 64 
64 --> 65 
65 --> 66 
66 --> 67 
67 --> 68 
68 --> 69 
69 --> 70 
70 --> 71 
71 --> 72 
72 --> 73 
73 --> 74 
74 --> 75 
75 --> 

* FSM state operations: 

State 1 <SV = 0> <Delay = 0.92>
ST_1 : Operation 76 [1/1] (0.00ns)   --->   "%mem_read = read i64 @_ssdm_op_Read.ap_auto.i64, i64 %mem" [../pageRankReduce/pageRank.cpp:147]   --->   Operation 76 'read' 'mem_read' <Predicate = true> <Delay = 0.00>
ST_1 : Operation 77 [1/1] (0.07ns)   --->   "%taskIn_read = read i512 @_ssdm_op_Read.axis.volatile.i512P128A, i512 %taskIn" [../pageRankReduce/pageRank.cpp:164]   --->   Operation 77 'read' 'taskIn_read' <Predicate = true> <Delay = 0.07> <CoreInst = "regslice">   --->   Core 148 'regslice' <Latency = 0> <II = 1> <Delay = 0.99> <Adapter> <Opcode : 'read' 'write'>
ST_1 : Operation 78 [1/1] (0.00ns)   --->   "%task_pPrCurr = trunc i512 %taskIn_read" [../pageRankReduce/pageRank.cpp:164]   --->   Operation 78 'trunc' 'task_pPrCurr' <Predicate = true> <Delay = 0.00>
ST_1 : Operation 79 [1/1] (0.00ns)   --->   "%task_pGraph = partselect i64 @_ssdm_op_PartSelect.i64.i512.i32.i32, i512 %taskIn_read, i32 192, i32 255" [../pageRankReduce/pageRank.cpp:164]   --->   Operation 79 'partselect' 'task_pGraph' <Predicate = true> <Delay = 0.00>
ST_1 : Operation 80 [1/1] (0.00ns)   --->   "%tmp2 = partselect i28 @_ssdm_op_PartSelect.i28.i512.i32.i32, i512 %taskIn_read, i32 256, i32 283" [../pageRankReduce/pageRank.cpp:166]   --->   Operation 80 'partselect' 'tmp2' <Predicate = true> <Delay = 0.00>
ST_1 : Operation 81 [1/1] (0.00ns)   --->   "%shl_ln = bitconcatenate i32 @_ssdm_op_BitConcatenate.i32.i28.i4, i28 %tmp2, i4 0" [../pageRankReduce/pageRank.cpp:166]   --->   Operation 81 'bitconcatenate' 'shl_ln' <Predicate = true> <Delay = 0.00>
ST_1 : Operation 82 [1/1] (0.00ns)   --->   "%zext_ln166 = zext i32 %shl_ln" [../pageRankReduce/pageRank.cpp:166]   --->   Operation 82 'zext' 'zext_ln166' <Predicate = true> <Delay = 0.00>
ST_1 : Operation 83 [1/1] (0.00ns) (grouped into TernaryAdder)   --->   "%add_ln166 = add i64 %zext_ln166, i64 %mem_read" [../pageRankReduce/pageRank.cpp:166]   --->   Operation 83 'add' 'add_ln166' <Predicate = true> <Delay = 0.00> <CoreInst = "TAddSub">   --->   Core 10 'TAddSub' <Latency = 0> <II = 1> <Delay = 0.42> <IPBlock> <Opcode : '' 'add' 'sub'> <InPorts = 3> <OutPorts = 1> <Sync> <CReg>
ST_1 : Operation 84 [1/1] (0.84ns) (root node of TernaryAdder)   --->   "%add_ln166_1 = add i64 %add_ln166, i64 %task_pGraph" [../pageRankReduce/pageRank.cpp:166]   --->   Operation 84 'add' 'add_ln166_1' <Predicate = true> <Delay = 0.84> <CoreInst = "TAddSub">   --->   Core 10 'TAddSub' <Latency = 0> <II = 1> <Delay = 0.42> <IPBlock> <Opcode : '' 'add' 'sub'> <InPorts = 3> <OutPorts = 1> <Sync> <CReg>
ST_1 : Operation 85 [1/1] (0.00ns)   --->   "%trunc_ln = partselect i61 @_ssdm_op_PartSelect.i61.i64.i32.i32, i64 %add_ln166_1, i32 3, i32 63" [../pageRankReduce/pageRank.cpp:166]   --->   Operation 85 'partselect' 'trunc_ln' <Predicate = true> <Delay = 0.00>
ST_1 : Operation 86 [1/1] (0.00ns)   --->   "%trunc_ln177 = trunc i512 %taskIn_read" [../pageRankReduce/pageRank.cpp:177]   --->   Operation 86 'trunc' 'trunc_ln177' <Predicate = true> <Delay = 0.00>

State 2 <SV = 1> <Delay = 2.92>
ST_2 : Operation 87 [1/1] (0.00ns)   --->   "%sext_ln166 = sext i61 %trunc_ln" [../pageRankReduce/pageRank.cpp:166]   --->   Operation 87 'sext' 'sext_ln166' <Predicate = true> <Delay = 0.00>
ST_2 : Operation 88 [1/1] (0.00ns)   --->   "%gmem_CHN_0_addr = getelementptr i64 %gmem_CHN_0, i64 %sext_ln166" [../pageRankReduce/pageRank.cpp:166]   --->   Operation 88 'getelementptr' 'gmem_CHN_0_addr' <Predicate = true> <Delay = 0.00>
ST_2 : Operation 89 [71/71] (2.92ns)   --->   "%empty = readreq i1 @_ssdm_op_ReadReq.m_axi.p1i64, i64 %gmem_CHN_0_addr, i64 2" [../pageRankReduce/pageRank.cpp:166]   --->   Operation 89 'readreq' 'empty' <Predicate = true> <Delay = 2.92> <CoreInst = "m_axi">   --->   Core 119 'm_axi' <Latency = 0> <II = 1> <Delay = 1.00> <Adapter> <Opcode : 'read' 'write' 'readreq' 'writereq' 'writeresp'>

State 3 <SV = 2> <Delay = 2.92>
ST_3 : Operation 90 [70/71] (2.92ns)   --->   "%empty = readreq i1 @_ssdm_op_ReadReq.m_axi.p1i64, i64 %gmem_CHN_0_addr, i64 2" [../pageRankReduce/pageRank.cpp:166]   --->   Operation 90 'readreq' 'empty' <Predicate = true> <Delay = 2.92> <CoreInst = "m_axi">   --->   Core 119 'm_axi' <Latency = 0> <II = 1> <Delay = 1.00> <Adapter> <Opcode : 'read' 'write' 'readreq' 'writereq' 'writeresp'>

State 4 <SV = 3> <Delay = 2.92>
ST_4 : Operation 91 [69/71] (2.92ns)   --->   "%empty = readreq i1 @_ssdm_op_ReadReq.m_axi.p1i64, i64 %gmem_CHN_0_addr, i64 2" [../pageRankReduce/pageRank.cpp:166]   --->   Operation 91 'readreq' 'empty' <Predicate = true> <Delay = 2.92> <CoreInst = "m_axi">   --->   Core 119 'm_axi' <Latency = 0> <II = 1> <Delay = 1.00> <Adapter> <Opcode : 'read' 'write' 'readreq' 'writereq' 'writeresp'>

State 5 <SV = 4> <Delay = 2.92>
ST_5 : Operation 92 [68/71] (2.92ns)   --->   "%empty = readreq i1 @_ssdm_op_ReadReq.m_axi.p1i64, i64 %gmem_CHN_0_addr, i64 2" [../pageRankReduce/pageRank.cpp:166]   --->   Operation 92 'readreq' 'empty' <Predicate = true> <Delay = 2.92> <CoreInst = "m_axi">   --->   Core 119 'm_axi' <Latency = 0> <II = 1> <Delay = 1.00> <Adapter> <Opcode : 'read' 'write' 'readreq' 'writereq' 'writeresp'>

State 6 <SV = 5> <Delay = 2.92>
ST_6 : Operation 93 [67/71] (2.92ns)   --->   "%empty = readreq i1 @_ssdm_op_ReadReq.m_axi.p1i64, i64 %gmem_CHN_0_addr, i64 2" [../pageRankReduce/pageRank.cpp:166]   --->   Operation 93 'readreq' 'empty' <Predicate = true> <Delay = 2.92> <CoreInst = "m_axi">   --->   Core 119 'm_axi' <Latency = 0> <II = 1> <Delay = 1.00> <Adapter> <Opcode : 'read' 'write' 'readreq' 'writereq' 'writeresp'>

State 7 <SV = 6> <Delay = 2.92>
ST_7 : Operation 94 [66/71] (2.92ns)   --->   "%empty = readreq i1 @_ssdm_op_ReadReq.m_axi.p1i64, i64 %gmem_CHN_0_addr, i64 2" [../pageRankReduce/pageRank.cpp:166]   --->   Operation 94 'readreq' 'empty' <Predicate = true> <Delay = 2.92> <CoreInst = "m_axi">   --->   Core 119 'm_axi' <Latency = 0> <II = 1> <Delay = 1.00> <Adapter> <Opcode : 'read' 'write' 'readreq' 'writereq' 'writeresp'>

State 8 <SV = 7> <Delay = 2.92>
ST_8 : Operation 95 [65/71] (2.92ns)   --->   "%empty = readreq i1 @_ssdm_op_ReadReq.m_axi.p1i64, i64 %gmem_CHN_0_addr, i64 2" [../pageRankReduce/pageRank.cpp:166]   --->   Operation 95 'readreq' 'empty' <Predicate = true> <Delay = 2.92> <CoreInst = "m_axi">   --->   Core 119 'm_axi' <Latency = 0> <II = 1> <Delay = 1.00> <Adapter> <Opcode : 'read' 'write' 'readreq' 'writereq' 'writeresp'>

State 9 <SV = 8> <Delay = 2.92>
ST_9 : Operation 96 [64/71] (2.92ns)   --->   "%empty = readreq i1 @_ssdm_op_ReadReq.m_axi.p1i64, i64 %gmem_CHN_0_addr, i64 2" [../pageRankReduce/pageRank.cpp:166]   --->   Operation 96 'readreq' 'empty' <Predicate = true> <Delay = 2.92> <CoreInst = "m_axi">   --->   Core 119 'm_axi' <Latency = 0> <II = 1> <Delay = 1.00> <Adapter> <Opcode : 'read' 'write' 'readreq' 'writereq' 'writeresp'>

State 10 <SV = 9> <Delay = 2.92>
ST_10 : Operation 97 [63/71] (2.92ns)   --->   "%empty = readreq i1 @_ssdm_op_ReadReq.m_axi.p1i64, i64 %gmem_CHN_0_addr, i64 2" [../pageRankReduce/pageRank.cpp:166]   --->   Operation 97 'readreq' 'empty' <Predicate = true> <Delay = 2.92> <CoreInst = "m_axi">   --->   Core 119 'm_axi' <Latency = 0> <II = 1> <Delay = 1.00> <Adapter> <Opcode : 'read' 'write' 'readreq' 'writereq' 'writeresp'>

State 11 <SV = 10> <Delay = 2.92>
ST_11 : Operation 98 [62/71] (2.92ns)   --->   "%empty = readreq i1 @_ssdm_op_ReadReq.m_axi.p1i64, i64 %gmem_CHN_0_addr, i64 2" [../pageRankReduce/pageRank.cpp:166]   --->   Operation 98 'readreq' 'empty' <Predicate = true> <Delay = 2.92> <CoreInst = "m_axi">   --->   Core 119 'm_axi' <Latency = 0> <II = 1> <Delay = 1.00> <Adapter> <Opcode : 'read' 'write' 'readreq' 'writereq' 'writeresp'>

State 12 <SV = 11> <Delay = 2.92>
ST_12 : Operation 99 [61/71] (2.92ns)   --->   "%empty = readreq i1 @_ssdm_op_ReadReq.m_axi.p1i64, i64 %gmem_CHN_0_addr, i64 2" [../pageRankReduce/pageRank.cpp:166]   --->   Operation 99 'readreq' 'empty' <Predicate = true> <Delay = 2.92> <CoreInst = "m_axi">   --->   Core 119 'm_axi' <Latency = 0> <II = 1> <Delay = 1.00> <Adapter> <Opcode : 'read' 'write' 'readreq' 'writereq' 'writeresp'>

State 13 <SV = 12> <Delay = 2.92>
ST_13 : Operation 100 [60/71] (2.92ns)   --->   "%empty = readreq i1 @_ssdm_op_ReadReq.m_axi.p1i64, i64 %gmem_CHN_0_addr, i64 2" [../pageRankReduce/pageRank.cpp:166]   --->   Operation 100 'readreq' 'empty' <Predicate = true> <Delay = 2.92> <CoreInst = "m_axi">   --->   Core 119 'm_axi' <Latency = 0> <II = 1> <Delay = 1.00> <Adapter> <Opcode : 'read' 'write' 'readreq' 'writereq' 'writeresp'>

State 14 <SV = 13> <Delay = 2.92>
ST_14 : Operation 101 [59/71] (2.92ns)   --->   "%empty = readreq i1 @_ssdm_op_ReadReq.m_axi.p1i64, i64 %gmem_CHN_0_addr, i64 2" [../pageRankReduce/pageRank.cpp:166]   --->   Operation 101 'readreq' 'empty' <Predicate = true> <Delay = 2.92> <CoreInst = "m_axi">   --->   Core 119 'm_axi' <Latency = 0> <II = 1> <Delay = 1.00> <Adapter> <Opcode : 'read' 'write' 'readreq' 'writereq' 'writeresp'>

State 15 <SV = 14> <Delay = 2.92>
ST_15 : Operation 102 [58/71] (2.92ns)   --->   "%empty = readreq i1 @_ssdm_op_ReadReq.m_axi.p1i64, i64 %gmem_CHN_0_addr, i64 2" [../pageRankReduce/pageRank.cpp:166]   --->   Operation 102 'readreq' 'empty' <Predicate = true> <Delay = 2.92> <CoreInst = "m_axi">   --->   Core 119 'm_axi' <Latency = 0> <II = 1> <Delay = 1.00> <Adapter> <Opcode : 'read' 'write' 'readreq' 'writereq' 'writeresp'>

State 16 <SV = 15> <Delay = 2.92>
ST_16 : Operation 103 [57/71] (2.92ns)   --->   "%empty = readreq i1 @_ssdm_op_ReadReq.m_axi.p1i64, i64 %gmem_CHN_0_addr, i64 2" [../pageRankReduce/pageRank.cpp:166]   --->   Operation 103 'readreq' 'empty' <Predicate = true> <Delay = 2.92> <CoreInst = "m_axi">   --->   Core 119 'm_axi' <Latency = 0> <II = 1> <Delay = 1.00> <Adapter> <Opcode : 'read' 'write' 'readreq' 'writereq' 'writeresp'>

State 17 <SV = 16> <Delay = 2.92>
ST_17 : Operation 104 [56/71] (2.92ns)   --->   "%empty = readreq i1 @_ssdm_op_ReadReq.m_axi.p1i64, i64 %gmem_CHN_0_addr, i64 2" [../pageRankReduce/pageRank.cpp:166]   --->   Operation 104 'readreq' 'empty' <Predicate = true> <Delay = 2.92> <CoreInst = "m_axi">   --->   Core 119 'm_axi' <Latency = 0> <II = 1> <Delay = 1.00> <Adapter> <Opcode : 'read' 'write' 'readreq' 'writereq' 'writeresp'>

State 18 <SV = 17> <Delay = 2.92>
ST_18 : Operation 105 [55/71] (2.92ns)   --->   "%empty = readreq i1 @_ssdm_op_ReadReq.m_axi.p1i64, i64 %gmem_CHN_0_addr, i64 2" [../pageRankReduce/pageRank.cpp:166]   --->   Operation 105 'readreq' 'empty' <Predicate = true> <Delay = 2.92> <CoreInst = "m_axi">   --->   Core 119 'm_axi' <Latency = 0> <II = 1> <Delay = 1.00> <Adapter> <Opcode : 'read' 'write' 'readreq' 'writereq' 'writeresp'>

State 19 <SV = 18> <Delay = 2.92>
ST_19 : Operation 106 [54/71] (2.92ns)   --->   "%empty = readreq i1 @_ssdm_op_ReadReq.m_axi.p1i64, i64 %gmem_CHN_0_addr, i64 2" [../pageRankReduce/pageRank.cpp:166]   --->   Operation 106 'readreq' 'empty' <Predicate = true> <Delay = 2.92> <CoreInst = "m_axi">   --->   Core 119 'm_axi' <Latency = 0> <II = 1> <Delay = 1.00> <Adapter> <Opcode : 'read' 'write' 'readreq' 'writereq' 'writeresp'>

State 20 <SV = 19> <Delay = 2.92>
ST_20 : Operation 107 [53/71] (2.92ns)   --->   "%empty = readreq i1 @_ssdm_op_ReadReq.m_axi.p1i64, i64 %gmem_CHN_0_addr, i64 2" [../pageRankReduce/pageRank.cpp:166]   --->   Operation 107 'readreq' 'empty' <Predicate = true> <Delay = 2.92> <CoreInst = "m_axi">   --->   Core 119 'm_axi' <Latency = 0> <II = 1> <Delay = 1.00> <Adapter> <Opcode : 'read' 'write' 'readreq' 'writereq' 'writeresp'>

State 21 <SV = 20> <Delay = 2.92>
ST_21 : Operation 108 [52/71] (2.92ns)   --->   "%empty = readreq i1 @_ssdm_op_ReadReq.m_axi.p1i64, i64 %gmem_CHN_0_addr, i64 2" [../pageRankReduce/pageRank.cpp:166]   --->   Operation 108 'readreq' 'empty' <Predicate = true> <Delay = 2.92> <CoreInst = "m_axi">   --->   Core 119 'm_axi' <Latency = 0> <II = 1> <Delay = 1.00> <Adapter> <Opcode : 'read' 'write' 'readreq' 'writereq' 'writeresp'>

State 22 <SV = 21> <Delay = 2.92>
ST_22 : Operation 109 [51/71] (2.92ns)   --->   "%empty = readreq i1 @_ssdm_op_ReadReq.m_axi.p1i64, i64 %gmem_CHN_0_addr, i64 2" [../pageRankReduce/pageRank.cpp:166]   --->   Operation 109 'readreq' 'empty' <Predicate = true> <Delay = 2.92> <CoreInst = "m_axi">   --->   Core 119 'm_axi' <Latency = 0> <II = 1> <Delay = 1.00> <Adapter> <Opcode : 'read' 'write' 'readreq' 'writereq' 'writeresp'>

State 23 <SV = 22> <Delay = 2.92>
ST_23 : Operation 110 [50/71] (2.92ns)   --->   "%empty = readreq i1 @_ssdm_op_ReadReq.m_axi.p1i64, i64 %gmem_CHN_0_addr, i64 2" [../pageRankReduce/pageRank.cpp:166]   --->   Operation 110 'readreq' 'empty' <Predicate = true> <Delay = 2.92> <CoreInst = "m_axi">   --->   Core 119 'm_axi' <Latency = 0> <II = 1> <Delay = 1.00> <Adapter> <Opcode : 'read' 'write' 'readreq' 'writereq' 'writeresp'>

State 24 <SV = 23> <Delay = 2.92>
ST_24 : Operation 111 [49/71] (2.92ns)   --->   "%empty = readreq i1 @_ssdm_op_ReadReq.m_axi.p1i64, i64 %gmem_CHN_0_addr, i64 2" [../pageRankReduce/pageRank.cpp:166]   --->   Operation 111 'readreq' 'empty' <Predicate = true> <Delay = 2.92> <CoreInst = "m_axi">   --->   Core 119 'm_axi' <Latency = 0> <II = 1> <Delay = 1.00> <Adapter> <Opcode : 'read' 'write' 'readreq' 'writereq' 'writeresp'>

State 25 <SV = 24> <Delay = 2.92>
ST_25 : Operation 112 [48/71] (2.92ns)   --->   "%empty = readreq i1 @_ssdm_op_ReadReq.m_axi.p1i64, i64 %gmem_CHN_0_addr, i64 2" [../pageRankReduce/pageRank.cpp:166]   --->   Operation 112 'readreq' 'empty' <Predicate = true> <Delay = 2.92> <CoreInst = "m_axi">   --->   Core 119 'm_axi' <Latency = 0> <II = 1> <Delay = 1.00> <Adapter> <Opcode : 'read' 'write' 'readreq' 'writereq' 'writeresp'>

State 26 <SV = 25> <Delay = 2.92>
ST_26 : Operation 113 [47/71] (2.92ns)   --->   "%empty = readreq i1 @_ssdm_op_ReadReq.m_axi.p1i64, i64 %gmem_CHN_0_addr, i64 2" [../pageRankReduce/pageRank.cpp:166]   --->   Operation 113 'readreq' 'empty' <Predicate = true> <Delay = 2.92> <CoreInst = "m_axi">   --->   Core 119 'm_axi' <Latency = 0> <II = 1> <Delay = 1.00> <Adapter> <Opcode : 'read' 'write' 'readreq' 'writereq' 'writeresp'>

State 27 <SV = 26> <Delay = 2.92>
ST_27 : Operation 114 [46/71] (2.92ns)   --->   "%empty = readreq i1 @_ssdm_op_ReadReq.m_axi.p1i64, i64 %gmem_CHN_0_addr, i64 2" [../pageRankReduce/pageRank.cpp:166]   --->   Operation 114 'readreq' 'empty' <Predicate = true> <Delay = 2.92> <CoreInst = "m_axi">   --->   Core 119 'm_axi' <Latency = 0> <II = 1> <Delay = 1.00> <Adapter> <Opcode : 'read' 'write' 'readreq' 'writereq' 'writeresp'>

State 28 <SV = 27> <Delay = 2.92>
ST_28 : Operation 115 [45/71] (2.92ns)   --->   "%empty = readreq i1 @_ssdm_op_ReadReq.m_axi.p1i64, i64 %gmem_CHN_0_addr, i64 2" [../pageRankReduce/pageRank.cpp:166]   --->   Operation 115 'readreq' 'empty' <Predicate = true> <Delay = 2.92> <CoreInst = "m_axi">   --->   Core 119 'm_axi' <Latency = 0> <II = 1> <Delay = 1.00> <Adapter> <Opcode : 'read' 'write' 'readreq' 'writereq' 'writeresp'>

State 29 <SV = 28> <Delay = 2.92>
ST_29 : Operation 116 [44/71] (2.92ns)   --->   "%empty = readreq i1 @_ssdm_op_ReadReq.m_axi.p1i64, i64 %gmem_CHN_0_addr, i64 2" [../pageRankReduce/pageRank.cpp:166]   --->   Operation 116 'readreq' 'empty' <Predicate = true> <Delay = 2.92> <CoreInst = "m_axi">   --->   Core 119 'm_axi' <Latency = 0> <II = 1> <Delay = 1.00> <Adapter> <Opcode : 'read' 'write' 'readreq' 'writereq' 'writeresp'>

State 30 <SV = 29> <Delay = 2.92>
ST_30 : Operation 117 [43/71] (2.92ns)   --->   "%empty = readreq i1 @_ssdm_op_ReadReq.m_axi.p1i64, i64 %gmem_CHN_0_addr, i64 2" [../pageRankReduce/pageRank.cpp:166]   --->   Operation 117 'readreq' 'empty' <Predicate = true> <Delay = 2.92> <CoreInst = "m_axi">   --->   Core 119 'm_axi' <Latency = 0> <II = 1> <Delay = 1.00> <Adapter> <Opcode : 'read' 'write' 'readreq' 'writereq' 'writeresp'>

State 31 <SV = 30> <Delay = 2.92>
ST_31 : Operation 118 [42/71] (2.92ns)   --->   "%empty = readreq i1 @_ssdm_op_ReadReq.m_axi.p1i64, i64 %gmem_CHN_0_addr, i64 2" [../pageRankReduce/pageRank.cpp:166]   --->   Operation 118 'readreq' 'empty' <Predicate = true> <Delay = 2.92> <CoreInst = "m_axi">   --->   Core 119 'm_axi' <Latency = 0> <II = 1> <Delay = 1.00> <Adapter> <Opcode : 'read' 'write' 'readreq' 'writereq' 'writeresp'>

State 32 <SV = 31> <Delay = 2.92>
ST_32 : Operation 119 [41/71] (2.92ns)   --->   "%empty = readreq i1 @_ssdm_op_ReadReq.m_axi.p1i64, i64 %gmem_CHN_0_addr, i64 2" [../pageRankReduce/pageRank.cpp:166]   --->   Operation 119 'readreq' 'empty' <Predicate = true> <Delay = 2.92> <CoreInst = "m_axi">   --->   Core 119 'm_axi' <Latency = 0> <II = 1> <Delay = 1.00> <Adapter> <Opcode : 'read' 'write' 'readreq' 'writereq' 'writeresp'>

State 33 <SV = 32> <Delay = 2.92>
ST_33 : Operation 120 [40/71] (2.92ns)   --->   "%empty = readreq i1 @_ssdm_op_ReadReq.m_axi.p1i64, i64 %gmem_CHN_0_addr, i64 2" [../pageRankReduce/pageRank.cpp:166]   --->   Operation 120 'readreq' 'empty' <Predicate = true> <Delay = 2.92> <CoreInst = "m_axi">   --->   Core 119 'm_axi' <Latency = 0> <II = 1> <Delay = 1.00> <Adapter> <Opcode : 'read' 'write' 'readreq' 'writereq' 'writeresp'>

State 34 <SV = 33> <Delay = 2.92>
ST_34 : Operation 121 [39/71] (2.92ns)   --->   "%empty = readreq i1 @_ssdm_op_ReadReq.m_axi.p1i64, i64 %gmem_CHN_0_addr, i64 2" [../pageRankReduce/pageRank.cpp:166]   --->   Operation 121 'readreq' 'empty' <Predicate = true> <Delay = 2.92> <CoreInst = "m_axi">   --->   Core 119 'm_axi' <Latency = 0> <II = 1> <Delay = 1.00> <Adapter> <Opcode : 'read' 'write' 'readreq' 'writereq' 'writeresp'>

State 35 <SV = 34> <Delay = 2.92>
ST_35 : Operation 122 [38/71] (2.92ns)   --->   "%empty = readreq i1 @_ssdm_op_ReadReq.m_axi.p1i64, i64 %gmem_CHN_0_addr, i64 2" [../pageRankReduce/pageRank.cpp:166]   --->   Operation 122 'readreq' 'empty' <Predicate = true> <Delay = 2.92> <CoreInst = "m_axi">   --->   Core 119 'm_axi' <Latency = 0> <II = 1> <Delay = 1.00> <Adapter> <Opcode : 'read' 'write' 'readreq' 'writereq' 'writeresp'>

State 36 <SV = 35> <Delay = 2.92>
ST_36 : Operation 123 [37/71] (2.92ns)   --->   "%empty = readreq i1 @_ssdm_op_ReadReq.m_axi.p1i64, i64 %gmem_CHN_0_addr, i64 2" [../pageRankReduce/pageRank.cpp:166]   --->   Operation 123 'readreq' 'empty' <Predicate = true> <Delay = 2.92> <CoreInst = "m_axi">   --->   Core 119 'm_axi' <Latency = 0> <II = 1> <Delay = 1.00> <Adapter> <Opcode : 'read' 'write' 'readreq' 'writereq' 'writeresp'>

State 37 <SV = 36> <Delay = 2.92>
ST_37 : Operation 124 [36/71] (2.92ns)   --->   "%empty = readreq i1 @_ssdm_op_ReadReq.m_axi.p1i64, i64 %gmem_CHN_0_addr, i64 2" [../pageRankReduce/pageRank.cpp:166]   --->   Operation 124 'readreq' 'empty' <Predicate = true> <Delay = 2.92> <CoreInst = "m_axi">   --->   Core 119 'm_axi' <Latency = 0> <II = 1> <Delay = 1.00> <Adapter> <Opcode : 'read' 'write' 'readreq' 'writereq' 'writeresp'>

State 38 <SV = 37> <Delay = 2.92>
ST_38 : Operation 125 [35/71] (2.92ns)   --->   "%empty = readreq i1 @_ssdm_op_ReadReq.m_axi.p1i64, i64 %gmem_CHN_0_addr, i64 2" [../pageRankReduce/pageRank.cpp:166]   --->   Operation 125 'readreq' 'empty' <Predicate = true> <Delay = 2.92> <CoreInst = "m_axi">   --->   Core 119 'm_axi' <Latency = 0> <II = 1> <Delay = 1.00> <Adapter> <Opcode : 'read' 'write' 'readreq' 'writereq' 'writeresp'>

State 39 <SV = 38> <Delay = 2.92>
ST_39 : Operation 126 [34/71] (2.92ns)   --->   "%empty = readreq i1 @_ssdm_op_ReadReq.m_axi.p1i64, i64 %gmem_CHN_0_addr, i64 2" [../pageRankReduce/pageRank.cpp:166]   --->   Operation 126 'readreq' 'empty' <Predicate = true> <Delay = 2.92> <CoreInst = "m_axi">   --->   Core 119 'm_axi' <Latency = 0> <II = 1> <Delay = 1.00> <Adapter> <Opcode : 'read' 'write' 'readreq' 'writereq' 'writeresp'>

State 40 <SV = 39> <Delay = 2.92>
ST_40 : Operation 127 [33/71] (2.92ns)   --->   "%empty = readreq i1 @_ssdm_op_ReadReq.m_axi.p1i64, i64 %gmem_CHN_0_addr, i64 2" [../pageRankReduce/pageRank.cpp:166]   --->   Operation 127 'readreq' 'empty' <Predicate = true> <Delay = 2.92> <CoreInst = "m_axi">   --->   Core 119 'm_axi' <Latency = 0> <II = 1> <Delay = 1.00> <Adapter> <Opcode : 'read' 'write' 'readreq' 'writereq' 'writeresp'>

State 41 <SV = 40> <Delay = 2.92>
ST_41 : Operation 128 [32/71] (2.92ns)   --->   "%empty = readreq i1 @_ssdm_op_ReadReq.m_axi.p1i64, i64 %gmem_CHN_0_addr, i64 2" [../pageRankReduce/pageRank.cpp:166]   --->   Operation 128 'readreq' 'empty' <Predicate = true> <Delay = 2.92> <CoreInst = "m_axi">   --->   Core 119 'm_axi' <Latency = 0> <II = 1> <Delay = 1.00> <Adapter> <Opcode : 'read' 'write' 'readreq' 'writereq' 'writeresp'>

State 42 <SV = 41> <Delay = 2.92>
ST_42 : Operation 129 [31/71] (2.92ns)   --->   "%empty = readreq i1 @_ssdm_op_ReadReq.m_axi.p1i64, i64 %gmem_CHN_0_addr, i64 2" [../pageRankReduce/pageRank.cpp:166]   --->   Operation 129 'readreq' 'empty' <Predicate = true> <Delay = 2.92> <CoreInst = "m_axi">   --->   Core 119 'm_axi' <Latency = 0> <II = 1> <Delay = 1.00> <Adapter> <Opcode : 'read' 'write' 'readreq' 'writereq' 'writeresp'>

State 43 <SV = 42> <Delay = 2.92>
ST_43 : Operation 130 [30/71] (2.92ns)   --->   "%empty = readreq i1 @_ssdm_op_ReadReq.m_axi.p1i64, i64 %gmem_CHN_0_addr, i64 2" [../pageRankReduce/pageRank.cpp:166]   --->   Operation 130 'readreq' 'empty' <Predicate = true> <Delay = 2.92> <CoreInst = "m_axi">   --->   Core 119 'm_axi' <Latency = 0> <II = 1> <Delay = 1.00> <Adapter> <Opcode : 'read' 'write' 'readreq' 'writereq' 'writeresp'>

State 44 <SV = 43> <Delay = 2.92>
ST_44 : Operation 131 [29/71] (2.92ns)   --->   "%empty = readreq i1 @_ssdm_op_ReadReq.m_axi.p1i64, i64 %gmem_CHN_0_addr, i64 2" [../pageRankReduce/pageRank.cpp:166]   --->   Operation 131 'readreq' 'empty' <Predicate = true> <Delay = 2.92> <CoreInst = "m_axi">   --->   Core 119 'm_axi' <Latency = 0> <II = 1> <Delay = 1.00> <Adapter> <Opcode : 'read' 'write' 'readreq' 'writereq' 'writeresp'>

State 45 <SV = 44> <Delay = 2.92>
ST_45 : Operation 132 [28/71] (2.92ns)   --->   "%empty = readreq i1 @_ssdm_op_ReadReq.m_axi.p1i64, i64 %gmem_CHN_0_addr, i64 2" [../pageRankReduce/pageRank.cpp:166]   --->   Operation 132 'readreq' 'empty' <Predicate = true> <Delay = 2.92> <CoreInst = "m_axi">   --->   Core 119 'm_axi' <Latency = 0> <II = 1> <Delay = 1.00> <Adapter> <Opcode : 'read' 'write' 'readreq' 'writereq' 'writeresp'>

State 46 <SV = 45> <Delay = 2.92>
ST_46 : Operation 133 [27/71] (2.92ns)   --->   "%empty = readreq i1 @_ssdm_op_ReadReq.m_axi.p1i64, i64 %gmem_CHN_0_addr, i64 2" [../pageRankReduce/pageRank.cpp:166]   --->   Operation 133 'readreq' 'empty' <Predicate = true> <Delay = 2.92> <CoreInst = "m_axi">   --->   Core 119 'm_axi' <Latency = 0> <II = 1> <Delay = 1.00> <Adapter> <Opcode : 'read' 'write' 'readreq' 'writereq' 'writeresp'>

State 47 <SV = 46> <Delay = 2.92>
ST_47 : Operation 134 [26/71] (2.92ns)   --->   "%empty = readreq i1 @_ssdm_op_ReadReq.m_axi.p1i64, i64 %gmem_CHN_0_addr, i64 2" [../pageRankReduce/pageRank.cpp:166]   --->   Operation 134 'readreq' 'empty' <Predicate = true> <Delay = 2.92> <CoreInst = "m_axi">   --->   Core 119 'm_axi' <Latency = 0> <II = 1> <Delay = 1.00> <Adapter> <Opcode : 'read' 'write' 'readreq' 'writereq' 'writeresp'>

State 48 <SV = 47> <Delay = 2.92>
ST_48 : Operation 135 [25/71] (2.92ns)   --->   "%empty = readreq i1 @_ssdm_op_ReadReq.m_axi.p1i64, i64 %gmem_CHN_0_addr, i64 2" [../pageRankReduce/pageRank.cpp:166]   --->   Operation 135 'readreq' 'empty' <Predicate = true> <Delay = 2.92> <CoreInst = "m_axi">   --->   Core 119 'm_axi' <Latency = 0> <II = 1> <Delay = 1.00> <Adapter> <Opcode : 'read' 'write' 'readreq' 'writereq' 'writeresp'>

State 49 <SV = 48> <Delay = 2.92>
ST_49 : Operation 136 [24/71] (2.92ns)   --->   "%empty = readreq i1 @_ssdm_op_ReadReq.m_axi.p1i64, i64 %gmem_CHN_0_addr, i64 2" [../pageRankReduce/pageRank.cpp:166]   --->   Operation 136 'readreq' 'empty' <Predicate = true> <Delay = 2.92> <CoreInst = "m_axi">   --->   Core 119 'm_axi' <Latency = 0> <II = 1> <Delay = 1.00> <Adapter> <Opcode : 'read' 'write' 'readreq' 'writereq' 'writeresp'>

State 50 <SV = 49> <Delay = 2.92>
ST_50 : Operation 137 [23/71] (2.92ns)   --->   "%empty = readreq i1 @_ssdm_op_ReadReq.m_axi.p1i64, i64 %gmem_CHN_0_addr, i64 2" [../pageRankReduce/pageRank.cpp:166]   --->   Operation 137 'readreq' 'empty' <Predicate = true> <Delay = 2.92> <CoreInst = "m_axi">   --->   Core 119 'm_axi' <Latency = 0> <II = 1> <Delay = 1.00> <Adapter> <Opcode : 'read' 'write' 'readreq' 'writereq' 'writeresp'>

State 51 <SV = 50> <Delay = 2.92>
ST_51 : Operation 138 [22/71] (2.92ns)   --->   "%empty = readreq i1 @_ssdm_op_ReadReq.m_axi.p1i64, i64 %gmem_CHN_0_addr, i64 2" [../pageRankReduce/pageRank.cpp:166]   --->   Operation 138 'readreq' 'empty' <Predicate = true> <Delay = 2.92> <CoreInst = "m_axi">   --->   Core 119 'm_axi' <Latency = 0> <II = 1> <Delay = 1.00> <Adapter> <Opcode : 'read' 'write' 'readreq' 'writereq' 'writeresp'>

State 52 <SV = 51> <Delay = 2.92>
ST_52 : Operation 139 [21/71] (2.92ns)   --->   "%empty = readreq i1 @_ssdm_op_ReadReq.m_axi.p1i64, i64 %gmem_CHN_0_addr, i64 2" [../pageRankReduce/pageRank.cpp:166]   --->   Operation 139 'readreq' 'empty' <Predicate = true> <Delay = 2.92> <CoreInst = "m_axi">   --->   Core 119 'm_axi' <Latency = 0> <II = 1> <Delay = 1.00> <Adapter> <Opcode : 'read' 'write' 'readreq' 'writereq' 'writeresp'>

State 53 <SV = 52> <Delay = 2.92>
ST_53 : Operation 140 [20/71] (2.92ns)   --->   "%empty = readreq i1 @_ssdm_op_ReadReq.m_axi.p1i64, i64 %gmem_CHN_0_addr, i64 2" [../pageRankReduce/pageRank.cpp:166]   --->   Operation 140 'readreq' 'empty' <Predicate = true> <Delay = 2.92> <CoreInst = "m_axi">   --->   Core 119 'm_axi' <Latency = 0> <II = 1> <Delay = 1.00> <Adapter> <Opcode : 'read' 'write' 'readreq' 'writereq' 'writeresp'>

State 54 <SV = 53> <Delay = 2.92>
ST_54 : Operation 141 [19/71] (2.92ns)   --->   "%empty = readreq i1 @_ssdm_op_ReadReq.m_axi.p1i64, i64 %gmem_CHN_0_addr, i64 2" [../pageRankReduce/pageRank.cpp:166]   --->   Operation 141 'readreq' 'empty' <Predicate = true> <Delay = 2.92> <CoreInst = "m_axi">   --->   Core 119 'm_axi' <Latency = 0> <II = 1> <Delay = 1.00> <Adapter> <Opcode : 'read' 'write' 'readreq' 'writereq' 'writeresp'>

State 55 <SV = 54> <Delay = 2.92>
ST_55 : Operation 142 [18/71] (2.92ns)   --->   "%empty = readreq i1 @_ssdm_op_ReadReq.m_axi.p1i64, i64 %gmem_CHN_0_addr, i64 2" [../pageRankReduce/pageRank.cpp:166]   --->   Operation 142 'readreq' 'empty' <Predicate = true> <Delay = 2.92> <CoreInst = "m_axi">   --->   Core 119 'm_axi' <Latency = 0> <II = 1> <Delay = 1.00> <Adapter> <Opcode : 'read' 'write' 'readreq' 'writereq' 'writeresp'>

State 56 <SV = 55> <Delay = 2.92>
ST_56 : Operation 143 [17/71] (2.92ns)   --->   "%empty = readreq i1 @_ssdm_op_ReadReq.m_axi.p1i64, i64 %gmem_CHN_0_addr, i64 2" [../pageRankReduce/pageRank.cpp:166]   --->   Operation 143 'readreq' 'empty' <Predicate = true> <Delay = 2.92> <CoreInst = "m_axi">   --->   Core 119 'm_axi' <Latency = 0> <II = 1> <Delay = 1.00> <Adapter> <Opcode : 'read' 'write' 'readreq' 'writereq' 'writeresp'>

State 57 <SV = 56> <Delay = 2.92>
ST_57 : Operation 144 [16/71] (2.92ns)   --->   "%empty = readreq i1 @_ssdm_op_ReadReq.m_axi.p1i64, i64 %gmem_CHN_0_addr, i64 2" [../pageRankReduce/pageRank.cpp:166]   --->   Operation 144 'readreq' 'empty' <Predicate = true> <Delay = 2.92> <CoreInst = "m_axi">   --->   Core 119 'm_axi' <Latency = 0> <II = 1> <Delay = 1.00> <Adapter> <Opcode : 'read' 'write' 'readreq' 'writereq' 'writeresp'>

State 58 <SV = 57> <Delay = 2.92>
ST_58 : Operation 145 [15/71] (2.92ns)   --->   "%empty = readreq i1 @_ssdm_op_ReadReq.m_axi.p1i64, i64 %gmem_CHN_0_addr, i64 2" [../pageRankReduce/pageRank.cpp:166]   --->   Operation 145 'readreq' 'empty' <Predicate = true> <Delay = 2.92> <CoreInst = "m_axi">   --->   Core 119 'm_axi' <Latency = 0> <II = 1> <Delay = 1.00> <Adapter> <Opcode : 'read' 'write' 'readreq' 'writereq' 'writeresp'>

State 59 <SV = 58> <Delay = 2.92>
ST_59 : Operation 146 [14/71] (2.92ns)   --->   "%empty = readreq i1 @_ssdm_op_ReadReq.m_axi.p1i64, i64 %gmem_CHN_0_addr, i64 2" [../pageRankReduce/pageRank.cpp:166]   --->   Operation 146 'readreq' 'empty' <Predicate = true> <Delay = 2.92> <CoreInst = "m_axi">   --->   Core 119 'm_axi' <Latency = 0> <II = 1> <Delay = 1.00> <Adapter> <Opcode : 'read' 'write' 'readreq' 'writereq' 'writeresp'>

State 60 <SV = 59> <Delay = 2.92>
ST_60 : Operation 147 [13/71] (2.92ns)   --->   "%empty = readreq i1 @_ssdm_op_ReadReq.m_axi.p1i64, i64 %gmem_CHN_0_addr, i64 2" [../pageRankReduce/pageRank.cpp:166]   --->   Operation 147 'readreq' 'empty' <Predicate = true> <Delay = 2.92> <CoreInst = "m_axi">   --->   Core 119 'm_axi' <Latency = 0> <II = 1> <Delay = 1.00> <Adapter> <Opcode : 'read' 'write' 'readreq' 'writereq' 'writeresp'>

State 61 <SV = 60> <Delay = 2.92>
ST_61 : Operation 148 [12/71] (2.92ns)   --->   "%empty = readreq i1 @_ssdm_op_ReadReq.m_axi.p1i64, i64 %gmem_CHN_0_addr, i64 2" [../pageRankReduce/pageRank.cpp:166]   --->   Operation 148 'readreq' 'empty' <Predicate = true> <Delay = 2.92> <CoreInst = "m_axi">   --->   Core 119 'm_axi' <Latency = 0> <II = 1> <Delay = 1.00> <Adapter> <Opcode : 'read' 'write' 'readreq' 'writereq' 'writeresp'>

State 62 <SV = 61> <Delay = 2.92>
ST_62 : Operation 149 [11/71] (2.92ns)   --->   "%empty = readreq i1 @_ssdm_op_ReadReq.m_axi.p1i64, i64 %gmem_CHN_0_addr, i64 2" [../pageRankReduce/pageRank.cpp:166]   --->   Operation 149 'readreq' 'empty' <Predicate = true> <Delay = 2.92> <CoreInst = "m_axi">   --->   Core 119 'm_axi' <Latency = 0> <II = 1> <Delay = 1.00> <Adapter> <Opcode : 'read' 'write' 'readreq' 'writereq' 'writeresp'>

State 63 <SV = 62> <Delay = 2.92>
ST_63 : Operation 150 [10/71] (2.92ns)   --->   "%empty = readreq i1 @_ssdm_op_ReadReq.m_axi.p1i64, i64 %gmem_CHN_0_addr, i64 2" [../pageRankReduce/pageRank.cpp:166]   --->   Operation 150 'readreq' 'empty' <Predicate = true> <Delay = 2.92> <CoreInst = "m_axi">   --->   Core 119 'm_axi' <Latency = 0> <II = 1> <Delay = 1.00> <Adapter> <Opcode : 'read' 'write' 'readreq' 'writereq' 'writeresp'>

State 64 <SV = 63> <Delay = 2.92>
ST_64 : Operation 151 [9/71] (2.92ns)   --->   "%empty = readreq i1 @_ssdm_op_ReadReq.m_axi.p1i64, i64 %gmem_CHN_0_addr, i64 2" [../pageRankReduce/pageRank.cpp:166]   --->   Operation 151 'readreq' 'empty' <Predicate = true> <Delay = 2.92> <CoreInst = "m_axi">   --->   Core 119 'm_axi' <Latency = 0> <II = 1> <Delay = 1.00> <Adapter> <Opcode : 'read' 'write' 'readreq' 'writereq' 'writeresp'>

State 65 <SV = 64> <Delay = 2.92>
ST_65 : Operation 152 [8/71] (2.92ns)   --->   "%empty = readreq i1 @_ssdm_op_ReadReq.m_axi.p1i64, i64 %gmem_CHN_0_addr, i64 2" [../pageRankReduce/pageRank.cpp:166]   --->   Operation 152 'readreq' 'empty' <Predicate = true> <Delay = 2.92> <CoreInst = "m_axi">   --->   Core 119 'm_axi' <Latency = 0> <II = 1> <Delay = 1.00> <Adapter> <Opcode : 'read' 'write' 'readreq' 'writereq' 'writeresp'>

State 66 <SV = 65> <Delay = 2.92>
ST_66 : Operation 153 [7/71] (2.92ns)   --->   "%empty = readreq i1 @_ssdm_op_ReadReq.m_axi.p1i64, i64 %gmem_CHN_0_addr, i64 2" [../pageRankReduce/pageRank.cpp:166]   --->   Operation 153 'readreq' 'empty' <Predicate = true> <Delay = 2.92> <CoreInst = "m_axi">   --->   Core 119 'm_axi' <Latency = 0> <II = 1> <Delay = 1.00> <Adapter> <Opcode : 'read' 'write' 'readreq' 'writereq' 'writeresp'>

State 67 <SV = 66> <Delay = 2.92>
ST_67 : Operation 154 [6/71] (2.92ns)   --->   "%empty = readreq i1 @_ssdm_op_ReadReq.m_axi.p1i64, i64 %gmem_CHN_0_addr, i64 2" [../pageRankReduce/pageRank.cpp:166]   --->   Operation 154 'readreq' 'empty' <Predicate = true> <Delay = 2.92> <CoreInst = "m_axi">   --->   Core 119 'm_axi' <Latency = 0> <II = 1> <Delay = 1.00> <Adapter> <Opcode : 'read' 'write' 'readreq' 'writereq' 'writeresp'>

State 68 <SV = 67> <Delay = 2.92>
ST_68 : Operation 155 [5/71] (2.92ns)   --->   "%empty = readreq i1 @_ssdm_op_ReadReq.m_axi.p1i64, i64 %gmem_CHN_0_addr, i64 2" [../pageRankReduce/pageRank.cpp:166]   --->   Operation 155 'readreq' 'empty' <Predicate = true> <Delay = 2.92> <CoreInst = "m_axi">   --->   Core 119 'm_axi' <Latency = 0> <II = 1> <Delay = 1.00> <Adapter> <Opcode : 'read' 'write' 'readreq' 'writereq' 'writeresp'>

State 69 <SV = 68> <Delay = 2.92>
ST_69 : Operation 156 [4/71] (2.92ns)   --->   "%empty = readreq i1 @_ssdm_op_ReadReq.m_axi.p1i64, i64 %gmem_CHN_0_addr, i64 2" [../pageRankReduce/pageRank.cpp:166]   --->   Operation 156 'readreq' 'empty' <Predicate = true> <Delay = 2.92> <CoreInst = "m_axi">   --->   Core 119 'm_axi' <Latency = 0> <II = 1> <Delay = 1.00> <Adapter> <Opcode : 'read' 'write' 'readreq' 'writereq' 'writeresp'>

State 70 <SV = 69> <Delay = 2.92>
ST_70 : Operation 157 [3/71] (2.92ns)   --->   "%empty = readreq i1 @_ssdm_op_ReadReq.m_axi.p1i64, i64 %gmem_CHN_0_addr, i64 2" [../pageRankReduce/pageRank.cpp:166]   --->   Operation 157 'readreq' 'empty' <Predicate = true> <Delay = 2.92> <CoreInst = "m_axi">   --->   Core 119 'm_axi' <Latency = 0> <II = 1> <Delay = 1.00> <Adapter> <Opcode : 'read' 'write' 'readreq' 'writereq' 'writeresp'>

State 71 <SV = 70> <Delay = 2.92>
ST_71 : Operation 158 [2/71] (2.92ns)   --->   "%empty = readreq i1 @_ssdm_op_ReadReq.m_axi.p1i64, i64 %gmem_CHN_0_addr, i64 2" [../pageRankReduce/pageRank.cpp:166]   --->   Operation 158 'readreq' 'empty' <Predicate = true> <Delay = 2.92> <CoreInst = "m_axi">   --->   Core 119 'm_axi' <Latency = 0> <II = 1> <Delay = 1.00> <Adapter> <Opcode : 'read' 'write' 'readreq' 'writereq' 'writeresp'>

State 72 <SV = 71> <Delay = 2.92>
ST_72 : Operation 159 [1/71] (2.92ns)   --->   "%empty = readreq i1 @_ssdm_op_ReadReq.m_axi.p1i64, i64 %gmem_CHN_0_addr, i64 2" [../pageRankReduce/pageRank.cpp:166]   --->   Operation 159 'readreq' 'empty' <Predicate = true> <Delay = 2.92> <CoreInst = "m_axi">   --->   Core 119 'm_axi' <Latency = 0> <II = 1> <Delay = 1.00> <Adapter> <Opcode : 'read' 'write' 'readreq' 'writereq' 'writeresp'>

State 73 <SV = 72> <Delay = 2.92>
ST_73 : Operation 160 [1/1] (2.92ns)   --->   "%v_neighbours = read i64 @_ssdm_op_Read.m_axi.p1i64, i64 %gmem_CHN_0_addr" [../pageRankReduce/pageRank.cpp:166]   --->   Operation 160 'read' 'v_neighbours' <Predicate = true> <Delay = 2.92> <CoreInst = "m_axi">   --->   Core 119 'm_axi' <Latency = 0> <II = 1> <Delay = 1.00> <Adapter> <Opcode : 'read' 'write' 'readreq' 'writereq' 'writeresp'>

State 74 <SV = 73> <Delay = 2.92>
ST_74 : Operation 161 [1/1] (2.92ns)   --->   "%gmem_CHN_0_addr_read_1 = read i64 @_ssdm_op_Read.m_axi.p1i64, i64 %gmem_CHN_0_addr" [../pageRankReduce/pageRank.cpp:166]   --->   Operation 161 'read' 'gmem_CHN_0_addr_read_1' <Predicate = true> <Delay = 2.92> <CoreInst = "m_axi">   --->   Core 119 'm_axi' <Latency = 0> <II = 1> <Delay = 1.00> <Adapter> <Opcode : 'read' 'write' 'readreq' 'writereq' 'writeresp'>
ST_74 : Operation 162 [1/1] (0.00ns)   --->   "%v_neighbours_size = trunc i64 %gmem_CHN_0_addr_read_1" [../pageRankReduce/pageRank.cpp:167]   --->   Operation 162 'trunc' 'v_neighbours_size' <Predicate = true> <Delay = 0.00>

State 75 <SV = 74> <Delay = 1.43>
ST_75 : Operation 163 [1/1] (0.00ns)   --->   "%specinterface_ln0 = specinterface void @_ssdm_op_SpecInterface, i480 %taskToWrite, void @empty_4, i32 0, i32 0, void @empty_16, i32 0, i32 0, void @empty_16, void @empty_16, void @empty_16, i32 0, i32 0, i32 0, i32 0, void @empty_16, void @empty_16, i32 4294967295, i32 0, i32 0"   --->   Operation 163 'specinterface' 'specinterface_ln0' <Predicate = true> <Delay = 0.00>
ST_75 : Operation 164 [1/1] (0.00ns)   --->   "%specinterface_ln0 = specinterface void @_ssdm_op_SpecInterface, i64 %v_neighbours_stream, void @empty_4, i32 0, i32 0, void @empty_16, i32 0, i32 0, void @empty_16, void @empty_16, void @empty_16, i32 0, i32 0, i32 0, i32 0, void @empty_16, void @empty_16, i32 4294967295, i32 0, i32 0"   --->   Operation 164 'specinterface' 'specinterface_ln0' <Predicate = true> <Delay = 0.00>
ST_75 : Operation 165 [1/1] (0.00ns)   --->   "%specinterface_ln0 = specinterface void @_ssdm_op_SpecInterface, i64 %adj_lists, void @empty_4, i32 0, i32 0, void @empty_16, i32 0, i32 0, void @empty_16, void @empty_16, void @empty_16, i32 0, i32 0, i32 0, i32 0, void @empty_16, void @empty_16, i32 4294967295, i32 0, i32 0"   --->   Operation 165 'specinterface' 'specinterface_ln0' <Predicate = true> <Delay = 0.00>
ST_75 : Operation 166 [1/1] (0.00ns)   --->   "%specinterface_ln0 = specinterface void @_ssdm_op_SpecInterface, i64 %Pcurrs, void @empty_4, i32 0, i32 0, void @empty_16, i32 0, i32 0, void @empty_16, void @empty_16, void @empty_16, i32 0, i32 0, i32 0, i32 0, void @empty_16, void @empty_16, i32 4294967295, i32 0, i32 0"   --->   Operation 166 'specinterface' 'specinterface_ln0' <Predicate = true> <Delay = 0.00>
ST_75 : Operation 167 [1/1] (0.00ns)   --->   "%specinterface_ln0 = specinterface void @_ssdm_op_SpecInterface, i32 %v_size_2, void @empty_4, i32 0, i32 0, void @empty_16, i32 0, i32 0, void @empty_16, void @empty_16, void @empty_16, i32 0, i32 0, i32 0, i32 0, void @empty_16, void @empty_16, i32 4294967295, i32 0, i32 0"   --->   Operation 167 'specinterface' 'specinterface_ln0' <Predicate = true> <Delay = 0.00>
ST_75 : Operation 168 [1/1] (0.00ns)   --->   "%specinterface_ln0 = specinterface void @_ssdm_op_SpecInterface, i32 %v_size_1, void @empty_4, i32 0, i32 0, void @empty_16, i32 0, i32 0, void @empty_16, void @empty_16, void @empty_16, i32 0, i32 0, i32 0, i32 0, void @empty_16, void @empty_16, i32 4294967295, i32 0, i32 0"   --->   Operation 168 'specinterface' 'specinterface_ln0' <Predicate = true> <Delay = 0.00>
ST_75 : Operation 169 [1/1] (0.00ns)   --->   "%specinterface_ln0 = specinterface void @_ssdm_op_SpecInterface, i32 %v_size_0, void @empty_4, i32 0, i32 0, void @empty_16, i32 0, i32 0, void @empty_16, void @empty_16, void @empty_16, i32 0, i32 0, i32 0, i32 0, void @empty_16, void @empty_16, i32 4294967295, i32 0, i32 0"   --->   Operation 169 'specinterface' 'specinterface_ln0' <Predicate = true> <Delay = 0.00>
ST_75 : Operation 170 [1/1] (0.00ns)   --->   "%specinterface_ln0 = specinterface void @_ssdm_op_SpecInterface, i512 %taskIn, void @empty_6, i32 1, i32 1, void @empty_5, i32 0, i32 0, void @empty_16, void @empty_16, void @empty_16, i32 0, i32 0, i32 0, i32 0, void @empty_16, void @empty_16, i32 4294967295, i32 0, i32 0"   --->   Operation 170 'specinterface' 'specinterface_ln0' <Predicate = true> <Delay = 0.00>
ST_75 : Operation 171 [1/1] (0.00ns)   --->   "%specinterface_ln0 = specinterface void @_ssdm_op_SpecInterface, i64 %gmem_CHN_0, void @empty_17, i32 0, i32 0, void @empty_16, i32 64, i32 0, void @empty_15, void @empty_14, void @empty_16, i32 16, i32 16, i32 16, i32 16, void @empty_16, void @empty_16, i32 4294967295, i32 0, i32 0"   --->   Operation 171 'specinterface' 'specinterface_ln0' <Predicate = true> <Delay = 0.00>
ST_75 : Operation 172 [1/1] (1.37ns)   --->   "%write_ln169 = write void @_ssdm_op_Write.ap_fifo.volatile.i64P0A, i64 %v_neighbours_stream, i64 %v_neighbours" [../pageRankReduce/pageRank.cpp:169]   --->   Operation 172 'write' 'write_ln169' <Predicate = true> <Delay = 1.37> <CoreInst = "FIFO_SRL">   --->   Core 80 'FIFO_SRL' <Latency = 0> <II = 1> <Delay = 1.37> <Storage> <Opcode : 'read' 'write' 'nbread' 'nbwrite'> <Ports = 0> <Width = 64> <Depth = 9> <FIFO>
ST_75 : Operation 173 [1/1] (1.43ns)   --->   "%write_ln171 = write void @_ssdm_op_Write.ap_fifo.volatile.i32P0A, i32 %v_size_0, i32 %v_neighbours_size" [../pageRankReduce/pageRank.cpp:171]   --->   Operation 173 'write' 'write_ln171' <Predicate = true> <Delay = 1.43> <CoreInst = "FIFO_SRL">   --->   Core 80 'FIFO_SRL' <Latency = 0> <II = 1> <Delay = 1.43> <Storage> <Opcode : 'read' 'write' 'nbread' 'nbwrite'> <Ports = 0> <Width = 32> <Depth = 9> <FIFO>
ST_75 : Operation 174 [1/1] (1.43ns)   --->   "%write_ln172 = write void @_ssdm_op_Write.ap_fifo.volatile.i32P0A, i32 %v_size_1, i32 %v_neighbours_size" [../pageRankReduce/pageRank.cpp:172]   --->   Operation 174 'write' 'write_ln172' <Predicate = true> <Delay = 1.43> <CoreInst = "FIFO_SRL">   --->   Core 80 'FIFO_SRL' <Latency = 0> <II = 1> <Delay = 1.43> <Storage> <Opcode : 'read' 'write' 'nbread' 'nbwrite'> <Ports = 0> <Width = 32> <Depth = 9> <FIFO>
ST_75 : Operation 175 [1/1] (1.43ns)   --->   "%write_ln173 = write void @_ssdm_op_Write.ap_fifo.volatile.i32P0A, i32 %v_size_2, i32 %v_neighbours_size" [../pageRankReduce/pageRank.cpp:173]   --->   Operation 175 'write' 'write_ln173' <Predicate = true> <Delay = 1.43> <CoreInst = "FIFO_SRL">   --->   Core 80 'FIFO_SRL' <Latency = 0> <II = 1> <Delay = 1.43> <Storage> <Opcode : 'read' 'write' 'nbread' 'nbwrite'> <Ports = 0> <Width = 32> <Depth = 9> <FIFO>
ST_75 : Operation 176 [1/1] (1.37ns)   --->   "%write_ln175 = write void @_ssdm_op_Write.ap_fifo.volatile.i64P0A, i64 %Pcurrs, i64 %task_pPrCurr" [../pageRankReduce/pageRank.cpp:175]   --->   Operation 176 'write' 'write_ln175' <Predicate = true> <Delay = 1.37> <CoreInst = "FIFO_SRL">   --->   Core 80 'FIFO_SRL' <Latency = 0> <II = 1> <Delay = 1.37> <Storage> <Opcode : 'read' 'write' 'nbread' 'nbwrite'> <Ports = 0> <Width = 64> <Depth = 9> <FIFO>
ST_75 : Operation 177 [1/1] (1.37ns)   --->   "%write_ln176 = write void @_ssdm_op_Write.ap_fifo.volatile.i64P0A, i64 %adj_lists, i64 %task_pGraph" [../pageRankReduce/pageRank.cpp:176]   --->   Operation 177 'write' 'write_ln176' <Predicate = true> <Delay = 1.37> <CoreInst = "FIFO_SRL">   --->   Core 80 'FIFO_SRL' <Latency = 0> <II = 1> <Delay = 1.37> <Storage> <Opcode : 'read' 'write' 'nbread' 'nbwrite'> <Ports = 0> <Width = 64> <Depth = 9> <FIFO>
ST_75 : Operation 178 [1/1] (1.23ns)   --->   "%write_ln177 = write void @_ssdm_op_Write.ap_fifo.volatile.i480P0A, i480 %taskToWrite, i480 %trunc_ln177" [../pageRankReduce/pageRank.cpp:177]   --->   Operation 178 'write' 'write_ln177' <Predicate = true> <Delay = 1.23> <CoreInst = "FIFO">   --->   Core 77 'FIFO' <Latency = 0> <II = 1> <Delay = 1.23> <Storage> <Opcode : 'read' 'write' 'nbread' 'nbwrite'> <Ports = 0> <Width = 480> <Depth = 9> <FIFO>
ST_75 : Operation 179 [1/1] (0.00ns)   --->   "%ret_ln178 = ret" [../pageRankReduce/pageRank.cpp:178]   --->   Operation 179 'ret' 'ret_ln178' <Predicate = true> <Delay = 0.00>


============================================================
+ Verbose Summary: Timing violations
============================================================
Target clock period: 4.000ns, clock uncertainty: 1.080ns.

 <State 1>: 0.921ns
The critical path consists of the following:
	axis read operation ('taskIn_read', ../pageRankReduce/pageRank.cpp:164) on port 'taskIn' (../pageRankReduce/pageRank.cpp:164) [21]  (0.078 ns)
	'add' operation 64 bit ('add_ln166_1', ../pageRankReduce/pageRank.cpp:166) [28]  (0.843 ns)

 <State 2>: 2.920ns
The critical path consists of the following:
	'getelementptr' operation 64 bit ('gmem_CHN_0_addr', ../pageRankReduce/pageRank.cpp:166) [31]  (0.000 ns)
	bus request operation ('empty', ../pageRankReduce/pageRank.cpp:166) on port 'gmem_CHN_0' (../pageRankReduce/pageRank.cpp:166) [32]  (2.920 ns)

 <State 3>: 2.920ns
The critical path consists of the following:
	bus request operation ('empty', ../pageRankReduce/pageRank.cpp:166) on port 'gmem_CHN_0' (../pageRankReduce/pageRank.cpp:166) [32]  (2.920 ns)

 <State 4>: 2.920ns
The critical path consists of the following:
	bus request operation ('empty', ../pageRankReduce/pageRank.cpp:166) on port 'gmem_CHN_0' (../pageRankReduce/pageRank.cpp:166) [32]  (2.920 ns)

 <State 5>: 2.920ns
The critical path consists of the following:
	bus request operation ('empty', ../pageRankReduce/pageRank.cpp:166) on port 'gmem_CHN_0' (../pageRankReduce/pageRank.cpp:166) [32]  (2.920 ns)

 <State 6>: 2.920ns
The critical path consists of the following:
	bus request operation ('empty', ../pageRankReduce/pageRank.cpp:166) on port 'gmem_CHN_0' (../pageRankReduce/pageRank.cpp:166) [32]  (2.920 ns)

 <State 7>: 2.920ns
The critical path consists of the following:
	bus request operation ('empty', ../pageRankReduce/pageRank.cpp:166) on port 'gmem_CHN_0' (../pageRankReduce/pageRank.cpp:166) [32]  (2.920 ns)

 <State 8>: 2.920ns
The critical path consists of the following:
	bus request operation ('empty', ../pageRankReduce/pageRank.cpp:166) on port 'gmem_CHN_0' (../pageRankReduce/pageRank.cpp:166) [32]  (2.920 ns)

 <State 9>: 2.920ns
The critical path consists of the following:
	bus request operation ('empty', ../pageRankReduce/pageRank.cpp:166) on port 'gmem_CHN_0' (../pageRankReduce/pageRank.cpp:166) [32]  (2.920 ns)

 <State 10>: 2.920ns
The critical path consists of the following:
	bus request operation ('empty', ../pageRankReduce/pageRank.cpp:166) on port 'gmem_CHN_0' (../pageRankReduce/pageRank.cpp:166) [32]  (2.920 ns)

 <State 11>: 2.920ns
The critical path consists of the following:
	bus request operation ('empty', ../pageRankReduce/pageRank.cpp:166) on port 'gmem_CHN_0' (../pageRankReduce/pageRank.cpp:166) [32]  (2.920 ns)

 <State 12>: 2.920ns
The critical path consists of the following:
	bus request operation ('empty', ../pageRankReduce/pageRank.cpp:166) on port 'gmem_CHN_0' (../pageRankReduce/pageRank.cpp:166) [32]  (2.920 ns)

 <State 13>: 2.920ns
The critical path consists of the following:
	bus request operation ('empty', ../pageRankReduce/pageRank.cpp:166) on port 'gmem_CHN_0' (../pageRankReduce/pageRank.cpp:166) [32]  (2.920 ns)

 <State 14>: 2.920ns
The critical path consists of the following:
	bus request operation ('empty', ../pageRankReduce/pageRank.cpp:166) on port 'gmem_CHN_0' (../pageRankReduce/pageRank.cpp:166) [32]  (2.920 ns)

 <State 15>: 2.920ns
The critical path consists of the following:
	bus request operation ('empty', ../pageRankReduce/pageRank.cpp:166) on port 'gmem_CHN_0' (../pageRankReduce/pageRank.cpp:166) [32]  (2.920 ns)

 <State 16>: 2.920ns
The critical path consists of the following:
	bus request operation ('empty', ../pageRankReduce/pageRank.cpp:166) on port 'gmem_CHN_0' (../pageRankReduce/pageRank.cpp:166) [32]  (2.920 ns)

 <State 17>: 2.920ns
The critical path consists of the following:
	bus request operation ('empty', ../pageRankReduce/pageRank.cpp:166) on port 'gmem_CHN_0' (../pageRankReduce/pageRank.cpp:166) [32]  (2.920 ns)

 <State 18>: 2.920ns
The critical path consists of the following:
	bus request operation ('empty', ../pageRankReduce/pageRank.cpp:166) on port 'gmem_CHN_0' (../pageRankReduce/pageRank.cpp:166) [32]  (2.920 ns)

 <State 19>: 2.920ns
The critical path consists of the following:
	bus request operation ('empty', ../pageRankReduce/pageRank.cpp:166) on port 'gmem_CHN_0' (../pageRankReduce/pageRank.cpp:166) [32]  (2.920 ns)

 <State 20>: 2.920ns
The critical path consists of the following:
	bus request operation ('empty', ../pageRankReduce/pageRank.cpp:166) on port 'gmem_CHN_0' (../pageRankReduce/pageRank.cpp:166) [32]  (2.920 ns)

 <State 21>: 2.920ns
The critical path consists of the following:
	bus request operation ('empty', ../pageRankReduce/pageRank.cpp:166) on port 'gmem_CHN_0' (../pageRankReduce/pageRank.cpp:166) [32]  (2.920 ns)

 <State 22>: 2.920ns
The critical path consists of the following:
	bus request operation ('empty', ../pageRankReduce/pageRank.cpp:166) on port 'gmem_CHN_0' (../pageRankReduce/pageRank.cpp:166) [32]  (2.920 ns)

 <State 23>: 2.920ns
The critical path consists of the following:
	bus request operation ('empty', ../pageRankReduce/pageRank.cpp:166) on port 'gmem_CHN_0' (../pageRankReduce/pageRank.cpp:166) [32]  (2.920 ns)

 <State 24>: 2.920ns
The critical path consists of the following:
	bus request operation ('empty', ../pageRankReduce/pageRank.cpp:166) on port 'gmem_CHN_0' (../pageRankReduce/pageRank.cpp:166) [32]  (2.920 ns)

 <State 25>: 2.920ns
The critical path consists of the following:
	bus request operation ('empty', ../pageRankReduce/pageRank.cpp:166) on port 'gmem_CHN_0' (../pageRankReduce/pageRank.cpp:166) [32]  (2.920 ns)

 <State 26>: 2.920ns
The critical path consists of the following:
	bus request operation ('empty', ../pageRankReduce/pageRank.cpp:166) on port 'gmem_CHN_0' (../pageRankReduce/pageRank.cpp:166) [32]  (2.920 ns)

 <State 27>: 2.920ns
The critical path consists of the following:
	bus request operation ('empty', ../pageRankReduce/pageRank.cpp:166) on port 'gmem_CHN_0' (../pageRankReduce/pageRank.cpp:166) [32]  (2.920 ns)

 <State 28>: 2.920ns
The critical path consists of the following:
	bus request operation ('empty', ../pageRankReduce/pageRank.cpp:166) on port 'gmem_CHN_0' (../pageRankReduce/pageRank.cpp:166) [32]  (2.920 ns)

 <State 29>: 2.920ns
The critical path consists of the following:
	bus request operation ('empty', ../pageRankReduce/pageRank.cpp:166) on port 'gmem_CHN_0' (../pageRankReduce/pageRank.cpp:166) [32]  (2.920 ns)

 <State 30>: 2.920ns
The critical path consists of the following:
	bus request operation ('empty', ../pageRankReduce/pageRank.cpp:166) on port 'gmem_CHN_0' (../pageRankReduce/pageRank.cpp:166) [32]  (2.920 ns)

 <State 31>: 2.920ns
The critical path consists of the following:
	bus request operation ('empty', ../pageRankReduce/pageRank.cpp:166) on port 'gmem_CHN_0' (../pageRankReduce/pageRank.cpp:166) [32]  (2.920 ns)

 <State 32>: 2.920ns
The critical path consists of the following:
	bus request operation ('empty', ../pageRankReduce/pageRank.cpp:166) on port 'gmem_CHN_0' (../pageRankReduce/pageRank.cpp:166) [32]  (2.920 ns)

 <State 33>: 2.920ns
The critical path consists of the following:
	bus request operation ('empty', ../pageRankReduce/pageRank.cpp:166) on port 'gmem_CHN_0' (../pageRankReduce/pageRank.cpp:166) [32]  (2.920 ns)

 <State 34>: 2.920ns
The critical path consists of the following:
	bus request operation ('empty', ../pageRankReduce/pageRank.cpp:166) on port 'gmem_CHN_0' (../pageRankReduce/pageRank.cpp:166) [32]  (2.920 ns)

 <State 35>: 2.920ns
The critical path consists of the following:
	bus request operation ('empty', ../pageRankReduce/pageRank.cpp:166) on port 'gmem_CHN_0' (../pageRankReduce/pageRank.cpp:166) [32]  (2.920 ns)

 <State 36>: 2.920ns
The critical path consists of the following:
	bus request operation ('empty', ../pageRankReduce/pageRank.cpp:166) on port 'gmem_CHN_0' (../pageRankReduce/pageRank.cpp:166) [32]  (2.920 ns)

 <State 37>: 2.920ns
The critical path consists of the following:
	bus request operation ('empty', ../pageRankReduce/pageRank.cpp:166) on port 'gmem_CHN_0' (../pageRankReduce/pageRank.cpp:166) [32]  (2.920 ns)

 <State 38>: 2.920ns
The critical path consists of the following:
	bus request operation ('empty', ../pageRankReduce/pageRank.cpp:166) on port 'gmem_CHN_0' (../pageRankReduce/pageRank.cpp:166) [32]  (2.920 ns)

 <State 39>: 2.920ns
The critical path consists of the following:
	bus request operation ('empty', ../pageRankReduce/pageRank.cpp:166) on port 'gmem_CHN_0' (../pageRankReduce/pageRank.cpp:166) [32]  (2.920 ns)

 <State 40>: 2.920ns
The critical path consists of the following:
	bus request operation ('empty', ../pageRankReduce/pageRank.cpp:166) on port 'gmem_CHN_0' (../pageRankReduce/pageRank.cpp:166) [32]  (2.920 ns)

 <State 41>: 2.920ns
The critical path consists of the following:
	bus request operation ('empty', ../pageRankReduce/pageRank.cpp:166) on port 'gmem_CHN_0' (../pageRankReduce/pageRank.cpp:166) [32]  (2.920 ns)

 <State 42>: 2.920ns
The critical path consists of the following:
	bus request operation ('empty', ../pageRankReduce/pageRank.cpp:166) on port 'gmem_CHN_0' (../pageRankReduce/pageRank.cpp:166) [32]  (2.920 ns)

 <State 43>: 2.920ns
The critical path consists of the following:
	bus request operation ('empty', ../pageRankReduce/pageRank.cpp:166) on port 'gmem_CHN_0' (../pageRankReduce/pageRank.cpp:166) [32]  (2.920 ns)

 <State 44>: 2.920ns
The critical path consists of the following:
	bus request operation ('empty', ../pageRankReduce/pageRank.cpp:166) on port 'gmem_CHN_0' (../pageRankReduce/pageRank.cpp:166) [32]  (2.920 ns)

 <State 45>: 2.920ns
The critical path consists of the following:
	bus request operation ('empty', ../pageRankReduce/pageRank.cpp:166) on port 'gmem_CHN_0' (../pageRankReduce/pageRank.cpp:166) [32]  (2.920 ns)

 <State 46>: 2.920ns
The critical path consists of the following:
	bus request operation ('empty', ../pageRankReduce/pageRank.cpp:166) on port 'gmem_CHN_0' (../pageRankReduce/pageRank.cpp:166) [32]  (2.920 ns)

 <State 47>: 2.920ns
The critical path consists of the following:
	bus request operation ('empty', ../pageRankReduce/pageRank.cpp:166) on port 'gmem_CHN_0' (../pageRankReduce/pageRank.cpp:166) [32]  (2.920 ns)

 <State 48>: 2.920ns
The critical path consists of the following:
	bus request operation ('empty', ../pageRankReduce/pageRank.cpp:166) on port 'gmem_CHN_0' (../pageRankReduce/pageRank.cpp:166) [32]  (2.920 ns)

 <State 49>: 2.920ns
The critical path consists of the following:
	bus request operation ('empty', ../pageRankReduce/pageRank.cpp:166) on port 'gmem_CHN_0' (../pageRankReduce/pageRank.cpp:166) [32]  (2.920 ns)

 <State 50>: 2.920ns
The critical path consists of the following:
	bus request operation ('empty', ../pageRankReduce/pageRank.cpp:166) on port 'gmem_CHN_0' (../pageRankReduce/pageRank.cpp:166) [32]  (2.920 ns)

 <State 51>: 2.920ns
The critical path consists of the following:
	bus request operation ('empty', ../pageRankReduce/pageRank.cpp:166) on port 'gmem_CHN_0' (../pageRankReduce/pageRank.cpp:166) [32]  (2.920 ns)

 <State 52>: 2.920ns
The critical path consists of the following:
	bus request operation ('empty', ../pageRankReduce/pageRank.cpp:166) on port 'gmem_CHN_0' (../pageRankReduce/pageRank.cpp:166) [32]  (2.920 ns)

 <State 53>: 2.920ns
The critical path consists of the following:
	bus request operation ('empty', ../pageRankReduce/pageRank.cpp:166) on port 'gmem_CHN_0' (../pageRankReduce/pageRank.cpp:166) [32]  (2.920 ns)

 <State 54>: 2.920ns
The critical path consists of the following:
	bus request operation ('empty', ../pageRankReduce/pageRank.cpp:166) on port 'gmem_CHN_0' (../pageRankReduce/pageRank.cpp:166) [32]  (2.920 ns)

 <State 55>: 2.920ns
The critical path consists of the following:
	bus request operation ('empty', ../pageRankReduce/pageRank.cpp:166) on port 'gmem_CHN_0' (../pageRankReduce/pageRank.cpp:166) [32]  (2.920 ns)

 <State 56>: 2.920ns
The critical path consists of the following:
	bus request operation ('empty', ../pageRankReduce/pageRank.cpp:166) on port 'gmem_CHN_0' (../pageRankReduce/pageRank.cpp:166) [32]  (2.920 ns)

 <State 57>: 2.920ns
The critical path consists of the following:
	bus request operation ('empty', ../pageRankReduce/pageRank.cpp:166) on port 'gmem_CHN_0' (../pageRankReduce/pageRank.cpp:166) [32]  (2.920 ns)

 <State 58>: 2.920ns
The critical path consists of the following:
	bus request operation ('empty', ../pageRankReduce/pageRank.cpp:166) on port 'gmem_CHN_0' (../pageRankReduce/pageRank.cpp:166) [32]  (2.920 ns)

 <State 59>: 2.920ns
The critical path consists of the following:
	bus request operation ('empty', ../pageRankReduce/pageRank.cpp:166) on port 'gmem_CHN_0' (../pageRankReduce/pageRank.cpp:166) [32]  (2.920 ns)

 <State 60>: 2.920ns
The critical path consists of the following:
	bus request operation ('empty', ../pageRankReduce/pageRank.cpp:166) on port 'gmem_CHN_0' (../pageRankReduce/pageRank.cpp:166) [32]  (2.920 ns)

 <State 61>: 2.920ns
The critical path consists of the following:
	bus request operation ('empty', ../pageRankReduce/pageRank.cpp:166) on port 'gmem_CHN_0' (../pageRankReduce/pageRank.cpp:166) [32]  (2.920 ns)

 <State 62>: 2.920ns
The critical path consists of the following:
	bus request operation ('empty', ../pageRankReduce/pageRank.cpp:166) on port 'gmem_CHN_0' (../pageRankReduce/pageRank.cpp:166) [32]  (2.920 ns)

 <State 63>: 2.920ns
The critical path consists of the following:
	bus request operation ('empty', ../pageRankReduce/pageRank.cpp:166) on port 'gmem_CHN_0' (../pageRankReduce/pageRank.cpp:166) [32]  (2.920 ns)

 <State 64>: 2.920ns
The critical path consists of the following:
	bus request operation ('empty', ../pageRankReduce/pageRank.cpp:166) on port 'gmem_CHN_0' (../pageRankReduce/pageRank.cpp:166) [32]  (2.920 ns)

 <State 65>: 2.920ns
The critical path consists of the following:
	bus request operation ('empty', ../pageRankReduce/pageRank.cpp:166) on port 'gmem_CHN_0' (../pageRankReduce/pageRank.cpp:166) [32]  (2.920 ns)

 <State 66>: 2.920ns
The critical path consists of the following:
	bus request operation ('empty', ../pageRankReduce/pageRank.cpp:166) on port 'gmem_CHN_0' (../pageRankReduce/pageRank.cpp:166) [32]  (2.920 ns)

 <State 67>: 2.920ns
The critical path consists of the following:
	bus request operation ('empty', ../pageRankReduce/pageRank.cpp:166) on port 'gmem_CHN_0' (../pageRankReduce/pageRank.cpp:166) [32]  (2.920 ns)

 <State 68>: 2.920ns
The critical path consists of the following:
	bus request operation ('empty', ../pageRankReduce/pageRank.cpp:166) on port 'gmem_CHN_0' (../pageRankReduce/pageRank.cpp:166) [32]  (2.920 ns)

 <State 69>: 2.920ns
The critical path consists of the following:
	bus request operation ('empty', ../pageRankReduce/pageRank.cpp:166) on port 'gmem_CHN_0' (../pageRankReduce/pageRank.cpp:166) [32]  (2.920 ns)

 <State 70>: 2.920ns
The critical path consists of the following:
	bus request operation ('empty', ../pageRankReduce/pageRank.cpp:166) on port 'gmem_CHN_0' (../pageRankReduce/pageRank.cpp:166) [32]  (2.920 ns)

 <State 71>: 2.920ns
The critical path consists of the following:
	bus request operation ('empty', ../pageRankReduce/pageRank.cpp:166) on port 'gmem_CHN_0' (../pageRankReduce/pageRank.cpp:166) [32]  (2.920 ns)

 <State 72>: 2.920ns
The critical path consists of the following:
	bus request operation ('empty', ../pageRankReduce/pageRank.cpp:166) on port 'gmem_CHN_0' (../pageRankReduce/pageRank.cpp:166) [32]  (2.920 ns)

 <State 73>: 2.920ns
The critical path consists of the following:
	bus read operation ('v_neighbours', ../pageRankReduce/pageRank.cpp:166) on port 'gmem_CHN_0' (../pageRankReduce/pageRank.cpp:166) [33]  (2.920 ns)

 <State 74>: 2.920ns
The critical path consists of the following:
	bus read operation ('gmem_CHN_0_addr_read_1', ../pageRankReduce/pageRank.cpp:166) on port 'gmem_CHN_0' (../pageRankReduce/pageRank.cpp:166) [34]  (2.920 ns)

 <State 75>: 1.432ns
The critical path consists of the following:
	fifo write operation ('write_ln171', ../pageRankReduce/pageRank.cpp:171) on port 'v_size_0' (../pageRankReduce/pageRank.cpp:171) [37]  (1.432 ns)


============================================================
+ Verbose Summary: Binding
============================================================
N/A
* FSMD analyzer results:
  - Output states:
 - Input state : 
  - Chain level:
	State 1
	State 2
	State 3
	State 4
	State 5
	State 6
	State 7
	State 8
	State 9
	State 10
	State 11
	State 12
	State 13
	State 14
	State 15
	State 16
	State 17
	State 18
	State 19
	State 20
	State 21
	State 22
	State 23
	State 24
	State 25
	State 26
	State 27
	State 28
	State 29
	State 30
	State 31
	State 32
	State 33
	State 34
	State 35
	State 36
	State 37
	State 38
	State 39
	State 40
	State 41
	State 42
	State 43
	State 44
	State 45
	State 46
	State 47
	State 48
	State 49
	State 50
	State 51
	State 52
	State 53
	State 54
	State 55
	State 56
	State 57
	State 58
	State 59
	State 60
	State 61
	State 62
	State 63
	State 64
	State 65
	State 66
	State 67
	State 68
	State 69
	State 70
	State 71
	State 72
	State 73
	State 74
	State 75


============================================================
+ Verbose Summary: Datapath Resource usage 
============================================================
N/A
