

================================================================
== Vitis HLS Report for 'readVertex'
================================================================
* Date:           Thu Aug 14 17:22:49 2025

* Version:        2024.1 (Build 5069499 on May 21 2024)
* Project:        vertex_map
* Solution:       hls (Vivado IP Flow Target)
* Product family: virtexuplusHBM
* Target device:  xcu55c-fsvh2892-2LV-e


================================================================
== Performance Estimates
================================================================
+ Timing: 
    * Summary: 
    +--------+---------+----------+------------+
    |  Clock |  Target | Estimated| Uncertainty|
    +--------+---------+----------+------------+
    |ap_clk  |  4.00 ns|  2.920 ns|     1.08 ns|
    +--------+---------+----------+------------+

+ Latency: 
    * Summary: 
    +---------+---------+----------+----------+-----+-----+---------+
    |  Latency (cycles) |  Latency (absolute) |  Interval | Pipeline|
    |   min   |   max   |    min   |    max   | min | max |   Type  |
    +---------+---------+----------+----------+-----+-----+---------+
    |        ?|        ?|         ?|         ?|    ?|    ?|       no|
    +---------+---------+----------+----------+-----+-----+---------+

    + Detail: 
        * Instance: 
        +-----------------------------------------------+-------------------------------------+---------+---------+----------+----------+-----+-----+-----------------------------------------------+
        |                                               |                                     |  Latency (cycles) |  Latency (absolute) |  Interval |                    Pipeline                   |
        |                    Instance                   |                Module               |   min   |   max   |    min   |    max   | min | max |                      Type                     |
        +-----------------------------------------------+-------------------------------------+---------+---------+----------+----------+-----+-----+-----------------------------------------------+
        |grp_readVertex_Pipeline_VITIS_LOOP_92_1_fu_98  |readVertex_Pipeline_VITIS_LOOP_92_1  |        ?|        ?|         ?|         ?|    0|    0|  loop auto-rewind stp(delay=0 clock cycles(s))|
        +-----------------------------------------------+-------------------------------------+---------+---------+----------+----------+-----+-----+-----------------------------------------------+

        * Loop: 
        N/A



================================================================
== Utilization Estimates
================================================================
* Summary: 
+---------------------+---------+------+---------+---------+-----+
|         Name        | BRAM_18K|  DSP |    FF   |   LUT   | URAM|
+---------------------+---------+------+---------+---------+-----+
|DSP                  |        -|     -|        -|        -|    -|
|Expression           |        -|     -|        0|        2|    -|
|FIFO                 |        -|     -|        -|        -|    -|
|Instance             |        -|     -|      867|     1783|    -|
|Memory               |        -|     -|        -|        -|    -|
|Multiplexer          |        -|     -|        0|      110|    -|
|Register             |        -|     -|      229|        -|    -|
+---------------------+---------+------+---------+---------+-----+
|Total                |        0|     0|     1096|     1895|    0|
+---------------------+---------+------+---------+---------+-----+
|Available SLR        |     1344|  3008|   869120|   434560|  320|
+---------------------+---------+------+---------+---------+-----+
|Utilization SLR (%)  |        0|     0|       ~0|       ~0|    0|
+---------------------+---------+------+---------+---------+-----+
|Available            |     4032|  9024|  2607360|  1303680|  960|
+---------------------+---------+------+---------+---------+-----+
|Utilization (%)      |        0|     0|       ~0|       ~0|    0|
+---------------------+---------+------+---------+---------+-----+

+ Detail: 
    * Instance: 
    +-----------------------------------------------+-------------------------------------+---------+----+-----+------+-----+
    |                    Instance                   |                Module               | BRAM_18K| DSP|  FF |  LUT | URAM|
    +-----------------------------------------------+-------------------------------------+---------+----+-----+------+-----+
    |grp_readVertex_Pipeline_VITIS_LOOP_92_1_fu_98  |readVertex_Pipeline_VITIS_LOOP_92_1  |        0|   0|  867|  1783|    0|
    +-----------------------------------------------+-------------------------------------+---------+----+-----+------+-----+
    |Total                                          |                                     |        0|   0|  867|  1783|    0|
    +-----------------------------------------------+-------------------------------------+---------+----+-----+------+-----+

    * DSP: 
    N/A

    * Memory: 
    N/A

    * FIFO: 
    N/A

    * Expression: 
    +-----------------+----------+----+---+----+------------+------------+
    |  Variable Name  | Operation| DSP| FF| LUT| Bitwidth P0| Bitwidth P1|
    +-----------------+----------+----+---+----+------------+------------+
    |ap_block_state1  |        or|   0|  0|   2|           1|           1|
    +-----------------+----------+----+---+----+------------+------------+
    |Total            |          |   0|  0|   2|           1|           1|
    +-----------------+----------+----+---+----+------------+------------+

    * Multiplexer: 
    +---------------------------+----+-----------+-----+-----------+
    |            Name           | LUT| Input Size| Bits| Total Bits|
    +---------------------------+----+-----------+-----+-----------+
    |Pcurrs_blk_n               |   9|          2|    1|          2|
    |adder_in_feed_1_write      |   9|          2|    1|          2|
    |adj_lists_blk_n            |   9|          2|    1|          2|
    |ap_NS_fsm                  |  20|          4|    1|          4|
    |ap_done                    |   9|          2|    1|          2|
    |m_axi_gmem_CHN_1_ARVALID   |   9|          2|    1|          2|
    |m_axi_gmem_CHN_1_RREADY    |   9|          2|    1|          2|
    |m_axi_gmem_CHN_2_ARVALID   |   9|          2|    1|          2|
    |m_axi_gmem_CHN_2_RREADY    |   9|          2|    1|          2|
    |v_neighbours_stream_blk_n  |   9|          2|    1|          2|
    |v_size_0_blk_n             |   9|          2|    1|          2|
    +---------------------------+----+-----------+-----+-----------+
    |Total                      | 110|         24|   11|         24|
    +---------------------------+----+-----------+-----+-----------+

    * Register: 
    +------------------------------------------------------------+----+----+-----+-----------+
    |                            Name                            | FF | LUT| Bits| Const Bits|
    +------------------------------------------------------------+----+----+-----+-----------+
    |Pcurr_reg_139                                               |  64|   0|   64|          0|
    |adj_list_reg_134                                            |  64|   0|   64|          0|
    |ap_CS_fsm                                                   |   3|   0|    3|          0|
    |ap_done_reg                                                 |   1|   0|    1|          0|
    |grp_readVertex_Pipeline_VITIS_LOOP_92_1_fu_98_ap_start_reg  |   1|   0|    1|          0|
    |v_neighbours_reg_124                                        |  64|   0|   64|          0|
    |v_size_reg_129                                              |  32|   0|   32|          0|
    +------------------------------------------------------------+----+----+-----+-----------+
    |Total                                                       | 229|   0|  229|          0|
    +------------------------------------------------------------+----+----+-----+-----------+



================================================================
== Interface
================================================================
* Summary: 
+------------------------------------+-----+-----+------------+---------------------+--------------+
|              RTL Ports             | Dir | Bits|  Protocol  |    Source Object    |    C Type    |
+------------------------------------+-----+-----+------------+---------------------+--------------+
|ap_clk                              |   in|    1|  ap_ctrl_hs|           readVertex|  return value|
|ap_rst                              |   in|    1|  ap_ctrl_hs|           readVertex|  return value|
|ap_start                            |   in|    1|  ap_ctrl_hs|           readVertex|  return value|
|ap_done                             |  out|    1|  ap_ctrl_hs|           readVertex|  return value|
|ap_continue                         |   in|    1|  ap_ctrl_hs|           readVertex|  return value|
|ap_idle                             |  out|    1|  ap_ctrl_hs|           readVertex|  return value|
|ap_ready                            |  out|    1|  ap_ctrl_hs|           readVertex|  return value|
|m_axi_gmem_CHN_1_AWVALID            |  out|    1|       m_axi|                 gmem|       pointer|
|m_axi_gmem_CHN_1_AWREADY            |   in|    1|       m_axi|                 gmem|       pointer|
|m_axi_gmem_CHN_1_AWADDR             |  out|   64|       m_axi|                 gmem|       pointer|
|m_axi_gmem_CHN_1_AWID               |  out|    1|       m_axi|                 gmem|       pointer|
|m_axi_gmem_CHN_1_AWLEN              |  out|   32|       m_axi|                 gmem|       pointer|
|m_axi_gmem_CHN_1_AWSIZE             |  out|    3|       m_axi|                 gmem|       pointer|
|m_axi_gmem_CHN_1_AWBURST            |  out|    2|       m_axi|                 gmem|       pointer|
|m_axi_gmem_CHN_1_AWLOCK             |  out|    2|       m_axi|                 gmem|       pointer|
|m_axi_gmem_CHN_1_AWCACHE            |  out|    4|       m_axi|                 gmem|       pointer|
|m_axi_gmem_CHN_1_AWPROT             |  out|    3|       m_axi|                 gmem|       pointer|
|m_axi_gmem_CHN_1_AWQOS              |  out|    4|       m_axi|                 gmem|       pointer|
|m_axi_gmem_CHN_1_AWREGION           |  out|    4|       m_axi|                 gmem|       pointer|
|m_axi_gmem_CHN_1_AWUSER             |  out|    1|       m_axi|                 gmem|       pointer|
|m_axi_gmem_CHN_1_WVALID             |  out|    1|       m_axi|                 gmem|       pointer|
|m_axi_gmem_CHN_1_WREADY             |   in|    1|       m_axi|                 gmem|       pointer|
|m_axi_gmem_CHN_1_WDATA              |  out|   64|       m_axi|                 gmem|       pointer|
|m_axi_gmem_CHN_1_WSTRB              |  out|    8|       m_axi|                 gmem|       pointer|
|m_axi_gmem_CHN_1_WLAST              |  out|    1|       m_axi|                 gmem|       pointer|
|m_axi_gmem_CHN_1_WID                |  out|    1|       m_axi|                 gmem|       pointer|
|m_axi_gmem_CHN_1_WUSER              |  out|    1|       m_axi|                 gmem|       pointer|
|m_axi_gmem_CHN_1_ARVALID            |  out|    1|       m_axi|                 gmem|       pointer|
|m_axi_gmem_CHN_1_ARREADY            |   in|    1|       m_axi|                 gmem|       pointer|
|m_axi_gmem_CHN_1_ARADDR             |  out|   64|       m_axi|                 gmem|       pointer|
|m_axi_gmem_CHN_1_ARID               |  out|    1|       m_axi|                 gmem|       pointer|
|m_axi_gmem_CHN_1_ARLEN              |  out|   32|       m_axi|                 gmem|       pointer|
|m_axi_gmem_CHN_1_ARSIZE             |  out|    3|       m_axi|                 gmem|       pointer|
|m_axi_gmem_CHN_1_ARBURST            |  out|    2|       m_axi|                 gmem|       pointer|
|m_axi_gmem_CHN_1_ARLOCK             |  out|    2|       m_axi|                 gmem|       pointer|
|m_axi_gmem_CHN_1_ARCACHE            |  out|    4|       m_axi|                 gmem|       pointer|
|m_axi_gmem_CHN_1_ARPROT             |  out|    3|       m_axi|                 gmem|       pointer|
|m_axi_gmem_CHN_1_ARQOS              |  out|    4|       m_axi|                 gmem|       pointer|
|m_axi_gmem_CHN_1_ARREGION           |  out|    4|       m_axi|                 gmem|       pointer|
|m_axi_gmem_CHN_1_ARUSER             |  out|    1|       m_axi|                 gmem|       pointer|
|m_axi_gmem_CHN_1_RVALID             |   in|    1|       m_axi|                 gmem|       pointer|
|m_axi_gmem_CHN_1_RREADY             |  out|    1|       m_axi|                 gmem|       pointer|
|m_axi_gmem_CHN_1_RDATA              |   in|   64|       m_axi|                 gmem|       pointer|
|m_axi_gmem_CHN_1_RLAST              |   in|    1|       m_axi|                 gmem|       pointer|
|m_axi_gmem_CHN_1_RID                |   in|    1|       m_axi|                 gmem|       pointer|
|m_axi_gmem_CHN_1_RFIFONUM           |   in|   11|       m_axi|                 gmem|       pointer|
|m_axi_gmem_CHN_1_RUSER              |   in|    1|       m_axi|                 gmem|       pointer|
|m_axi_gmem_CHN_1_RRESP              |   in|    2|       m_axi|                 gmem|       pointer|
|m_axi_gmem_CHN_1_BVALID             |   in|    1|       m_axi|                 gmem|       pointer|
|m_axi_gmem_CHN_1_BREADY             |  out|    1|       m_axi|                 gmem|       pointer|
|m_axi_gmem_CHN_1_BRESP              |   in|    2|       m_axi|                 gmem|       pointer|
|m_axi_gmem_CHN_1_BID                |   in|    1|       m_axi|                 gmem|       pointer|
|m_axi_gmem_CHN_1_BUSER              |   in|    1|       m_axi|                 gmem|       pointer|
|mem0                                |   in|   64|     ap_none|                 mem0|        scalar|
|m_axi_gmem_CHN_2_AWVALID            |  out|    1|       m_axi|                 gmem|       pointer|
|m_axi_gmem_CHN_2_AWREADY            |   in|    1|       m_axi|                 gmem|       pointer|
|m_axi_gmem_CHN_2_AWADDR             |  out|   64|       m_axi|                 gmem|       pointer|
|m_axi_gmem_CHN_2_AWID               |  out|    1|       m_axi|                 gmem|       pointer|
|m_axi_gmem_CHN_2_AWLEN              |  out|   32|       m_axi|                 gmem|       pointer|
|m_axi_gmem_CHN_2_AWSIZE             |  out|    3|       m_axi|                 gmem|       pointer|
|m_axi_gmem_CHN_2_AWBURST            |  out|    2|       m_axi|                 gmem|       pointer|
|m_axi_gmem_CHN_2_AWLOCK             |  out|    2|       m_axi|                 gmem|       pointer|
|m_axi_gmem_CHN_2_AWCACHE            |  out|    4|       m_axi|                 gmem|       pointer|
|m_axi_gmem_CHN_2_AWPROT             |  out|    3|       m_axi|                 gmem|       pointer|
|m_axi_gmem_CHN_2_AWQOS              |  out|    4|       m_axi|                 gmem|       pointer|
|m_axi_gmem_CHN_2_AWREGION           |  out|    4|       m_axi|                 gmem|       pointer|
|m_axi_gmem_CHN_2_AWUSER             |  out|    1|       m_axi|                 gmem|       pointer|
|m_axi_gmem_CHN_2_WVALID             |  out|    1|       m_axi|                 gmem|       pointer|
|m_axi_gmem_CHN_2_WREADY             |   in|    1|       m_axi|                 gmem|       pointer|
|m_axi_gmem_CHN_2_WDATA              |  out|   64|       m_axi|                 gmem|       pointer|
|m_axi_gmem_CHN_2_WSTRB              |  out|    8|       m_axi|                 gmem|       pointer|
|m_axi_gmem_CHN_2_WLAST              |  out|    1|       m_axi|                 gmem|       pointer|
|m_axi_gmem_CHN_2_WID                |  out|    1|       m_axi|                 gmem|       pointer|
|m_axi_gmem_CHN_2_WUSER              |  out|    1|       m_axi|                 gmem|       pointer|
|m_axi_gmem_CHN_2_ARVALID            |  out|    1|       m_axi|                 gmem|       pointer|
|m_axi_gmem_CHN_2_ARREADY            |   in|    1|       m_axi|                 gmem|       pointer|
|m_axi_gmem_CHN_2_ARADDR             |  out|   64|       m_axi|                 gmem|       pointer|
|m_axi_gmem_CHN_2_ARID               |  out|    1|       m_axi|                 gmem|       pointer|
|m_axi_gmem_CHN_2_ARLEN              |  out|   32|       m_axi|                 gmem|       pointer|
|m_axi_gmem_CHN_2_ARSIZE             |  out|    3|       m_axi|                 gmem|       pointer|
|m_axi_gmem_CHN_2_ARBURST            |  out|    2|       m_axi|                 gmem|       pointer|
|m_axi_gmem_CHN_2_ARLOCK             |  out|    2|       m_axi|                 gmem|       pointer|
|m_axi_gmem_CHN_2_ARCACHE            |  out|    4|       m_axi|                 gmem|       pointer|
|m_axi_gmem_CHN_2_ARPROT             |  out|    3|       m_axi|                 gmem|       pointer|
|m_axi_gmem_CHN_2_ARQOS              |  out|    4|       m_axi|                 gmem|       pointer|
|m_axi_gmem_CHN_2_ARREGION           |  out|    4|       m_axi|                 gmem|       pointer|
|m_axi_gmem_CHN_2_ARUSER             |  out|    1|       m_axi|                 gmem|       pointer|
|m_axi_gmem_CHN_2_RVALID             |   in|    1|       m_axi|                 gmem|       pointer|
|m_axi_gmem_CHN_2_RREADY             |  out|    1|       m_axi|                 gmem|       pointer|
|m_axi_gmem_CHN_2_RDATA              |   in|   64|       m_axi|                 gmem|       pointer|
|m_axi_gmem_CHN_2_RLAST              |   in|    1|       m_axi|                 gmem|       pointer|
|m_axi_gmem_CHN_2_RID                |   in|    1|       m_axi|                 gmem|       pointer|
|m_axi_gmem_CHN_2_RFIFONUM           |   in|   11|       m_axi|                 gmem|       pointer|
|m_axi_gmem_CHN_2_RUSER              |   in|    1|       m_axi|                 gmem|       pointer|
|m_axi_gmem_CHN_2_RRESP              |   in|    2|       m_axi|                 gmem|       pointer|
|m_axi_gmem_CHN_2_BVALID             |   in|    1|       m_axi|                 gmem|       pointer|
|m_axi_gmem_CHN_2_BREADY             |  out|    1|       m_axi|                 gmem|       pointer|
|m_axi_gmem_CHN_2_BRESP              |   in|    2|       m_axi|                 gmem|       pointer|
|m_axi_gmem_CHN_2_BID                |   in|    1|       m_axi|                 gmem|       pointer|
|m_axi_gmem_CHN_2_BUSER              |   in|    1|       m_axi|                 gmem|       pointer|
|mem1                                |   in|   64|     ap_none|                 mem1|        scalar|
|v_neighbours_stream_dout            |   in|   64|     ap_fifo|  v_neighbours_stream|       pointer|
|v_neighbours_stream_num_data_valid  |   in|    5|     ap_fifo|  v_neighbours_stream|       pointer|
|v_neighbours_stream_fifo_cap        |   in|    5|     ap_fifo|  v_neighbours_stream|       pointer|
|v_neighbours_stream_empty_n         |   in|    1|     ap_fifo|  v_neighbours_stream|       pointer|
|v_neighbours_stream_read            |  out|    1|     ap_fifo|  v_neighbours_stream|       pointer|
|v_size_0_dout                       |   in|   32|     ap_fifo|             v_size_0|       pointer|
|v_size_0_num_data_valid             |   in|    5|     ap_fifo|             v_size_0|       pointer|
|v_size_0_fifo_cap                   |   in|    5|     ap_fifo|             v_size_0|       pointer|
|v_size_0_empty_n                    |   in|    1|     ap_fifo|             v_size_0|       pointer|
|v_size_0_read                       |  out|    1|     ap_fifo|             v_size_0|       pointer|
|adj_lists_dout                      |   in|   64|     ap_fifo|            adj_lists|       pointer|
|adj_lists_num_data_valid            |   in|    5|     ap_fifo|            adj_lists|       pointer|
|adj_lists_fifo_cap                  |   in|    5|     ap_fifo|            adj_lists|       pointer|
|adj_lists_empty_n                   |   in|    1|     ap_fifo|            adj_lists|       pointer|
|adj_lists_read                      |  out|    1|     ap_fifo|            adj_lists|       pointer|
|Pcurrs_dout                         |   in|   64|     ap_fifo|               Pcurrs|       pointer|
|Pcurrs_num_data_valid               |   in|    5|     ap_fifo|               Pcurrs|       pointer|
|Pcurrs_fifo_cap                     |   in|    5|     ap_fifo|               Pcurrs|       pointer|
|Pcurrs_empty_n                      |   in|    1|     ap_fifo|               Pcurrs|       pointer|
|Pcurrs_read                         |  out|    1|     ap_fifo|               Pcurrs|       pointer|
|adder_in_feed_1_din                 |  out|   32|     ap_fifo|      adder_in_feed_1|       pointer|
|adder_in_feed_1_num_data_valid      |   in|    8|     ap_fifo|      adder_in_feed_1|       pointer|
|adder_in_feed_1_fifo_cap            |   in|    8|     ap_fifo|      adder_in_feed_1|       pointer|
|adder_in_feed_1_full_n              |   in|    1|     ap_fifo|      adder_in_feed_1|       pointer|
|adder_in_feed_1_write               |  out|    1|     ap_fifo|      adder_in_feed_1|       pointer|
+------------------------------------+-----+-----+------------+---------------------+--------------+

============================================================
+ Verbose Summary: Synthesis Manager
============================================================
InlineROM: 1
ExposeGlobal: 0
============================================================
+ Verbose Summary: CDFG Model
============================================================
IsTopModel: 0
ResetActiveHigh: 1
IsCombinational: 2
IsDatapathOnly: 0
HasWiredReturn: 1
HasMFsm: 0
HasVarLatency: 1
IsPipeline: 0
IsRtlPipelined: 0
IsInstanceOverlapped: 0
IsDontTouch: 0
HasImplIP: 0
IsGatedGlobalClock: 0


============================================================
+ Verbose Summary: Schedule
============================================================
* Number of FSM states : 3
* Pipeline : 0
* Dataflow Pipeline: 0

* FSM state transitions: 
1 --> 2 
2 --> 3 
3 --> 

* FSM state operations: 

State 1 <SV = 0> <Delay = 1.43>
ST_1 : Operation 4 [1/1] (0.00ns)   --->   "%mem1_read = read i64 @_ssdm_op_Read.ap_auto.i64, i64 %mem1" [../pageRankReduce/pageRank.cpp:77]   --->   Operation 4 'read' 'mem1_read' <Predicate = true> <Delay = 0.00>
ST_1 : Operation 5 [1/1] (0.00ns)   --->   "%mem0_read = read i64 @_ssdm_op_Read.ap_auto.i64, i64 %mem0" [../pageRankReduce/pageRank.cpp:77]   --->   Operation 5 'read' 'mem0_read' <Predicate = true> <Delay = 0.00>
ST_1 : Operation 6 [1/1] (1.37ns)   --->   "%v_neighbours = read i64 @_ssdm_op_Read.ap_fifo.volatile.i64P0A, i64 %v_neighbours_stream" [../pageRankReduce/pageRank.cpp:87]   --->   Operation 6 'read' 'v_neighbours' <Predicate = true> <Delay = 1.37> <CoreInst = "FIFO_SRL">   --->   Core 80 'FIFO_SRL' <Latency = 0> <II = 1> <Delay = 1.37> <Storage> <Opcode : 'read' 'write' 'nbread' 'nbwrite'> <Ports = 0> <Width = 64> <Depth = 9> <FIFO>
ST_1 : Operation 7 [1/1] (1.43ns)   --->   "%v_size = read i32 @_ssdm_op_Read.ap_fifo.volatile.i32P0A, i32 %v_size_0" [../pageRankReduce/pageRank.cpp:88]   --->   Operation 7 'read' 'v_size' <Predicate = true> <Delay = 1.43> <CoreInst = "FIFO_SRL">   --->   Core 80 'FIFO_SRL' <Latency = 0> <II = 1> <Delay = 1.43> <Storage> <Opcode : 'read' 'write' 'nbread' 'nbwrite'> <Ports = 0> <Width = 32> <Depth = 9> <FIFO>
ST_1 : Operation 8 [1/1] (1.37ns)   --->   "%adj_list = read i64 @_ssdm_op_Read.ap_fifo.volatile.i64P0A, i64 %adj_lists" [../pageRankReduce/pageRank.cpp:89]   --->   Operation 8 'read' 'adj_list' <Predicate = true> <Delay = 1.37> <CoreInst = "FIFO_SRL">   --->   Core 80 'FIFO_SRL' <Latency = 0> <II = 1> <Delay = 1.37> <Storage> <Opcode : 'read' 'write' 'nbread' 'nbwrite'> <Ports = 0> <Width = 64> <Depth = 9> <FIFO>
ST_1 : Operation 9 [1/1] (1.37ns)   --->   "%Pcurr = read i64 @_ssdm_op_Read.ap_fifo.volatile.i64P0A, i64 %Pcurrs" [../pageRankReduce/pageRank.cpp:90]   --->   Operation 9 'read' 'Pcurr' <Predicate = true> <Delay = 1.37> <CoreInst = "FIFO_SRL">   --->   Core 80 'FIFO_SRL' <Latency = 0> <II = 1> <Delay = 1.37> <Storage> <Opcode : 'read' 'write' 'nbread' 'nbwrite'> <Ports = 0> <Width = 64> <Depth = 9> <FIFO>

State 2 <SV = 1> <Delay = 1.26>
ST_2 : Operation 10 [1/1] (0.00ns)   --->   "%empty = wait i32 @_ssdm_op_Wait"   --->   Operation 10 'wait' 'empty' <Predicate = true> <Delay = 0.00>
ST_2 : Operation 11 [2/2] (1.26ns)   --->   "%call_ln88 = call void @readVertex_Pipeline_VITIS_LOOP_92_1, i32 %v_size, i64 %mem0_read, i64 %v_neighbours, i64 %gmem_CHN_1, i64 %adj_list, i64 %mem1_read, i64 %Pcurr, i64 %gmem_CHN_2, i32 %adder_in_feed_1" [../pageRankReduce/pageRank.cpp:88]   --->   Operation 11 'call' 'call_ln88' <Predicate = true> <Delay = 1.26> <CoreType = "Generic">   --->   Core 0 '' <Latency = 0> <II = 1> <Delay = 1.00> <Generic> <Opcode : >

State 3 <SV = 2> <Delay = 0.00>
ST_3 : Operation 12 [1/1] (0.00ns)   --->   "%specmaxicache_ln0 = specmaxicache void @_ssdm_op_SpecMAXICache, i64 %gmem_CHN_1, i64 2, i64 4, i64 1, i64 1, i64 0, i64 0, void @empty_16"   --->   Operation 12 'specmaxicache' 'specmaxicache_ln0' <Predicate = true> <Delay = 0.00>
ST_3 : Operation 13 [1/1] (0.00ns)   --->   "%specmaxicache_ln0 = specmaxicache void @_ssdm_op_SpecMAXICache, i64 %gmem_CHN_2, i64 2, i64 4, i64 1, i64 1, i64 0, i64 0, void @empty_16"   --->   Operation 13 'specmaxicache' 'specmaxicache_ln0' <Predicate = true> <Delay = 0.00>
ST_3 : Operation 14 [1/1] (0.00ns)   --->   "%specinterface_ln0 = specinterface void @_ssdm_op_SpecInterface, i64 %v_neighbours_stream, void @empty_4, i32 0, i32 0, void @empty_16, i32 0, i32 0, void @empty_16, void @empty_16, void @empty_16, i32 0, i32 0, i32 0, i32 0, void @empty_16, void @empty_16, i32 4294967295, i32 0, i32 0"   --->   Operation 14 'specinterface' 'specinterface_ln0' <Predicate = true> <Delay = 0.00>
ST_3 : Operation 15 [1/1] (0.00ns)   --->   "%specinterface_ln0 = specinterface void @_ssdm_op_SpecInterface, i64 %adj_lists, void @empty_4, i32 0, i32 0, void @empty_16, i32 0, i32 0, void @empty_16, void @empty_16, void @empty_16, i32 0, i32 0, i32 0, i32 0, void @empty_16, void @empty_16, i32 4294967295, i32 0, i32 0"   --->   Operation 15 'specinterface' 'specinterface_ln0' <Predicate = true> <Delay = 0.00>
ST_3 : Operation 16 [1/1] (0.00ns)   --->   "%specinterface_ln0 = specinterface void @_ssdm_op_SpecInterface, i64 %Pcurrs, void @empty_4, i32 0, i32 0, void @empty_16, i32 0, i32 0, void @empty_16, void @empty_16, void @empty_16, i32 0, i32 0, i32 0, i32 0, void @empty_16, void @empty_16, i32 4294967295, i32 0, i32 0"   --->   Operation 16 'specinterface' 'specinterface_ln0' <Predicate = true> <Delay = 0.00>
ST_3 : Operation 17 [1/1] (0.00ns)   --->   "%specinterface_ln0 = specinterface void @_ssdm_op_SpecInterface, i32 %v_size_0, void @empty_4, i32 0, i32 0, void @empty_16, i32 0, i32 0, void @empty_16, void @empty_16, void @empty_16, i32 0, i32 0, i32 0, i32 0, void @empty_16, void @empty_16, i32 4294967295, i32 0, i32 0"   --->   Operation 17 'specinterface' 'specinterface_ln0' <Predicate = true> <Delay = 0.00>
ST_3 : Operation 18 [1/1] (0.00ns)   --->   "%specinterface_ln0 = specinterface void @_ssdm_op_SpecInterface, i32 %adder_in_feed_1, void @empty_4, i32 0, i32 0, void @empty_16, i32 0, i32 0, void @empty_16, void @empty_16, void @empty_16, i32 0, i32 0, i32 0, i32 0, void @empty_16, void @empty_16, i32 4294967295, i32 0, i32 0"   --->   Operation 18 'specinterface' 'specinterface_ln0' <Predicate = true> <Delay = 0.00>
ST_3 : Operation 19 [1/1] (0.00ns)   --->   "%specinterface_ln0 = specinterface void @_ssdm_op_SpecInterface, i64 %gmem_CHN_2, void @empty_17, i32 0, i32 0, void @empty_16, i32 64, i32 0, void @empty_15, void @empty_14, void @empty_16, i32 64, i32 1, i32 16, i32 16, void @empty_16, void @empty_16, i32 4294967295, i32 0, i32 2"   --->   Operation 19 'specinterface' 'specinterface_ln0' <Predicate = true> <Delay = 0.00>
ST_3 : Operation 20 [1/1] (0.00ns)   --->   "%specinterface_ln0 = specinterface void @_ssdm_op_SpecInterface, i64 %gmem_CHN_1, void @empty_17, i32 0, i32 0, void @empty_16, i32 64, i32 0, void @empty_15, void @empty_14, void @empty_16, i32 64, i32 1, i32 16, i32 16, void @empty_16, void @empty_16, i32 4294967295, i32 0, i32 1"   --->   Operation 20 'specinterface' 'specinterface_ln0' <Predicate = true> <Delay = 0.00>
ST_3 : Operation 21 [1/2] (0.00ns)   --->   "%call_ln88 = call void @readVertex_Pipeline_VITIS_LOOP_92_1, i32 %v_size, i64 %mem0_read, i64 %v_neighbours, i64 %gmem_CHN_1, i64 %adj_list, i64 %mem1_read, i64 %Pcurr, i64 %gmem_CHN_2, i32 %adder_in_feed_1" [../pageRankReduce/pageRank.cpp:88]   --->   Operation 21 'call' 'call_ln88' <Predicate = true> <Delay = 0.00> <CoreType = "Generic">   --->   Core 0 '' <Latency = 0> <II = 1> <Delay = 1.00> <Generic> <Opcode : >
ST_3 : Operation 22 [1/1] (0.00ns)   --->   "%ret_ln103 = ret" [../pageRankReduce/pageRank.cpp:103]   --->   Operation 22 'ret' 'ret_ln103' <Predicate = true> <Delay = 0.00>


============================================================
+ Verbose Summary: Binding
============================================================
STG Binding: 
---------------- STG Properties BEGIN ----------------
- Is combinational: 0
- Is one-state seq: 0
- Is datapath-only: 0
- Is pipelined: 0
- Is top level: 0
Port [ Return ] is wired: 1; IO mode=ap_ctrl_hs:ce=0
Port [ gmem_CHN_1]:  wired=1; compound=1; hidden=0; nouse=0; global=0; static=0; extern=0; dir=0; type=4; pingpong=0; private_global=0; IO mode=m_axi:ce=0
Port [ mem0]:  wired=1; compound=0; hidden=0; nouse=0; global=0; static=0; extern=0; dir=0; type=0; pingpong=0; private_global=0; IO mode=ap_none:ce=0
Port [ gmem_CHN_2]:  wired=1; compound=1; hidden=0; nouse=0; global=0; static=0; extern=0; dir=0; type=4; pingpong=0; private_global=0; IO mode=m_axi:ce=0
Port [ mem1]:  wired=1; compound=0; hidden=0; nouse=0; global=0; static=0; extern=0; dir=0; type=0; pingpong=0; private_global=0; IO mode=ap_none:ce=0
Port [ v_neighbours_stream]:  wired=1; compound=1; hidden=0; nouse=0; global=0; static=0; extern=0; dir=0; type=3; pingpong=0; private_global=0; IO mode=ap_fifo:ce=0
Port [ v_size_0]:  wired=1; compound=1; hidden=0; nouse=0; global=0; static=0; extern=0; dir=0; type=3; pingpong=0; private_global=0; IO mode=ap_fifo:ce=0
Port [ adj_lists]:  wired=1; compound=1; hidden=0; nouse=0; global=0; static=0; extern=0; dir=0; type=3; pingpong=0; private_global=0; IO mode=ap_fifo:ce=0
Port [ Pcurrs]:  wired=1; compound=1; hidden=0; nouse=0; global=0; static=0; extern=0; dir=0; type=3; pingpong=0; private_global=0; IO mode=ap_fifo:ce=0
Port [ adder_in_feed_1]:  wired=1; compound=1; hidden=0; nouse=0; global=0; static=0; extern=0; dir=1; type=3; pingpong=0; private_global=0; IO mode=ap_fifo:ce=0
---------------- STG Properties END ------------------

---------------- Datapath Model BEGIN ----------------

<LifeTime>
<method=bitvector/>
mem1_read         (read         ) [ 0011]
mem0_read         (read         ) [ 0011]
v_neighbours      (read         ) [ 0011]
v_size            (read         ) [ 0011]
adj_list          (read         ) [ 0011]
Pcurr             (read         ) [ 0011]
empty             (wait         ) [ 0000]
specmaxicache_ln0 (specmaxicache) [ 0000]
specmaxicache_ln0 (specmaxicache) [ 0000]
specinterface_ln0 (specinterface) [ 0000]
specinterface_ln0 (specinterface) [ 0000]
specinterface_ln0 (specinterface) [ 0000]
specinterface_ln0 (specinterface) [ 0000]
specinterface_ln0 (specinterface) [ 0000]
specinterface_ln0 (specinterface) [ 0000]
specinterface_ln0 (specinterface) [ 0000]
call_ln88         (call         ) [ 0000]
ret_ln103         (ret          ) [ 0000]
</LifeTime>

<model>

<comp_list>
<comp id="0" class="1000" name="gmem_CHN_1">
<pin_list>
<pin id="1" dir="1" index="0" bw="1" slack="0"/>
</pin_list>
<bind>
<StgValue><ssdm name="gmem_CHN_1"/></StgValue>
</bind>
</comp>

<comp id="2" class="1000" name="mem0">
<pin_list>
<pin id="3" dir="1" index="0" bw="1" slack="0"/>
</pin_list>
<bind>
<StgValue><ssdm name="mem0"/></StgValue>
</bind>
</comp>

<comp id="4" class="1000" name="gmem_CHN_2">
<pin_list>
<pin id="5" dir="1" index="0" bw="1" slack="0"/>
</pin_list>
<bind>
<StgValue><ssdm name="gmem_CHN_2"/></StgValue>
</bind>
</comp>

<comp id="6" class="1000" name="mem1">
<pin_list>
<pin id="7" dir="1" index="0" bw="1" slack="0"/>
</pin_list>
<bind>
<StgValue><ssdm name="mem1"/></StgValue>
</bind>
</comp>

<comp id="8" class="1000" name="v_neighbours_stream">
<pin_list>
<pin id="9" dir="1" index="0" bw="1" slack="0"/>
</pin_list>
<bind>
<StgValue><ssdm name="v_neighbours_stream"/></StgValue>
</bind>
</comp>

<comp id="10" class="1000" name="v_size_0">
<pin_list>
<pin id="11" dir="1" index="0" bw="1" slack="0"/>
</pin_list>
<bind>
<StgValue><ssdm name="v_size_0"/></StgValue>
</bind>
</comp>

<comp id="12" class="1000" name="adj_lists">
<pin_list>
<pin id="13" dir="1" index="0" bw="1" slack="0"/>
</pin_list>
<bind>
<StgValue><ssdm name="adj_lists"/></StgValue>
</bind>
</comp>

<comp id="14" class="1000" name="Pcurrs">
<pin_list>
<pin id="15" dir="1" index="0" bw="1" slack="0"/>
</pin_list>
<bind>
<StgValue><ssdm name="Pcurrs"/></StgValue>
</bind>
</comp>

<comp id="16" class="1000" name="adder_in_feed_1">
<pin_list>
<pin id="17" dir="1" index="0" bw="1" slack="0"/>
</pin_list>
<bind>
<StgValue><ssdm name="adder_in_feed_1"/></StgValue>
</bind>
</comp>

<comp id="18" class="1001" name="const_18">
<pin_list>
<pin id="19" dir="1" index="0" bw="1" slack="0"/>
</pin_list>
<bind>
<StgValue><ssdm name="_ssdm_op_Read.ap_auto.i64"/></StgValue>
</bind>
</comp>

<comp id="20" class="1001" name="const_20">
<pin_list>
<pin id="21" dir="1" index="0" bw="1" slack="0"/>
</pin_list>
<bind>
<StgValue><ssdm name="_ssdm_op_Read.ap_fifo.volatile.i64P0A"/></StgValue>
</bind>
</comp>

<comp id="22" class="1001" name="const_22">
<pin_list>
<pin id="23" dir="1" index="0" bw="1" slack="0"/>
</pin_list>
<bind>
<StgValue><ssdm name="_ssdm_op_Read.ap_fifo.volatile.i32P0A"/></StgValue>
</bind>
</comp>

<comp id="24" class="1001" name="const_24">
<pin_list>
<pin id="25" dir="1" index="0" bw="1" slack="2147483647"/>
</pin_list>
<bind>
<StgValue><ssdm name="_ssdm_op_Wait"/></StgValue>
</bind>
</comp>

<comp id="26" class="1001" name="const_26">
<pin_list>
<pin id="27" dir="1" index="0" bw="1" slack="0"/>
</pin_list>
<bind>
<StgValue><ssdm name="readVertex_Pipeline_VITIS_LOOP_92_1"/></StgValue>
</bind>
</comp>

<comp id="28" class="1001" name="const_28">
<pin_list>
<pin id="29" dir="1" index="0" bw="1" slack="2147483647"/>
</pin_list>
<bind>
<StgValue><ssdm name="_ssdm_op_SpecMAXICache"/></StgValue>
</bind>
</comp>

<comp id="30" class="1001" name="const_30">
<pin_list>
<pin id="31" dir="1" index="0" bw="1" slack="2147483647"/>
</pin_list>
<bind>
<StgValue><ssdm name=""/></StgValue>
</bind>
</comp>

<comp id="32" class="1001" name="const_32">
<pin_list>
<pin id="33" dir="1" index="0" bw="1" slack="2147483647"/>
</pin_list>
<bind>
<StgValue><ssdm name=""/></StgValue>
</bind>
</comp>

<comp id="34" class="1001" name="const_34">
<pin_list>
<pin id="35" dir="1" index="0" bw="1" slack="2147483647"/>
</pin_list>
<bind>
<StgValue><ssdm name=""/></StgValue>
</bind>
</comp>

<comp id="36" class="1001" name="const_36">
<pin_list>
<pin id="37" dir="1" index="0" bw="1" slack="2147483647"/>
</pin_list>
<bind>
<StgValue><ssdm name=""/></StgValue>
</bind>
</comp>

<comp id="38" class="1001" name="const_38">
<pin_list>
<pin id="39" dir="1" index="0" bw="1" slack="2147483647"/>
</pin_list>
<bind>
<StgValue><ssdm name="empty_16"/></StgValue>
</bind>
</comp>

<comp id="40" class="1001" name="const_40">
<pin_list>
<pin id="41" dir="1" index="0" bw="1" slack="2147483647"/>
</pin_list>
<bind>
<StgValue><ssdm name="_ssdm_op_SpecInterface"/></StgValue>
</bind>
</comp>

<comp id="42" class="1001" name="const_42">
<pin_list>
<pin id="43" dir="1" index="0" bw="1" slack="2147483647"/>
</pin_list>
<bind>
<StgValue><ssdm name="empty_4"/></StgValue>
</bind>
</comp>

<comp id="44" class="1001" name="const_44">
<pin_list>
<pin id="45" dir="1" index="0" bw="1" slack="2147483647"/>
</pin_list>
<bind>
<StgValue><ssdm name=""/></StgValue>
</bind>
</comp>

<comp id="46" class="1001" name="const_46">
<pin_list>
<pin id="47" dir="1" index="0" bw="1" slack="2147483647"/>
</pin_list>
<bind>
<StgValue><ssdm name=""/></StgValue>
</bind>
</comp>

<comp id="48" class="1001" name="const_48">
<pin_list>
<pin id="49" dir="1" index="0" bw="1" slack="2147483647"/>
</pin_list>
<bind>
<StgValue><ssdm name="empty_17"/></StgValue>
</bind>
</comp>

<comp id="50" class="1001" name="const_50">
<pin_list>
<pin id="51" dir="1" index="0" bw="1" slack="2147483647"/>
</pin_list>
<bind>
<StgValue><ssdm name=""/></StgValue>
</bind>
</comp>

<comp id="52" class="1001" name="const_52">
<pin_list>
<pin id="53" dir="1" index="0" bw="1" slack="2147483647"/>
</pin_list>
<bind>
<StgValue><ssdm name="empty_15"/></StgValue>
</bind>
</comp>

<comp id="54" class="1001" name="const_54">
<pin_list>
<pin id="55" dir="1" index="0" bw="1" slack="2147483647"/>
</pin_list>
<bind>
<StgValue><ssdm name="empty_14"/></StgValue>
</bind>
</comp>

<comp id="56" class="1001" name="const_56">
<pin_list>
<pin id="57" dir="1" index="0" bw="1" slack="2147483647"/>
</pin_list>
<bind>
<StgValue><ssdm name=""/></StgValue>
</bind>
</comp>

<comp id="58" class="1001" name="const_58">
<pin_list>
<pin id="59" dir="1" index="0" bw="1" slack="2147483647"/>
</pin_list>
<bind>
<StgValue><ssdm name=""/></StgValue>
</bind>
</comp>

<comp id="60" class="1001" name="const_60">
<pin_list>
<pin id="61" dir="1" index="0" bw="1" slack="2147483647"/>
</pin_list>
<bind>
<StgValue><ssdm name=""/></StgValue>
</bind>
</comp>

<comp id="62" class="1004" name="mem1_read_read_fu_62">
<pin_list>
<pin id="63" dir="0" index="0" bw="64" slack="0"/>
<pin id="64" dir="0" index="1" bw="64" slack="0"/>
<pin id="65" dir="1" index="2" bw="64" slack="1"/>
</pin_list>
<bind>
<opcode="read(1150) " fcode="read"/>
<opset="mem1_read/1 "/>
</bind>
</comp>

<comp id="68" class="1004" name="mem0_read_read_fu_68">
<pin_list>
<pin id="69" dir="0" index="0" bw="64" slack="0"/>
<pin id="70" dir="0" index="1" bw="64" slack="0"/>
<pin id="71" dir="1" index="2" bw="64" slack="1"/>
</pin_list>
<bind>
<opcode="read(1150) " fcode="read"/>
<opset="mem0_read/1 "/>
</bind>
</comp>

<comp id="74" class="1004" name="v_neighbours_read_fu_74">
<pin_list>
<pin id="75" dir="0" index="0" bw="64" slack="0"/>
<pin id="76" dir="0" index="1" bw="64" slack="0"/>
<pin id="77" dir="1" index="2" bw="64" slack="1"/>
</pin_list>
<bind>
<opcode="read(1150) " fcode="read"/>
<opset="v_neighbours/1 "/>
</bind>
</comp>

<comp id="80" class="1004" name="v_size_read_fu_80">
<pin_list>
<pin id="81" dir="0" index="0" bw="32" slack="0"/>
<pin id="82" dir="0" index="1" bw="32" slack="0"/>
<pin id="83" dir="1" index="2" bw="32" slack="1"/>
</pin_list>
<bind>
<opcode="read(1150) " fcode="read"/>
<opset="v_size/1 "/>
</bind>
</comp>

<comp id="86" class="1004" name="adj_list_read_fu_86">
<pin_list>
<pin id="87" dir="0" index="0" bw="64" slack="0"/>
<pin id="88" dir="0" index="1" bw="64" slack="0"/>
<pin id="89" dir="1" index="2" bw="64" slack="1"/>
</pin_list>
<bind>
<opcode="read(1150) " fcode="read"/>
<opset="adj_list/1 "/>
</bind>
</comp>

<comp id="92" class="1004" name="Pcurr_read_fu_92">
<pin_list>
<pin id="93" dir="0" index="0" bw="64" slack="0"/>
<pin id="94" dir="0" index="1" bw="64" slack="0"/>
<pin id="95" dir="1" index="2" bw="64" slack="1"/>
</pin_list>
<bind>
<opcode="read(1150) " fcode="read"/>
<opset="Pcurr/1 "/>
</bind>
</comp>

<comp id="98" class="1004" name="grp_readVertex_Pipeline_VITIS_LOOP_92_1_fu_98">
<pin_list>
<pin id="99" dir="0" index="0" bw="0" slack="0"/>
<pin id="100" dir="0" index="1" bw="32" slack="1"/>
<pin id="101" dir="0" index="2" bw="64" slack="1"/>
<pin id="102" dir="0" index="3" bw="64" slack="1"/>
<pin id="103" dir="0" index="4" bw="64" slack="0"/>
<pin id="104" dir="0" index="5" bw="64" slack="1"/>
<pin id="105" dir="0" index="6" bw="64" slack="1"/>
<pin id="106" dir="0" index="7" bw="64" slack="1"/>
<pin id="107" dir="0" index="8" bw="64" slack="0"/>
<pin id="108" dir="0" index="9" bw="32" slack="0"/>
<pin id="109" dir="1" index="10" bw="0" slack="2147483647"/>
</pin_list>
<bind>
<opcode="call(48) " fcode="call"/>
<opset="call_ln88/2 "/>
</bind>
</comp>

<comp id="114" class="1005" name="mem1_read_reg_114">
<pin_list>
<pin id="115" dir="0" index="0" bw="64" slack="1"/>
<pin id="116" dir="1" index="1" bw="64" slack="1"/>
</pin_list>
<bind>
<opset="mem1_read "/>
</bind>
</comp>

<comp id="119" class="1005" name="mem0_read_reg_119">
<pin_list>
<pin id="120" dir="0" index="0" bw="64" slack="1"/>
<pin id="121" dir="1" index="1" bw="64" slack="1"/>
</pin_list>
<bind>
<opset="mem0_read "/>
</bind>
</comp>

<comp id="124" class="1005" name="v_neighbours_reg_124">
<pin_list>
<pin id="125" dir="0" index="0" bw="64" slack="1"/>
<pin id="126" dir="1" index="1" bw="64" slack="1"/>
</pin_list>
<bind>
<opset="v_neighbours "/>
</bind>
</comp>

<comp id="129" class="1005" name="v_size_reg_129">
<pin_list>
<pin id="130" dir="0" index="0" bw="32" slack="1"/>
<pin id="131" dir="1" index="1" bw="32" slack="1"/>
</pin_list>
<bind>
<opset="v_size "/>
</bind>
</comp>

<comp id="134" class="1005" name="adj_list_reg_134">
<pin_list>
<pin id="135" dir="0" index="0" bw="64" slack="1"/>
<pin id="136" dir="1" index="1" bw="64" slack="1"/>
</pin_list>
<bind>
<opset="adj_list "/>
</bind>
</comp>

<comp id="139" class="1005" name="Pcurr_reg_139">
<pin_list>
<pin id="140" dir="0" index="0" bw="64" slack="1"/>
<pin id="141" dir="1" index="1" bw="64" slack="1"/>
</pin_list>
<bind>
<opset="Pcurr "/>
</bind>
</comp>

</comp_list>

<net_list>
<net id="66"><net_src comp="18" pin="0"/><net_sink comp="62" pin=0"/></net>

<net id="67"><net_src comp="6" pin="0"/><net_sink comp="62" pin=1"/></net>

<net id="72"><net_src comp="18" pin="0"/><net_sink comp="68" pin=0"/></net>

<net id="73"><net_src comp="2" pin="0"/><net_sink comp="68" pin=1"/></net>

<net id="78"><net_src comp="20" pin="0"/><net_sink comp="74" pin=0"/></net>

<net id="79"><net_src comp="8" pin="0"/><net_sink comp="74" pin=1"/></net>

<net id="84"><net_src comp="22" pin="0"/><net_sink comp="80" pin=0"/></net>

<net id="85"><net_src comp="10" pin="0"/><net_sink comp="80" pin=1"/></net>

<net id="90"><net_src comp="20" pin="0"/><net_sink comp="86" pin=0"/></net>

<net id="91"><net_src comp="12" pin="0"/><net_sink comp="86" pin=1"/></net>

<net id="96"><net_src comp="20" pin="0"/><net_sink comp="92" pin=0"/></net>

<net id="97"><net_src comp="14" pin="0"/><net_sink comp="92" pin=1"/></net>

<net id="110"><net_src comp="26" pin="0"/><net_sink comp="98" pin=0"/></net>

<net id="111"><net_src comp="0" pin="0"/><net_sink comp="98" pin=4"/></net>

<net id="112"><net_src comp="4" pin="0"/><net_sink comp="98" pin=8"/></net>

<net id="113"><net_src comp="16" pin="0"/><net_sink comp="98" pin=9"/></net>

<net id="117"><net_src comp="62" pin="2"/><net_sink comp="114" pin=0"/></net>

<net id="118"><net_src comp="114" pin="1"/><net_sink comp="98" pin=6"/></net>

<net id="122"><net_src comp="68" pin="2"/><net_sink comp="119" pin=0"/></net>

<net id="123"><net_src comp="119" pin="1"/><net_sink comp="98" pin=2"/></net>

<net id="127"><net_src comp="74" pin="2"/><net_sink comp="124" pin=0"/></net>

<net id="128"><net_src comp="124" pin="1"/><net_sink comp="98" pin=3"/></net>

<net id="132"><net_src comp="80" pin="2"/><net_sink comp="129" pin=0"/></net>

<net id="133"><net_src comp="129" pin="1"/><net_sink comp="98" pin=1"/></net>

<net id="137"><net_src comp="86" pin="2"/><net_sink comp="134" pin=0"/></net>

<net id="138"><net_src comp="134" pin="1"/><net_sink comp="98" pin=5"/></net>

<net id="142"><net_src comp="92" pin="2"/><net_sink comp="139" pin=0"/></net>

<net id="143"><net_src comp="139" pin="1"/><net_sink comp="98" pin=7"/></net>

</net_list>

</model> 
---------------- Datapath Model END ------------------

* FSMD analyzer results:
  - Output states:
	Port: gmem_CHN_1 | {}
	Port: gmem_CHN_2 | {}
	Port: adder_in_feed_1 | {2 3 }
 - Input state : 
	Port: readVertex : gmem_CHN_1 | {2 3 }
	Port: readVertex : mem0 | {1 }
	Port: readVertex : gmem_CHN_2 | {2 3 }
	Port: readVertex : mem1 | {1 }
	Port: readVertex : v_neighbours_stream | {1 }
	Port: readVertex : v_size_0 | {1 }
	Port: readVertex : adj_lists | {1 }
	Port: readVertex : Pcurrs | {1 }
  - Chain level:
	State 1
	State 2
	State 3


============================================================
+ Verbose Summary: Datapath Resource usage 
============================================================

* Functional unit list:
|----------|-----------------------------------------------|---------|---------|---------|
| Operation|                Functional Unit                |  Delay  |    FF   |   LUT   |
|----------|-----------------------------------------------|---------|---------|---------|
|   call   | grp_readVertex_Pipeline_VITIS_LOOP_92_1_fu_98 |  1.548  |   958   |   862   |
|----------|-----------------------------------------------|---------|---------|---------|
|          |              mem1_read_read_fu_62             |    0    |    0    |    0    |
|          |              mem0_read_read_fu_68             |    0    |    0    |    0    |
|   read   |            v_neighbours_read_fu_74            |    0    |    0    |    0    |
|          |               v_size_read_fu_80               |    0    |    0    |    0    |
|          |              adj_list_read_fu_86              |    0    |    0    |    0    |
|          |                Pcurr_read_fu_92               |    0    |    0    |    0    |
|----------|-----------------------------------------------|---------|---------|---------|
|   Total  |                                               |  1.548  |   958   |   862   |
|----------|-----------------------------------------------|---------|---------|---------|

Memories:
N/A

* Register list:
+--------------------+--------+
|                    |   FF   |
+--------------------+--------+
|    Pcurr_reg_139   |   64   |
|  adj_list_reg_134  |   64   |
|  mem0_read_reg_119 |   64   |
|  mem1_read_reg_114 |   64   |
|v_neighbours_reg_124|   64   |
|   v_size_reg_129   |   32   |
+--------------------+--------+
|        Total       |   352  |
+--------------------+--------+

* Multiplexer (MUX) list: 
|--------|------|------|------|--------|
|  Comp  |  Pin | Size |  BW  | S x BW |
|--------|------|------|------|--------|
|  Total |      |      |      |    0   |
|--------|------|------|------|--------|



* Summary:
+-----------+--------+--------+--------+
|           |  Delay |   FF   |   LUT  |
+-----------+--------+--------+--------+
|  Function |    1   |   958  |   862  |
|   Memory  |    -   |    -   |    -   |
|Multiplexer|    -   |    -   |    -   |
|  Register |    -   |   352  |    -   |
+-----------+--------+--------+--------+
|   Total   |    1   |  1310  |   862  |
+-----------+--------+--------+--------+
