

================================================================
== Vitis HLS Report for 'vertex_map'
================================================================
* Date:           Thu Aug 14 17:22:49 2025

* Version:        2024.1 (Build 5069499 on May 21 2024)
* Project:        vertex_map
* Solution:       hls (Vivado IP Flow Target)
* Product family: virtexuplusHBM
* Target device:  xcu55c-fsvh2892-2LV-e


================================================================
== Performance Estimates
================================================================
+ Timing: 
    * Summary: 
    +--------+---------+----------+------------+
    |  Clock |  Target | Estimated| Uncertainty|
    +--------+---------+----------+------------+
    |ap_clk  |  4.00 ns|  2.920 ns|     1.08 ns|
    +--------+---------+----------+------------+

+ Latency: 
    * Summary: 
    +---------+---------+----------+----------+-----+-----+----------+
    |  Latency (cycles) |  Latency (absolute) |  Interval | Pipeline |
    |   min   |   max   |    min   |    max   | min | max |   Type   |
    +---------+---------+----------+----------+-----+-----+----------+
    |        ?|        ?|         ?|         ?|    ?|    ?|  dataflow|
    +---------+---------+----------+----------+-----+-----+----------+

    + Detail: 
        * Instance: 
        +---------------------+------------------+---------+---------+----------+----------+-----+-----+---------+
        |                     |                  |  Latency (cycles) |  Latency (absolute) |  Interval | Pipeline|
        |       Instance      |      Module      |   min   |   max   |    min   |    max   | min | max |   Type  |
        +---------------------+------------------+---------+---------+----------+----------+-----+-----+---------+
        |entry_proc_U0        |entry_proc        |        0|        0|      0 ns|      0 ns|    0|    0|       no|
        |read_task_U0         |read_task         |       74|       74|  0.296 us|  0.296 us|   74|   74|       no|
        |readVertex_U0        |readVertex        |        ?|        ?|         ?|         ?|    ?|    ?|       no|
        |feed_adder_value_U0  |feed_adder_value  |        ?|        ?|         ?|         ?|    ?|    ?|       no|
        |adder_function_U0    |adder_function    |        ?|        ?|         ?|         ?|    ?|    ?|       no|
        |write_arg_U0         |write_arg         |      141|      141|  0.564 us|  0.564 us|  141|  141|       no|
        +---------------------+------------------+---------+---------+----------+----------+-----+-----+---------+

        * Loop: 
        N/A



================================================================
== Utilization Estimates
================================================================
* Summary: 
+---------------------+---------+------+---------+---------+-----+
|         Name        | BRAM_18K|  DSP |    FF   |   LUT   | URAM|
+---------------------+---------+------+---------+---------+-----+
|DSP                  |        -|     -|        -|        -|    -|
|Expression           |        -|     -|        -|        -|    -|
|FIFO                 |        0|     -|     1971|     1673|    -|
|Instance             |        6|     7|     5527|     7097|    0|
|Memory               |        -|     -|        -|        -|    -|
|Multiplexer          |        -|     -|        -|        -|    -|
|Register             |        -|     -|        -|        -|    -|
+---------------------+---------+------+---------+---------+-----+
|Total                |        6|     7|     7498|     8770|    0|
+---------------------+---------+------+---------+---------+-----+
|Available SLR        |     1344|  3008|   869120|   434560|  320|
+---------------------+---------+------+---------+---------+-----+
|Utilization SLR (%)  |       ~0|    ~0|       ~0|        2|    0|
+---------------------+---------+------+---------+---------+-----+
|Available            |     4032|  9024|  2607360|  1303680|  960|
+---------------------+---------+------+---------+---------+-----+
|Utilization (%)      |       ~0|    ~0|       ~0|       ~0|    0|
+---------------------+---------+------+---------+---------+-----+

+ Detail: 
    * Instance: 
    +---------------------+------------------+---------+----+------+------+-----+
    |       Instance      |      Module      | BRAM_18K| DSP|  FF  |  LUT | URAM|
    +---------------------+------------------+---------+----+------+------+-----+
    |adder_function_U0    |adder_function    |        0|   2|   585|   639|    0|
    |control_s_axi_U      |control_s_axi     |        0|   0|   310|   552|    0|
    |entry_proc_U0        |entry_proc        |        0|   0|     2|    20|    0|
    |feed_adder_value_U0  |feed_adder_value  |        0|   0|    83|   300|    0|
    |gmem_m_axi_U         |gmem_m_axi        |        6|   0|  1420|  1194|    0|
    |readVertex_U0        |readVertex        |        0|   0|  1096|  1895|    0|
    |read_task_U0         |read_task         |        0|   0|   841|   582|    0|
    |write_arg_U0         |write_arg         |        0|   5|  1190|  1915|    0|
    +---------------------+------------------+---------+----+------+------+-----+
    |Total                |                  |        6|   7|  5527|  7097|    0|
    +---------------------+------------------+---------+----+------+------+-----+

    * DSP: 
    N/A

    * Memory: 
    N/A

    * FIFO: 
    +-----------------------+---------+------+----+-----+------+-----+---------+
    |          Name         | BRAM_18K|  FF  | LUT| URAM| Depth| Bits| Size:D*B|
    +-----------------------+---------+------+----+-----+------+-----+---------+
    |Pcurrs_U               |        0|     7|   0|    -|     9|   64|      576|
    |adder_in_feed_0_U      |        0|   121|   0|    -|   128|   32|     4096|
    |adder_in_feed_1_U      |        0|   121|   0|    -|   128|   32|     4096|
    |adder_results_U        |        0|   121|   0|    -|   128|   32|     4096|
    |adj_lists_U            |        0|     7|   0|    -|     9|   64|      576|
    |mem_5_c_U              |        0|     7|   0|    -|     5|   64|      320|
    |sums_stream_U          |        0|     7|   0|    -|     9|   32|      288|
    |taskToWrite_U          |        0|  1552|   0|    -|     9|  480|     4320|
    |v_neighbours_stream_U  |        0|     7|   0|    -|     9|   64|      576|
    |v_size_0_U             |        0|     7|   0|    -|     9|   32|      288|
    |v_size_1_U             |        0|     7|   0|    -|     9|   32|      288|
    |v_size_2_U             |        0|     7|   0|    -|     9|   32|      288|
    +-----------------------+---------+------+----+-----+------+-----+---------+
    |Total                  |        0|  1971|   0|    0|   461|  960|    19808|
    +-----------------------+---------+------+----+-----+------+-----+---------+

    * Expression: 
    N/A

    * Multiplexer: 
    N/A

    * Register: 
    N/A



================================================================
== Interface
================================================================
* Summary: 
+-----------------------+-----+-----+--------------+---------------+--------------+
|       RTL Ports       | Dir | Bits|   Protocol   | Source Object |    C Type    |
+-----------------------+-----+-----+--------------+---------------+--------------+
|s_axi_control_AWVALID  |   in|    1|         s_axi|        control|        scalar|
|s_axi_control_AWREADY  |  out|    1|         s_axi|        control|        scalar|
|s_axi_control_AWADDR   |   in|    6|         s_axi|        control|        scalar|
|s_axi_control_WVALID   |   in|    1|         s_axi|        control|        scalar|
|s_axi_control_WREADY   |  out|    1|         s_axi|        control|        scalar|
|s_axi_control_WDATA    |   in|   32|         s_axi|        control|        scalar|
|s_axi_control_WSTRB    |   in|    4|         s_axi|        control|        scalar|
|s_axi_control_ARVALID  |   in|    1|         s_axi|        control|        scalar|
|s_axi_control_ARREADY  |  out|    1|         s_axi|        control|        scalar|
|s_axi_control_ARADDR   |   in|    6|         s_axi|        control|        scalar|
|s_axi_control_RVALID   |  out|    1|         s_axi|        control|        scalar|
|s_axi_control_RREADY   |   in|    1|         s_axi|        control|        scalar|
|s_axi_control_RDATA    |  out|   32|         s_axi|        control|        scalar|
|s_axi_control_RRESP    |  out|    2|         s_axi|        control|        scalar|
|s_axi_control_BVALID   |  out|    1|         s_axi|        control|        scalar|
|s_axi_control_BREADY   |   in|    1|         s_axi|        control|        scalar|
|s_axi_control_BRESP    |  out|    2|         s_axi|        control|        scalar|
|ap_clk                 |   in|    1|  ap_ctrl_none|     vertex_map|  return value|
|ap_rst_n               |   in|    1|  ap_ctrl_none|     vertex_map|  return value|
|m_axi_gmem_AWVALID     |  out|    1|         m_axi|           gmem|       pointer|
|m_axi_gmem_AWREADY     |   in|    1|         m_axi|           gmem|       pointer|
|m_axi_gmem_AWADDR      |  out|   64|         m_axi|           gmem|       pointer|
|m_axi_gmem_AWID        |  out|    3|         m_axi|           gmem|       pointer|
|m_axi_gmem_AWLEN       |  out|    8|         m_axi|           gmem|       pointer|
|m_axi_gmem_AWSIZE      |  out|    3|         m_axi|           gmem|       pointer|
|m_axi_gmem_AWBURST     |  out|    2|         m_axi|           gmem|       pointer|
|m_axi_gmem_AWLOCK      |  out|    2|         m_axi|           gmem|       pointer|
|m_axi_gmem_AWCACHE     |  out|    4|         m_axi|           gmem|       pointer|
|m_axi_gmem_AWPROT      |  out|    3|         m_axi|           gmem|       pointer|
|m_axi_gmem_AWQOS       |  out|    4|         m_axi|           gmem|       pointer|
|m_axi_gmem_AWREGION    |  out|    4|         m_axi|           gmem|       pointer|
|m_axi_gmem_AWUSER      |  out|    1|         m_axi|           gmem|       pointer|
|m_axi_gmem_WVALID      |  out|    1|         m_axi|           gmem|       pointer|
|m_axi_gmem_WREADY      |   in|    1|         m_axi|           gmem|       pointer|
|m_axi_gmem_WDATA       |  out|  256|         m_axi|           gmem|       pointer|
|m_axi_gmem_WSTRB       |  out|   32|         m_axi|           gmem|       pointer|
|m_axi_gmem_WLAST       |  out|    1|         m_axi|           gmem|       pointer|
|m_axi_gmem_WID         |  out|    3|         m_axi|           gmem|       pointer|
|m_axi_gmem_WUSER       |  out|    1|         m_axi|           gmem|       pointer|
|m_axi_gmem_ARVALID     |  out|    1|         m_axi|           gmem|       pointer|
|m_axi_gmem_ARREADY     |   in|    1|         m_axi|           gmem|       pointer|
|m_axi_gmem_ARADDR      |  out|   64|         m_axi|           gmem|       pointer|
|m_axi_gmem_ARID        |  out|    3|         m_axi|           gmem|       pointer|
|m_axi_gmem_ARLEN       |  out|    8|         m_axi|           gmem|       pointer|
|m_axi_gmem_ARSIZE      |  out|    3|         m_axi|           gmem|       pointer|
|m_axi_gmem_ARBURST     |  out|    2|         m_axi|           gmem|       pointer|
|m_axi_gmem_ARLOCK      |  out|    2|         m_axi|           gmem|       pointer|
|m_axi_gmem_ARCACHE     |  out|    4|         m_axi|           gmem|       pointer|
|m_axi_gmem_ARPROT      |  out|    3|         m_axi|           gmem|       pointer|
|m_axi_gmem_ARQOS       |  out|    4|         m_axi|           gmem|       pointer|
|m_axi_gmem_ARREGION    |  out|    4|         m_axi|           gmem|       pointer|
|m_axi_gmem_ARUSER      |  out|    1|         m_axi|           gmem|       pointer|
|m_axi_gmem_RVALID      |   in|    1|         m_axi|           gmem|       pointer|
|m_axi_gmem_RREADY      |  out|    1|         m_axi|           gmem|       pointer|
|m_axi_gmem_RDATA       |   in|  256|         m_axi|           gmem|       pointer|
|m_axi_gmem_RLAST       |   in|    1|         m_axi|           gmem|       pointer|
|m_axi_gmem_RID         |   in|    3|         m_axi|           gmem|       pointer|
|m_axi_gmem_RUSER       |   in|    1|         m_axi|           gmem|       pointer|
|m_axi_gmem_RRESP       |   in|    2|         m_axi|           gmem|       pointer|
|m_axi_gmem_BVALID      |   in|    1|         m_axi|           gmem|       pointer|
|m_axi_gmem_BREADY      |  out|    1|         m_axi|           gmem|       pointer|
|m_axi_gmem_BRESP       |   in|    2|         m_axi|           gmem|       pointer|
|m_axi_gmem_BID         |   in|    3|         m_axi|           gmem|       pointer|
|m_axi_gmem_BUSER       |   in|    1|         m_axi|           gmem|       pointer|
|taskIn_TDATA           |   in|  512|          axis|         taskIn|       pointer|
|taskIn_TVALID          |   in|    1|          axis|         taskIn|       pointer|
|taskIn_TREADY          |  out|    1|          axis|         taskIn|       pointer|
|taskOutGlobal_TDATA    |  out|  512|          axis|  taskOutGlobal|       pointer|
|taskOutGlobal_TVALID   |  out|    1|          axis|  taskOutGlobal|       pointer|
|taskOutGlobal_TREADY   |   in|    1|          axis|  taskOutGlobal|       pointer|
+-----------------------+-----+-----+--------------+---------------+--------------+

============================================================
+ Verbose Summary: Synthesis Manager
============================================================
InlineROM: 1
ExposeGlobal: 0
============================================================
+ Verbose Summary: CDFG Model
============================================================
IsTopModel: 1
ResetActiveHigh: 1
IsCombinational: 2
IsDatapathOnly: 2
HasWiredReturn: 1
HasMFsm: 0
HasVarLatency: 1
IsPipeline: 0
IsRtlPipelined: 0
IsInstanceOverlapped: 0
IsDontTouch: 0
HasImplIP: 0
IsGatedGlobalClock: 0


============================================================
+ Verbose Summary: Schedule
============================================================
* Number of FSM states : 10
* Pipeline : 0
* Dataflow Pipeline: 1
  DF-Pipeline-0: Size = 10, States = { 1 2 3 4 5 6 7 8 9 10 }

* FSM state transitions: 
1 --> 2 
2 --> 3 
3 --> 4 
4 --> 5 
5 --> 6 
6 --> 7 
7 --> 8 
8 --> 9 
9 --> 10 
10 --> 

* FSM state operations: 

State 1 <SV = 0> <Delay = 0.00>
ST_1 : Operation 11 [1/1] (0.00ns)   --->   "%mem_5_c = alloca i64 1" [../pageRankReduce/pageRank.cpp:295]   --->   Operation 11 'alloca' 'mem_5_c' <Predicate = true> <Delay = 0.00> <CoreInst = "FIFO_SRL">   --->   Core 80 'FIFO_SRL' <Latency = 0> <II = 1> <Delay = 1.40> <Storage> <Opcode : 'read' 'write' 'nbread' 'nbwrite'> <Ports = 0> <Width = 64> <Depth = 5> <FIFO>
ST_1 : Operation 12 [1/1] (0.00ns)   --->   "%adder_in_feed_0 = alloca i64 1" [../pageRankReduce/pageRank.cpp:296]   --->   Operation 12 'alloca' 'adder_in_feed_0' <Predicate = true> <Delay = 0.00> <CoreInst = "FIFO">   --->   Core 77 'FIFO' <Latency = 0> <II = 1> <Delay = 1.14> <Storage> <Opcode : 'read' 'write' 'nbread' 'nbwrite'> <Ports = 0> <Width = 32> <Depth = 128> <FIFO>
ST_1 : Operation 13 [1/1] (0.00ns)   --->   "%adder_in_feed_1 = alloca i64 1" [../pageRankReduce/pageRank.cpp:297]   --->   Operation 13 'alloca' 'adder_in_feed_1' <Predicate = true> <Delay = 0.00> <CoreInst = "FIFO">   --->   Core 77 'FIFO' <Latency = 0> <II = 1> <Delay = 1.14> <Storage> <Opcode : 'read' 'write' 'nbread' 'nbwrite'> <Ports = 0> <Width = 32> <Depth = 128> <FIFO>
ST_1 : Operation 14 [1/1] (0.00ns)   --->   "%adder_results = alloca i64 1" [../pageRankReduce/pageRank.cpp:298]   --->   Operation 14 'alloca' 'adder_results' <Predicate = true> <Delay = 0.00> <CoreInst = "FIFO">   --->   Core 77 'FIFO' <Latency = 0> <II = 1> <Delay = 1.14> <Storage> <Opcode : 'read' 'write' 'nbread' 'nbwrite'> <Ports = 0> <Width = 32> <Depth = 128> <FIFO>
ST_1 : Operation 15 [1/1] (0.00ns)   --->   "%v_size_0 = alloca i64 1" [../pageRankReduce/pageRank.cpp:301]   --->   Operation 15 'alloca' 'v_size_0' <Predicate = true> <Delay = 0.00> <CoreInst = "FIFO_SRL">   --->   Core 80 'FIFO_SRL' <Latency = 0> <II = 1> <Delay = 1.43> <Storage> <Opcode : 'read' 'write' 'nbread' 'nbwrite'> <Ports = 0> <Width = 32> <Depth = 9> <FIFO>
ST_1 : Operation 16 [1/1] (0.00ns)   --->   "%v_size_1 = alloca i64 1" [../pageRankReduce/pageRank.cpp:302]   --->   Operation 16 'alloca' 'v_size_1' <Predicate = true> <Delay = 0.00> <CoreInst = "FIFO_SRL">   --->   Core 80 'FIFO_SRL' <Latency = 0> <II = 1> <Delay = 1.43> <Storage> <Opcode : 'read' 'write' 'nbread' 'nbwrite'> <Ports = 0> <Width = 32> <Depth = 9> <FIFO>
ST_1 : Operation 17 [1/1] (0.00ns)   --->   "%v_size_2 = alloca i64 1" [../pageRankReduce/pageRank.cpp:303]   --->   Operation 17 'alloca' 'v_size_2' <Predicate = true> <Delay = 0.00> <CoreInst = "FIFO_SRL">   --->   Core 80 'FIFO_SRL' <Latency = 0> <II = 1> <Delay = 1.43> <Storage> <Opcode : 'read' 'write' 'nbread' 'nbwrite'> <Ports = 0> <Width = 32> <Depth = 9> <FIFO>
ST_1 : Operation 18 [1/1] (0.00ns)   --->   "%Pcurrs = alloca i64 1" [../pageRankReduce/pageRank.cpp:305]   --->   Operation 18 'alloca' 'Pcurrs' <Predicate = true> <Delay = 0.00> <CoreInst = "FIFO_SRL">   --->   Core 80 'FIFO_SRL' <Latency = 0> <II = 1> <Delay = 1.37> <Storage> <Opcode : 'read' 'write' 'nbread' 'nbwrite'> <Ports = 0> <Width = 64> <Depth = 9> <FIFO>
ST_1 : Operation 19 [1/1] (0.00ns)   --->   "%adj_lists = alloca i64 1" [../pageRankReduce/pageRank.cpp:306]   --->   Operation 19 'alloca' 'adj_lists' <Predicate = true> <Delay = 0.00> <CoreInst = "FIFO_SRL">   --->   Core 80 'FIFO_SRL' <Latency = 0> <II = 1> <Delay = 1.37> <Storage> <Opcode : 'read' 'write' 'nbread' 'nbwrite'> <Ports = 0> <Width = 64> <Depth = 9> <FIFO>
ST_1 : Operation 20 [1/1] (0.00ns)   --->   "%v_neighbours_stream = alloca i64 1" [../pageRankReduce/pageRank.cpp:307]   --->   Operation 20 'alloca' 'v_neighbours_stream' <Predicate = true> <Delay = 0.00> <CoreInst = "FIFO_SRL">   --->   Core 80 'FIFO_SRL' <Latency = 0> <II = 1> <Delay = 1.37> <Storage> <Opcode : 'read' 'write' 'nbread' 'nbwrite'> <Ports = 0> <Width = 64> <Depth = 9> <FIFO>
ST_1 : Operation 21 [1/1] (0.00ns)   --->   "%sums_stream = alloca i64 1" [../pageRankReduce/pageRank.cpp:309]   --->   Operation 21 'alloca' 'sums_stream' <Predicate = true> <Delay = 0.00> <CoreInst = "FIFO_SRL">   --->   Core 80 'FIFO_SRL' <Latency = 0> <II = 1> <Delay = 1.43> <Storage> <Opcode : 'read' 'write' 'nbread' 'nbwrite'> <Ports = 0> <Width = 32> <Depth = 9> <FIFO>
ST_1 : Operation 22 [1/1] (0.00ns)   --->   "%taskToWrite = alloca i64 1"   --->   Operation 22 'alloca' 'taskToWrite' <Predicate = true> <Delay = 0.00> <CoreInst = "FIFO">   --->   Core 77 'FIFO' <Latency = 0> <II = 1> <Delay = 1.23> <Storage> <Opcode : 'read' 'write' 'nbread' 'nbwrite'> <Ports = 0> <Width = 480> <Depth = 9> <FIFO>

State 2 <SV = 1> <Delay = 2.40>
ST_2 : Operation 23 [1/1] (1.00ns)   --->   "%mem_5_read = read i64 @_ssdm_op_Read.s_axilite.i64, i64 %mem_5" [../pageRankReduce/pageRank.cpp:295]   --->   Operation 23 'read' 'mem_5_read' <Predicate = true> <Delay = 1.00> <CoreInst = "s_axilite">   --->   Core 120 's_axilite' <Latency = 0> <II = 1> <Delay = 1.00> <Adapter> <Opcode : 'read' 'write'>
ST_2 : Operation 24 [1/1] (1.00ns)   --->   "%mem_2_read = read i64 @_ssdm_op_Read.s_axilite.i64, i64 %mem_2" [../pageRankReduce/pageRank.cpp:295]   --->   Operation 24 'read' 'mem_2_read' <Predicate = true> <Delay = 1.00> <CoreInst = "s_axilite">   --->   Core 120 's_axilite' <Latency = 0> <II = 1> <Delay = 1.00> <Adapter> <Opcode : 'read' 'write'>
ST_2 : Operation 25 [1/1] (1.00ns)   --->   "%mem_1_read = read i64 @_ssdm_op_Read.s_axilite.i64, i64 %mem_1" [../pageRankReduce/pageRank.cpp:295]   --->   Operation 25 'read' 'mem_1_read' <Predicate = true> <Delay = 1.00> <CoreInst = "s_axilite">   --->   Core 120 's_axilite' <Latency = 0> <II = 1> <Delay = 1.00> <Adapter> <Opcode : 'read' 'write'>
ST_2 : Operation 26 [1/1] (1.00ns)   --->   "%mem_0_read = read i64 @_ssdm_op_Read.s_axilite.i64, i64 %mem_0" [../pageRankReduce/pageRank.cpp:295]   --->   Operation 26 'read' 'mem_0_read' <Predicate = true> <Delay = 1.00> <CoreInst = "s_axilite">   --->   Core 120 's_axilite' <Latency = 0> <II = 1> <Delay = 1.00> <Adapter> <Opcode : 'read' 'write'>
ST_2 : Operation 27 [1/1] (1.40ns)   --->   "%call_ln295 = call void @entry_proc, i64 %mem_5_read, i64 %mem_5_c" [../pageRankReduce/pageRank.cpp:295]   --->   Operation 27 'call' 'call_ln295' <Predicate = true> <Delay = 1.40> <CoreType = "Generic">   --->   Core 0 '' <Latency = 0> <II = 1> <Delay = 1.00> <Generic> <Opcode : >
ST_2 : Operation 28 [2/2] (0.84ns)   --->   "%call_ln92 = call void @read_task, i64 %gmem_CHN_0, i64 %mem_0_read, i512 %taskIn, i64 %v_neighbours_stream, i64 %Pcurrs, i64 %adj_lists, i32 %v_size_0, i32 %v_size_1, i32 %v_size_2, i480 %taskToWrite" [/alpha/tools/Xilinx/Vitis_HLS/2024.1/common/technology/autopilot/hls_task.h:92->../pageRankReduce/pageRank.cpp:317]   --->   Operation 28 'call' 'call_ln92' <Predicate = true> <Delay = 0.84> <CoreType = "Generic">   --->   Core 0 '' <Latency = 0> <II = 1> <Delay = 1.00> <Generic> <Opcode : >

State 3 <SV = 2> <Delay = 0.00>
ST_3 : Operation 29 [1/2] (0.00ns)   --->   "%call_ln92 = call void @read_task, i64 %gmem_CHN_0, i64 %mem_0_read, i512 %taskIn, i64 %v_neighbours_stream, i64 %Pcurrs, i64 %adj_lists, i32 %v_size_0, i32 %v_size_1, i32 %v_size_2, i480 %taskToWrite" [/alpha/tools/Xilinx/Vitis_HLS/2024.1/common/technology/autopilot/hls_task.h:92->../pageRankReduce/pageRank.cpp:317]   --->   Operation 29 'call' 'call_ln92' <Predicate = true> <Delay = 0.00> <CoreType = "Generic">   --->   Core 0 '' <Latency = 0> <II = 1> <Delay = 1.00> <Generic> <Opcode : >

State 4 <SV = 3> <Delay = 0.00>
ST_4 : Operation 30 [2/2] (0.00ns)   --->   "%call_ln92 = call void @readVertex, i64 %gmem_CHN_1, i64 %mem_1_read, i64 %gmem_CHN_2, i64 %mem_2_read, i64 %v_neighbours_stream, i32 %v_size_0, i64 %adj_lists, i64 %Pcurrs, i32 %adder_in_feed_1" [/alpha/tools/Xilinx/Vitis_HLS/2024.1/common/technology/autopilot/hls_task.h:92->../pageRankReduce/pageRank.cpp:330]   --->   Operation 30 'call' 'call_ln92' <Predicate = true> <Delay = 0.00> <CoreType = "Generic">   --->   Core 0 '' <Latency = 0> <II = 1> <Delay = 1.00> <Generic> <Opcode : >
ST_4 : Operation 31 [2/2] (0.00ns)   --->   "%call_ln92 = call void @feed_adder_value, i32 %v_size_1, i32 %adder_results, i32 %adder_in_feed_0" [/alpha/tools/Xilinx/Vitis_HLS/2024.1/common/technology/autopilot/hls_task.h:92->../pageRankReduce/pageRank.cpp:334]   --->   Operation 31 'call' 'call_ln92' <Predicate = true> <Delay = 0.00> <CoreType = "Generic">   --->   Core 0 '' <Latency = 0> <II = 1> <Delay = 1.00> <Generic> <Opcode : >

State 5 <SV = 4> <Delay = 0.00>
ST_5 : Operation 32 [1/2] (0.00ns)   --->   "%call_ln92 = call void @readVertex, i64 %gmem_CHN_1, i64 %mem_1_read, i64 %gmem_CHN_2, i64 %mem_2_read, i64 %v_neighbours_stream, i32 %v_size_0, i64 %adj_lists, i64 %Pcurrs, i32 %adder_in_feed_1" [/alpha/tools/Xilinx/Vitis_HLS/2024.1/common/technology/autopilot/hls_task.h:92->../pageRankReduce/pageRank.cpp:330]   --->   Operation 32 'call' 'call_ln92' <Predicate = true> <Delay = 0.00> <CoreType = "Generic">   --->   Core 0 '' <Latency = 0> <II = 1> <Delay = 1.00> <Generic> <Opcode : >
ST_5 : Operation 33 [1/2] (0.00ns)   --->   "%call_ln92 = call void @feed_adder_value, i32 %v_size_1, i32 %adder_results, i32 %adder_in_feed_0" [/alpha/tools/Xilinx/Vitis_HLS/2024.1/common/technology/autopilot/hls_task.h:92->../pageRankReduce/pageRank.cpp:334]   --->   Operation 33 'call' 'call_ln92' <Predicate = true> <Delay = 0.00> <CoreType = "Generic">   --->   Core 0 '' <Latency = 0> <II = 1> <Delay = 1.00> <Generic> <Opcode : >

State 6 <SV = 5> <Delay = 0.00>
ST_6 : Operation 34 [2/2] (0.00ns)   --->   "%call_ln92 = call void @adder_function, i32 %v_size_2, i32 %sums_stream, i32 %adder_results, i32 %adder_in_feed_0, i32 %adder_in_feed_1" [/alpha/tools/Xilinx/Vitis_HLS/2024.1/common/technology/autopilot/hls_task.h:92->../pageRankReduce/pageRank.cpp:337]   --->   Operation 34 'call' 'call_ln92' <Predicate = true> <Delay = 0.00> <CoreType = "Generic">   --->   Core 0 '' <Latency = 0> <II = 1> <Delay = 1.00> <Generic> <Opcode : >

State 7 <SV = 6> <Delay = 0.00>
ST_7 : Operation 35 [1/2] (0.00ns)   --->   "%call_ln92 = call void @adder_function, i32 %v_size_2, i32 %sums_stream, i32 %adder_results, i32 %adder_in_feed_0, i32 %adder_in_feed_1" [/alpha/tools/Xilinx/Vitis_HLS/2024.1/common/technology/autopilot/hls_task.h:92->../pageRankReduce/pageRank.cpp:337]   --->   Operation 35 'call' 'call_ln92' <Predicate = true> <Delay = 0.00> <CoreType = "Generic">   --->   Core 0 '' <Latency = 0> <II = 1> <Delay = 1.00> <Generic> <Opcode : >

State 8 <SV = 7> <Delay = 0.00>
ST_8 : Operation 36 [2/2] (0.00ns)   --->   "%call_ln92 = call void @write_arg, i64 %gmem_CHN_5, i64 %mem_5_c, i512 %taskOutGlobal, i480 %taskToWrite, i32 %sums_stream" [/alpha/tools/Xilinx/Vitis_HLS/2024.1/common/technology/autopilot/hls_task.h:92->../pageRankReduce/pageRank.cpp:342]   --->   Operation 36 'call' 'call_ln92' <Predicate = true> <Delay = 0.00> <CoreType = "Generic">   --->   Core 0 '' <Latency = 0> <II = 1> <Delay = 1.00> <Generic> <Opcode : >

State 9 <SV = 8> <Delay = 0.00>
ST_9 : Operation 37 [1/2] (0.00ns)   --->   "%call_ln92 = call void @write_arg, i64 %gmem_CHN_5, i64 %mem_5_c, i512 %taskOutGlobal, i480 %taskToWrite, i32 %sums_stream" [/alpha/tools/Xilinx/Vitis_HLS/2024.1/common/technology/autopilot/hls_task.h:92->../pageRankReduce/pageRank.cpp:342]   --->   Operation 37 'call' 'call_ln92' <Predicate = true> <Delay = 0.00> <CoreType = "Generic">   --->   Core 0 '' <Latency = 0> <II = 1> <Delay = 1.00> <Generic> <Opcode : >

State 10 <SV = 9> <Delay = 0.00>
ST_10 : Operation 38 [1/1] (0.00ns)   --->   "%empty = specchannel i32 @_ssdm_op_SpecChannel, void @mem_5_c_str, i32 1, void @p_str, void @p_str, i32 5, i32 0, i64 %mem_5_c, i64 %mem_5_c" [../pageRankReduce/pageRank.cpp:295]   --->   Operation 38 'specchannel' 'empty' <Predicate = true> <Delay = 0.00>
ST_10 : Operation 39 [1/1] (0.00ns)   --->   "%specinterface_ln295 = specinterface void @_ssdm_op_SpecInterface, i64 %mem_5_c, void @ap_fifo_str, i32 0, i32 0, void @p_str, i32 0, i32 0, void @p_str, void @p_str, void @p_str, i32 2, i32 2, i32 16, i32 16, void @p_str, void @p_str, i32 4294967295, i32 0, i32 0" [../pageRankReduce/pageRank.cpp:295]   --->   Operation 39 'specinterface' 'specinterface_ln295' <Predicate = true> <Delay = 0.00>
ST_10 : Operation 40 [1/1] (0.00ns)   --->   "%specdataflowpipeline_ln295 = specdataflowpipeline void @_ssdm_op_SpecDataflowPipeline, i32 4294967295, i32 1, void @empty_16" [../pageRankReduce/pageRank.cpp:295]   --->   Operation 40 'specdataflowpipeline' 'specdataflowpipeline_ln295' <Predicate = true> <Delay = 0.00>
ST_10 : Operation 41 [1/1] (0.00ns)   --->   "%spectopmodule_ln277 = spectopmodule void @_ssdm_op_SpecTopModule, void @empty_3" [../pageRankReduce/pageRank.cpp:277]   --->   Operation 41 'spectopmodule' 'spectopmodule_ln277' <Predicate = true> <Delay = 0.00>
ST_10 : Operation 42 [1/1] (0.00ns)   --->   "%specinterface_ln277 = specinterface void @_ssdm_op_SpecInterface, i32 0, void @empty_12, i32 0, i32 0, void @empty_16, i32 0, i32 0, void @empty_16, void @empty_16, void @empty_16, i32 0, i32 0, i32 0, i32 0, void @empty_16, void @empty_16, i32 4294967295, i32 0, i32 0" [../pageRankReduce/pageRank.cpp:277]   --->   Operation 42 'specinterface' 'specinterface_ln277' <Predicate = true> <Delay = 0.00>
ST_10 : Operation 43 [1/1] (0.00ns)   --->   "%specinterface_ln0 = specinterface void @_ssdm_op_SpecInterface, i64 %gmem_CHN_0, void @empty_17, i32 0, i32 0, void @empty_16, i32 64, i32 0, void @empty_15, void @empty_14, void @empty_16, i32 16, i32 16, i32 16, i32 16, void @empty_16, void @empty_16, i32 4294967295, i32 0, i32 0"   --->   Operation 43 'specinterface' 'specinterface_ln0' <Predicate = true> <Delay = 0.00>
ST_10 : Operation 44 [1/1] (0.00ns)   --->   "%specbitsmap_ln0 = specbitsmap void @_ssdm_op_SpecBitsMap, i64 %gmem_CHN_0"   --->   Operation 44 'specbitsmap' 'specbitsmap_ln0' <Predicate = true> <Delay = 0.00>
ST_10 : Operation 45 [1/1] (0.00ns)   --->   "%specmaxicache_ln0 = specmaxicache void @_ssdm_op_SpecMAXICache, i64 %gmem_CHN_1, i64 2, i64 4, i64 1, i64 1, i64 0, i64 0, void @empty_16"   --->   Operation 45 'specmaxicache' 'specmaxicache_ln0' <Predicate = true> <Delay = 0.00>
ST_10 : Operation 46 [1/1] (0.00ns)   --->   "%specinterface_ln0 = specinterface void @_ssdm_op_SpecInterface, i64 %gmem_CHN_1, void @empty_17, i32 0, i32 0, void @empty_16, i32 64, i32 0, void @empty_15, void @empty_14, void @empty_16, i32 64, i32 1, i32 16, i32 16, void @empty_16, void @empty_16, i32 4294967295, i32 0, i32 1"   --->   Operation 46 'specinterface' 'specinterface_ln0' <Predicate = true> <Delay = 0.00>
ST_10 : Operation 47 [1/1] (0.00ns)   --->   "%specbitsmap_ln0 = specbitsmap void @_ssdm_op_SpecBitsMap, i64 %gmem_CHN_1"   --->   Operation 47 'specbitsmap' 'specbitsmap_ln0' <Predicate = true> <Delay = 0.00>
ST_10 : Operation 48 [1/1] (0.00ns)   --->   "%specmaxicache_ln0 = specmaxicache void @_ssdm_op_SpecMAXICache, i64 %gmem_CHN_2, i64 2, i64 4, i64 1, i64 1, i64 0, i64 0, void @empty_16"   --->   Operation 48 'specmaxicache' 'specmaxicache_ln0' <Predicate = true> <Delay = 0.00>
ST_10 : Operation 49 [1/1] (0.00ns)   --->   "%specinterface_ln0 = specinterface void @_ssdm_op_SpecInterface, i64 %gmem_CHN_2, void @empty_17, i32 0, i32 0, void @empty_16, i32 64, i32 0, void @empty_15, void @empty_14, void @empty_16, i32 64, i32 1, i32 16, i32 16, void @empty_16, void @empty_16, i32 4294967295, i32 0, i32 2"   --->   Operation 49 'specinterface' 'specinterface_ln0' <Predicate = true> <Delay = 0.00>
ST_10 : Operation 50 [1/1] (0.00ns)   --->   "%specbitsmap_ln0 = specbitsmap void @_ssdm_op_SpecBitsMap, i64 %gmem_CHN_2"   --->   Operation 50 'specbitsmap' 'specbitsmap_ln0' <Predicate = true> <Delay = 0.00>
ST_10 : Operation 51 [1/1] (0.00ns)   --->   "%specinterface_ln0 = specinterface void @_ssdm_op_SpecInterface, i64 %gmem_CHN_5, void @empty_17, i32 0, i32 0, void @empty_16, i32 64, i32 0, void @empty_15, void @empty_14, void @empty_16, i32 64, i32 1, i32 16, i32 16, void @empty_16, void @empty_16, i32 4294967295, i32 0, i32 5"   --->   Operation 51 'specinterface' 'specinterface_ln0' <Predicate = true> <Delay = 0.00>
ST_10 : Operation 52 [1/1] (0.00ns)   --->   "%specbitsmap_ln0 = specbitsmap void @_ssdm_op_SpecBitsMap, i64 %gmem_CHN_5"   --->   Operation 52 'specbitsmap' 'specbitsmap_ln0' <Predicate = true> <Delay = 0.00>
ST_10 : Operation 53 [1/1] (0.00ns)   --->   "%specinterface_ln0 = specinterface void @_ssdm_op_SpecInterface, i64 %mem_0, void @empty_13, i32 0, i32 0, void @empty_16, i32 0, i32 0, void @empty_2, void @empty_0, void @empty_16, i32 0, i32 0, i32 0, i32 0, void @empty_16, void @empty_1, i32 4294967295, i32 0, i32 0"   --->   Operation 53 'specinterface' 'specinterface_ln0' <Predicate = true> <Delay = 0.00>
ST_10 : Operation 54 [1/1] (0.00ns)   --->   "%specinterface_ln0 = specinterface void @_ssdm_op_SpecInterface, i64 %mem_0, void @empty_20, i32 0, i32 0, void @empty_16, i32 0, i32 0, void @empty_16, void @empty_16, void @empty_16, i32 0, i32 0, i32 0, i32 0, void @empty_16, void @empty_1, i32 4294967295, i32 0, i32 0"   --->   Operation 54 'specinterface' 'specinterface_ln0' <Predicate = true> <Delay = 0.00>
ST_10 : Operation 55 [1/1] (0.00ns)   --->   "%specinterface_ln0 = specinterface void @_ssdm_op_SpecInterface, i64 %mem_1, void @empty_13, i32 0, i32 0, void @empty_16, i32 0, i32 0, void @empty_2, void @empty_19, void @empty_16, i32 0, i32 0, i32 0, i32 0, void @empty_16, void @empty_1, i32 4294967295, i32 0, i32 0"   --->   Operation 55 'specinterface' 'specinterface_ln0' <Predicate = true> <Delay = 0.00>
ST_10 : Operation 56 [1/1] (0.00ns)   --->   "%specinterface_ln0 = specinterface void @_ssdm_op_SpecInterface, i64 %mem_1, void @empty_20, i32 0, i32 0, void @empty_16, i32 0, i32 0, void @empty_16, void @empty_16, void @empty_16, i32 0, i32 0, i32 0, i32 0, void @empty_16, void @empty_1, i32 4294967295, i32 0, i32 0"   --->   Operation 56 'specinterface' 'specinterface_ln0' <Predicate = true> <Delay = 0.00>
ST_10 : Operation 57 [1/1] (0.00ns)   --->   "%specinterface_ln0 = specinterface void @_ssdm_op_SpecInterface, i64 %mem_2, void @empty_13, i32 0, i32 0, void @empty_16, i32 0, i32 0, void @empty_2, void @empty_18, void @empty_16, i32 0, i32 0, i32 0, i32 0, void @empty_16, void @empty_1, i32 4294967295, i32 0, i32 0"   --->   Operation 57 'specinterface' 'specinterface_ln0' <Predicate = true> <Delay = 0.00>
ST_10 : Operation 58 [1/1] (0.00ns)   --->   "%specinterface_ln0 = specinterface void @_ssdm_op_SpecInterface, i64 %mem_2, void @empty_20, i32 0, i32 0, void @empty_16, i32 0, i32 0, void @empty_16, void @empty_16, void @empty_16, i32 0, i32 0, i32 0, i32 0, void @empty_16, void @empty_1, i32 4294967295, i32 0, i32 0"   --->   Operation 58 'specinterface' 'specinterface_ln0' <Predicate = true> <Delay = 0.00>
ST_10 : Operation 59 [1/1] (0.00ns)   --->   "%specinterface_ln0 = specinterface void @_ssdm_op_SpecInterface, i64 %mem_5, void @empty_13, i32 0, i32 0, void @empty_16, i32 0, i32 0, void @empty_2, void @empty_7, void @empty_16, i32 0, i32 0, i32 0, i32 0, void @empty_16, void @empty_1, i32 4294967295, i32 0, i32 0"   --->   Operation 59 'specinterface' 'specinterface_ln0' <Predicate = true> <Delay = 0.00>
ST_10 : Operation 60 [1/1] (0.00ns)   --->   "%specinterface_ln0 = specinterface void @_ssdm_op_SpecInterface, i64 %mem_5, void @empty_20, i32 0, i32 0, void @empty_16, i32 0, i32 0, void @empty_16, void @empty_16, void @empty_16, i32 0, i32 0, i32 0, i32 0, void @empty_16, void @empty_1, i32 4294967295, i32 0, i32 0"   --->   Operation 60 'specinterface' 'specinterface_ln0' <Predicate = true> <Delay = 0.00>
ST_10 : Operation 61 [1/1] (0.00ns)   --->   "%specinterface_ln0 = specinterface void @_ssdm_op_SpecInterface, i512 %taskIn, void @empty_6, i32 1, i32 1, void @empty_5, i32 0, i32 0, void @empty_16, void @empty_16, void @empty_16, i32 0, i32 0, i32 0, i32 0, void @empty_16, void @empty_16, i32 4294967295, i32 0, i32 0"   --->   Operation 61 'specinterface' 'specinterface_ln0' <Predicate = true> <Delay = 0.00>
ST_10 : Operation 62 [1/1] (0.00ns)   --->   "%specbitsmap_ln0 = specbitsmap void @_ssdm_op_SpecBitsMap, i512 %taskIn"   --->   Operation 62 'specbitsmap' 'specbitsmap_ln0' <Predicate = true> <Delay = 0.00>
ST_10 : Operation 63 [1/1] (0.00ns)   --->   "%specinterface_ln0 = specinterface void @_ssdm_op_SpecInterface, i512 %taskOutGlobal, void @empty_6, i32 1, i32 1, void @empty_5, i32 0, i32 0, void @empty_16, void @empty_16, void @empty_16, i32 0, i32 0, i32 0, i32 0, void @empty_16, void @empty_16, i32 4294967295, i32 0, i32 0"   --->   Operation 63 'specinterface' 'specinterface_ln0' <Predicate = true> <Delay = 0.00>
ST_10 : Operation 64 [1/1] (0.00ns)   --->   "%specbitsmap_ln0 = specbitsmap void @_ssdm_op_SpecBitsMap, i512 %taskOutGlobal"   --->   Operation 64 'specbitsmap' 'specbitsmap_ln0' <Predicate = true> <Delay = 0.00>
ST_10 : Operation 65 [1/1] (0.00ns)   --->   "%empty_36 = specchannel i32 @_ssdm_op_SpecChannel, void @adder_in_feed_0_str, i32 1, void @p_str, void @p_str, i32 128, i32 128, i32 %adder_in_feed_0, i32 %adder_in_feed_0"   --->   Operation 65 'specchannel' 'empty_36' <Predicate = true> <Delay = 0.00>
ST_10 : Operation 66 [1/1] (0.00ns)   --->   "%specinterface_ln0 = specinterface void @_ssdm_op_SpecInterface, i32 %adder_in_feed_0, void @empty_4, i32 0, i32 0, void @empty_16, i32 0, i32 0, void @empty_16, void @empty_16, void @empty_16, i32 0, i32 0, i32 0, i32 0, void @empty_16, void @empty_16, i32 4294967295, i32 0, i32 0"   --->   Operation 66 'specinterface' 'specinterface_ln0' <Predicate = true> <Delay = 0.00>
ST_10 : Operation 67 [1/1] (0.00ns)   --->   "%empty_37 = specchannel i32 @_ssdm_op_SpecChannel, void @adder_in_feed_1_str, i32 1, void @p_str, void @p_str, i32 128, i32 128, i32 %adder_in_feed_1, i32 %adder_in_feed_1"   --->   Operation 67 'specchannel' 'empty_37' <Predicate = true> <Delay = 0.00>
ST_10 : Operation 68 [1/1] (0.00ns)   --->   "%specinterface_ln0 = specinterface void @_ssdm_op_SpecInterface, i32 %adder_in_feed_1, void @empty_4, i32 0, i32 0, void @empty_16, i32 0, i32 0, void @empty_16, void @empty_16, void @empty_16, i32 0, i32 0, i32 0, i32 0, void @empty_16, void @empty_16, i32 4294967295, i32 0, i32 0"   --->   Operation 68 'specinterface' 'specinterface_ln0' <Predicate = true> <Delay = 0.00>
ST_10 : Operation 69 [1/1] (0.00ns)   --->   "%empty_38 = specchannel i32 @_ssdm_op_SpecChannel, void @adder_results_str, i32 1, void @p_str, void @p_str, i32 128, i32 128, i32 %adder_results, i32 %adder_results"   --->   Operation 69 'specchannel' 'empty_38' <Predicate = true> <Delay = 0.00>
ST_10 : Operation 70 [1/1] (0.00ns)   --->   "%specinterface_ln0 = specinterface void @_ssdm_op_SpecInterface, i32 %adder_results, void @empty_4, i32 0, i32 0, void @empty_16, i32 0, i32 0, void @empty_16, void @empty_16, void @empty_16, i32 0, i32 0, i32 0, i32 0, void @empty_16, void @empty_16, i32 4294967295, i32 0, i32 0"   --->   Operation 70 'specinterface' 'specinterface_ln0' <Predicate = true> <Delay = 0.00>
ST_10 : Operation 71 [1/1] (0.00ns)   --->   "%empty_39 = specchannel i32 @_ssdm_op_SpecChannel, void @v_size_0_str, i32 1, void @p_str, void @p_str, i32 9, i32 9, i32 %v_size_0, i32 %v_size_0"   --->   Operation 71 'specchannel' 'empty_39' <Predicate = true> <Delay = 0.00>
ST_10 : Operation 72 [1/1] (0.00ns)   --->   "%specinterface_ln0 = specinterface void @_ssdm_op_SpecInterface, i32 %v_size_0, void @empty_4, i32 0, i32 0, void @empty_16, i32 0, i32 0, void @empty_16, void @empty_16, void @empty_16, i32 0, i32 0, i32 0, i32 0, void @empty_16, void @empty_16, i32 4294967295, i32 0, i32 0"   --->   Operation 72 'specinterface' 'specinterface_ln0' <Predicate = true> <Delay = 0.00>
ST_10 : Operation 73 [1/1] (0.00ns)   --->   "%empty_40 = specchannel i32 @_ssdm_op_SpecChannel, void @v_size_1_str, i32 1, void @p_str, void @p_str, i32 9, i32 9, i32 %v_size_1, i32 %v_size_1"   --->   Operation 73 'specchannel' 'empty_40' <Predicate = true> <Delay = 0.00>
ST_10 : Operation 74 [1/1] (0.00ns)   --->   "%specinterface_ln0 = specinterface void @_ssdm_op_SpecInterface, i32 %v_size_1, void @empty_4, i32 0, i32 0, void @empty_16, i32 0, i32 0, void @empty_16, void @empty_16, void @empty_16, i32 0, i32 0, i32 0, i32 0, void @empty_16, void @empty_16, i32 4294967295, i32 0, i32 0"   --->   Operation 74 'specinterface' 'specinterface_ln0' <Predicate = true> <Delay = 0.00>
ST_10 : Operation 75 [1/1] (0.00ns)   --->   "%empty_41 = specchannel i32 @_ssdm_op_SpecChannel, void @v_size_2_str, i32 1, void @p_str, void @p_str, i32 9, i32 9, i32 %v_size_2, i32 %v_size_2"   --->   Operation 75 'specchannel' 'empty_41' <Predicate = true> <Delay = 0.00>
ST_10 : Operation 76 [1/1] (0.00ns)   --->   "%specinterface_ln0 = specinterface void @_ssdm_op_SpecInterface, i32 %v_size_2, void @empty_4, i32 0, i32 0, void @empty_16, i32 0, i32 0, void @empty_16, void @empty_16, void @empty_16, i32 0, i32 0, i32 0, i32 0, void @empty_16, void @empty_16, i32 4294967295, i32 0, i32 0"   --->   Operation 76 'specinterface' 'specinterface_ln0' <Predicate = true> <Delay = 0.00>
ST_10 : Operation 77 [1/1] (0.00ns)   --->   "%empty_42 = specchannel i32 @_ssdm_op_SpecChannel, void @Pcurrs_str, i32 1, void @p_str, void @p_str, i32 9, i32 9, i64 %Pcurrs, i64 %Pcurrs"   --->   Operation 77 'specchannel' 'empty_42' <Predicate = true> <Delay = 0.00>
ST_10 : Operation 78 [1/1] (0.00ns)   --->   "%specinterface_ln0 = specinterface void @_ssdm_op_SpecInterface, i64 %Pcurrs, void @empty_4, i32 0, i32 0, void @empty_16, i32 0, i32 0, void @empty_16, void @empty_16, void @empty_16, i32 0, i32 0, i32 0, i32 0, void @empty_16, void @empty_16, i32 4294967295, i32 0, i32 0"   --->   Operation 78 'specinterface' 'specinterface_ln0' <Predicate = true> <Delay = 0.00>
ST_10 : Operation 79 [1/1] (0.00ns)   --->   "%empty_43 = specchannel i32 @_ssdm_op_SpecChannel, void @adj_lists_str, i32 1, void @p_str, void @p_str, i32 9, i32 9, i64 %adj_lists, i64 %adj_lists"   --->   Operation 79 'specchannel' 'empty_43' <Predicate = true> <Delay = 0.00>
ST_10 : Operation 80 [1/1] (0.00ns)   --->   "%specinterface_ln0 = specinterface void @_ssdm_op_SpecInterface, i64 %adj_lists, void @empty_4, i32 0, i32 0, void @empty_16, i32 0, i32 0, void @empty_16, void @empty_16, void @empty_16, i32 0, i32 0, i32 0, i32 0, void @empty_16, void @empty_16, i32 4294967295, i32 0, i32 0"   --->   Operation 80 'specinterface' 'specinterface_ln0' <Predicate = true> <Delay = 0.00>
ST_10 : Operation 81 [1/1] (0.00ns)   --->   "%empty_44 = specchannel i32 @_ssdm_op_SpecChannel, void @v_neighbours_stream_str, i32 1, void @p_str, void @p_str, i32 9, i32 9, i64 %v_neighbours_stream, i64 %v_neighbours_stream"   --->   Operation 81 'specchannel' 'empty_44' <Predicate = true> <Delay = 0.00>
ST_10 : Operation 82 [1/1] (0.00ns)   --->   "%specinterface_ln0 = specinterface void @_ssdm_op_SpecInterface, i64 %v_neighbours_stream, void @empty_4, i32 0, i32 0, void @empty_16, i32 0, i32 0, void @empty_16, void @empty_16, void @empty_16, i32 0, i32 0, i32 0, i32 0, void @empty_16, void @empty_16, i32 4294967295, i32 0, i32 0"   --->   Operation 82 'specinterface' 'specinterface_ln0' <Predicate = true> <Delay = 0.00>
ST_10 : Operation 83 [1/1] (0.00ns)   --->   "%empty_45 = specchannel i32 @_ssdm_op_SpecChannel, void @sums_stream_str, i32 1, void @p_str, void @p_str, i32 9, i32 9, i32 %sums_stream, i32 %sums_stream"   --->   Operation 83 'specchannel' 'empty_45' <Predicate = true> <Delay = 0.00>
ST_10 : Operation 84 [1/1] (0.00ns)   --->   "%specinterface_ln0 = specinterface void @_ssdm_op_SpecInterface, i32 %sums_stream, void @empty_4, i32 0, i32 0, void @empty_16, i32 0, i32 0, void @empty_16, void @empty_16, void @empty_16, i32 0, i32 0, i32 0, i32 0, void @empty_16, void @empty_16, i32 4294967295, i32 0, i32 0"   --->   Operation 84 'specinterface' 'specinterface_ln0' <Predicate = true> <Delay = 0.00>
ST_10 : Operation 85 [1/1] (0.00ns)   --->   "%empty_46 = specchannel i32 @_ssdm_op_SpecChannel, void @taskToWrite_str, i32 1, void @p_str, void @p_str, i32 9, i32 9, i480 %taskToWrite, i480 %taskToWrite"   --->   Operation 85 'specchannel' 'empty_46' <Predicate = true> <Delay = 0.00>
ST_10 : Operation 86 [1/1] (0.00ns)   --->   "%specinterface_ln0 = specinterface void @_ssdm_op_SpecInterface, i480 %taskToWrite, void @empty_4, i32 0, i32 0, void @empty_16, i32 0, i32 0, void @empty_16, void @empty_16, void @empty_16, i32 0, i32 0, i32 0, i32 0, void @empty_16, void @empty_16, i32 4294967295, i32 0, i32 0"   --->   Operation 86 'specinterface' 'specinterface_ln0' <Predicate = true> <Delay = 0.00>
ST_10 : Operation 87 [1/1] (0.00ns)   --->   "%ret_ln355 = ret" [../pageRankReduce/pageRank.cpp:355]   --->   Operation 87 'ret' 'ret_ln355' <Predicate = true> <Delay = 0.00>


============================================================
+ Verbose Summary: Binding
============================================================
STG Binding: 
---------------- STG Properties BEGIN ----------------
- Is combinational: 0
- Is one-state seq: 0
- Is datapath-only: 0
- Is pipelined: 0
- Is top level: 1
Port [ Return ] is wired: 1; IO mode=ap_ctrl_none:ce=0
Port [ gmem_CHN_0]:  wired=1; compound=1; hidden=0; nouse=0; global=0; static=0; extern=0; dir=0; type=4; pingpong=0; private_global=0; IO mode=m_axi:ce=0
Port [ gmem_CHN_1]:  wired=1; compound=1; hidden=0; nouse=0; global=0; static=0; extern=0; dir=0; type=4; pingpong=0; private_global=0; IO mode=m_axi:ce=0
Port [ gmem_CHN_2]:  wired=1; compound=1; hidden=0; nouse=0; global=0; static=0; extern=0; dir=0; type=4; pingpong=0; private_global=0; IO mode=m_axi:ce=0
Port [ gmem_CHN_5]:  wired=1; compound=1; hidden=0; nouse=0; global=0; static=0; extern=0; dir=2; type=4; pingpong=0; private_global=0; IO mode=m_axi:ce=0
Port [ mem_0]:  wired=1; compound=0; hidden=0; nouse=0; global=0; static=0; extern=0; dir=0; type=0; pingpong=0; private_global=0; IO mode=ap_none:ce=0
Port [ mem_1]:  wired=1; compound=0; hidden=0; nouse=0; global=0; static=0; extern=0; dir=0; type=0; pingpong=0; private_global=0; IO mode=ap_none:ce=0
Port [ mem_2]:  wired=1; compound=0; hidden=0; nouse=0; global=0; static=0; extern=0; dir=0; type=0; pingpong=0; private_global=0; IO mode=ap_none:ce=0
Port [ mem_5]:  wired=1; compound=0; hidden=0; nouse=0; global=0; static=0; extern=0; dir=0; type=0; pingpong=0; private_global=0; IO mode=ap_none:ce=0
Port [ taskIn]:  wired=1; compound=1; hidden=0; nouse=0; global=0; static=0; extern=0; dir=0; type=0; pingpong=0; private_global=0; IO mode=axis:ce=0
Port [ taskOutGlobal]:  wired=1; compound=1; hidden=0; nouse=0; global=0; static=0; extern=0; dir=1; type=0; pingpong=0; private_global=0; IO mode=axis:ce=0
---------------- STG Properties END ------------------

---------------- Datapath Model BEGIN ----------------

<LifeTime>
<method=bitvector/>
mem_5_c                    (alloca              ) [ 00111111111]
adder_in_feed_0            (alloca              ) [ 00111111111]
adder_in_feed_1            (alloca              ) [ 00111111111]
adder_results              (alloca              ) [ 00111111111]
v_size_0                   (alloca              ) [ 00111111111]
v_size_1                   (alloca              ) [ 00111111111]
v_size_2                   (alloca              ) [ 00111111111]
Pcurrs                     (alloca              ) [ 00111111111]
adj_lists                  (alloca              ) [ 00111111111]
v_neighbours_stream        (alloca              ) [ 00111111111]
sums_stream                (alloca              ) [ 00111111111]
taskToWrite                (alloca              ) [ 00111111111]
mem_5_read                 (read                ) [ 00000000000]
mem_2_read                 (read                ) [ 00011100000]
mem_1_read                 (read                ) [ 00011100000]
mem_0_read                 (read                ) [ 00010000000]
call_ln295                 (call                ) [ 00000000000]
call_ln92                  (call                ) [ 00000000000]
call_ln92                  (call                ) [ 00000000000]
call_ln92                  (call                ) [ 00000000000]
call_ln92                  (call                ) [ 00000000000]
call_ln92                  (call                ) [ 00000000000]
empty                      (specchannel         ) [ 00000000000]
specinterface_ln295        (specinterface       ) [ 00000000000]
specdataflowpipeline_ln295 (specdataflowpipeline) [ 00000000000]
spectopmodule_ln277        (spectopmodule       ) [ 00000000000]
specinterface_ln277        (specinterface       ) [ 00000000000]
specinterface_ln0          (specinterface       ) [ 00000000000]
specbitsmap_ln0            (specbitsmap         ) [ 00000000000]
specmaxicache_ln0          (specmaxicache       ) [ 00000000000]
specinterface_ln0          (specinterface       ) [ 00000000000]
specbitsmap_ln0            (specbitsmap         ) [ 00000000000]
specmaxicache_ln0          (specmaxicache       ) [ 00000000000]
specinterface_ln0          (specinterface       ) [ 00000000000]
specbitsmap_ln0            (specbitsmap         ) [ 00000000000]
specinterface_ln0          (specinterface       ) [ 00000000000]
specbitsmap_ln0            (specbitsmap         ) [ 00000000000]
specinterface_ln0          (specinterface       ) [ 00000000000]
specinterface_ln0          (specinterface       ) [ 00000000000]
specinterface_ln0          (specinterface       ) [ 00000000000]
specinterface_ln0          (specinterface       ) [ 00000000000]
specinterface_ln0          (specinterface       ) [ 00000000000]
specinterface_ln0          (specinterface       ) [ 00000000000]
specinterface_ln0          (specinterface       ) [ 00000000000]
specinterface_ln0          (specinterface       ) [ 00000000000]
specinterface_ln0          (specinterface       ) [ 00000000000]
specbitsmap_ln0            (specbitsmap         ) [ 00000000000]
specinterface_ln0          (specinterface       ) [ 00000000000]
specbitsmap_ln0            (specbitsmap         ) [ 00000000000]
empty_36                   (specchannel         ) [ 00000000000]
specinterface_ln0          (specinterface       ) [ 00000000000]
empty_37                   (specchannel         ) [ 00000000000]
specinterface_ln0          (specinterface       ) [ 00000000000]
empty_38                   (specchannel         ) [ 00000000000]
specinterface_ln0          (specinterface       ) [ 00000000000]
empty_39                   (specchannel         ) [ 00000000000]
specinterface_ln0          (specinterface       ) [ 00000000000]
empty_40                   (specchannel         ) [ 00000000000]
specinterface_ln0          (specinterface       ) [ 00000000000]
empty_41                   (specchannel         ) [ 00000000000]
specinterface_ln0          (specinterface       ) [ 00000000000]
empty_42                   (specchannel         ) [ 00000000000]
specinterface_ln0          (specinterface       ) [ 00000000000]
empty_43                   (specchannel         ) [ 00000000000]
specinterface_ln0          (specinterface       ) [ 00000000000]
empty_44                   (specchannel         ) [ 00000000000]
specinterface_ln0          (specinterface       ) [ 00000000000]
empty_45                   (specchannel         ) [ 00000000000]
specinterface_ln0          (specinterface       ) [ 00000000000]
empty_46                   (specchannel         ) [ 00000000000]
specinterface_ln0          (specinterface       ) [ 00000000000]
ret_ln355                  (ret                 ) [ 00000000000]
</LifeTime>

<model>

<comp_list>
<comp id="0" class="1000" name="gmem_CHN_0">
<pin_list>
<pin id="1" dir="1" index="0" bw="1" slack="0"/>
</pin_list>
<bind>
<StgValue><ssdm name="gmem_CHN_0"/></StgValue>
</bind>
</comp>

<comp id="2" class="1000" name="gmem_CHN_1">
<pin_list>
<pin id="3" dir="1" index="0" bw="1" slack="0"/>
</pin_list>
<bind>
<StgValue><ssdm name="gmem_CHN_1"/></StgValue>
</bind>
</comp>

<comp id="4" class="1000" name="gmem_CHN_2">
<pin_list>
<pin id="5" dir="1" index="0" bw="1" slack="0"/>
</pin_list>
<bind>
<StgValue><ssdm name="gmem_CHN_2"/></StgValue>
</bind>
</comp>

<comp id="6" class="1000" name="gmem_CHN_5">
<pin_list>
<pin id="7" dir="1" index="0" bw="1" slack="0"/>
</pin_list>
<bind>
<StgValue><ssdm name="gmem_CHN_5"/></StgValue>
</bind>
</comp>

<comp id="8" class="1000" name="mem_0">
<pin_list>
<pin id="9" dir="1" index="0" bw="1" slack="0"/>
</pin_list>
<bind>
<StgValue><ssdm name="mem_0"/></StgValue>
</bind>
</comp>

<comp id="10" class="1000" name="mem_1">
<pin_list>
<pin id="11" dir="1" index="0" bw="1" slack="0"/>
</pin_list>
<bind>
<StgValue><ssdm name="mem_1"/></StgValue>
</bind>
</comp>

<comp id="12" class="1000" name="mem_2">
<pin_list>
<pin id="13" dir="1" index="0" bw="1" slack="0"/>
</pin_list>
<bind>
<StgValue><ssdm name="mem_2"/></StgValue>
</bind>
</comp>

<comp id="14" class="1000" name="mem_5">
<pin_list>
<pin id="15" dir="1" index="0" bw="1" slack="0"/>
</pin_list>
<bind>
<StgValue><ssdm name="mem_5"/></StgValue>
</bind>
</comp>

<comp id="16" class="1000" name="taskIn">
<pin_list>
<pin id="17" dir="1" index="0" bw="1" slack="0"/>
</pin_list>
<bind>
<StgValue><ssdm name="taskIn"/></StgValue>
</bind>
</comp>

<comp id="18" class="1000" name="taskOutGlobal">
<pin_list>
<pin id="19" dir="1" index="0" bw="1" slack="0"/>
</pin_list>
<bind>
<StgValue><ssdm name="taskOutGlobal"/></StgValue>
</bind>
</comp>

<comp id="20" class="1001" name="const_20">
<pin_list>
<pin id="21" dir="1" index="0" bw="1" slack="0"/>
</pin_list>
<bind>
<StgValue><ssdm name=""/></StgValue>
</bind>
</comp>

<comp id="22" class="1001" name="const_22">
<pin_list>
<pin id="23" dir="1" index="0" bw="1" slack="0"/>
</pin_list>
<bind>
<StgValue><ssdm name="_ssdm_op_Read.s_axilite.i64"/></StgValue>
</bind>
</comp>

<comp id="24" class="1001" name="const_24">
<pin_list>
<pin id="25" dir="1" index="0" bw="1" slack="0"/>
</pin_list>
<bind>
<StgValue><ssdm name="entry_proc"/></StgValue>
</bind>
</comp>

<comp id="26" class="1001" name="const_26">
<pin_list>
<pin id="27" dir="1" index="0" bw="1" slack="0"/>
</pin_list>
<bind>
<StgValue><ssdm name="read_task"/></StgValue>
</bind>
</comp>

<comp id="28" class="1001" name="const_28">
<pin_list>
<pin id="29" dir="1" index="0" bw="1" slack="0"/>
</pin_list>
<bind>
<StgValue><ssdm name="readVertex"/></StgValue>
</bind>
</comp>

<comp id="30" class="1001" name="const_30">
<pin_list>
<pin id="31" dir="1" index="0" bw="1" slack="0"/>
</pin_list>
<bind>
<StgValue><ssdm name="feed_adder_value"/></StgValue>
</bind>
</comp>

<comp id="32" class="1001" name="const_32">
<pin_list>
<pin id="33" dir="1" index="0" bw="1" slack="0"/>
</pin_list>
<bind>
<StgValue><ssdm name="adder_function"/></StgValue>
</bind>
</comp>

<comp id="34" class="1001" name="const_34">
<pin_list>
<pin id="35" dir="1" index="0" bw="1" slack="0"/>
</pin_list>
<bind>
<StgValue><ssdm name="write_arg"/></StgValue>
</bind>
</comp>

<comp id="36" class="1001" name="const_36">
<pin_list>
<pin id="37" dir="1" index="0" bw="1" slack="2147483647"/>
</pin_list>
<bind>
<StgValue><ssdm name="_ssdm_op_SpecChannel"/></StgValue>
</bind>
</comp>

<comp id="38" class="1001" name="const_38">
<pin_list>
<pin id="39" dir="1" index="0" bw="1" slack="2147483647"/>
</pin_list>
<bind>
<StgValue><ssdm name="mem_5_c_str"/></StgValue>
</bind>
</comp>

<comp id="40" class="1001" name="const_40">
<pin_list>
<pin id="41" dir="1" index="0" bw="1" slack="2147483647"/>
</pin_list>
<bind>
<StgValue><ssdm name=""/></StgValue>
</bind>
</comp>

<comp id="42" class="1001" name="const_42">
<pin_list>
<pin id="43" dir="1" index="0" bw="1" slack="2147483647"/>
</pin_list>
<bind>
<StgValue><ssdm name="p_str"/></StgValue>
</bind>
</comp>

<comp id="44" class="1001" name="const_44">
<pin_list>
<pin id="45" dir="1" index="0" bw="1" slack="2147483647"/>
</pin_list>
<bind>
<StgValue><ssdm name=""/></StgValue>
</bind>
</comp>

<comp id="46" class="1001" name="const_46">
<pin_list>
<pin id="47" dir="1" index="0" bw="1" slack="2147483647"/>
</pin_list>
<bind>
<StgValue><ssdm name=""/></StgValue>
</bind>
</comp>

<comp id="48" class="1001" name="const_48">
<pin_list>
<pin id="49" dir="1" index="0" bw="1" slack="2147483647"/>
</pin_list>
<bind>
<StgValue><ssdm name="_ssdm_op_SpecInterface"/></StgValue>
</bind>
</comp>

<comp id="50" class="1001" name="const_50">
<pin_list>
<pin id="51" dir="1" index="0" bw="1" slack="2147483647"/>
</pin_list>
<bind>
<StgValue><ssdm name="ap_fifo_str"/></StgValue>
</bind>
</comp>

<comp id="52" class="1001" name="const_52">
<pin_list>
<pin id="53" dir="1" index="0" bw="1" slack="2147483647"/>
</pin_list>
<bind>
<StgValue><ssdm name=""/></StgValue>
</bind>
</comp>

<comp id="54" class="1001" name="const_54">
<pin_list>
<pin id="55" dir="1" index="0" bw="1" slack="2147483647"/>
</pin_list>
<bind>
<StgValue><ssdm name=""/></StgValue>
</bind>
</comp>

<comp id="56" class="1001" name="const_56">
<pin_list>
<pin id="57" dir="1" index="0" bw="1" slack="2147483647"/>
</pin_list>
<bind>
<StgValue><ssdm name=""/></StgValue>
</bind>
</comp>

<comp id="58" class="1001" name="const_58">
<pin_list>
<pin id="59" dir="1" index="0" bw="1" slack="2147483647"/>
</pin_list>
<bind>
<StgValue><ssdm name="_ssdm_op_SpecDataflowPipeline"/></StgValue>
</bind>
</comp>

<comp id="60" class="1001" name="const_60">
<pin_list>
<pin id="61" dir="1" index="0" bw="1" slack="2147483647"/>
</pin_list>
<bind>
<StgValue><ssdm name="empty_16"/></StgValue>
</bind>
</comp>

<comp id="62" class="1001" name="const_62">
<pin_list>
<pin id="63" dir="1" index="0" bw="1" slack="2147483647"/>
</pin_list>
<bind>
<StgValue><ssdm name="_ssdm_op_SpecTopModule"/></StgValue>
</bind>
</comp>

<comp id="64" class="1001" name="const_64">
<pin_list>
<pin id="65" dir="1" index="0" bw="1" slack="2147483647"/>
</pin_list>
<bind>
<StgValue><ssdm name="empty_3"/></StgValue>
</bind>
</comp>

<comp id="66" class="1001" name="const_66">
<pin_list>
<pin id="67" dir="1" index="0" bw="1" slack="2147483647"/>
</pin_list>
<bind>
<StgValue><ssdm name="empty_12"/></StgValue>
</bind>
</comp>

<comp id="68" class="1001" name="const_68">
<pin_list>
<pin id="69" dir="1" index="0" bw="1" slack="2147483647"/>
</pin_list>
<bind>
<StgValue><ssdm name="empty_17"/></StgValue>
</bind>
</comp>

<comp id="70" class="1001" name="const_70">
<pin_list>
<pin id="71" dir="1" index="0" bw="1" slack="2147483647"/>
</pin_list>
<bind>
<StgValue><ssdm name=""/></StgValue>
</bind>
</comp>

<comp id="72" class="1001" name="const_72">
<pin_list>
<pin id="73" dir="1" index="0" bw="1" slack="2147483647"/>
</pin_list>
<bind>
<StgValue><ssdm name="empty_15"/></StgValue>
</bind>
</comp>

<comp id="74" class="1001" name="const_74">
<pin_list>
<pin id="75" dir="1" index="0" bw="1" slack="2147483647"/>
</pin_list>
<bind>
<StgValue><ssdm name="empty_14"/></StgValue>
</bind>
</comp>

<comp id="76" class="1001" name="const_76">
<pin_list>
<pin id="77" dir="1" index="0" bw="1" slack="2147483647"/>
</pin_list>
<bind>
<StgValue><ssdm name="_ssdm_op_SpecBitsMap"/></StgValue>
</bind>
</comp>

<comp id="78" class="1001" name="const_78">
<pin_list>
<pin id="79" dir="1" index="0" bw="1" slack="2147483647"/>
</pin_list>
<bind>
<StgValue><ssdm name="_ssdm_op_SpecMAXICache"/></StgValue>
</bind>
</comp>

<comp id="80" class="1001" name="const_80">
<pin_list>
<pin id="81" dir="1" index="0" bw="1" slack="2147483647"/>
</pin_list>
<bind>
<StgValue><ssdm name=""/></StgValue>
</bind>
</comp>

<comp id="82" class="1001" name="const_82">
<pin_list>
<pin id="83" dir="1" index="0" bw="1" slack="2147483647"/>
</pin_list>
<bind>
<StgValue><ssdm name=""/></StgValue>
</bind>
</comp>

<comp id="84" class="1001" name="const_84">
<pin_list>
<pin id="85" dir="1" index="0" bw="1" slack="2147483647"/>
</pin_list>
<bind>
<StgValue><ssdm name=""/></StgValue>
</bind>
</comp>

<comp id="86" class="1001" name="const_86">
<pin_list>
<pin id="87" dir="1" index="0" bw="1" slack="2147483647"/>
</pin_list>
<bind>
<StgValue><ssdm name="empty_13"/></StgValue>
</bind>
</comp>

<comp id="88" class="1001" name="const_88">
<pin_list>
<pin id="89" dir="1" index="0" bw="1" slack="2147483647"/>
</pin_list>
<bind>
<StgValue><ssdm name="empty_2"/></StgValue>
</bind>
</comp>

<comp id="90" class="1001" name="const_90">
<pin_list>
<pin id="91" dir="1" index="0" bw="1" slack="2147483647"/>
</pin_list>
<bind>
<StgValue><ssdm name="empty_0"/></StgValue>
</bind>
</comp>

<comp id="92" class="1001" name="const_92">
<pin_list>
<pin id="93" dir="1" index="0" bw="1" slack="2147483647"/>
</pin_list>
<bind>
<StgValue><ssdm name="empty_1"/></StgValue>
</bind>
</comp>

<comp id="94" class="1001" name="const_94">
<pin_list>
<pin id="95" dir="1" index="0" bw="1" slack="2147483647"/>
</pin_list>
<bind>
<StgValue><ssdm name="empty_20"/></StgValue>
</bind>
</comp>

<comp id="96" class="1001" name="const_96">
<pin_list>
<pin id="97" dir="1" index="0" bw="1" slack="2147483647"/>
</pin_list>
<bind>
<StgValue><ssdm name="empty_19"/></StgValue>
</bind>
</comp>

<comp id="98" class="1001" name="const_98">
<pin_list>
<pin id="99" dir="1" index="0" bw="1" slack="2147483647"/>
</pin_list>
<bind>
<StgValue><ssdm name="empty_18"/></StgValue>
</bind>
</comp>

<comp id="100" class="1001" name="const_100">
<pin_list>
<pin id="101" dir="1" index="0" bw="1" slack="2147483647"/>
</pin_list>
<bind>
<StgValue><ssdm name="empty_7"/></StgValue>
</bind>
</comp>

<comp id="102" class="1001" name="const_102">
<pin_list>
<pin id="103" dir="1" index="0" bw="1" slack="2147483647"/>
</pin_list>
<bind>
<StgValue><ssdm name="empty_6"/></StgValue>
</bind>
</comp>

<comp id="104" class="1001" name="const_104">
<pin_list>
<pin id="105" dir="1" index="0" bw="1" slack="2147483647"/>
</pin_list>
<bind>
<StgValue><ssdm name="empty_5"/></StgValue>
</bind>
</comp>

<comp id="106" class="1001" name="const_106">
<pin_list>
<pin id="107" dir="1" index="0" bw="1" slack="2147483647"/>
</pin_list>
<bind>
<StgValue><ssdm name="adder_in_feed_0_str"/></StgValue>
</bind>
</comp>

<comp id="108" class="1001" name="const_108">
<pin_list>
<pin id="109" dir="1" index="0" bw="1" slack="2147483647"/>
</pin_list>
<bind>
<StgValue><ssdm name=""/></StgValue>
</bind>
</comp>

<comp id="110" class="1001" name="const_110">
<pin_list>
<pin id="111" dir="1" index="0" bw="1" slack="2147483647"/>
</pin_list>
<bind>
<StgValue><ssdm name="empty_4"/></StgValue>
</bind>
</comp>

<comp id="112" class="1001" name="const_112">
<pin_list>
<pin id="113" dir="1" index="0" bw="1" slack="2147483647"/>
</pin_list>
<bind>
<StgValue><ssdm name="adder_in_feed_1_str"/></StgValue>
</bind>
</comp>

<comp id="114" class="1001" name="const_114">
<pin_list>
<pin id="115" dir="1" index="0" bw="1" slack="2147483647"/>
</pin_list>
<bind>
<StgValue><ssdm name="adder_results_str"/></StgValue>
</bind>
</comp>

<comp id="116" class="1001" name="const_116">
<pin_list>
<pin id="117" dir="1" index="0" bw="1" slack="2147483647"/>
</pin_list>
<bind>
<StgValue><ssdm name="v_size_0_str"/></StgValue>
</bind>
</comp>

<comp id="118" class="1001" name="const_118">
<pin_list>
<pin id="119" dir="1" index="0" bw="1" slack="2147483647"/>
</pin_list>
<bind>
<StgValue><ssdm name=""/></StgValue>
</bind>
</comp>

<comp id="120" class="1001" name="const_120">
<pin_list>
<pin id="121" dir="1" index="0" bw="1" slack="2147483647"/>
</pin_list>
<bind>
<StgValue><ssdm name="v_size_1_str"/></StgValue>
</bind>
</comp>

<comp id="122" class="1001" name="const_122">
<pin_list>
<pin id="123" dir="1" index="0" bw="1" slack="2147483647"/>
</pin_list>
<bind>
<StgValue><ssdm name="v_size_2_str"/></StgValue>
</bind>
</comp>

<comp id="124" class="1001" name="const_124">
<pin_list>
<pin id="125" dir="1" index="0" bw="1" slack="2147483647"/>
</pin_list>
<bind>
<StgValue><ssdm name="Pcurrs_str"/></StgValue>
</bind>
</comp>

<comp id="126" class="1001" name="const_126">
<pin_list>
<pin id="127" dir="1" index="0" bw="1" slack="2147483647"/>
</pin_list>
<bind>
<StgValue><ssdm name="adj_lists_str"/></StgValue>
</bind>
</comp>

<comp id="128" class="1001" name="const_128">
<pin_list>
<pin id="129" dir="1" index="0" bw="1" slack="2147483647"/>
</pin_list>
<bind>
<StgValue><ssdm name="v_neighbours_stream_str"/></StgValue>
</bind>
</comp>

<comp id="130" class="1001" name="const_130">
<pin_list>
<pin id="131" dir="1" index="0" bw="1" slack="2147483647"/>
</pin_list>
<bind>
<StgValue><ssdm name="sums_stream_str"/></StgValue>
</bind>
</comp>

<comp id="132" class="1001" name="const_132">
<pin_list>
<pin id="133" dir="1" index="0" bw="1" slack="2147483647"/>
</pin_list>
<bind>
<StgValue><ssdm name="taskToWrite_str"/></StgValue>
</bind>
</comp>

<comp id="134" class="1004" name="mem_5_c_fu_134">
<pin_list>
<pin id="135" dir="0" index="0" bw="1" slack="0"/>
<pin id="136" dir="1" index="1" bw="64" slack="1"/>
</pin_list>
<bind>
<opcode="alloca(26) " fcode="alloca"/>
<opset="mem_5_c/1 "/>
</bind>
</comp>

<comp id="138" class="1004" name="adder_in_feed_0_fu_138">
<pin_list>
<pin id="139" dir="0" index="0" bw="1" slack="0"/>
<pin id="140" dir="1" index="1" bw="32" slack="3"/>
</pin_list>
<bind>
<opcode="alloca(26) " fcode="alloca"/>
<opset="adder_in_feed_0/1 "/>
</bind>
</comp>

<comp id="142" class="1004" name="adder_in_feed_1_fu_142">
<pin_list>
<pin id="143" dir="0" index="0" bw="1" slack="0"/>
<pin id="144" dir="1" index="1" bw="32" slack="3"/>
</pin_list>
<bind>
<opcode="alloca(26) " fcode="alloca"/>
<opset="adder_in_feed_1/1 "/>
</bind>
</comp>

<comp id="146" class="1004" name="adder_results_fu_146">
<pin_list>
<pin id="147" dir="0" index="0" bw="1" slack="0"/>
<pin id="148" dir="1" index="1" bw="32" slack="3"/>
</pin_list>
<bind>
<opcode="alloca(26) " fcode="alloca"/>
<opset="adder_results/1 "/>
</bind>
</comp>

<comp id="150" class="1004" name="v_size_0_fu_150">
<pin_list>
<pin id="151" dir="0" index="0" bw="1" slack="0"/>
<pin id="152" dir="1" index="1" bw="32" slack="1"/>
</pin_list>
<bind>
<opcode="alloca(26) " fcode="alloca"/>
<opset="v_size_0/1 "/>
</bind>
</comp>

<comp id="154" class="1004" name="v_size_1_fu_154">
<pin_list>
<pin id="155" dir="0" index="0" bw="1" slack="0"/>
<pin id="156" dir="1" index="1" bw="32" slack="1"/>
</pin_list>
<bind>
<opcode="alloca(26) " fcode="alloca"/>
<opset="v_size_1/1 "/>
</bind>
</comp>

<comp id="158" class="1004" name="v_size_2_fu_158">
<pin_list>
<pin id="159" dir="0" index="0" bw="1" slack="0"/>
<pin id="160" dir="1" index="1" bw="32" slack="1"/>
</pin_list>
<bind>
<opcode="alloca(26) " fcode="alloca"/>
<opset="v_size_2/1 "/>
</bind>
</comp>

<comp id="162" class="1004" name="Pcurrs_fu_162">
<pin_list>
<pin id="163" dir="0" index="0" bw="1" slack="0"/>
<pin id="164" dir="1" index="1" bw="64" slack="1"/>
</pin_list>
<bind>
<opcode="alloca(26) " fcode="alloca"/>
<opset="Pcurrs/1 "/>
</bind>
</comp>

<comp id="166" class="1004" name="adj_lists_fu_166">
<pin_list>
<pin id="167" dir="0" index="0" bw="1" slack="0"/>
<pin id="168" dir="1" index="1" bw="64" slack="1"/>
</pin_list>
<bind>
<opcode="alloca(26) " fcode="alloca"/>
<opset="adj_lists/1 "/>
</bind>
</comp>

<comp id="170" class="1004" name="v_neighbours_stream_fu_170">
<pin_list>
<pin id="171" dir="0" index="0" bw="1" slack="0"/>
<pin id="172" dir="1" index="1" bw="64" slack="1"/>
</pin_list>
<bind>
<opcode="alloca(26) " fcode="alloca"/>
<opset="v_neighbours_stream/1 "/>
</bind>
</comp>

<comp id="174" class="1004" name="sums_stream_fu_174">
<pin_list>
<pin id="175" dir="0" index="0" bw="1" slack="0"/>
<pin id="176" dir="1" index="1" bw="32" slack="5"/>
</pin_list>
<bind>
<opcode="alloca(26) " fcode="alloca"/>
<opset="sums_stream/1 "/>
</bind>
</comp>

<comp id="178" class="1004" name="taskToWrite_fu_178">
<pin_list>
<pin id="179" dir="0" index="0" bw="1" slack="0"/>
<pin id="180" dir="1" index="1" bw="480" slack="1"/>
</pin_list>
<bind>
<opcode="alloca(26) " fcode="alloca"/>
<opset="taskToWrite/1 "/>
</bind>
</comp>

<comp id="182" class="1004" name="mem_5_read_read_fu_182">
<pin_list>
<pin id="183" dir="0" index="0" bw="64" slack="0"/>
<pin id="184" dir="0" index="1" bw="64" slack="0"/>
<pin id="185" dir="1" index="2" bw="64" slack="0"/>
</pin_list>
<bind>
<opcode="read(1150) " fcode="read"/>
<opset="mem_5_read/2 "/>
</bind>
</comp>

<comp id="188" class="1004" name="mem_2_read_read_fu_188">
<pin_list>
<pin id="189" dir="0" index="0" bw="64" slack="0"/>
<pin id="190" dir="0" index="1" bw="64" slack="0"/>
<pin id="191" dir="1" index="2" bw="64" slack="2"/>
</pin_list>
<bind>
<opcode="read(1150) " fcode="read"/>
<opset="mem_2_read/2 "/>
</bind>
</comp>

<comp id="194" class="1004" name="mem_1_read_read_fu_194">
<pin_list>
<pin id="195" dir="0" index="0" bw="64" slack="0"/>
<pin id="196" dir="0" index="1" bw="64" slack="0"/>
<pin id="197" dir="1" index="2" bw="64" slack="2"/>
</pin_list>
<bind>
<opcode="read(1150) " fcode="read"/>
<opset="mem_1_read/2 "/>
</bind>
</comp>

<comp id="200" class="1004" name="mem_0_read_read_fu_200">
<pin_list>
<pin id="201" dir="0" index="0" bw="64" slack="0"/>
<pin id="202" dir="0" index="1" bw="64" slack="0"/>
<pin id="203" dir="1" index="2" bw="64" slack="0"/>
</pin_list>
<bind>
<opcode="read(1150) " fcode="read"/>
<opset="mem_0_read/2 "/>
</bind>
</comp>

<comp id="206" class="1004" name="call_ln295_entry_proc_fu_206">
<pin_list>
<pin id="207" dir="0" index="0" bw="0" slack="0"/>
<pin id="208" dir="0" index="1" bw="64" slack="0"/>
<pin id="209" dir="0" index="2" bw="64" slack="1"/>
<pin id="210" dir="1" index="3" bw="0" slack="2147483647"/>
</pin_list>
<bind>
<opcode="call(48) " fcode="call"/>
<opset="call_ln295/2 "/>
</bind>
</comp>

<comp id="213" class="1004" name="grp_read_task_fu_213">
<pin_list>
<pin id="214" dir="0" index="0" bw="0" slack="0"/>
<pin id="215" dir="0" index="1" bw="64" slack="0"/>
<pin id="216" dir="0" index="2" bw="64" slack="0"/>
<pin id="217" dir="0" index="3" bw="512" slack="0"/>
<pin id="218" dir="0" index="4" bw="64" slack="1"/>
<pin id="219" dir="0" index="5" bw="64" slack="1"/>
<pin id="220" dir="0" index="6" bw="64" slack="1"/>
<pin id="221" dir="0" index="7" bw="32" slack="1"/>
<pin id="222" dir="0" index="8" bw="32" slack="1"/>
<pin id="223" dir="0" index="9" bw="32" slack="1"/>
<pin id="224" dir="0" index="10" bw="480" slack="1"/>
<pin id="225" dir="1" index="11" bw="0" slack="2147483647"/>
</pin_list>
<bind>
<opcode="call(48) " fcode="call"/>
<opset="call_ln92/2 "/>
</bind>
</comp>

<comp id="230" class="1004" name="grp_readVertex_fu_230">
<pin_list>
<pin id="231" dir="0" index="0" bw="0" slack="0"/>
<pin id="232" dir="0" index="1" bw="64" slack="0"/>
<pin id="233" dir="0" index="2" bw="64" slack="2"/>
<pin id="234" dir="0" index="3" bw="64" slack="0"/>
<pin id="235" dir="0" index="4" bw="64" slack="2"/>
<pin id="236" dir="0" index="5" bw="64" slack="3"/>
<pin id="237" dir="0" index="6" bw="32" slack="3"/>
<pin id="238" dir="0" index="7" bw="64" slack="3"/>
<pin id="239" dir="0" index="8" bw="64" slack="3"/>
<pin id="240" dir="0" index="9" bw="32" slack="3"/>
<pin id="241" dir="1" index="10" bw="0" slack="2147483647"/>
</pin_list>
<bind>
<opcode="call(48) " fcode="call"/>
<opset="call_ln92/4 "/>
</bind>
</comp>

<comp id="245" class="1004" name="grp_feed_adder_value_fu_245">
<pin_list>
<pin id="246" dir="0" index="0" bw="0" slack="0"/>
<pin id="247" dir="0" index="1" bw="32" slack="3"/>
<pin id="248" dir="0" index="2" bw="32" slack="3"/>
<pin id="249" dir="0" index="3" bw="32" slack="3"/>
<pin id="250" dir="1" index="4" bw="0" slack="2147483647"/>
</pin_list>
<bind>
<opcode="call(48) " fcode="call"/>
<opset="call_ln92/4 "/>
</bind>
</comp>

<comp id="252" class="1004" name="grp_adder_function_fu_252">
<pin_list>
<pin id="253" dir="0" index="0" bw="0" slack="0"/>
<pin id="254" dir="0" index="1" bw="32" slack="5"/>
<pin id="255" dir="0" index="2" bw="32" slack="5"/>
<pin id="256" dir="0" index="3" bw="32" slack="5"/>
<pin id="257" dir="0" index="4" bw="32" slack="5"/>
<pin id="258" dir="0" index="5" bw="32" slack="5"/>
<pin id="259" dir="1" index="6" bw="0" slack="2147483647"/>
</pin_list>
<bind>
<opcode="call(48) " fcode="call"/>
<opset="call_ln92/6 "/>
</bind>
</comp>

<comp id="261" class="1004" name="grp_write_arg_fu_261">
<pin_list>
<pin id="262" dir="0" index="0" bw="0" slack="0"/>
<pin id="263" dir="0" index="1" bw="64" slack="0"/>
<pin id="264" dir="0" index="2" bw="64" slack="7"/>
<pin id="265" dir="0" index="3" bw="512" slack="0"/>
<pin id="266" dir="0" index="4" bw="480" slack="7"/>
<pin id="267" dir="0" index="5" bw="32" slack="7"/>
<pin id="268" dir="1" index="6" bw="0" slack="2147483647"/>
</pin_list>
<bind>
<opcode="call(48) " fcode="call"/>
<opset="call_ln92/8 "/>
</bind>
</comp>

<comp id="272" class="1005" name="mem_5_c_reg_272">
<pin_list>
<pin id="273" dir="0" index="0" bw="64" slack="1"/>
<pin id="274" dir="1" index="1" bw="64" slack="1"/>
</pin_list>
<bind>
<opset="mem_5_c "/>
</bind>
</comp>

<comp id="278" class="1005" name="adder_in_feed_0_reg_278">
<pin_list>
<pin id="279" dir="0" index="0" bw="32" slack="3"/>
<pin id="280" dir="1" index="1" bw="32" slack="3"/>
</pin_list>
<bind>
<opset="adder_in_feed_0 "/>
</bind>
</comp>

<comp id="284" class="1005" name="adder_in_feed_1_reg_284">
<pin_list>
<pin id="285" dir="0" index="0" bw="32" slack="3"/>
<pin id="286" dir="1" index="1" bw="32" slack="3"/>
</pin_list>
<bind>
<opset="adder_in_feed_1 "/>
</bind>
</comp>

<comp id="290" class="1005" name="adder_results_reg_290">
<pin_list>
<pin id="291" dir="0" index="0" bw="32" slack="3"/>
<pin id="292" dir="1" index="1" bw="32" slack="3"/>
</pin_list>
<bind>
<opset="adder_results "/>
</bind>
</comp>

<comp id="296" class="1005" name="v_size_0_reg_296">
<pin_list>
<pin id="297" dir="0" index="0" bw="32" slack="1"/>
<pin id="298" dir="1" index="1" bw="32" slack="1"/>
</pin_list>
<bind>
<opset="v_size_0 "/>
</bind>
</comp>

<comp id="302" class="1005" name="v_size_1_reg_302">
<pin_list>
<pin id="303" dir="0" index="0" bw="32" slack="1"/>
<pin id="304" dir="1" index="1" bw="32" slack="1"/>
</pin_list>
<bind>
<opset="v_size_1 "/>
</bind>
</comp>

<comp id="308" class="1005" name="v_size_2_reg_308">
<pin_list>
<pin id="309" dir="0" index="0" bw="32" slack="1"/>
<pin id="310" dir="1" index="1" bw="32" slack="1"/>
</pin_list>
<bind>
<opset="v_size_2 "/>
</bind>
</comp>

<comp id="314" class="1005" name="Pcurrs_reg_314">
<pin_list>
<pin id="315" dir="0" index="0" bw="64" slack="1"/>
<pin id="316" dir="1" index="1" bw="64" slack="1"/>
</pin_list>
<bind>
<opset="Pcurrs "/>
</bind>
</comp>

<comp id="320" class="1005" name="adj_lists_reg_320">
<pin_list>
<pin id="321" dir="0" index="0" bw="64" slack="1"/>
<pin id="322" dir="1" index="1" bw="64" slack="1"/>
</pin_list>
<bind>
<opset="adj_lists "/>
</bind>
</comp>

<comp id="326" class="1005" name="v_neighbours_stream_reg_326">
<pin_list>
<pin id="327" dir="0" index="0" bw="64" slack="1"/>
<pin id="328" dir="1" index="1" bw="64" slack="1"/>
</pin_list>
<bind>
<opset="v_neighbours_stream "/>
</bind>
</comp>

<comp id="332" class="1005" name="sums_stream_reg_332">
<pin_list>
<pin id="333" dir="0" index="0" bw="32" slack="5"/>
<pin id="334" dir="1" index="1" bw="32" slack="5"/>
</pin_list>
<bind>
<opset="sums_stream "/>
</bind>
</comp>

<comp id="338" class="1005" name="taskToWrite_reg_338">
<pin_list>
<pin id="339" dir="0" index="0" bw="480" slack="1"/>
<pin id="340" dir="1" index="1" bw="480" slack="1"/>
</pin_list>
<bind>
<opset="taskToWrite "/>
</bind>
</comp>

<comp id="344" class="1005" name="mem_2_read_reg_344">
<pin_list>
<pin id="345" dir="0" index="0" bw="64" slack="2"/>
<pin id="346" dir="1" index="1" bw="64" slack="2"/>
</pin_list>
<bind>
<opset="mem_2_read "/>
</bind>
</comp>

<comp id="349" class="1005" name="mem_1_read_reg_349">
<pin_list>
<pin id="350" dir="0" index="0" bw="64" slack="2"/>
<pin id="351" dir="1" index="1" bw="64" slack="2"/>
</pin_list>
<bind>
<opset="mem_1_read "/>
</bind>
</comp>

<comp id="354" class="1005" name="mem_0_read_reg_354">
<pin_list>
<pin id="355" dir="0" index="0" bw="64" slack="1"/>
<pin id="356" dir="1" index="1" bw="64" slack="1"/>
</pin_list>
<bind>
<opset="mem_0_read "/>
</bind>
</comp>

</comp_list>

<net_list>
<net id="137"><net_src comp="20" pin="0"/><net_sink comp="134" pin=0"/></net>

<net id="141"><net_src comp="20" pin="0"/><net_sink comp="138" pin=0"/></net>

<net id="145"><net_src comp="20" pin="0"/><net_sink comp="142" pin=0"/></net>

<net id="149"><net_src comp="20" pin="0"/><net_sink comp="146" pin=0"/></net>

<net id="153"><net_src comp="20" pin="0"/><net_sink comp="150" pin=0"/></net>

<net id="157"><net_src comp="20" pin="0"/><net_sink comp="154" pin=0"/></net>

<net id="161"><net_src comp="20" pin="0"/><net_sink comp="158" pin=0"/></net>

<net id="165"><net_src comp="20" pin="0"/><net_sink comp="162" pin=0"/></net>

<net id="169"><net_src comp="20" pin="0"/><net_sink comp="166" pin=0"/></net>

<net id="173"><net_src comp="20" pin="0"/><net_sink comp="170" pin=0"/></net>

<net id="177"><net_src comp="20" pin="0"/><net_sink comp="174" pin=0"/></net>

<net id="181"><net_src comp="20" pin="0"/><net_sink comp="178" pin=0"/></net>

<net id="186"><net_src comp="22" pin="0"/><net_sink comp="182" pin=0"/></net>

<net id="187"><net_src comp="14" pin="0"/><net_sink comp="182" pin=1"/></net>

<net id="192"><net_src comp="22" pin="0"/><net_sink comp="188" pin=0"/></net>

<net id="193"><net_src comp="12" pin="0"/><net_sink comp="188" pin=1"/></net>

<net id="198"><net_src comp="22" pin="0"/><net_sink comp="194" pin=0"/></net>

<net id="199"><net_src comp="10" pin="0"/><net_sink comp="194" pin=1"/></net>

<net id="204"><net_src comp="22" pin="0"/><net_sink comp="200" pin=0"/></net>

<net id="205"><net_src comp="8" pin="0"/><net_sink comp="200" pin=1"/></net>

<net id="211"><net_src comp="24" pin="0"/><net_sink comp="206" pin=0"/></net>

<net id="212"><net_src comp="182" pin="2"/><net_sink comp="206" pin=1"/></net>

<net id="226"><net_src comp="26" pin="0"/><net_sink comp="213" pin=0"/></net>

<net id="227"><net_src comp="0" pin="0"/><net_sink comp="213" pin=1"/></net>

<net id="228"><net_src comp="200" pin="2"/><net_sink comp="213" pin=2"/></net>

<net id="229"><net_src comp="16" pin="0"/><net_sink comp="213" pin=3"/></net>

<net id="242"><net_src comp="28" pin="0"/><net_sink comp="230" pin=0"/></net>

<net id="243"><net_src comp="2" pin="0"/><net_sink comp="230" pin=1"/></net>

<net id="244"><net_src comp="4" pin="0"/><net_sink comp="230" pin=3"/></net>

<net id="251"><net_src comp="30" pin="0"/><net_sink comp="245" pin=0"/></net>

<net id="260"><net_src comp="32" pin="0"/><net_sink comp="252" pin=0"/></net>

<net id="269"><net_src comp="34" pin="0"/><net_sink comp="261" pin=0"/></net>

<net id="270"><net_src comp="6" pin="0"/><net_sink comp="261" pin=1"/></net>

<net id="271"><net_src comp="18" pin="0"/><net_sink comp="261" pin=3"/></net>

<net id="275"><net_src comp="134" pin="1"/><net_sink comp="272" pin=0"/></net>

<net id="276"><net_src comp="272" pin="1"/><net_sink comp="206" pin=2"/></net>

<net id="277"><net_src comp="272" pin="1"/><net_sink comp="261" pin=2"/></net>

<net id="281"><net_src comp="138" pin="1"/><net_sink comp="278" pin=0"/></net>

<net id="282"><net_src comp="278" pin="1"/><net_sink comp="245" pin=3"/></net>

<net id="283"><net_src comp="278" pin="1"/><net_sink comp="252" pin=4"/></net>

<net id="287"><net_src comp="142" pin="1"/><net_sink comp="284" pin=0"/></net>

<net id="288"><net_src comp="284" pin="1"/><net_sink comp="230" pin=9"/></net>

<net id="289"><net_src comp="284" pin="1"/><net_sink comp="252" pin=5"/></net>

<net id="293"><net_src comp="146" pin="1"/><net_sink comp="290" pin=0"/></net>

<net id="294"><net_src comp="290" pin="1"/><net_sink comp="245" pin=2"/></net>

<net id="295"><net_src comp="290" pin="1"/><net_sink comp="252" pin=3"/></net>

<net id="299"><net_src comp="150" pin="1"/><net_sink comp="296" pin=0"/></net>

<net id="300"><net_src comp="296" pin="1"/><net_sink comp="213" pin=7"/></net>

<net id="301"><net_src comp="296" pin="1"/><net_sink comp="230" pin=6"/></net>

<net id="305"><net_src comp="154" pin="1"/><net_sink comp="302" pin=0"/></net>

<net id="306"><net_src comp="302" pin="1"/><net_sink comp="213" pin=8"/></net>

<net id="307"><net_src comp="302" pin="1"/><net_sink comp="245" pin=1"/></net>

<net id="311"><net_src comp="158" pin="1"/><net_sink comp="308" pin=0"/></net>

<net id="312"><net_src comp="308" pin="1"/><net_sink comp="213" pin=9"/></net>

<net id="313"><net_src comp="308" pin="1"/><net_sink comp="252" pin=1"/></net>

<net id="317"><net_src comp="162" pin="1"/><net_sink comp="314" pin=0"/></net>

<net id="318"><net_src comp="314" pin="1"/><net_sink comp="213" pin=5"/></net>

<net id="319"><net_src comp="314" pin="1"/><net_sink comp="230" pin=8"/></net>

<net id="323"><net_src comp="166" pin="1"/><net_sink comp="320" pin=0"/></net>

<net id="324"><net_src comp="320" pin="1"/><net_sink comp="213" pin=6"/></net>

<net id="325"><net_src comp="320" pin="1"/><net_sink comp="230" pin=7"/></net>

<net id="329"><net_src comp="170" pin="1"/><net_sink comp="326" pin=0"/></net>

<net id="330"><net_src comp="326" pin="1"/><net_sink comp="213" pin=4"/></net>

<net id="331"><net_src comp="326" pin="1"/><net_sink comp="230" pin=5"/></net>

<net id="335"><net_src comp="174" pin="1"/><net_sink comp="332" pin=0"/></net>

<net id="336"><net_src comp="332" pin="1"/><net_sink comp="252" pin=2"/></net>

<net id="337"><net_src comp="332" pin="1"/><net_sink comp="261" pin=5"/></net>

<net id="341"><net_src comp="178" pin="1"/><net_sink comp="338" pin=0"/></net>

<net id="342"><net_src comp="338" pin="1"/><net_sink comp="213" pin=10"/></net>

<net id="343"><net_src comp="338" pin="1"/><net_sink comp="261" pin=4"/></net>

<net id="347"><net_src comp="188" pin="2"/><net_sink comp="344" pin=0"/></net>

<net id="348"><net_src comp="344" pin="1"/><net_sink comp="230" pin=4"/></net>

<net id="352"><net_src comp="194" pin="2"/><net_sink comp="349" pin=0"/></net>

<net id="353"><net_src comp="349" pin="1"/><net_sink comp="230" pin=2"/></net>

<net id="357"><net_src comp="200" pin="2"/><net_sink comp="354" pin=0"/></net>

<net id="358"><net_src comp="354" pin="1"/><net_sink comp="213" pin=2"/></net>

</net_list>

</model> 
---------------- Datapath Model END ------------------

* FSMD analyzer results:
  - Output states:
	Port: gmem_CHN_5 | {8 9 }
	Port: taskOutGlobal | {8 9 }
 - Input state : 
	Port: vertex_map : gmem_CHN_0 | {2 3 }
	Port: vertex_map : gmem_CHN_1 | {4 5 }
	Port: vertex_map : gmem_CHN_2 | {4 5 }
	Port: vertex_map : gmem_CHN_5 | {8 9 }
	Port: vertex_map : mem_0 | {2 }
	Port: vertex_map : mem_1 | {2 }
	Port: vertex_map : mem_2 | {2 }
	Port: vertex_map : mem_5 | {2 }
	Port: vertex_map : taskIn | {2 3 }
  - Chain level:
	State 1
	State 2
	State 3
	State 4
	State 5
	State 6
	State 7
	State 8
	State 9
	State 10


============================================================
+ Verbose Summary: Datapath Resource usage 
============================================================

* Functional unit list:
|----------|------------------------------|---------|---------|---------|---------|
| Operation|        Functional Unit       |   DSP   |  Delay  |    FF   |   LUT   |
|----------|------------------------------|---------|---------|---------|---------|
|          | call_ln295_entry_proc_fu_206 |    0    |    0    |    0    |    0    |
|          |     grp_read_task_fu_213     |    0    |  0.387  |   829   |   137   |
|   call   |     grp_readVertex_fu_230    |    0    |  1.548  |   1310  |   862   |
|          |  grp_feed_adder_value_fu_245 |    0    |    0    |    68   |   102   |
|          |   grp_adder_function_fu_252  |    6    |  1.548  |   1344  |   732   |
|          |     grp_write_arg_fu_261     |    5    | 3.22743 |   1783  |   1000  |
|----------|------------------------------|---------|---------|---------|---------|
|          |    mem_5_read_read_fu_182    |    0    |    0    |    0    |    0    |
|   read   |    mem_2_read_read_fu_188    |    0    |    0    |    0    |    0    |
|          |    mem_1_read_read_fu_194    |    0    |    0    |    0    |    0    |
|          |    mem_0_read_read_fu_200    |    0    |    0    |    0    |    0    |
|----------|------------------------------|---------|---------|---------|---------|
|   Total  |                              |    11   | 6.71043 |   5334  |   2833  |
|----------|------------------------------|---------|---------|---------|---------|

Memories:
N/A

* Register list:
+---------------------------+--------+
|                           |   FF   |
+---------------------------+--------+
|       Pcurrs_reg_314      |   64   |
|  adder_in_feed_0_reg_278  |   32   |
|  adder_in_feed_1_reg_284  |   32   |
|   adder_results_reg_290   |   32   |
|     adj_lists_reg_320     |   64   |
|     mem_0_read_reg_354    |   64   |
|     mem_1_read_reg_349    |   64   |
|     mem_2_read_reg_344    |   64   |
|      mem_5_c_reg_272      |   64   |
|    sums_stream_reg_332    |   32   |
|    taskToWrite_reg_338    |   480  |
|v_neighbours_stream_reg_326|   64   |
|      v_size_0_reg_296     |   32   |
|      v_size_1_reg_302     |   32   |
|      v_size_2_reg_308     |   32   |
+---------------------------+--------+
|           Total           |  1152  |
+---------------------------+--------+

* Multiplexer (MUX) list: 
|----------------------|------|------|------|--------||---------||---------||---------|
|         Comp         |  Pin | Size |  BW  | S x BW ||  Delay  ||    FF   ||   LUT   |
|----------------------|------|------|------|--------||---------||---------||---------|
| grp_read_task_fu_213 |  p2  |   2  |  64  |   128  ||    0    ||    9    |
|----------------------|------|------|------|--------||---------||---------||---------|
|         Total        |      |      |      |   128  ||  0.387  ||    0    ||    9    |
|----------------------|------|------|------|--------||---------||---------||---------|



* Summary:
+-----------+--------+--------+--------+--------+
|           |   DSP  |  Delay |   FF   |   LUT  |
+-----------+--------+--------+--------+--------+
|  Function |   11   |    6   |  5334  |  2833  |
|   Memory  |    -   |    -   |    -   |    -   |
|Multiplexer|    -   |    0   |    0   |    9   |
|  Register |    -   |    -   |  1152  |    -   |
+-----------+--------+--------+--------+--------+
|   Total   |   11   |    7   |  6486  |  2842  |
+-----------+--------+--------+--------+--------+
