================================================================
== Design Size Report
================================================================

* Total Instructions per Compilation Phase
+---------------+-----------------------------+--------------+----------------------------------------------------------------------------------------+
| Phase         | Step                        | Instructions | Description                                                                            |
+---------------+-----------------------------+--------------+----------------------------------------------------------------------------------------+
| Compile/Link  |                             | 253          | After all functions are compiled and linked into a single design                       |
|               |                             |              |                                                                                        |
| Unroll/Inline |                             |              | After user unroll and inline pragmas are applied                                       |
|               | (1) unroll                  | 361          | user unroll pragmas are applied                                                        |
|               | (2) simplification          | 266          | simplification of applied user unroll pragmas                                          |
|               | (3) inline                  | 257          | user inline pragmas are applied                                                        |
|               | (4) simplification          | 228          | simplification of applied user inline pragmas                                          |
|               |                             |              |                                                                                        |
| Array/Struct  |                             |              | After user array partition and struct aggregate/disaggregate pragmas are applied       |
|               | (1) array partition         | 193          | user array partition pragmas are applied                                               |
|               | (2) simplification          | 193          | simplification of applied user array partition & struct aggregate/disaggregate pragmas |
|               | (3) aggregate/disaggregate  | 195          | user struct aggregate/disaggregate pragmas are applied                                 |
|               | (4) array reshape           | 358          | apply array reshape pragmas                                                            |
|               | (5) access patterns         | 306          | array access pattern optmizations                                                      |
|               |                             |              |                                                                                        |
| Performance   |                             |              | After transformations are applied to meet performance pragma targets                   |
|               | (1) loop simplification     | 306          | loop and instruction simplification                                                    |
|               | (2) parallelization         | 305          | loops are unrolled or pipelined to meet performance targets                            |
|               | (3) array partition         | 302          | arrays are partitioned to meet performance targets                                     |
|               | (4) simplification          | 302          | simplification of design after performance transformations                             |
|               |                             |              |                                                                                        |
| HW Transforms |                             |              | After hardware transfomations                                                          |
|               | (1) lowering                | 365          | initial conversion to HW specific instructions                                         |
|               | (2) optimizations           | 413          | high level synthesis optimizations                                                     |
+---------------+-----------------------------+--------------+----------------------------------------------------------------------------------------+

* Instructions per Function for each Compilation Phase
+---------------------+------------------+--------------+---------------+--------------+-------------+---------------+
| Function            | Location         | Compile/Link | Unroll/Inline | Array/Struct | Performance | HW Transforms |
+---------------------+------------------+--------------+---------------+--------------+-------------+---------------+
| + vertex_map        | pageRank.cpp:277 | 253          | 228           | 306          | 302         | 413           |
|    read_task        | pageRank.cpp:147 |              |  25           | 118          | 118         | 127           |
|    readVertex       | pageRank.cpp:77  |              |  36           |  36          |  35         |  61           |
|    feed_adder_value | pageRank.cpp:129 |              |  18           |  18          |  17         |  30           |
|    adder_function   | pageRank.cpp:105 |              |  23           |  24          |  22         |  44           |
|    write_arg        | pageRank.cpp:180 |              |  42           |  58          |  58         |  86           |
+---------------------+------------------+--------------+---------------+--------------+-------------+---------------+

* Design Size Message Settings
+---------------------------------------------+--------+------------------------------------------------------------------+
| Message Setting                             | Value  | Description                                                      |
+---------------------------------------------+--------+------------------------------------------------------------------+
| config_compile -design_size_maximum_warning | 100000 | Show a warning when total design instructions exceeds this value |
+---------------------------------------------+--------+------------------------------------------------------------------+


