

================================================================
== Synthesis Summary Report of 'vertex_map'
================================================================
+ General Information: 
    * Date:           Thu Aug 14 17:22:50 2025
    * Version:        2024.1 (Build 5069499 on May 21 2024)
    * Project:        vertex_map
    * Solution:       hls (Vivado IP Flow Target)
    * Product family: virtexuplusHBM
    * Target device:  xcu55c-fsvh2892-2LV-e
    

+ Performance & Resource Estimates: 
    
    PS: '+' for module; 'o' for loop; '*' for dataflow
    +------------------------------------------------+------+------+---------+---------+----------+---------+------+----------+---------+---------+------------+------------+-----+
    |                     Modules                    | Issue|      | Latency | Latency | Iteration|         | Trip |          |         |         |            |            |     |
    |                     & Loops                    | Type | Slack| (cycles)|   (ns)  |  Latency | Interval| Count| Pipelined|  BRAM   |   DSP   |     FF     |     LUT    | URAM|
    +------------------------------------------------+------+------+---------+---------+----------+---------+------+----------+---------+---------+------------+------------+-----+
    |+ vertex_map*                                   |     -|  0.00|        -|        -|         -|        -|     -|  dataflow|  6 (~0%)|  7 (~0%)|  7498 (~0%)|  8770 (~0%)|    -|
    | + entry_proc                                   |     -|  1.51|        0|    0.000|         -|        0|     -|        no|        -|        -|     2 (~0%)|    20 (~0%)|    -|
    | + read_task                                    |     -|  0.00|       74|  296.000|         -|       74|     -|        no|        -|        -|   841 (~0%)|   582 (~0%)|    -|
    | + readVertex                                   |     -|  0.00|        -|        -|         -|        -|     -|        no|        -|        -|  1096 (~0%)|  1895 (~0%)|    -|
    |  + readVertex_Pipeline_VITIS_LOOP_92_1         |     -|  0.00|        -|        -|         -|        -|     -|        no|        -|        -|   867 (~0%)|  1783 (~0%)|    -|
    |   o VITIS_LOOP_92_1                            |    II|  2.92|        -|        -|       163|        2|     -|       yes|        -|        -|           -|           -|    -|
    | + feed_adder_value                             |     -|  0.64|        -|        -|         -|        -|     -|        no|        -|        -|    83 (~0%)|   300 (~0%)|    -|
    |  + feed_adder_value_Pipeline_VITIS_LOOP_133_1  |     -|  1.44|       12|   48.000|         -|       12|     -|        no|        -|        -|     7 (~0%)|    73 (~0%)|    -|
    |   o VITIS_LOOP_133_1                           |     -|  2.92|       10|   40.000|         2|        1|    10|       yes|        -|        -|           -|           -|    -|
    |  + feed_adder_value_Pipeline_VITIS_LOOP_138_2  |     -|  0.64|        -|        -|         -|        -|     -|        no|        -|        -|    35 (~0%)|   138 (~0%)|    -|
    |   o VITIS_LOOP_138_2                           |     -|  2.92|        -|        -|         2|        1|     -|       yes|        -|        -|           -|           -|    -|
    | + adder_function                               |     -|  0.19|        -|        -|         -|        -|     -|        no|        -|  2 (~0%)|   585 (~0%)|   639 (~0%)|    -|
    |  + adder_function_Pipeline_VITIS_LOOP_115_1    |     -|  0.58|        -|        -|         -|        -|     -|        no|        -|        -|   147 (~0%)|   147 (~0%)|    -|
    |   o VITIS_LOOP_115_1                           |     -|  2.92|        -|        -|        10|        1|     -|       yes|        -|        -|           -|           -|    -|
    |  + adder_function_Pipeline_VITIS_LOOP_120_2    |     -|  0.19|       64|  256.000|         -|       64|     -|        no|        -|        -|    78 (~0%)|   148 (~0%)|    -|
    |   o VITIS_LOOP_120_2                           |    II|  2.92|       62|  248.000|         9|        6|    10|       yes|        -|        -|           -|           -|    -|
    | + write_arg                                    |     -|  0.00|      141|  564.000|         -|      141|     -|        no|        -|  5 (~0%)|  1190 (~0%)|  1915 (~0%)|    -|
    +------------------------------------------------+------+------+---------+---------+----------+---------+------+----------+---------+---------+------------+------------+-----+


================================================================
== HW Interfaces
================================================================
* M_AXI
+------------+---------+------------+------------+---------------+---------+--------+----------+-----------+--------------+--------------+-------------+-------------+---------------------+-------------------+
| Interface  | Channel | Read/Write | Data Width | Address Width | Latency | Offset | Register | Max Widen | Max Read     | Max Write    | Num Read    | Num Write   | Cache Info          | Resource Estimate |
|            |         |            | (SW->HW)   |               |         |        |          | Bitwidth  | Burst Length | Burst Length | Outstanding | Outstanding |                     |                   |
+------------+---------+------------+------------+---------------+---------+--------+----------+-----------+--------------+--------------+-------------+-------------+---------------------+-------------------+
| m_axi_gmem |         |            |            |               |         |        |          |           |              |              |             |             |                     | BRAM=6            |
| m_axi_gmem | 0       | READ_ONLY  | 8 -> 64    | 64            | 64      | slave  | 0        | 256       | 16           | 16           | 16          | 16          |                     |                   |
| m_axi_gmem | 1       | READ_ONLY  | 8 -> 64    | 64            | 64      | slave  | 0        | 256       | 16           | 16           | 64          | 1           | 2 lines of 32 bytes |                   |
| m_axi_gmem | 2       | READ_ONLY  | 8 -> 64    | 64            | 64      | slave  | 0        | 256       | 16           | 16           | 64          | 1           | 2 lines of 32 bytes |                   |
| m_axi_gmem | 5       | READ_WRITE | 8 -> 64    | 64            | 64      | slave  | 0        | 256       | 16           | 16           | 64          | 1           |                     |                   |
+------------+---------+------------+------------+---------------+---------+--------+----------+-----------+--------------+--------------+-------------+-------------+---------------------+-------------------+

* S_AXILITE Interfaces
+---------------+------------+---------------+--------+----------+
| Interface     | Data Width | Address Width | Offset | Register |
+---------------+------------+---------------+--------+----------+
| s_axi_control | 32         | 6             | 16     | 0        |
+---------------+------------+---------------+--------+----------+

* S_AXILITE Registers
+---------------+----------+--------+-------+--------+----------------------+
| Interface     | Register | Offset | Width | Access | Description          |
+---------------+----------+--------+-------+--------+----------------------+
| s_axi_control | mem_0_1  | 0x10   | 32    | W      | Data signal of mem_0 |
| s_axi_control | mem_0_2  | 0x14   | 32    | W      | Data signal of mem_0 |
| s_axi_control | mem_1_1  | 0x1c   | 32    | W      | Data signal of mem_1 |
| s_axi_control | mem_1_2  | 0x20   | 32    | W      | Data signal of mem_1 |
| s_axi_control | mem_2_1  | 0x28   | 32    | W      | Data signal of mem_2 |
| s_axi_control | mem_2_2  | 0x2c   | 32    | W      | Data signal of mem_2 |
| s_axi_control | mem_5_1  | 0x34   | 32    | W      | Data signal of mem_5 |
| s_axi_control | mem_5_2  | 0x38   | 32    | W      | Data signal of mem_5 |
+---------------+----------+--------+-------+--------+----------------------+

* AXIS
+---------------+-----------+---------------+-------+--------+--------+
| Interface     | Direction | Register Mode | TDATA | TREADY | TVALID |
+---------------+-----------+---------------+-------+--------+--------+
| taskIn        | in        | both          | 512   | 1      | 1      |
| taskOutGlobal | out       | both          | 512   | 1      | 1      |
+---------------+-----------+---------------+-------+--------+--------+

* TOP LEVEL CONTROL
+-----------+--------------+----------+
| Interface | Type         | Ports    |
+-----------+--------------+----------+
| ap_clk    | clock        | ap_clk   |
| ap_rst_n  | reset        | ap_rst_n |
| ap_ctrl   | ap_ctrl_none |          |
+-----------+--------------+----------+


================================================================
== SW I/O Information
================================================================
* Top Function Arguments
+---------------+-----------+---------------------------------+
| Argument      | Direction | Datatype                        |
+---------------+-----------+---------------------------------+
| mem_0         | in        | void*                           |
| mem_1         | in        | void*                           |
| mem_2         | in        | void*                           |
| mem_5         | inout     | void*                           |
| taskIn        | in        | stream<vertex_map_args, 0>&     |
| taskOutGlobal | out       | stream<pageRankReduce_args, 0>& |
+---------------+-----------+---------------------------------+

* SW-to-HW Mapping
+---------------+---------------+-----------+----------+-----------------------------------+
| Argument      | HW Interface  | HW Type   | HW Usage | HW Info                           |
+---------------+---------------+-----------+----------+-----------------------------------+
| mem_0         | m_axi_gmem    | interface |          | channel=0                         |
| mem_0         | s_axi_control | register  | offset   | name=mem_0_1 offset=0x10 range=32 |
| mem_0         | s_axi_control | register  | offset   | name=mem_0_2 offset=0x14 range=32 |
| mem_1         | m_axi_gmem    | interface |          | channel=1                         |
| mem_1         | s_axi_control | register  | offset   | name=mem_1_1 offset=0x1c range=32 |
| mem_1         | s_axi_control | register  | offset   | name=mem_1_2 offset=0x20 range=32 |
| mem_2         | m_axi_gmem    | interface |          | channel=2                         |
| mem_2         | s_axi_control | register  | offset   | name=mem_2_1 offset=0x28 range=32 |
| mem_2         | s_axi_control | register  | offset   | name=mem_2_2 offset=0x2c range=32 |
| mem_5         | m_axi_gmem    | interface |          | channel=5                         |
| mem_5         | s_axi_control | register  | offset   | name=mem_5_1 offset=0x34 range=32 |
| mem_5         | s_axi_control | register  | offset   | name=mem_5_2 offset=0x38 range=32 |
| taskIn        | taskIn        | interface |          |                                   |
| taskOutGlobal | taskOutGlobal | interface |          |                                   |
+---------------+---------------+-----------+----------+-----------------------------------+


================================================================
== M_AXI Burst Information
================================================================
 Note: All burst requests might be further partitioned into multiple requests during RTL generation based on max_read_burst_length or max_write_burst_length settings.

* Inferred Burst Summary
+------------------+-----------+--------+-------+
| HW Interface     | Direction | Length | Width |
+------------------+-----------+--------+-------+
| m_axi_gmem_CHN_0 | read      | 2      | 64    |
+------------------+-----------+--------+-------+

* All M_AXI Variable Accesses
+--------------+----------+---------------------------------------+-----------+--------------+--------+------------+------------------------------------------------------------------------------------------------------------------------------------+
| HW Interface | Variable | Access Location                       | Direction | Burst Status | Length | Resolution | Problem                                                                                                                            |
+--------------+----------+---------------------------------------+-----------+--------------+--------+------------+------------------------------------------------------------------------------------------------------------------------------------+
| m_axi_gmem   | mem0     | ../pageRankReduce/pageRank.cpp:94:15  | read      | Fail         |        | 214-417    | Using a cache line to infer a burst is less efficient in terms of resources than writing the code to automatically infer the burst |
| m_axi_gmem   | mem0     | ../pageRankReduce/pageRank.cpp:98:25  | read      | Fail         |        | 214-417    | Using a cache line to infer a burst is less efficient in terms of resources than writing the code to automatically infer the burst |
| m_axi_gmem   | mem1     | ../pageRankReduce/pageRank.cpp:99:21  | read      | Fail         |        | 214-417    | Using a cache line to infer a burst is less efficient in terms of resources than writing the code to automatically infer the burst |
| m_axi_gmem   | mem      | ../pageRankReduce/pageRank.cpp:166:25 | read      | Widen Fail   |        | 214-307    | Could not widen since type i64 size is greater than or equal to alignment 1(bytes)                                                 |
| m_axi_gmem   | mem      | ../pageRankReduce/pageRank.cpp:166:25 | read      | Inferred     | 2      |            |                                                                                                                                    |
| m_axi_gmem   | mem      | ../pageRankReduce/pageRank.cpp:167:34 | read      | Widen Fail   |        | 214-307    | Could not widen since type i64 size is greater than or equal to alignment 1(bytes)                                                 |
| m_axi_gmem   | mem      | ../pageRankReduce/pageRank.cpp:167:34 | read      | Inferred     | 2      |            |                                                                                                                                    |
+--------------+----------+---------------------------------------+-----------+--------------+--------+------------+------------------------------------------------------------------------------------------------------------------------------------+

    * Resolution URL: docs.xilinx.com/access/sources/dita/topic?Doc_Version=2024.1%20English&url=ug1448-hls-guidance&resourceid=XXX-YYY.html (replace XXX-YYY with column value)

================================================================
== Bind Op Report
================================================================
+------------------------------------------------+-----+--------+-------------------------+--------+-----------+---------+
| Name                                           | DSP | Pragma | Variable                | Op     | Impl      | Latency |
+------------------------------------------------+-----+--------+-------------------------+--------+-----------+---------+
| + vertex_map                                   | 7   |        |                         |        |           |         |
|  + readVertex                                  | 0   |        |                         |        |           |         |
|   + readVertex_Pipeline_VITIS_LOOP_92_1        | 0   |        |                         |        |           |         |
|     icmp_ln92_fu_184_p2                        |     |        | icmp_ln92               | seteq  | auto      | 0       |
|     add_ln92_fu_190_p2                         |     |        | add_ln92                | add    | fabric    | 0       |
|     lshr_ln94_fu_260_p2                        |     |        | lshr_ln94               | lshr   | auto_pipe | 0       |
|     lshr_ln99_fu_376_p2                        |     |        | lshr_ln99               | lshr   | auto_pipe | 0       |
|     uitofp_32ns_32_4_no_dsp_1_U15              |     |        | conv                    | uitofp | auto      | 3       |
|     fdiv_32ns_32ns_32_12_no_dsp_1_U14          |     |        | contribution            | fdiv   | fabric    | 11      |
|  + feed_adder_value                            | 0   |        |                         |        |           |         |
|   + feed_adder_value_Pipeline_VITIS_LOOP_133_1 | 0   |        |                         |        |           |         |
|     icmp_ln133_fu_52_p2                        |     |        | icmp_ln133              | seteq  | auto      | 0       |
|     i_5_fu_58_p2                               |     |        | i_5                     | add    | fabric    | 0       |
|   + feed_adder_value_Pipeline_VITIS_LOOP_138_2 | 0   |        |                         |        |           |         |
|     icmp_ln138_fu_62_p2                        |     |        | icmp_ln138              | seteq  | auto      | 0       |
|     i_3_fu_68_p2                               |     |        | i_3                     | add    | fabric    | 0       |
|  + adder_function                              | 2   |        |                         |        |           |         |
|    fadd_32ns_32ns_32_7_full_dsp_1_U51          |     |        | sums_stream_write_ln125 | fifo   | srl       | 0       |
|   + adder_function_Pipeline_VITIS_LOOP_115_1   | 0   |        |                         |        |           |         |
|     icmp_ln115_fu_73_p2                        |     |        | icmp_ln115              | seteq  | auto      | 0       |
|     i_8_fu_79_p2                               |     |        | i_8                     | add    | fabric    | 0       |
|   + adder_function_Pipeline_VITIS_LOOP_120_2   | 0   |        |                         |        |           |         |
|     icmp_ln120_fu_76_p2                        |     |        | icmp_ln120              | seteq  | auto      | 0       |
|     i_6_fu_82_p2                               |     |        | i_6                     | add    | fabric    | 0       |
|  + write_arg                                   | 5   |        |                         |        |           |         |
|    faddfsub_32ns_32ns_32_7_full_dsp_1_U58      | 2   |        | sub                     | fsub   | fulldsp   | 6       |
|    uitofp_32ns_32_4_no_dsp_1_U61               |     |        | conv                    | uitofp | auto      | 3       |
|    fdiv_32ns_32ns_32_12_no_dsp_1_U60           |     |        | div                     | fdiv   | fabric    | 11      |
|    fmul_32ns_32ns_32_4_max_dsp_1_U59           | 3   |        | mul                     | fmul   | maxdsp    | 3       |
|    faddfsub_32ns_32ns_32_7_full_dsp_1_U58      | 2   |        | Pnext_v                 | fsub   | fulldsp   | 6       |
|    lshr_ln197_fu_473_p2                        |     |        | lshr_ln197              | lshr   | auto_pipe | 0       |
|    faddfsub_32ns_32ns_32_7_full_dsp_1_U58      | 2   |        | dc                      | fsub   | fulldsp   | 6       |
|    shl_ln201_fu_381_p2                         |     |        | shl_ln201               | shl    | auto_pipe | 0       |
|    shl_ln201_2_fu_398_p2                       |     |        | shl_ln201_2             | shl    | auto_pipe | 0       |
|    icmp_ln204_fu_358_p2                        |     |        | icmp_ln204              | setne  | auto      | 0       |
|    icmp_ln204_1_fu_364_p2                      |     |        | icmp_ln204_1            | seteq  | auto      | 0       |
|    or_ln204_fu_428_p2                          |     |        | or_ln204                | or     | auto      | 0       |
|    icmp_ln204_2_fu_432_p2                      |     |        | icmp_ln204_2            | setne  | auto      | 0       |
|    icmp_ln204_3_fu_438_p2                      |     |        | icmp_ln204_3            | seteq  | auto      | 0       |
|    or_ln204_1_fu_444_p2                        |     |        | or_ln204_1              | or     | auto      | 0       |
|    and_ln204_fu_450_p2                         |     |        | and_ln204               | and    | auto      | 0       |
|    fcmp_32ns_32ns_1_2_no_dsp_1_U62             |     |        | tmp_3                   | fcmp   | auto      | 1       |
|    and_ln204_1_fu_456_p2                       |     |        | and_ln204_1             | and    | auto      | 0       |
+------------------------------------------------+-----+--------+-------------------------+--------+-----------+---------+


================================================================
== Storage Report
================================================================
+-------------------------+--------------+-------------+------+------+--------+---------------------+--------+---------+------------------+
| Name                    | Usage        | Type        | BRAM | URAM | Pragma | Variable            | Impl   | Latency | Bitwidth, Depth, |
|                         |              |             |      |      |        |                     |        |         | Banks            |
+-------------------------+--------------+-------------+------+------+--------+---------------------+--------+---------+------------------+
| + vertex_map            |              |             | 6    | 0    |        |                     |        |         |                  |
|   control_s_axi_U       | interface    | s_axilite   |      |      |        |                     |        |         |                  |
|   gmem_m_axi_U          | interface    | m_axi       | 6    |      |        |                     |        |         |                  |
|   mem_5_c_U             | fifo channel | scalar prop |      |      |        | mem_5_c             | srl    | 0       | 64, 5, 1         |
|   v_neighbours_stream_U | fifo channel | stream      |      |      |        | v_neighbours_stream | srl    | 0       | 64, 9, 1         |
|   Pcurrs_U              | fifo channel | stream      |      |      |        | Pcurrs              | srl    | 0       | 64, 9, 1         |
|   adj_lists_U           | fifo channel | stream      |      |      |        | adj_lists           | srl    | 0       | 64, 9, 1         |
|   v_size_0_U            | fifo channel | stream      |      |      |        | v_size_0            | srl    | 0       | 32, 9, 1         |
|   v_size_1_U            | fifo channel | stream      |      |      |        | v_size_1            | srl    | 0       | 32, 9, 1         |
|   v_size_2_U            | fifo channel | stream      |      |      |        | v_size_2            | srl    | 0       | 32, 9, 1         |
|   taskToWrite_U         | fifo channel | stream      |      |      |        | taskToWrite         | memory | 0       | 480, 9, 1        |
|   adder_in_feed_1_U     | fifo channel | stream      |      |      |        | adder_in_feed_1     | memory | 0       | 32, 128, 1       |
|   adder_results_U       | fifo channel | stream      |      |      |        | adder_results       | memory | 0       | 32, 128, 1       |
|   adder_in_feed_0_U     | fifo channel | stream      |      |      |        | adder_in_feed_0     | memory | 0       | 32, 128, 1       |
|   sums_stream_U         | fifo channel | stream      |      |      |        | sums_stream         | srl    | 0       | 32, 9, 1         |
+-------------------------+--------------+-------------+------+------+--------+---------------------+--------+---------+------------------+


================================================================
== Pragma Report
================================================================
* Valid Pragma Syntax
+-----------------+------------------------------------------------------------------------------------------------------------------------------------------------------------+-------------------------------------------------------------------+
| Type            | Options                                                                                                                                                    | Location                                                          |
+-----------------+------------------------------------------------------------------------------------------------------------------------------------------------------------+-------------------------------------------------------------------+
| interface       | mode = axis port = taskIn                                                                                                                                  | ../pageRankReduce/pageRank.cpp:24 in pagerankreduce               |
| interface       | mode = axis port = taskOutGlobal                                                                                                                           | ../pageRankReduce/pageRank.cpp:25 in pagerankreduce               |
| interface       | mode = axis port = argOut                                                                                                                                  | ../pageRankReduce/pageRank.cpp:26 in pagerankreduce               |
| pipeline        | II=1                                                                                                                                                       | ../pageRankReduce/pageRank.cpp:39 in pagerankreduce               |
| array_partition | variable=partial_sums complete dim=1                                                                                                                       | ../pageRankReduce/pageRank.cpp:54 in pagerankreduce, partial_sums |
| pipeline        | II=1                                                                                                                                                       | ../pageRankReduce/pageRank.cpp:56 in pagerankreduce               |
| pipeline        | II =1                                                                                                                                                      | ../pageRankReduce/pageRank.cpp:93 in readvertex                   |
| pipeline        | II=1                                                                                                                                                       | ../pageRankReduce/pageRank.cpp:116 in adder_function              |
| pipeline        |                                                                                                                                                            | ../pageRankReduce/pageRank.cpp:121 in adder_function              |
| pipeline        | II=1                                                                                                                                                       | ../pageRankReduce/pageRank.cpp:134 in feed_adder_value            |
| pipeline        | II=1                                                                                                                                                       | ../pageRankReduce/pageRank.cpp:139 in feed_adder_value            |
| interface       | port=return mode=ap_ctrl_chain                                                                                                                             | ../pageRankReduce/pageRank.cpp:218 in process, return             |
| dataflow        |                                                                                                                                                            | ../pageRankReduce/pageRank.cpp:221 in process                     |
| interface       | mode = axis port = taskIn                                                                                                                                  | ../pageRankReduce/pageRank.cpp:285 in vertex_map                  |
| interface       | mode = axis port = taskOutGlobal                                                                                                                           | ../pageRankReduce/pageRank.cpp:286 in vertex_map                  |
| interface       | mode = m_axi port = mem_0 bundle=gmem channel=0 latency=64                                                                                                 | ../pageRankReduce/pageRank.cpp:287 in vertex_map                  |
| interface       | mode = m_axi port = mem_1 bundle=gmem channel=1 latency=64 num_write_outstanding=1 num_read_outstanding=64 max_read_burst_length=16 max_widen_bitwidth=256 | ../pageRankReduce/pageRank.cpp:288 in vertex_map                  |
| interface       | mode = m_axi port = mem_2 bundle=gmem channel=2 latency=64 num_write_outstanding=1 num_read_outstanding=64 max_read_burst_length=16 max_widen_bitwidth=256 | ../pageRankReduce/pageRank.cpp:289 in vertex_map                  |
| interface       | mode = m_axi port = mem_5 bundle=gmem channel=5 latency=64 num_write_outstanding=1 num_read_outstanding=64 max_read_burst_length=16 max_widen_bitwidth=256 | ../pageRankReduce/pageRank.cpp:290 in vertex_map                  |
| cache           | port=mem_1 lines=2 depth=32                                                                                                                                | ../pageRankReduce/pageRank.cpp:292 in vertex_map, mem_1           |
| cache           | port=mem_2 lines=2 depth=32                                                                                                                                | ../pageRankReduce/pageRank.cpp:293 in vertex_map, mem_2           |
| dataflow        |                                                                                                                                                            | ../pageRankReduce/pageRank.cpp:295 in vertex_map                  |
+-----------------+------------------------------------------------------------------------------------------------------------------------------------------------------------+-------------------------------------------------------------------+


