

================================================================
== Vitis HLS Report for 'readVertex'
================================================================
* Date:           Thu Aug 14 17:22:49 2025

* Version:        2024.1 (Build 5069499 on May 21 2024)
* Project:        vertex_map
* Solution:       hls (Vivado IP Flow Target)
* Product family: virtexuplusHBM
* Target device:  xcu55c-fsvh2892-2LV-e


================================================================
== Performance Estimates
================================================================
+ Timing: 
    * Summary: 
    +--------+---------+----------+------------+
    |  Clock |  Target | Estimated| Uncertainty|
    +--------+---------+----------+------------+
    |ap_clk  |  4.00 ns|  2.920 ns|     1.08 ns|
    +--------+---------+----------+------------+

+ Latency: 
    * Summary: 
    +---------+---------+----------+----------+-----+-----+---------+
    |  Latency (cycles) |  Latency (absolute) |  Interval | Pipeline|
    |   min   |   max   |    min   |    max   | min | max |   Type  |
    +---------+---------+----------+----------+-----+-----+---------+
    |        ?|        ?|         ?|         ?|    ?|    ?|       no|
    +---------+---------+----------+----------+-----+-----+---------+

    + Detail: 
        * Instance: 
        +-----------------------------------------------+-------------------------------------+---------+---------+----------+----------+-----+-----+-----------------------------------------------+
        |                                               |                                     |  Latency (cycles) |  Latency (absolute) |  Interval |                    Pipeline                   |
        |                    Instance                   |                Module               |   min   |   max   |    min   |    max   | min | max |                      Type                     |
        +-----------------------------------------------+-------------------------------------+---------+---------+----------+----------+-----+-----+-----------------------------------------------+
        |grp_readVertex_Pipeline_VITIS_LOOP_92_1_fu_98  |readVertex_Pipeline_VITIS_LOOP_92_1  |        ?|        ?|         ?|         ?|    0|    0|  loop auto-rewind stp(delay=0 clock cycles(s))|
        +-----------------------------------------------+-------------------------------------+---------+---------+----------+----------+-----+-----+-----------------------------------------------+

        * Loop: 
        N/A



================================================================
== Utilization Estimates
================================================================
* Summary: 
+---------------------+---------+------+---------+---------+-----+
|         Name        | BRAM_18K|  DSP |    FF   |   LUT   | URAM|
+---------------------+---------+------+---------+---------+-----+
|DSP                  |        -|     -|        -|        -|    -|
|Expression           |        -|     -|        0|        2|    -|
|FIFO                 |        -|     -|        -|        -|    -|
|Instance             |        -|     -|      867|     1783|    -|
|Memory               |        -|     -|        -|        -|    -|
|Multiplexer          |        -|     -|        0|      110|    -|
|Register             |        -|     -|      229|        -|    -|
+---------------------+---------+------+---------+---------+-----+
|Total                |        0|     0|     1096|     1895|    0|
+---------------------+---------+------+---------+---------+-----+
|Available SLR        |     1344|  3008|   869120|   434560|  320|
+---------------------+---------+------+---------+---------+-----+
|Utilization SLR (%)  |        0|     0|       ~0|       ~0|    0|
+---------------------+---------+------+---------+---------+-----+
|Available            |     4032|  9024|  2607360|  1303680|  960|
+---------------------+---------+------+---------+---------+-----+
|Utilization (%)      |        0|     0|       ~0|       ~0|    0|
+---------------------+---------+------+---------+---------+-----+

+ Detail: 
    * Instance: 
    +-----------------------------------------------+-------------------------------------+---------+----+-----+------+-----+
    |                    Instance                   |                Module               | BRAM_18K| DSP|  FF |  LUT | URAM|
    +-----------------------------------------------+-------------------------------------+---------+----+-----+------+-----+
    |grp_readVertex_Pipeline_VITIS_LOOP_92_1_fu_98  |readVertex_Pipeline_VITIS_LOOP_92_1  |        0|   0|  867|  1783|    0|
    +-----------------------------------------------+-------------------------------------+---------+----+-----+------+-----+
    |Total                                          |                                     |        0|   0|  867|  1783|    0|
    +-----------------------------------------------+-------------------------------------+---------+----+-----+------+-----+

    * DSP: 
    N/A

    * Memory: 
    N/A

    * FIFO: 
    N/A

    * Expression: 
    +-----------------+----------+----+---+----+------------+------------+
    |  Variable Name  | Operation| DSP| FF| LUT| Bitwidth P0| Bitwidth P1|
    +-----------------+----------+----+---+----+------------+------------+
    |ap_block_state1  |        or|   0|  0|   2|           1|           1|
    +-----------------+----------+----+---+----+------------+------------+
    |Total            |          |   0|  0|   2|           1|           1|
    +-----------------+----------+----+---+----+------------+------------+

    * Multiplexer: 
    +---------------------------+----+-----------+-----+-----------+
    |            Name           | LUT| Input Size| Bits| Total Bits|
    +---------------------------+----+-----------+-----+-----------+
    |Pcurrs_blk_n               |   9|          2|    1|          2|
    |adder_in_feed_1_write      |   9|          2|    1|          2|
    |adj_lists_blk_n            |   9|          2|    1|          2|
    |ap_NS_fsm                  |  20|          4|    1|          4|
    |ap_done                    |   9|          2|    1|          2|
    |m_axi_gmem_CHN_1_ARVALID   |   9|          2|    1|          2|
    |m_axi_gmem_CHN_1_RREADY    |   9|          2|    1|          2|
    |m_axi_gmem_CHN_2_ARVALID   |   9|          2|    1|          2|
    |m_axi_gmem_CHN_2_RREADY    |   9|          2|    1|          2|
    |v_neighbours_stream_blk_n  |   9|          2|    1|          2|
    |v_size_0_blk_n             |   9|          2|    1|          2|
    +---------------------------+----+-----------+-----+-----------+
    |Total                      | 110|         24|   11|         24|
    +---------------------------+----+-----------+-----+-----------+

    * Register: 
    +------------------------------------------------------------+----+----+-----+-----------+
    |                            Name                            | FF | LUT| Bits| Const Bits|
    +------------------------------------------------------------+----+----+-----+-----------+
    |Pcurr_reg_139                                               |  64|   0|   64|          0|
    |adj_list_reg_134                                            |  64|   0|   64|          0|
    |ap_CS_fsm                                                   |   3|   0|    3|          0|
    |ap_done_reg                                                 |   1|   0|    1|          0|
    |grp_readVertex_Pipeline_VITIS_LOOP_92_1_fu_98_ap_start_reg  |   1|   0|    1|          0|
    |v_neighbours_reg_124                                        |  64|   0|   64|          0|
    |v_size_reg_129                                              |  32|   0|   32|          0|
    +------------------------------------------------------------+----+----+-----+-----------+
    |Total                                                       | 229|   0|  229|          0|
    +------------------------------------------------------------+----+----+-----+-----------+



================================================================
== Interface
================================================================
* Summary: 
+------------------------------------+-----+-----+------------+---------------------+--------------+
|              RTL Ports             | Dir | Bits|  Protocol  |    Source Object    |    C Type    |
+------------------------------------+-----+-----+------------+---------------------+--------------+
|ap_clk                              |   in|    1|  ap_ctrl_hs|           readVertex|  return value|
|ap_rst                              |   in|    1|  ap_ctrl_hs|           readVertex|  return value|
|ap_start                            |   in|    1|  ap_ctrl_hs|           readVertex|  return value|
|ap_done                             |  out|    1|  ap_ctrl_hs|           readVertex|  return value|
|ap_continue                         |   in|    1|  ap_ctrl_hs|           readVertex|  return value|
|ap_idle                             |  out|    1|  ap_ctrl_hs|           readVertex|  return value|
|ap_ready                            |  out|    1|  ap_ctrl_hs|           readVertex|  return value|
|m_axi_gmem_CHN_1_AWVALID            |  out|    1|       m_axi|                 gmem|       pointer|
|m_axi_gmem_CHN_1_AWREADY            |   in|    1|       m_axi|                 gmem|       pointer|
|m_axi_gmem_CHN_1_AWADDR             |  out|   64|       m_axi|                 gmem|       pointer|
|m_axi_gmem_CHN_1_AWID               |  out|    1|       m_axi|                 gmem|       pointer|
|m_axi_gmem_CHN_1_AWLEN              |  out|   32|       m_axi|                 gmem|       pointer|
|m_axi_gmem_CHN_1_AWSIZE             |  out|    3|       m_axi|                 gmem|       pointer|
|m_axi_gmem_CHN_1_AWBURST            |  out|    2|       m_axi|                 gmem|       pointer|
|m_axi_gmem_CHN_1_AWLOCK             |  out|    2|       m_axi|                 gmem|       pointer|
|m_axi_gmem_CHN_1_AWCACHE            |  out|    4|       m_axi|                 gmem|       pointer|
|m_axi_gmem_CHN_1_AWPROT             |  out|    3|       m_axi|                 gmem|       pointer|
|m_axi_gmem_CHN_1_AWQOS              |  out|    4|       m_axi|                 gmem|       pointer|
|m_axi_gmem_CHN_1_AWREGION           |  out|    4|       m_axi|                 gmem|       pointer|
|m_axi_gmem_CHN_1_AWUSER             |  out|    1|       m_axi|                 gmem|       pointer|
|m_axi_gmem_CHN_1_WVALID             |  out|    1|       m_axi|                 gmem|       pointer|
|m_axi_gmem_CHN_1_WREADY             |   in|    1|       m_axi|                 gmem|       pointer|
|m_axi_gmem_CHN_1_WDATA              |  out|   64|       m_axi|                 gmem|       pointer|
|m_axi_gmem_CHN_1_WSTRB              |  out|    8|       m_axi|                 gmem|       pointer|
|m_axi_gmem_CHN_1_WLAST              |  out|    1|       m_axi|                 gmem|       pointer|
|m_axi_gmem_CHN_1_WID                |  out|    1|       m_axi|                 gmem|       pointer|
|m_axi_gmem_CHN_1_WUSER              |  out|    1|       m_axi|                 gmem|       pointer|
|m_axi_gmem_CHN_1_ARVALID            |  out|    1|       m_axi|                 gmem|       pointer|
|m_axi_gmem_CHN_1_ARREADY            |   in|    1|       m_axi|                 gmem|       pointer|
|m_axi_gmem_CHN_1_ARADDR             |  out|   64|       m_axi|                 gmem|       pointer|
|m_axi_gmem_CHN_1_ARID               |  out|    1|       m_axi|                 gmem|       pointer|
|m_axi_gmem_CHN_1_ARLEN              |  out|   32|       m_axi|                 gmem|       pointer|
|m_axi_gmem_CHN_1_ARSIZE             |  out|    3|       m_axi|                 gmem|       pointer|
|m_axi_gmem_CHN_1_ARBURST            |  out|    2|       m_axi|                 gmem|       pointer|
|m_axi_gmem_CHN_1_ARLOCK             |  out|    2|       m_axi|                 gmem|       pointer|
|m_axi_gmem_CHN_1_ARCACHE            |  out|    4|       m_axi|                 gmem|       pointer|
|m_axi_gmem_CHN_1_ARPROT             |  out|    3|       m_axi|                 gmem|       pointer|
|m_axi_gmem_CHN_1_ARQOS              |  out|    4|       m_axi|                 gmem|       pointer|
|m_axi_gmem_CHN_1_ARREGION           |  out|    4|       m_axi|                 gmem|       pointer|
|m_axi_gmem_CHN_1_ARUSER             |  out|    1|       m_axi|                 gmem|       pointer|
|m_axi_gmem_CHN_1_RVALID             |   in|    1|       m_axi|                 gmem|       pointer|
|m_axi_gmem_CHN_1_RREADY             |  out|    1|       m_axi|                 gmem|       pointer|
|m_axi_gmem_CHN_1_RDATA              |   in|   64|       m_axi|                 gmem|       pointer|
|m_axi_gmem_CHN_1_RLAST              |   in|    1|       m_axi|                 gmem|       pointer|
|m_axi_gmem_CHN_1_RID                |   in|    1|       m_axi|                 gmem|       pointer|
|m_axi_gmem_CHN_1_RFIFONUM           |   in|   11|       m_axi|                 gmem|       pointer|
|m_axi_gmem_CHN_1_RUSER              |   in|    1|       m_axi|                 gmem|       pointer|
|m_axi_gmem_CHN_1_RRESP              |   in|    2|       m_axi|                 gmem|       pointer|
|m_axi_gmem_CHN_1_BVALID             |   in|    1|       m_axi|                 gmem|       pointer|
|m_axi_gmem_CHN_1_BREADY             |  out|    1|       m_axi|                 gmem|       pointer|
|m_axi_gmem_CHN_1_BRESP              |   in|    2|       m_axi|                 gmem|       pointer|
|m_axi_gmem_CHN_1_BID                |   in|    1|       m_axi|                 gmem|       pointer|
|m_axi_gmem_CHN_1_BUSER              |   in|    1|       m_axi|                 gmem|       pointer|
|mem0                                |   in|   64|     ap_none|                 mem0|        scalar|
|m_axi_gmem_CHN_2_AWVALID            |  out|    1|       m_axi|                 gmem|       pointer|
|m_axi_gmem_CHN_2_AWREADY            |   in|    1|       m_axi|                 gmem|       pointer|
|m_axi_gmem_CHN_2_AWADDR             |  out|   64|       m_axi|                 gmem|       pointer|
|m_axi_gmem_CHN_2_AWID               |  out|    1|       m_axi|                 gmem|       pointer|
|m_axi_gmem_CHN_2_AWLEN              |  out|   32|       m_axi|                 gmem|       pointer|
|m_axi_gmem_CHN_2_AWSIZE             |  out|    3|       m_axi|                 gmem|       pointer|
|m_axi_gmem_CHN_2_AWBURST            |  out|    2|       m_axi|                 gmem|       pointer|
|m_axi_gmem_CHN_2_AWLOCK             |  out|    2|       m_axi|                 gmem|       pointer|
|m_axi_gmem_CHN_2_AWCACHE            |  out|    4|       m_axi|                 gmem|       pointer|
|m_axi_gmem_CHN_2_AWPROT             |  out|    3|       m_axi|                 gmem|       pointer|
|m_axi_gmem_CHN_2_AWQOS              |  out|    4|       m_axi|                 gmem|       pointer|
|m_axi_gmem_CHN_2_AWREGION           |  out|    4|       m_axi|                 gmem|       pointer|
|m_axi_gmem_CHN_2_AWUSER             |  out|    1|       m_axi|                 gmem|       pointer|
|m_axi_gmem_CHN_2_WVALID             |  out|    1|       m_axi|                 gmem|       pointer|
|m_axi_gmem_CHN_2_WREADY             |   in|    1|       m_axi|                 gmem|       pointer|
|m_axi_gmem_CHN_2_WDATA              |  out|   64|       m_axi|                 gmem|       pointer|
|m_axi_gmem_CHN_2_WSTRB              |  out|    8|       m_axi|                 gmem|       pointer|
|m_axi_gmem_CHN_2_WLAST              |  out|    1|       m_axi|                 gmem|       pointer|
|m_axi_gmem_CHN_2_WID                |  out|    1|       m_axi|                 gmem|       pointer|
|m_axi_gmem_CHN_2_WUSER              |  out|    1|       m_axi|                 gmem|       pointer|
|m_axi_gmem_CHN_2_ARVALID            |  out|    1|       m_axi|                 gmem|       pointer|
|m_axi_gmem_CHN_2_ARREADY            |   in|    1|       m_axi|                 gmem|       pointer|
|m_axi_gmem_CHN_2_ARADDR             |  out|   64|       m_axi|                 gmem|       pointer|
|m_axi_gmem_CHN_2_ARID               |  out|    1|       m_axi|                 gmem|       pointer|
|m_axi_gmem_CHN_2_ARLEN              |  out|   32|       m_axi|                 gmem|       pointer|
|m_axi_gmem_CHN_2_ARSIZE             |  out|    3|       m_axi|                 gmem|       pointer|
|m_axi_gmem_CHN_2_ARBURST            |  out|    2|       m_axi|                 gmem|       pointer|
|m_axi_gmem_CHN_2_ARLOCK             |  out|    2|       m_axi|                 gmem|       pointer|
|m_axi_gmem_CHN_2_ARCACHE            |  out|    4|       m_axi|                 gmem|       pointer|
|m_axi_gmem_CHN_2_ARPROT             |  out|    3|       m_axi|                 gmem|       pointer|
|m_axi_gmem_CHN_2_ARQOS              |  out|    4|       m_axi|                 gmem|       pointer|
|m_axi_gmem_CHN_2_ARREGION           |  out|    4|       m_axi|                 gmem|       pointer|
|m_axi_gmem_CHN_2_ARUSER             |  out|    1|       m_axi|                 gmem|       pointer|
|m_axi_gmem_CHN_2_RVALID             |   in|    1|       m_axi|                 gmem|       pointer|
|m_axi_gmem_CHN_2_RREADY             |  out|    1|       m_axi|                 gmem|       pointer|
|m_axi_gmem_CHN_2_RDATA              |   in|   64|       m_axi|                 gmem|       pointer|
|m_axi_gmem_CHN_2_RLAST              |   in|    1|       m_axi|                 gmem|       pointer|
|m_axi_gmem_CHN_2_RID                |   in|    1|       m_axi|                 gmem|       pointer|
|m_axi_gmem_CHN_2_RFIFONUM           |   in|   11|       m_axi|                 gmem|       pointer|
|m_axi_gmem_CHN_2_RUSER              |   in|    1|       m_axi|                 gmem|       pointer|
|m_axi_gmem_CHN_2_RRESP              |   in|    2|       m_axi|                 gmem|       pointer|
|m_axi_gmem_CHN_2_BVALID             |   in|    1|       m_axi|                 gmem|       pointer|
|m_axi_gmem_CHN_2_BREADY             |  out|    1|       m_axi|                 gmem|       pointer|
|m_axi_gmem_CHN_2_BRESP              |   in|    2|       m_axi|                 gmem|       pointer|
|m_axi_gmem_CHN_2_BID                |   in|    1|       m_axi|                 gmem|       pointer|
|m_axi_gmem_CHN_2_BUSER              |   in|    1|       m_axi|                 gmem|       pointer|
|mem1                                |   in|   64|     ap_none|                 mem1|        scalar|
|v_neighbours_stream_dout            |   in|   64|     ap_fifo|  v_neighbours_stream|       pointer|
|v_neighbours_stream_num_data_valid  |   in|    5|     ap_fifo|  v_neighbours_stream|       pointer|
|v_neighbours_stream_fifo_cap        |   in|    5|     ap_fifo|  v_neighbours_stream|       pointer|
|v_neighbours_stream_empty_n         |   in|    1|     ap_fifo|  v_neighbours_stream|       pointer|
|v_neighbours_stream_read            |  out|    1|     ap_fifo|  v_neighbours_stream|       pointer|
|v_size_0_dout                       |   in|   32|     ap_fifo|             v_size_0|       pointer|
|v_size_0_num_data_valid             |   in|    5|     ap_fifo|             v_size_0|       pointer|
|v_size_0_fifo_cap                   |   in|    5|     ap_fifo|             v_size_0|       pointer|
|v_size_0_empty_n                    |   in|    1|     ap_fifo|             v_size_0|       pointer|
|v_size_0_read                       |  out|    1|     ap_fifo|             v_size_0|       pointer|
|adj_lists_dout                      |   in|   64|     ap_fifo|            adj_lists|       pointer|
|adj_lists_num_data_valid            |   in|    5|     ap_fifo|            adj_lists|       pointer|
|adj_lists_fifo_cap                  |   in|    5|     ap_fifo|            adj_lists|       pointer|
|adj_lists_empty_n                   |   in|    1|     ap_fifo|            adj_lists|       pointer|
|adj_lists_read                      |  out|    1|     ap_fifo|            adj_lists|       pointer|
|Pcurrs_dout                         |   in|   64|     ap_fifo|               Pcurrs|       pointer|
|Pcurrs_num_data_valid               |   in|    5|     ap_fifo|               Pcurrs|       pointer|
|Pcurrs_fifo_cap                     |   in|    5|     ap_fifo|               Pcurrs|       pointer|
|Pcurrs_empty_n                      |   in|    1|     ap_fifo|               Pcurrs|       pointer|
|Pcurrs_read                         |  out|    1|     ap_fifo|               Pcurrs|       pointer|
|adder_in_feed_1_din                 |  out|   32|     ap_fifo|      adder_in_feed_1|       pointer|
|adder_in_feed_1_num_data_valid      |   in|    8|     ap_fifo|      adder_in_feed_1|       pointer|
|adder_in_feed_1_fifo_cap            |   in|    8|     ap_fifo|      adder_in_feed_1|       pointer|
|adder_in_feed_1_full_n              |   in|    1|     ap_fifo|      adder_in_feed_1|       pointer|
|adder_in_feed_1_write               |  out|    1|     ap_fifo|      adder_in_feed_1|       pointer|
+------------------------------------+-----+-----+------------+---------------------+--------------+

