

================================================================
== Vitis HLS Report for 'readVertex_Pipeline_VITIS_LOOP_92_1'
================================================================
* Date:           Thu Aug 14 17:22:49 2025

* Version:        2024.1 (Build 5069499 on May 21 2024)
* Project:        vertex_map
* Solution:       hls (Vivado IP Flow Target)
* Product family: virtexuplusHBM
* Target device:  xcu55c-fsvh2892-2LV-e


================================================================
== Performance Estimates
================================================================
+ Timing: 
    * Summary: 
    +--------+---------+----------+------------+
    |  Clock |  Target | Estimated| Uncertainty|
    +--------+---------+----------+------------+
    |ap_clk  |  4.00 ns|  2.920 ns|     1.08 ns|
    +--------+---------+----------+------------+

+ Latency: 
    * Summary: 
    +---------+---------+----------+----------+-----+-----+-----------------------------------------------+
    |  Latency (cycles) |  Latency (absolute) |  Interval |                    Pipeline                   |
    |   min   |   max   |    min   |    max   | min | max |                      Type                     |
    +---------+---------+----------+----------+-----+-----+-----------------------------------------------+
    |        ?|        ?|         ?|         ?|    0|    0|  loop auto-rewind stp(delay=0 clock cycles(s))|
    +---------+---------+----------+----------+-----+-----+-----------------------------------------------+

    + Detail: 
        * Instance: 
        N/A

        * Loop: 
        +-------------------+---------+---------+----------+-----------+-----------+------+----------+
        |                   |  Latency (cycles) | Iteration|  Initiation Interval  | Trip |          |
        |     Loop Name     |   min   |   max   |  Latency |  achieved |   target  | Count| Pipelined|
        +-------------------+---------+---------+----------+-----------+-----------+------+----------+
        |- VITIS_LOOP_92_1  |        ?|        ?|       163|          2|          1|     ?|       yes|
        +-------------------+---------+---------+----------+-----------+-----------+------+----------+



================================================================
== Utilization Estimates
================================================================
* Summary: 
+---------------------+---------+------+---------+---------+-----+
|         Name        | BRAM_18K|  DSP |    FF   |   LUT   | URAM|
+---------------------+---------+------+---------+---------+-----+
|DSP                  |        -|     -|        -|        -|    -|
|Expression           |        -|     -|        0|      840|    -|
|FIFO                 |        -|     -|        -|        -|    -|
|Instance             |        -|     -|        -|        -|    -|
|Memory               |        -|     -|        -|        -|    -|
|Multiplexer          |        -|     -|        0|      847|    -|
|Register             |        -|     -|      867|       96|    -|
+---------------------+---------+------+---------+---------+-----+
|Total                |        0|     0|      867|     1783|    0|
+---------------------+---------+------+---------+---------+-----+
|Available SLR        |     1344|  3008|   869120|   434560|  320|
+---------------------+---------+------+---------+---------+-----+
|Utilization SLR (%)  |        0|     0|       ~0|       ~0|    0|
+---------------------+---------+------+---------+---------+-----+
|Available            |     4032|  9024|  2607360|  1303680|  960|
+---------------------+---------+------+---------+---------+-----+
|Utilization (%)      |        0|     0|       ~0|       ~0|    0|
+---------------------+---------+------+---------+---------+-----+

+ Detail: 
    * Instance: 
    +-----------------------------------+-------------------------------+---------+----+---+----+-----+
    |              Instance             |             Module            | BRAM_18K| DSP| FF| LUT| URAM|
    +-----------------------------------+-------------------------------+---------+----+---+----+-----+
    |fdiv_32ns_32ns_32_12_no_dsp_1_U14  |fdiv_32ns_32ns_32_12_no_dsp_1  |        0|   0|  0|   0|    0|
    |uitofp_32ns_32_4_no_dsp_1_U15      |uitofp_32ns_32_4_no_dsp_1      |        0|   0|  0|   0|    0|
    +-----------------------------------+-------------------------------+---------+----+---+----+-----+
    |Total                              |                               |        0|   0|  0|   0|    0|
    +-----------------------------------+-------------------------------+---------+----+---+----+-----+

    * DSP: 
    N/A

    * Memory: 
    N/A

    * FIFO: 
    N/A

    * Expression: 
    +-------------------------------------+----------+----+---+-----+------------+------------+
    |            Variable Name            | Operation| DSP| FF| LUT | Bitwidth P0| Bitwidth P1|
    +-------------------------------------+----------+----+---+-----+------------+------------+
    |add_ln92_fu_190_p2                   |         +|   0|  0|   39|          32|           1|
    |add_ln94_1_fu_214_p2                 |         +|   0|  0|   64|          64|          64|
    |add_ln94_fu_208_p2                   |         +|   0|  0|   64|          64|          64|
    |add_ln98_1_fu_285_p2                 |         +|   0|  0|   64|          64|          64|
    |add_ln98_fu_269_p2                   |         +|   0|  0|   64|          64|          64|
    |add_ln99_1_fu_322_p2                 |         +|   0|  0|   64|          64|          64|
    |add_ln99_fu_317_p2                   |         +|   0|  0|   64|          64|          64|
    |ap_block_state2_io                   |       and|   0|  0|    2|           1|           1|
    |icmp_ln92_fu_184_p2                  |      icmp|   0|  0|   39|          32|          32|
    |lshr_ln94_fu_260_p2                  |      lshr|   0|  0|  182|          64|          64|
    |lshr_ln99_fu_376_p2                  |      lshr|   0|  0|  182|          64|          64|
    |ap_block_pp0_stage0_01001            |        or|   0|  0|    2|           1|           1|
    |ap_block_pp0_stage0_11001            |        or|   0|  0|    2|           1|           1|
    |ap_block_pp0_stage1_11001            |        or|   0|  0|    2|           1|           1|
    |ap_block_state146_pp0_stage1_iter72  |        or|   0|  0|    2|           1|           1|
    |ap_block_state75_io                  |        or|   0|  0|    2|           1|           1|
    |ap_enable_pp0                        |       xor|   0|  0|    2|           1|           2|
    +-------------------------------------+----------+----+---+-----+------------+------------+
    |Total                                |          |   0|  0|  840|         583|         553|
    +-------------------------------------+----------+----+---+-----+------------+------------+

    * Multiplexer: 
    +-----------------------------------+----+-----------+-----+-----------+
    |                Name               | LUT| Input Size| Bits| Total Bits|
    +-----------------------------------+----+-----------+-----+-----------+
    |adder_in_feed_1_blk_n              |   9|          2|    1|          2|
    |ap_NS_fsm                          |  14|          3|    1|          3|
    |ap_done_int                        |   9|          2|    1|          2|
    |ap_enable_reg_pp0_iter0            |   9|          2|    1|          2|
    |ap_enable_reg_pp0_iter1            |   9|          2|    1|          2|
    |ap_enable_reg_pp0_iter81           |   9|          2|    1|          2|
    |ap_loop_exit_ready_pp0_iter10_reg  |   9|          2|    1|          2|
    |ap_loop_exit_ready_pp0_iter11_reg  |   9|          2|    1|          2|
    |ap_loop_exit_ready_pp0_iter12_reg  |   9|          2|    1|          2|
    |ap_loop_exit_ready_pp0_iter13_reg  |   9|          2|    1|          2|
    |ap_loop_exit_ready_pp0_iter14_reg  |   9|          2|    1|          2|
    |ap_loop_exit_ready_pp0_iter15_reg  |   9|          2|    1|          2|
    |ap_loop_exit_ready_pp0_iter16_reg  |   9|          2|    1|          2|
    |ap_loop_exit_ready_pp0_iter17_reg  |   9|          2|    1|          2|
    |ap_loop_exit_ready_pp0_iter18_reg  |   9|          2|    1|          2|
    |ap_loop_exit_ready_pp0_iter19_reg  |   9|          2|    1|          2|
    |ap_loop_exit_ready_pp0_iter1_reg   |   9|          2|    1|          2|
    |ap_loop_exit_ready_pp0_iter20_reg  |   9|          2|    1|          2|
    |ap_loop_exit_ready_pp0_iter21_reg  |   9|          2|    1|          2|
    |ap_loop_exit_ready_pp0_iter22_reg  |   9|          2|    1|          2|
    |ap_loop_exit_ready_pp0_iter23_reg  |   9|          2|    1|          2|
    |ap_loop_exit_ready_pp0_iter24_reg  |   9|          2|    1|          2|
    |ap_loop_exit_ready_pp0_iter25_reg  |   9|          2|    1|          2|
    |ap_loop_exit_ready_pp0_iter26_reg  |   9|          2|    1|          2|
    |ap_loop_exit_ready_pp0_iter27_reg  |   9|          2|    1|          2|
    |ap_loop_exit_ready_pp0_iter28_reg  |   9|          2|    1|          2|
    |ap_loop_exit_ready_pp0_iter29_reg  |   9|          2|    1|          2|
    |ap_loop_exit_ready_pp0_iter2_reg   |   9|          2|    1|          2|
    |ap_loop_exit_ready_pp0_iter30_reg  |   9|          2|    1|          2|
    |ap_loop_exit_ready_pp0_iter31_reg  |   9|          2|    1|          2|
    |ap_loop_exit_ready_pp0_iter32_reg  |   9|          2|    1|          2|
    |ap_loop_exit_ready_pp0_iter33_reg  |   9|          2|    1|          2|
    |ap_loop_exit_ready_pp0_iter34_reg  |   9|          2|    1|          2|
    |ap_loop_exit_ready_pp0_iter35_reg  |   9|          2|    1|          2|
    |ap_loop_exit_ready_pp0_iter36_reg  |   9|          2|    1|          2|
    |ap_loop_exit_ready_pp0_iter37_reg  |   9|          2|    1|          2|
    |ap_loop_exit_ready_pp0_iter38_reg  |   9|          2|    1|          2|
    |ap_loop_exit_ready_pp0_iter39_reg  |   9|          2|    1|          2|
    |ap_loop_exit_ready_pp0_iter3_reg   |   9|          2|    1|          2|
    |ap_loop_exit_ready_pp0_iter40_reg  |   9|          2|    1|          2|
    |ap_loop_exit_ready_pp0_iter41_reg  |   9|          2|    1|          2|
    |ap_loop_exit_ready_pp0_iter42_reg  |   9|          2|    1|          2|
    |ap_loop_exit_ready_pp0_iter43_reg  |   9|          2|    1|          2|
    |ap_loop_exit_ready_pp0_iter44_reg  |   9|          2|    1|          2|
    |ap_loop_exit_ready_pp0_iter45_reg  |   9|          2|    1|          2|
    |ap_loop_exit_ready_pp0_iter46_reg  |   9|          2|    1|          2|
    |ap_loop_exit_ready_pp0_iter47_reg  |   9|          2|    1|          2|
    |ap_loop_exit_ready_pp0_iter48_reg  |   9|          2|    1|          2|
    |ap_loop_exit_ready_pp0_iter49_reg  |   9|          2|    1|          2|
    |ap_loop_exit_ready_pp0_iter4_reg   |   9|          2|    1|          2|
    |ap_loop_exit_ready_pp0_iter50_reg  |   9|          2|    1|          2|
    |ap_loop_exit_ready_pp0_iter51_reg  |   9|          2|    1|          2|
    |ap_loop_exit_ready_pp0_iter52_reg  |   9|          2|    1|          2|
    |ap_loop_exit_ready_pp0_iter53_reg  |   9|          2|    1|          2|
    |ap_loop_exit_ready_pp0_iter54_reg  |   9|          2|    1|          2|
    |ap_loop_exit_ready_pp0_iter55_reg  |   9|          2|    1|          2|
    |ap_loop_exit_ready_pp0_iter56_reg  |   9|          2|    1|          2|
    |ap_loop_exit_ready_pp0_iter57_reg  |   9|          2|    1|          2|
    |ap_loop_exit_ready_pp0_iter58_reg  |   9|          2|    1|          2|
    |ap_loop_exit_ready_pp0_iter59_reg  |   9|          2|    1|          2|
    |ap_loop_exit_ready_pp0_iter5_reg   |   9|          2|    1|          2|
    |ap_loop_exit_ready_pp0_iter60_reg  |   9|          2|    1|          2|
    |ap_loop_exit_ready_pp0_iter61_reg  |   9|          2|    1|          2|
    |ap_loop_exit_ready_pp0_iter62_reg  |   9|          2|    1|          2|
    |ap_loop_exit_ready_pp0_iter63_reg  |   9|          2|    1|          2|
    |ap_loop_exit_ready_pp0_iter64_reg  |   9|          2|    1|          2|
    |ap_loop_exit_ready_pp0_iter65_reg  |   9|          2|    1|          2|
    |ap_loop_exit_ready_pp0_iter66_reg  |   9|          2|    1|          2|
    |ap_loop_exit_ready_pp0_iter67_reg  |   9|          2|    1|          2|
    |ap_loop_exit_ready_pp0_iter68_reg  |   9|          2|    1|          2|
    |ap_loop_exit_ready_pp0_iter69_reg  |   9|          2|    1|          2|
    |ap_loop_exit_ready_pp0_iter6_reg   |   9|          2|    1|          2|
    |ap_loop_exit_ready_pp0_iter70_reg  |   9|          2|    1|          2|
    |ap_loop_exit_ready_pp0_iter71_reg  |   9|          2|    1|          2|
    |ap_loop_exit_ready_pp0_iter72_reg  |   9|          2|    1|          2|
    |ap_loop_exit_ready_pp0_iter73_reg  |   9|          2|    1|          2|
    |ap_loop_exit_ready_pp0_iter74_reg  |   9|          2|    1|          2|
    |ap_loop_exit_ready_pp0_iter75_reg  |   9|          2|    1|          2|
    |ap_loop_exit_ready_pp0_iter76_reg  |   9|          2|    1|          2|
    |ap_loop_exit_ready_pp0_iter77_reg  |   9|          2|    1|          2|
    |ap_loop_exit_ready_pp0_iter78_reg  |   9|          2|    1|          2|
    |ap_loop_exit_ready_pp0_iter79_reg  |   9|          2|    1|          2|
    |ap_loop_exit_ready_pp0_iter7_reg   |   9|          2|    1|          2|
    |ap_loop_exit_ready_pp0_iter80_reg  |   9|          2|    1|          2|
    |ap_loop_exit_ready_pp0_iter8_reg   |   9|          2|    1|          2|
    |ap_loop_exit_ready_pp0_iter9_reg   |   9|          2|    1|          2|
    |ap_sig_allocacmp_i_1               |   9|          2|   32|         64|
    |gmem_CHN_1_blk_n_AR                |   9|          2|    1|          2|
    |gmem_CHN_1_blk_n_R                 |   9|          2|    1|          2|
    |gmem_CHN_2_blk_n_AR                |   9|          2|    1|          2|
    |gmem_CHN_2_blk_n_R                 |   9|          2|    1|          2|
    |i_fu_86                            |   9|          2|   32|         64|
    |m_axi_gmem_CHN_1_ARADDR            |  14|          3|   64|        192|
    +-----------------------------------+----+-----------+-----+-----------+
    |Total                              | 847|        188|  218|        501|
    +-----------------------------------+----+-----------+-----+-----------+

    * Register: 
    +-------------------------------------+----+----+-----+-----------+
    |                 Name                | FF | LUT| Bits| Const Bits|
    +-------------------------------------+----+----+-----+-----------+
    |ap_CS_fsm                            |   2|   0|    2|          0|
    |ap_done_reg                          |   1|   0|    1|          0|
    |ap_enable_reg_pp0_iter0_reg          |   1|   0|    1|          0|
    |ap_enable_reg_pp0_iter1              |   1|   0|    1|          0|
    |ap_enable_reg_pp0_iter10             |   1|   0|    1|          0|
    |ap_enable_reg_pp0_iter11             |   1|   0|    1|          0|
    |ap_enable_reg_pp0_iter12             |   1|   0|    1|          0|
    |ap_enable_reg_pp0_iter13             |   1|   0|    1|          0|
    |ap_enable_reg_pp0_iter14             |   1|   0|    1|          0|
    |ap_enable_reg_pp0_iter15             |   1|   0|    1|          0|
    |ap_enable_reg_pp0_iter16             |   1|   0|    1|          0|
    |ap_enable_reg_pp0_iter17             |   1|   0|    1|          0|
    |ap_enable_reg_pp0_iter18             |   1|   0|    1|          0|
    |ap_enable_reg_pp0_iter19             |   1|   0|    1|          0|
    |ap_enable_reg_pp0_iter2              |   1|   0|    1|          0|
    |ap_enable_reg_pp0_iter20             |   1|   0|    1|          0|
    |ap_enable_reg_pp0_iter21             |   1|   0|    1|          0|
    |ap_enable_reg_pp0_iter22             |   1|   0|    1|          0|
    |ap_enable_reg_pp0_iter23             |   1|   0|    1|          0|
    |ap_enable_reg_pp0_iter24             |   1|   0|    1|          0|
    |ap_enable_reg_pp0_iter25             |   1|   0|    1|          0|
    |ap_enable_reg_pp0_iter26             |   1|   0|    1|          0|
    |ap_enable_reg_pp0_iter27             |   1|   0|    1|          0|
    |ap_enable_reg_pp0_iter28             |   1|   0|    1|          0|
    |ap_enable_reg_pp0_iter29             |   1|   0|    1|          0|
    |ap_enable_reg_pp0_iter3              |   1|   0|    1|          0|
    |ap_enable_reg_pp0_iter30             |   1|   0|    1|          0|
    |ap_enable_reg_pp0_iter31             |   1|   0|    1|          0|
    |ap_enable_reg_pp0_iter32             |   1|   0|    1|          0|
    |ap_enable_reg_pp0_iter33             |   1|   0|    1|          0|
    |ap_enable_reg_pp0_iter34             |   1|   0|    1|          0|
    |ap_enable_reg_pp0_iter35             |   1|   0|    1|          0|
    |ap_enable_reg_pp0_iter36             |   1|   0|    1|          0|
    |ap_enable_reg_pp0_iter37             |   1|   0|    1|          0|
    |ap_enable_reg_pp0_iter38             |   1|   0|    1|          0|
    |ap_enable_reg_pp0_iter39             |   1|   0|    1|          0|
    |ap_enable_reg_pp0_iter4              |   1|   0|    1|          0|
    |ap_enable_reg_pp0_iter40             |   1|   0|    1|          0|
    |ap_enable_reg_pp0_iter41             |   1|   0|    1|          0|
    |ap_enable_reg_pp0_iter42             |   1|   0|    1|          0|
    |ap_enable_reg_pp0_iter43             |   1|   0|    1|          0|
    |ap_enable_reg_pp0_iter44             |   1|   0|    1|          0|
    |ap_enable_reg_pp0_iter45             |   1|   0|    1|          0|
    |ap_enable_reg_pp0_iter46             |   1|   0|    1|          0|
    |ap_enable_reg_pp0_iter47             |   1|   0|    1|          0|
    |ap_enable_reg_pp0_iter48             |   1|   0|    1|          0|
    |ap_enable_reg_pp0_iter49             |   1|   0|    1|          0|
    |ap_enable_reg_pp0_iter5              |   1|   0|    1|          0|
    |ap_enable_reg_pp0_iter50             |   1|   0|    1|          0|
    |ap_enable_reg_pp0_iter51             |   1|   0|    1|          0|
    |ap_enable_reg_pp0_iter52             |   1|   0|    1|          0|
    |ap_enable_reg_pp0_iter53             |   1|   0|    1|          0|
    |ap_enable_reg_pp0_iter54             |   1|   0|    1|          0|
    |ap_enable_reg_pp0_iter55             |   1|   0|    1|          0|
    |ap_enable_reg_pp0_iter56             |   1|   0|    1|          0|
    |ap_enable_reg_pp0_iter57             |   1|   0|    1|          0|
    |ap_enable_reg_pp0_iter58             |   1|   0|    1|          0|
    |ap_enable_reg_pp0_iter59             |   1|   0|    1|          0|
    |ap_enable_reg_pp0_iter6              |   1|   0|    1|          0|
    |ap_enable_reg_pp0_iter60             |   1|   0|    1|          0|
    |ap_enable_reg_pp0_iter61             |   1|   0|    1|          0|
    |ap_enable_reg_pp0_iter62             |   1|   0|    1|          0|
    |ap_enable_reg_pp0_iter63             |   1|   0|    1|          0|
    |ap_enable_reg_pp0_iter64             |   1|   0|    1|          0|
    |ap_enable_reg_pp0_iter65             |   1|   0|    1|          0|
    |ap_enable_reg_pp0_iter66             |   1|   0|    1|          0|
    |ap_enable_reg_pp0_iter67             |   1|   0|    1|          0|
    |ap_enable_reg_pp0_iter68             |   1|   0|    1|          0|
    |ap_enable_reg_pp0_iter69             |   1|   0|    1|          0|
    |ap_enable_reg_pp0_iter7              |   1|   0|    1|          0|
    |ap_enable_reg_pp0_iter70             |   1|   0|    1|          0|
    |ap_enable_reg_pp0_iter71             |   1|   0|    1|          0|
    |ap_enable_reg_pp0_iter72             |   1|   0|    1|          0|
    |ap_enable_reg_pp0_iter73             |   1|   0|    1|          0|
    |ap_enable_reg_pp0_iter74             |   1|   0|    1|          0|
    |ap_enable_reg_pp0_iter75             |   1|   0|    1|          0|
    |ap_enable_reg_pp0_iter76             |   1|   0|    1|          0|
    |ap_enable_reg_pp0_iter77             |   1|   0|    1|          0|
    |ap_enable_reg_pp0_iter78             |   1|   0|    1|          0|
    |ap_enable_reg_pp0_iter79             |   1|   0|    1|          0|
    |ap_enable_reg_pp0_iter8              |   1|   0|    1|          0|
    |ap_enable_reg_pp0_iter80             |   1|   0|    1|          0|
    |ap_enable_reg_pp0_iter81             |   1|   0|    1|          0|
    |ap_enable_reg_pp0_iter9              |   1|   0|    1|          0|
    |ap_loop_exit_ready_pp0_iter10_reg    |   1|   0|    1|          0|
    |ap_loop_exit_ready_pp0_iter11_reg    |   1|   0|    1|          0|
    |ap_loop_exit_ready_pp0_iter12_reg    |   1|   0|    1|          0|
    |ap_loop_exit_ready_pp0_iter13_reg    |   1|   0|    1|          0|
    |ap_loop_exit_ready_pp0_iter14_reg    |   1|   0|    1|          0|
    |ap_loop_exit_ready_pp0_iter15_reg    |   1|   0|    1|          0|
    |ap_loop_exit_ready_pp0_iter16_reg    |   1|   0|    1|          0|
    |ap_loop_exit_ready_pp0_iter17_reg    |   1|   0|    1|          0|
    |ap_loop_exit_ready_pp0_iter18_reg    |   1|   0|    1|          0|
    |ap_loop_exit_ready_pp0_iter19_reg    |   1|   0|    1|          0|
    |ap_loop_exit_ready_pp0_iter1_reg     |   1|   0|    1|          0|
    |ap_loop_exit_ready_pp0_iter20_reg    |   1|   0|    1|          0|
    |ap_loop_exit_ready_pp0_iter21_reg    |   1|   0|    1|          0|
    |ap_loop_exit_ready_pp0_iter22_reg    |   1|   0|    1|          0|
    |ap_loop_exit_ready_pp0_iter23_reg    |   1|   0|    1|          0|
    |ap_loop_exit_ready_pp0_iter24_reg    |   1|   0|    1|          0|
    |ap_loop_exit_ready_pp0_iter25_reg    |   1|   0|    1|          0|
    |ap_loop_exit_ready_pp0_iter26_reg    |   1|   0|    1|          0|
    |ap_loop_exit_ready_pp0_iter27_reg    |   1|   0|    1|          0|
    |ap_loop_exit_ready_pp0_iter28_reg    |   1|   0|    1|          0|
    |ap_loop_exit_ready_pp0_iter29_reg    |   1|   0|    1|          0|
    |ap_loop_exit_ready_pp0_iter2_reg     |   1|   0|    1|          0|
    |ap_loop_exit_ready_pp0_iter30_reg    |   1|   0|    1|          0|
    |ap_loop_exit_ready_pp0_iter31_reg    |   1|   0|    1|          0|
    |ap_loop_exit_ready_pp0_iter32_reg    |   1|   0|    1|          0|
    |ap_loop_exit_ready_pp0_iter33_reg    |   1|   0|    1|          0|
    |ap_loop_exit_ready_pp0_iter34_reg    |   1|   0|    1|          0|
    |ap_loop_exit_ready_pp0_iter35_reg    |   1|   0|    1|          0|
    |ap_loop_exit_ready_pp0_iter36_reg    |   1|   0|    1|          0|
    |ap_loop_exit_ready_pp0_iter37_reg    |   1|   0|    1|          0|
    |ap_loop_exit_ready_pp0_iter38_reg    |   1|   0|    1|          0|
    |ap_loop_exit_ready_pp0_iter39_reg    |   1|   0|    1|          0|
    |ap_loop_exit_ready_pp0_iter3_reg     |   1|   0|    1|          0|
    |ap_loop_exit_ready_pp0_iter40_reg    |   1|   0|    1|          0|
    |ap_loop_exit_ready_pp0_iter41_reg    |   1|   0|    1|          0|
    |ap_loop_exit_ready_pp0_iter42_reg    |   1|   0|    1|          0|
    |ap_loop_exit_ready_pp0_iter43_reg    |   1|   0|    1|          0|
    |ap_loop_exit_ready_pp0_iter44_reg    |   1|   0|    1|          0|
    |ap_loop_exit_ready_pp0_iter45_reg    |   1|   0|    1|          0|
    |ap_loop_exit_ready_pp0_iter46_reg    |   1|   0|    1|          0|
    |ap_loop_exit_ready_pp0_iter47_reg    |   1|   0|    1|          0|
    |ap_loop_exit_ready_pp0_iter48_reg    |   1|   0|    1|          0|
    |ap_loop_exit_ready_pp0_iter49_reg    |   1|   0|    1|          0|
    |ap_loop_exit_ready_pp0_iter4_reg     |   1|   0|    1|          0|
    |ap_loop_exit_ready_pp0_iter50_reg    |   1|   0|    1|          0|
    |ap_loop_exit_ready_pp0_iter51_reg    |   1|   0|    1|          0|
    |ap_loop_exit_ready_pp0_iter52_reg    |   1|   0|    1|          0|
    |ap_loop_exit_ready_pp0_iter53_reg    |   1|   0|    1|          0|
    |ap_loop_exit_ready_pp0_iter54_reg    |   1|   0|    1|          0|
    |ap_loop_exit_ready_pp0_iter55_reg    |   1|   0|    1|          0|
    |ap_loop_exit_ready_pp0_iter56_reg    |   1|   0|    1|          0|
    |ap_loop_exit_ready_pp0_iter57_reg    |   1|   0|    1|          0|
    |ap_loop_exit_ready_pp0_iter58_reg    |   1|   0|    1|          0|
    |ap_loop_exit_ready_pp0_iter59_reg    |   1|   0|    1|          0|
    |ap_loop_exit_ready_pp0_iter5_reg     |   1|   0|    1|          0|
    |ap_loop_exit_ready_pp0_iter60_reg    |   1|   0|    1|          0|
    |ap_loop_exit_ready_pp0_iter61_reg    |   1|   0|    1|          0|
    |ap_loop_exit_ready_pp0_iter62_reg    |   1|   0|    1|          0|
    |ap_loop_exit_ready_pp0_iter63_reg    |   1|   0|    1|          0|
    |ap_loop_exit_ready_pp0_iter64_reg    |   1|   0|    1|          0|
    |ap_loop_exit_ready_pp0_iter65_reg    |   1|   0|    1|          0|
    |ap_loop_exit_ready_pp0_iter66_reg    |   1|   0|    1|          0|
    |ap_loop_exit_ready_pp0_iter67_reg    |   1|   0|    1|          0|
    |ap_loop_exit_ready_pp0_iter68_reg    |   1|   0|    1|          0|
    |ap_loop_exit_ready_pp0_iter69_reg    |   1|   0|    1|          0|
    |ap_loop_exit_ready_pp0_iter6_reg     |   1|   0|    1|          0|
    |ap_loop_exit_ready_pp0_iter70_reg    |   1|   0|    1|          0|
    |ap_loop_exit_ready_pp0_iter71_reg    |   1|   0|    1|          0|
    |ap_loop_exit_ready_pp0_iter72_reg    |   1|   0|    1|          0|
    |ap_loop_exit_ready_pp0_iter73_reg    |   1|   0|    1|          0|
    |ap_loop_exit_ready_pp0_iter74_reg    |   1|   0|    1|          0|
    |ap_loop_exit_ready_pp0_iter75_reg    |   1|   0|    1|          0|
    |ap_loop_exit_ready_pp0_iter76_reg    |   1|   0|    1|          0|
    |ap_loop_exit_ready_pp0_iter77_reg    |   1|   0|    1|          0|
    |ap_loop_exit_ready_pp0_iter78_reg    |   1|   0|    1|          0|
    |ap_loop_exit_ready_pp0_iter79_reg    |   1|   0|    1|          0|
    |ap_loop_exit_ready_pp0_iter7_reg     |   1|   0|    1|          0|
    |ap_loop_exit_ready_pp0_iter80_reg    |   1|   0|    1|          0|
    |ap_loop_exit_ready_pp0_iter8_reg     |   1|   0|    1|          0|
    |ap_loop_exit_ready_pp0_iter9_reg     |   1|   0|    1|          0|
    |contribution_reg_497                 |  32|   0|   32|          0|
    |conv_reg_487                         |  32|   0|   32|          0|
    |gmem_CHN_1_addr_read_reg_440         |  64|   0|   64|          0|
    |gmem_CHN_2_addr_read_reg_477         |  64|   0|   64|          0|
    |i_fu_86                              |  32|   0|   32|          0|
    |icmp_ln92_reg_420                    |   1|   0|    1|          0|
    |trunc_ln94_1_reg_424                 |  61|   0|   61|          0|
    |trunc_ln94_reg_429                   |   3|   0|    3|          0|
    |trunc_ln99_1_reg_455                 |   3|   0|    3|          0|
    |trunc_ln99_2_reg_450                 |  61|   0|   61|          0|
    |trunc_ln99_3_reg_482                 |  32|   0|   32|          0|
    |trunc_ln99_3_reg_482_pp0_iter74_reg  |  32|   0|   32|          0|
    |trunc_ln_reg_445                     |  61|   0|   61|          0|
    |u_degree_reg_472                     |  32|   0|   32|          0|
    |icmp_ln92_reg_420                    |  64|  32|    1|          0|
    |trunc_ln94_reg_429                   |  64|  32|    3|          0|
    |trunc_ln99_1_reg_455                 |  64|  32|    3|          0|
    +-------------------------------------+----+----+-----+-----------+
    |Total                                | 867|  96|  682|          0|
    +-------------------------------------+----+----+-----+-----------+



================================================================
== Interface
================================================================
* Summary: 
+--------------------------------+-----+-----+------------+-------------------------------------+--------------+
|            RTL Ports           | Dir | Bits|  Protocol  |            Source Object            |    C Type    |
+--------------------------------+-----+-----+------------+-------------------------------------+--------------+
|ap_clk                          |   in|    1|  ap_ctrl_hs|  readVertex_Pipeline_VITIS_LOOP_92_1|  return value|
|ap_rst                          |   in|    1|  ap_ctrl_hs|  readVertex_Pipeline_VITIS_LOOP_92_1|  return value|
|ap_start                        |   in|    1|  ap_ctrl_hs|  readVertex_Pipeline_VITIS_LOOP_92_1|  return value|
|ap_done                         |  out|    1|  ap_ctrl_hs|  readVertex_Pipeline_VITIS_LOOP_92_1|  return value|
|ap_idle                         |  out|    1|  ap_ctrl_hs|  readVertex_Pipeline_VITIS_LOOP_92_1|  return value|
|ap_ready                        |  out|    1|  ap_ctrl_hs|  readVertex_Pipeline_VITIS_LOOP_92_1|  return value|
|m_axi_gmem_CHN_1_AWVALID        |  out|    1|       m_axi|                                 gmem|       pointer|
|m_axi_gmem_CHN_1_AWREADY        |   in|    1|       m_axi|                                 gmem|       pointer|
|m_axi_gmem_CHN_1_AWADDR         |  out|   64|       m_axi|                                 gmem|       pointer|
|m_axi_gmem_CHN_1_AWID           |  out|    1|       m_axi|                                 gmem|       pointer|
|m_axi_gmem_CHN_1_AWLEN          |  out|   32|       m_axi|                                 gmem|       pointer|
|m_axi_gmem_CHN_1_AWSIZE         |  out|    3|       m_axi|                                 gmem|       pointer|
|m_axi_gmem_CHN_1_AWBURST        |  out|    2|       m_axi|                                 gmem|       pointer|
|m_axi_gmem_CHN_1_AWLOCK         |  out|    2|       m_axi|                                 gmem|       pointer|
|m_axi_gmem_CHN_1_AWCACHE        |  out|    4|       m_axi|                                 gmem|       pointer|
|m_axi_gmem_CHN_1_AWPROT         |  out|    3|       m_axi|                                 gmem|       pointer|
|m_axi_gmem_CHN_1_AWQOS          |  out|    4|       m_axi|                                 gmem|       pointer|
|m_axi_gmem_CHN_1_AWREGION       |  out|    4|       m_axi|                                 gmem|       pointer|
|m_axi_gmem_CHN_1_AWUSER         |  out|    1|       m_axi|                                 gmem|       pointer|
|m_axi_gmem_CHN_1_WVALID         |  out|    1|       m_axi|                                 gmem|       pointer|
|m_axi_gmem_CHN_1_WREADY         |   in|    1|       m_axi|                                 gmem|       pointer|
|m_axi_gmem_CHN_1_WDATA          |  out|   64|       m_axi|                                 gmem|       pointer|
|m_axi_gmem_CHN_1_WSTRB          |  out|    8|       m_axi|                                 gmem|       pointer|
|m_axi_gmem_CHN_1_WLAST          |  out|    1|       m_axi|                                 gmem|       pointer|
|m_axi_gmem_CHN_1_WID            |  out|    1|       m_axi|                                 gmem|       pointer|
|m_axi_gmem_CHN_1_WUSER          |  out|    1|       m_axi|                                 gmem|       pointer|
|m_axi_gmem_CHN_1_ARVALID        |  out|    1|       m_axi|                                 gmem|       pointer|
|m_axi_gmem_CHN_1_ARREADY        |   in|    1|       m_axi|                                 gmem|       pointer|
|m_axi_gmem_CHN_1_ARADDR         |  out|   64|       m_axi|                                 gmem|       pointer|
|m_axi_gmem_CHN_1_ARID           |  out|    1|       m_axi|                                 gmem|       pointer|
|m_axi_gmem_CHN_1_ARLEN          |  out|   32|       m_axi|                                 gmem|       pointer|
|m_axi_gmem_CHN_1_ARSIZE         |  out|    3|       m_axi|                                 gmem|       pointer|
|m_axi_gmem_CHN_1_ARBURST        |  out|    2|       m_axi|                                 gmem|       pointer|
|m_axi_gmem_CHN_1_ARLOCK         |  out|    2|       m_axi|                                 gmem|       pointer|
|m_axi_gmem_CHN_1_ARCACHE        |  out|    4|       m_axi|                                 gmem|       pointer|
|m_axi_gmem_CHN_1_ARPROT         |  out|    3|       m_axi|                                 gmem|       pointer|
|m_axi_gmem_CHN_1_ARQOS          |  out|    4|       m_axi|                                 gmem|       pointer|
|m_axi_gmem_CHN_1_ARREGION       |  out|    4|       m_axi|                                 gmem|       pointer|
|m_axi_gmem_CHN_1_ARUSER         |  out|    1|       m_axi|                                 gmem|       pointer|
|m_axi_gmem_CHN_1_RVALID         |   in|    1|       m_axi|                                 gmem|       pointer|
|m_axi_gmem_CHN_1_RREADY         |  out|    1|       m_axi|                                 gmem|       pointer|
|m_axi_gmem_CHN_1_RDATA          |   in|   64|       m_axi|                                 gmem|       pointer|
|m_axi_gmem_CHN_1_RLAST          |   in|    1|       m_axi|                                 gmem|       pointer|
|m_axi_gmem_CHN_1_RID            |   in|    1|       m_axi|                                 gmem|       pointer|
|m_axi_gmem_CHN_1_RFIFONUM       |   in|   11|       m_axi|                                 gmem|       pointer|
|m_axi_gmem_CHN_1_RUSER          |   in|    1|       m_axi|                                 gmem|       pointer|
|m_axi_gmem_CHN_1_RRESP          |   in|    2|       m_axi|                                 gmem|       pointer|
|m_axi_gmem_CHN_1_BVALID         |   in|    1|       m_axi|                                 gmem|       pointer|
|m_axi_gmem_CHN_1_BREADY         |  out|    1|       m_axi|                                 gmem|       pointer|
|m_axi_gmem_CHN_1_BRESP          |   in|    2|       m_axi|                                 gmem|       pointer|
|m_axi_gmem_CHN_1_BID            |   in|    1|       m_axi|                                 gmem|       pointer|
|m_axi_gmem_CHN_1_BUSER          |   in|    1|       m_axi|                                 gmem|       pointer|
|m_axi_gmem_CHN_2_AWVALID        |  out|    1|       m_axi|                                 gmem|       pointer|
|m_axi_gmem_CHN_2_AWREADY        |   in|    1|       m_axi|                                 gmem|       pointer|
|m_axi_gmem_CHN_2_AWADDR         |  out|   64|       m_axi|                                 gmem|       pointer|
|m_axi_gmem_CHN_2_AWID           |  out|    1|       m_axi|                                 gmem|       pointer|
|m_axi_gmem_CHN_2_AWLEN          |  out|   32|       m_axi|                                 gmem|       pointer|
|m_axi_gmem_CHN_2_AWSIZE         |  out|    3|       m_axi|                                 gmem|       pointer|
|m_axi_gmem_CHN_2_AWBURST        |  out|    2|       m_axi|                                 gmem|       pointer|
|m_axi_gmem_CHN_2_AWLOCK         |  out|    2|       m_axi|                                 gmem|       pointer|
|m_axi_gmem_CHN_2_AWCACHE        |  out|    4|       m_axi|                                 gmem|       pointer|
|m_axi_gmem_CHN_2_AWPROT         |  out|    3|       m_axi|                                 gmem|       pointer|
|m_axi_gmem_CHN_2_AWQOS          |  out|    4|       m_axi|                                 gmem|       pointer|
|m_axi_gmem_CHN_2_AWREGION       |  out|    4|       m_axi|                                 gmem|       pointer|
|m_axi_gmem_CHN_2_AWUSER         |  out|    1|       m_axi|                                 gmem|       pointer|
|m_axi_gmem_CHN_2_WVALID         |  out|    1|       m_axi|                                 gmem|       pointer|
|m_axi_gmem_CHN_2_WREADY         |   in|    1|       m_axi|                                 gmem|       pointer|
|m_axi_gmem_CHN_2_WDATA          |  out|   64|       m_axi|                                 gmem|       pointer|
|m_axi_gmem_CHN_2_WSTRB          |  out|    8|       m_axi|                                 gmem|       pointer|
|m_axi_gmem_CHN_2_WLAST          |  out|    1|       m_axi|                                 gmem|       pointer|
|m_axi_gmem_CHN_2_WID            |  out|    1|       m_axi|                                 gmem|       pointer|
|m_axi_gmem_CHN_2_WUSER          |  out|    1|       m_axi|                                 gmem|       pointer|
|m_axi_gmem_CHN_2_ARVALID        |  out|    1|       m_axi|                                 gmem|       pointer|
|m_axi_gmem_CHN_2_ARREADY        |   in|    1|       m_axi|                                 gmem|       pointer|
|m_axi_gmem_CHN_2_ARADDR         |  out|   64|       m_axi|                                 gmem|       pointer|
|m_axi_gmem_CHN_2_ARID           |  out|    1|       m_axi|                                 gmem|       pointer|
|m_axi_gmem_CHN_2_ARLEN          |  out|   32|       m_axi|                                 gmem|       pointer|
|m_axi_gmem_CHN_2_ARSIZE         |  out|    3|       m_axi|                                 gmem|       pointer|
|m_axi_gmem_CHN_2_ARBURST        |  out|    2|       m_axi|                                 gmem|       pointer|
|m_axi_gmem_CHN_2_ARLOCK         |  out|    2|       m_axi|                                 gmem|       pointer|
|m_axi_gmem_CHN_2_ARCACHE        |  out|    4|       m_axi|                                 gmem|       pointer|
|m_axi_gmem_CHN_2_ARPROT         |  out|    3|       m_axi|                                 gmem|       pointer|
|m_axi_gmem_CHN_2_ARQOS          |  out|    4|       m_axi|                                 gmem|       pointer|
|m_axi_gmem_CHN_2_ARREGION       |  out|    4|       m_axi|                                 gmem|       pointer|
|m_axi_gmem_CHN_2_ARUSER         |  out|    1|       m_axi|                                 gmem|       pointer|
|m_axi_gmem_CHN_2_RVALID         |   in|    1|       m_axi|                                 gmem|       pointer|
|m_axi_gmem_CHN_2_RREADY         |  out|    1|       m_axi|                                 gmem|       pointer|
|m_axi_gmem_CHN_2_RDATA          |   in|   64|       m_axi|                                 gmem|       pointer|
|m_axi_gmem_CHN_2_RLAST          |   in|    1|       m_axi|                                 gmem|       pointer|
|m_axi_gmem_CHN_2_RID            |   in|    1|       m_axi|                                 gmem|       pointer|
|m_axi_gmem_CHN_2_RFIFONUM       |   in|   11|       m_axi|                                 gmem|       pointer|
|m_axi_gmem_CHN_2_RUSER          |   in|    1|       m_axi|                                 gmem|       pointer|
|m_axi_gmem_CHN_2_RRESP          |   in|    2|       m_axi|                                 gmem|       pointer|
|m_axi_gmem_CHN_2_BVALID         |   in|    1|       m_axi|                                 gmem|       pointer|
|m_axi_gmem_CHN_2_BREADY         |  out|    1|       m_axi|                                 gmem|       pointer|
|m_axi_gmem_CHN_2_BRESP          |   in|    2|       m_axi|                                 gmem|       pointer|
|m_axi_gmem_CHN_2_BID            |   in|    1|       m_axi|                                 gmem|       pointer|
|m_axi_gmem_CHN_2_BUSER          |   in|    1|       m_axi|                                 gmem|       pointer|
|v_size                          |   in|   32|     ap_none|                               v_size|        scalar|
|mem0                            |   in|   64|     ap_none|                                 mem0|        scalar|
|v_neighbours                    |   in|   64|     ap_none|                         v_neighbours|        scalar|
|adj_list                        |   in|   64|     ap_none|                             adj_list|        scalar|
|mem1                            |   in|   64|     ap_none|                                 mem1|        scalar|
|Pcurr                           |   in|   64|     ap_none|                                Pcurr|        scalar|
|adder_in_feed_1_din             |  out|   32|     ap_fifo|                      adder_in_feed_1|       pointer|
|adder_in_feed_1_num_data_valid  |   in|    8|     ap_fifo|                      adder_in_feed_1|       pointer|
|adder_in_feed_1_fifo_cap        |   in|    8|     ap_fifo|                      adder_in_feed_1|       pointer|
|adder_in_feed_1_full_n          |   in|    1|     ap_fifo|                      adder_in_feed_1|       pointer|
|adder_in_feed_1_write           |  out|    1|     ap_fifo|                      adder_in_feed_1|       pointer|
+--------------------------------+-----+-----+------------+-------------------------------------+--------------+

