

================================================================
== Vitis HLS Report for 'write_arg'
================================================================
* Date:           Thu Aug 14 17:22:49 2025

* Version:        2024.1 (Build 5069499 on May 21 2024)
* Project:        vertex_map
* Solution:       hls (Vivado IP Flow Target)
* Product family: virtexuplusHBM
* Target device:  xcu55c-fsvh2892-2LV-e


================================================================
== Performance Estimates
================================================================
+ Timing: 
    * Summary: 
    +--------+---------+----------+------------+
    |  Clock |  Target | Estimated| Uncertainty|
    +--------+---------+----------+------------+
    |ap_clk  |  4.00 ns|  2.920 ns|     1.08 ns|
    +--------+---------+----------+------------+

+ Latency: 
    * Summary: 
    +---------+---------+----------+----------+-----+-----+---------+
    |  Latency (cycles) |  Latency (absolute) |  Interval | Pipeline|
    |   min   |   max   |    min   |    max   | min | max |   Type  |
    +---------+---------+----------+----------+-----+-----+---------+
    |      141|      141|  0.564 us|  0.564 us|  141|  141|       no|
    +---------+---------+----------+----------+-----+-----+---------+

    + Detail: 
        * Instance: 
        N/A

        * Loop: 
        N/A



================================================================
== Utilization Estimates
================================================================
* Summary: 
+---------------------+---------+------+---------+---------+-----+
|         Name        | BRAM_18K|  DSP |    FF   |   LUT   | URAM|
+---------------------+---------+------+---------+---------+-----+
|DSP                  |        -|     -|        -|        -|    -|
|Expression           |        -|     -|        0|      742|    -|
|FIFO                 |        -|     -|        -|        -|    -|
|Instance             |        -|     5|      461|      276|    -|
|Memory               |        -|     -|        -|        -|    -|
|Multiplexer          |        -|     -|        0|      897|    -|
|Register             |        -|     -|      729|        -|    -|
+---------------------+---------+------+---------+---------+-----+
|Total                |        0|     5|     1190|     1915|    0|
+---------------------+---------+------+---------+---------+-----+
|Available SLR        |     1344|  3008|   869120|   434560|  320|
+---------------------+---------+------+---------+---------+-----+
|Utilization SLR (%)  |        0|    ~0|       ~0|       ~0|    0|
+---------------------+---------+------+---------+---------+-----+
|Available            |     4032|  9024|  2607360|  1303680|  960|
+---------------------+---------+------+---------+---------+-----+
|Utilization (%)      |        0|    ~0|       ~0|       ~0|    0|
+---------------------+---------+------+---------+---------+-----+

+ Detail: 
    * Instance: 
    +----------------------------------------+------------------------------------+---------+----+-----+-----+-----+
    |                Instance                |               Module               | BRAM_18K| DSP|  FF | LUT | URAM|
    +----------------------------------------+------------------------------------+---------+----+-----+-----+-----+
    |faddfsub_32ns_32ns_32_7_full_dsp_1_U58  |faddfsub_32ns_32ns_32_7_full_dsp_1  |        0|   2|  318|  198|    0|
    |fcmp_32ns_32ns_1_2_no_dsp_1_U62         |fcmp_32ns_32ns_1_2_no_dsp_1         |        0|   0|    0|    0|    0|
    |fdiv_32ns_32ns_32_12_no_dsp_1_U60       |fdiv_32ns_32ns_32_12_no_dsp_1       |        0|   0|    0|    0|    0|
    |fmul_32ns_32ns_32_4_max_dsp_1_U59       |fmul_32ns_32ns_32_4_max_dsp_1       |        0|   3|  143|   78|    0|
    |uitofp_32ns_32_4_no_dsp_1_U61           |uitofp_32ns_32_4_no_dsp_1           |        0|   0|    0|    0|    0|
    +----------------------------------------+------------------------------------+---------+----+-----+-----+-----+
    |Total                                   |                                    |        0|   5|  461|  276|    0|
    +----------------------------------------+------------------------------------+---------+----+-----+-----+-----+

    * DSP: 
    N/A

    * Memory: 
    N/A

    * FIFO: 
    N/A

    * Expression: 
    +------------------------+----------+----+---+-----+------------+------------+
    |      Variable Name     | Operation| DSP| FF| LUT | Bitwidth P0| Bitwidth P1|
    +------------------------+----------+----+---+-----+------------+------------+
    |add_ln197_1_fu_261_p2   |         +|   0|  0|   64|          64|          64|
    |add_ln197_fu_255_p2     |         +|   0|  0|   64|          64|          64|
    |add_ln201_1_fu_287_p2   |         +|   0|  0|   64|          64|          64|
    |add_ln201_fu_281_p2     |         +|   0|  0|   64|          64|          64|
    |and_ln204_1_fu_456_p2   |       and|   0|  0|    2|           1|           1|
    |and_ln204_fu_450_p2     |       and|   0|  0|    2|           1|           1|
    |ap_block_state141_io    |       and|   0|  0|    2|           1|           1|
    |icmp_ln204_1_fu_364_p2  |      icmp|   0|  0|   30|          23|           1|
    |icmp_ln204_2_fu_432_p2  |      icmp|   0|  0|   15|           8|           2|
    |icmp_ln204_3_fu_438_p2  |      icmp|   0|  0|   30|          23|           1|
    |icmp_ln204_fu_358_p2    |      icmp|   0|  0|   15|           8|           2|
    |lshr_ln197_fu_473_p2    |      lshr|   0|  0|  182|          64|          64|
    |ap_block_state1         |        or|   0|  0|    2|           1|           1|
    |ap_block_state141       |        or|   0|  0|    2|           1|           1|
    |ap_block_state142       |        or|   0|  0|    2|           1|           1|
    |or_ln204_1_fu_444_p2    |        or|   0|  0|    2|           1|           1|
    |or_ln204_fu_428_p2      |        or|   0|  0|    2|           1|           1|
    |shl_ln201_2_fu_398_p2   |       shl|   0|  0|  182|          64|          64|
    |shl_ln201_fu_381_p2     |       shl|   0|  0|   16|           4|           8|
    +------------------------+----------+----+---+-----+------------+------------+
    |Total                   |          |   0|  0|  742|         458|         406|
    +------------------------+----------+----+---+-----+------------+------------+

    * Multiplexer: 
    +---------------------------+-----+-----------+-----+-----------+
    |            Name           | LUT | Input Size| Bits| Total Bits|
    +---------------------------+-----+-----------+-----+-----------+
    |ap_NS_fsm                  |  753|        143|    1|        143|
    |ap_done                    |    9|          2|    1|          2|
    |gmem_CHN_5_blk_n_AR        |    9|          2|    1|          2|
    |gmem_CHN_5_blk_n_AW        |    9|          2|    1|          2|
    |gmem_CHN_5_blk_n_B         |    9|          2|    1|          2|
    |gmem_CHN_5_blk_n_R         |    9|          2|    1|          2|
    |gmem_CHN_5_blk_n_W         |    9|          2|    1|          2|
    |grp_fu_172_opcode          |   14|          3|    2|          6|
    |grp_fu_172_p0              |   20|          4|   32|        128|
    |grp_fu_172_p1              |   20|          4|   32|        128|
    |mem_blk_n                  |    9|          2|    1|          2|
    |sums_stream_blk_n          |    9|          2|    1|          2|
    |taskOutGlobal_TDATA_blk_n  |    9|          2|    1|          2|
    |taskToWrite_blk_n          |    9|          2|    1|          2|
    +---------------------------+-----+-----------+-----+-----------+
    |Total                      |  897|        174|   77|        425|
    +---------------------------+-----+-----------+-----+-----------+

    * Register: 
    +------------------------------+-----+----+-----+-----------+
    |             Name             |  FF | LUT| Bits| Const Bits|
    +------------------------------+-----+----+-----+-----------+
    |and_ln204_1_reg_610           |    1|   0|    1|          0|
    |ap_CS_fsm                     |  142|   0|  142|          0|
    |ap_done_reg                   |    1|   0|    1|          0|
    |conv_reg_571                  |   32|   0|   32|          0|
    |div_reg_576                   |   32|   0|   32|          0|
    |gmem_CHN_5_addr_read_reg_614  |   64|   0|   64|          0|
    |icmp_ln204_1_reg_589          |    1|   0|    1|          0|
    |icmp_ln204_reg_584            |    1|   0|    1|          0|
    |mul_reg_566                   |   32|   0|   32|          0|
    |reg_192                       |   32|   0|   32|          0|
    |shl_ln201_2_reg_599           |   64|   0|   64|          0|
    |shl_ln201_reg_594             |    8|   0|    8|          0|
    |sums_stream_read_reg_513      |   32|   0|   32|          0|
    |task_vertex_count_reg_518     |   32|   0|   32|          0|
    |trunc_ln189_4_reg_523         |   32|   0|   32|          0|
    |trunc_ln197_1_reg_619         |   32|   0|   32|          0|
    |trunc_ln197_2_reg_528         |   61|   0|   61|          0|
    |trunc_ln197_reg_533           |    3|   0|    3|          0|
    |trunc_ln201_1_reg_544         |   61|   0|   61|          0|
    |trunc_ln201_reg_538           |    3|   0|    3|          0|
    |trunc_ln313_reg_629           |   31|   0|   31|          0|
    |val_fu_116                    |   32|   0|   32|          0|
    +------------------------------+-----+----+-----+-----------+
    |Total                         |  729|   0|  729|          0|
    +------------------------------+-----+----+-----+-----------+



================================================================
== Interface
================================================================
* Summary: 
+----------------------------+-----+-----+------------+---------------+--------------+
|          RTL Ports         | Dir | Bits|  Protocol  | Source Object |    C Type    |
+----------------------------+-----+-----+------------+---------------+--------------+
|ap_clk                      |   in|    1|  ap_ctrl_hs|      write_arg|  return value|
|ap_rst                      |   in|    1|  ap_ctrl_hs|      write_arg|  return value|
|ap_start                    |   in|    1|  ap_ctrl_hs|      write_arg|  return value|
|ap_done                     |  out|    1|  ap_ctrl_hs|      write_arg|  return value|
|ap_continue                 |   in|    1|  ap_ctrl_hs|      write_arg|  return value|
|ap_idle                     |  out|    1|  ap_ctrl_hs|      write_arg|  return value|
|ap_ready                    |  out|    1|  ap_ctrl_hs|      write_arg|  return value|
|m_axi_gmem_CHN_5_AWVALID    |  out|    1|       m_axi|           gmem|       pointer|
|m_axi_gmem_CHN_5_AWREADY    |   in|    1|       m_axi|           gmem|       pointer|
|m_axi_gmem_CHN_5_AWADDR     |  out|   64|       m_axi|           gmem|       pointer|
|m_axi_gmem_CHN_5_AWID       |  out|    1|       m_axi|           gmem|       pointer|
|m_axi_gmem_CHN_5_AWLEN      |  out|   32|       m_axi|           gmem|       pointer|
|m_axi_gmem_CHN_5_AWSIZE     |  out|    3|       m_axi|           gmem|       pointer|
|m_axi_gmem_CHN_5_AWBURST    |  out|    2|       m_axi|           gmem|       pointer|
|m_axi_gmem_CHN_5_AWLOCK     |  out|    2|       m_axi|           gmem|       pointer|
|m_axi_gmem_CHN_5_AWCACHE    |  out|    4|       m_axi|           gmem|       pointer|
|m_axi_gmem_CHN_5_AWPROT     |  out|    3|       m_axi|           gmem|       pointer|
|m_axi_gmem_CHN_5_AWQOS      |  out|    4|       m_axi|           gmem|       pointer|
|m_axi_gmem_CHN_5_AWREGION   |  out|    4|       m_axi|           gmem|       pointer|
|m_axi_gmem_CHN_5_AWUSER     |  out|    1|       m_axi|           gmem|       pointer|
|m_axi_gmem_CHN_5_WVALID     |  out|    1|       m_axi|           gmem|       pointer|
|m_axi_gmem_CHN_5_WREADY     |   in|    1|       m_axi|           gmem|       pointer|
|m_axi_gmem_CHN_5_WDATA      |  out|   64|       m_axi|           gmem|       pointer|
|m_axi_gmem_CHN_5_WSTRB      |  out|    8|       m_axi|           gmem|       pointer|
|m_axi_gmem_CHN_5_WLAST      |  out|    1|       m_axi|           gmem|       pointer|
|m_axi_gmem_CHN_5_WID        |  out|    1|       m_axi|           gmem|       pointer|
|m_axi_gmem_CHN_5_WUSER      |  out|    1|       m_axi|           gmem|       pointer|
|m_axi_gmem_CHN_5_ARVALID    |  out|    1|       m_axi|           gmem|       pointer|
|m_axi_gmem_CHN_5_ARREADY    |   in|    1|       m_axi|           gmem|       pointer|
|m_axi_gmem_CHN_5_ARADDR     |  out|   64|       m_axi|           gmem|       pointer|
|m_axi_gmem_CHN_5_ARID       |  out|    1|       m_axi|           gmem|       pointer|
|m_axi_gmem_CHN_5_ARLEN      |  out|   32|       m_axi|           gmem|       pointer|
|m_axi_gmem_CHN_5_ARSIZE     |  out|    3|       m_axi|           gmem|       pointer|
|m_axi_gmem_CHN_5_ARBURST    |  out|    2|       m_axi|           gmem|       pointer|
|m_axi_gmem_CHN_5_ARLOCK     |  out|    2|       m_axi|           gmem|       pointer|
|m_axi_gmem_CHN_5_ARCACHE    |  out|    4|       m_axi|           gmem|       pointer|
|m_axi_gmem_CHN_5_ARPROT     |  out|    3|       m_axi|           gmem|       pointer|
|m_axi_gmem_CHN_5_ARQOS      |  out|    4|       m_axi|           gmem|       pointer|
|m_axi_gmem_CHN_5_ARREGION   |  out|    4|       m_axi|           gmem|       pointer|
|m_axi_gmem_CHN_5_ARUSER     |  out|    1|       m_axi|           gmem|       pointer|
|m_axi_gmem_CHN_5_RVALID     |   in|    1|       m_axi|           gmem|       pointer|
|m_axi_gmem_CHN_5_RREADY     |  out|    1|       m_axi|           gmem|       pointer|
|m_axi_gmem_CHN_5_RDATA      |   in|   64|       m_axi|           gmem|       pointer|
|m_axi_gmem_CHN_5_RLAST      |   in|    1|       m_axi|           gmem|       pointer|
|m_axi_gmem_CHN_5_RID        |   in|    1|       m_axi|           gmem|       pointer|
|m_axi_gmem_CHN_5_RFIFONUM   |   in|   11|       m_axi|           gmem|       pointer|
|m_axi_gmem_CHN_5_RUSER      |   in|    1|       m_axi|           gmem|       pointer|
|m_axi_gmem_CHN_5_RRESP      |   in|    2|       m_axi|           gmem|       pointer|
|m_axi_gmem_CHN_5_BVALID     |   in|    1|       m_axi|           gmem|       pointer|
|m_axi_gmem_CHN_5_BREADY     |  out|    1|       m_axi|           gmem|       pointer|
|m_axi_gmem_CHN_5_BRESP      |   in|    2|       m_axi|           gmem|       pointer|
|m_axi_gmem_CHN_5_BID        |   in|    1|       m_axi|           gmem|       pointer|
|m_axi_gmem_CHN_5_BUSER      |   in|    1|       m_axi|           gmem|       pointer|
|mem_dout                    |   in|   64|     ap_fifo|            mem|       pointer|
|mem_num_data_valid          |   in|    4|     ap_fifo|            mem|       pointer|
|mem_fifo_cap                |   in|    4|     ap_fifo|            mem|       pointer|
|mem_empty_n                 |   in|    1|     ap_fifo|            mem|       pointer|
|mem_read                    |  out|    1|     ap_fifo|            mem|       pointer|
|taskOutGlobal_TDATA         |  out|  512|        axis|  taskOutGlobal|       pointer|
|taskOutGlobal_TVALID        |  out|    1|        axis|  taskOutGlobal|       pointer|
|taskOutGlobal_TREADY        |   in|    1|        axis|  taskOutGlobal|       pointer|
|taskToWrite_dout            |   in|  480|     ap_fifo|    taskToWrite|       pointer|
|taskToWrite_num_data_valid  |   in|    5|     ap_fifo|    taskToWrite|       pointer|
|taskToWrite_fifo_cap        |   in|    5|     ap_fifo|    taskToWrite|       pointer|
|taskToWrite_empty_n         |   in|    1|     ap_fifo|    taskToWrite|       pointer|
|taskToWrite_read            |  out|    1|     ap_fifo|    taskToWrite|       pointer|
|sums_stream_dout            |   in|   32|     ap_fifo|    sums_stream|       pointer|
|sums_stream_num_data_valid  |   in|    5|     ap_fifo|    sums_stream|       pointer|
|sums_stream_fifo_cap        |   in|    5|     ap_fifo|    sums_stream|       pointer|
|sums_stream_empty_n         |   in|    1|     ap_fifo|    sums_stream|       pointer|
|sums_stream_read            |  out|    1|     ap_fifo|    sums_stream|       pointer|
+----------------------------+-----+-----+------------+---------------+--------------+

