

================================================================
== Vitis HLS Report for 'adder_function_Pipeline_VITIS_LOOP_122_2'
================================================================
* Date:           Wed Apr  1 19:51:43 2026

* Version:        2025.1 (Build 6135595 on May 21 2025)
* Project:        vertex_map
* Solution:       hls (Vivado IP Flow Target)
* Product family: virtexuplusHBM
* Target device:  xcu55c-fsvh2892-2LV-e


================================================================
== Performance Estimates
================================================================
+ Timing: 
    * Summary: 
    +--------+---------+----------+------------+
    |  Clock |  Target | Estimated| Uncertainty|
    +--------+---------+----------+------------+
    |ap_clk  |  4.00 ns|  2.729 ns|     1.08 ns|
    +--------+---------+----------+------------+

+ Latency: 
    * Summary: 
    +---------+---------+----------+----------+-----+-----+------------------------------------------------+
    |  Latency (cycles) |  Latency (absolute) |  Interval |                    Pipeline                    |
    |   min   |   max   |    min   |    max   | min | max |                      Type                      |
    +---------+---------+----------+----------+-----+-----+------------------------------------------------+
    |       64|       64|  0.256 us|  0.256 us|   63|   63|  loop auto-rewind stp (delay=0 clock cycles(s))|
    +---------+---------+----------+----------+-----+-----+------------------------------------------------+

    + Detail: 
        * Instance: 
        N/A

        * Loop: 
        +--------------------+---------+---------+----------+-----------+-----------+------+----------+
        |                    |  Latency (cycles) | Iteration|  Initiation Interval  | Trip |          |
        |      Loop Name     |   min   |   max   |  Latency |  achieved |   target  | Count| Pipelined|
        +--------------------+---------+---------+----------+-----------+-----------+------+----------+
        |- VITIS_LOOP_122_2  |       62|       62|         9|          6|          1|    10|       yes|
        +--------------------+---------+---------+----------+-----------+-----------+------+----------+



================================================================
== Utilization Estimates
================================================================
* Summary: 
+---------------------+---------+------+---------+---------+-----+
|         Name        | BRAM_18K|  DSP |    FF   |   LUT   | URAM|
+---------------------+---------+------+---------+---------+-----+
|DSP                  |        -|     -|        -|        -|    -|
|Expression           |        -|     -|        0|       30|    -|
|FIFO                 |        -|     -|        -|        -|    -|
|Instance             |        -|     -|        -|        -|    -|
|Memory               |        -|     -|        -|        -|    -|
|Multiplexer          |        -|     -|        0|      118|    -|
|Register             |        -|     -|       79|        -|    -|
+---------------------+---------+------+---------+---------+-----+
|Total                |        0|     0|       79|      148|    0|
+---------------------+---------+------+---------+---------+-----+
|Available SLR        |     1344|  3008|   869120|   434560|  320|
+---------------------+---------+------+---------+---------+-----+
|Utilization SLR (%)  |        0|     0|       ~0|       ~0|    0|
+---------------------+---------+------+---------+---------+-----+
|Available            |     4032|  9024|  2607360|  1303680|  960|
+---------------------+---------+------+---------+---------+-----+
|Utilization (%)      |        0|     0|       ~0|       ~0|    0|
+---------------------+---------+------+---------+---------+-----+

+ Detail: 
    * Instance: 
    N/A

    * DSP: 
    N/A

    * Memory: 
    N/A

    * FIFO: 
    N/A

    * Expression: 
    +---------------------------------------+----------+----+---+----+------------+------------+
    |             Variable Name             | Operation| DSP| FF| LUT| Bitwidth P0| Bitwidth P1|
    +---------------------------------------+----------+----+---+----+------------+------------+
    |i_6_fu_82_p2                           |         +|   0|  0|  12|           4|           1|
    |ap_block_pp0_stage1_11001              |       and|   0|  0|   2|           1|           1|
    |ap_block_state2_pp0_stage1_iter0_grp1  |       and|   0|  0|   2|           1|           1|
    |icmp_ln122_fu_76_p2                    |      icmp|   0|  0|  12|           4|           4|
    |ap_enable_pp0                          |       xor|   0|  0|   2|           1|           2|
    +---------------------------------------+----------+----+---+----+------------+------------+
    |Total                                  |          |   0|  0|  30|          11|           9|
    +---------------------------------------+----------+----+---+----+------------+------------+

    * Multiplexer: 
    +-----------------------------+----+-----------+-----+-----------+
    |             Name            | LUT| Input Size| Bits| Total Bits|
    +-----------------------------+----+-----------+-----+-----------+
    |adder_in_feed_0_blk_n        |   9|          2|    1|          2|
    |ap_NS_fsm                    |  37|          7|    1|          7|
    |ap_done_int                  |   9|          2|    1|          2|
    |ap_enable_reg_pp0_iter0      |   9|          2|    1|          2|
    |ap_enable_reg_pp0_iter0_reg  |   9|          2|    1|          2|
    |ap_enable_reg_pp0_iter1      |   9|          2|    1|          2|
    |ap_sig_allocacmp_i           |   9|          2|    4|          8|
    |ap_sig_allocacmp_sum_load    |   9|          2|   32|         64|
    |i_5_fu_42                    |   9|          2|    4|          8|
    |sum_fu_38                    |   9|          2|   32|         64|
    +-----------------------------+----+-----------+-----+-----------+
    |Total                        | 118|         25|   78|        161|
    +-----------------------------+----+-----------+-----+-----------+

    * Register: 
    +-------------------------------------------+----+----+-----+-----------+
    |                    Name                   | FF | LUT| Bits| Const Bits|
    +-------------------------------------------+----+----+-----+-----------+
    |adder_in_feed_0_read_reg_129               |  32|   0|   32|          0|
    |ap_CS_fsm                                  |   6|   0|    6|          0|
    |ap_block_pp0_stage1_subdone_grp0_done_reg  |   1|   0|    1|          0|
    |ap_done_reg                                |   1|   0|    1|          0|
    |ap_enable_reg_pp0_iter0_reg                |   1|   0|    1|          0|
    |ap_enable_reg_pp0_iter1                    |   1|   0|    1|          0|
    |i_5_fu_42                                  |   4|   0|    4|          0|
    |icmp_ln122_reg_125                         |   1|   0|    1|          0|
    |sum_fu_38                                  |  32|   0|   32|          0|
    +-------------------------------------------+----+----+-----+-----------+
    |Total                                      |  79|   0|   79|          0|
    +-------------------------------------------+----+----+-----+-----------+



================================================================
== Interface
================================================================
* Summary: 
+--------------------------------+-----+-----+------------+------------------------------------------+--------------+
|            RTL Ports           | Dir | Bits|  Protocol  |               Source Object              |    C Type    |
+--------------------------------+-----+-----+------------+------------------------------------------+--------------+
|ap_clk                          |   in|    1|  ap_ctrl_hs|  adder_function_Pipeline_VITIS_LOOP_122_2|  return value|
|ap_rst                          |   in|    1|  ap_ctrl_hs|  adder_function_Pipeline_VITIS_LOOP_122_2|  return value|
|ap_start                        |   in|    1|  ap_ctrl_hs|  adder_function_Pipeline_VITIS_LOOP_122_2|  return value|
|ap_done                         |  out|    1|  ap_ctrl_hs|  adder_function_Pipeline_VITIS_LOOP_122_2|  return value|
|ap_idle                         |  out|    1|  ap_ctrl_hs|  adder_function_Pipeline_VITIS_LOOP_122_2|  return value|
|ap_ready                        |  out|    1|  ap_ctrl_hs|  adder_function_Pipeline_VITIS_LOOP_122_2|  return value|
|grp_fu_151_p_din0               |  out|   32|  ap_ctrl_hs|  adder_function_Pipeline_VITIS_LOOP_122_2|  return value|
|grp_fu_151_p_din1               |  out|   32|  ap_ctrl_hs|  adder_function_Pipeline_VITIS_LOOP_122_2|  return value|
|grp_fu_151_p_opcode             |  out|    2|  ap_ctrl_hs|  adder_function_Pipeline_VITIS_LOOP_122_2|  return value|
|grp_fu_151_p_dout0              |   in|   32|  ap_ctrl_hs|  adder_function_Pipeline_VITIS_LOOP_122_2|  return value|
|grp_fu_151_p_ce                 |  out|    1|  ap_ctrl_hs|  adder_function_Pipeline_VITIS_LOOP_122_2|  return value|
|adder_in_feed_0_dout            |   in|   32|     ap_fifo|                           adder_in_feed_0|       pointer|
|adder_in_feed_0_empty_n         |   in|    1|     ap_fifo|                           adder_in_feed_0|       pointer|
|adder_in_feed_0_read            |  out|    1|     ap_fifo|                           adder_in_feed_0|       pointer|
|adder_in_feed_0_num_data_valid  |   in|    8|     ap_fifo|                           adder_in_feed_0|       pointer|
|adder_in_feed_0_fifo_cap        |   in|    8|     ap_fifo|                           adder_in_feed_0|       pointer|
|sum_out                         |  out|   32|      ap_vld|                                   sum_out|       pointer|
|sum_out_ap_vld                  |  out|    1|      ap_vld|                                   sum_out|       pointer|
+--------------------------------+-----+-----+------------+------------------------------------------+--------------+

