================================================================
== Design Size Report
================================================================

* Total Instructions per Compilation Phase
+---------------+-----------------------------+--------------+----------------------------------------------------------------------------------------+
| Phase         | Step                        | Instructions | Description                                                                            |
+---------------+-----------------------------+--------------+----------------------------------------------------------------------------------------+
| Compile/Link  |                             | 221          | After all functions are compiled and linked into a single design                       |
|               |                             |              |                                                                                        |
| Unroll/Inline |                             |              | After user unroll and inline pragmas are applied                                       |
|               | (1) unroll                  | 267          | user unroll pragmas are applied                                                        |
|               | (2) simplification          | 189          | simplification of applied user unroll pragmas                                          |
|               | (3) inline                  | 182          | user inline pragmas are applied                                                        |
|               | (4) simplification          | 182          | simplification of applied user inline pragmas                                          |
|               |                             |              |                                                                                        |
| Array/Struct  |                             |              | After user array partition and struct aggregate/disaggregate pragmas are applied       |
|               | (1) array partition         | 179          | user array partition pragmas are applied                                               |
|               | (2) simplification          | 179          | simplification of applied user array partition & struct aggregate/disaggregate pragmas |
|               | (3) aggregate/disaggregate  | 181          | user struct aggregate/disaggregate pragmas are applied                                 |
|               | (4) array reshape           | 344          | apply array reshape pragmas                                                            |
|               | (5) access patterns         | 293          | array access pattern optmizations                                                      |
|               |                             |              |                                                                                        |
| Performance   |                             |              | After transformations are applied to meet performance pragma targets                   |
|               | (1) loop simplification     | 293          | loop and instruction simplification                                                    |
|               | (2) parallelization         | 292          | loops are unrolled or pipelined to meet performance targets                            |
|               | (3) array partition         | 289          | arrays are partitioned to meet performance targets                                     |
|               | (4) simplification          | 289          | simplification of design after performance transformations                             |
|               |                             |              |                                                                                        |
| HW Transforms |                             |              | After hardware transfomations                                                          |
|               | (1) lowering                | 345          | initial conversion to HW specific instructions                                         |
|               | (2) optimizations           | 395          | high level synthesis optimizations                                                     |
+---------------+-----------------------------+--------------+----------------------------------------------------------------------------------------+

* Instructions per Function for each Compilation Phase
+---------------------+------------------+--------------+---------------+--------------+-------------+---------------+
| Function            | Location         | Compile/Link | Unroll/Inline | Array/Struct | Performance | HW Transforms |
+---------------------+------------------+--------------+---------------+--------------+-------------+---------------+
| + vertex_map        | pageRank.cpp:213 | 221          | 182           | 293          | 289         | 395           |
|    read_task        | pageRank.cpp:149 |              |  25           | 118          | 118         | 127           |
|    readVertex       | pageRank.cpp:79  |              |  36           |  36          |  35         |  61           |
|    feed_adder_value | pageRank.cpp:131 |              |  18           |  18          |  17         |  30           |
|    adder_function   | pageRank.cpp:107 |              |  23           |  24          |  22         |  44           |
|    write_arg        | pageRank.cpp:182 |              |  28           |  45          |  45         |  68           |
+---------------------+------------------+--------------+---------------+--------------+-------------+---------------+

* Design Size Message Settings
+---------------------------------------------+--------+------------------------------------------------------------------+
| Message Setting                             | Value  | Description                                                      |
+---------------------------------------------+--------+------------------------------------------------------------------+
| config_compile -design_size_maximum_warning | 100000 | Show a warning when total design instructions exceeds this value |
+---------------------------------------------+--------+------------------------------------------------------------------+


