

================================================================
== Vitis HLS Report for 'read_task'
================================================================
* Date:           Wed Apr  1 19:51:40 2026

* Version:        2025.1 (Build 6135595 on May 21 2025)
* Project:        vertex_map
* Solution:       hls (Vivado IP Flow Target)
* Product family: virtexuplusHBM
* Target device:  xcu55c-fsvh2892-2LV-e


================================================================
== Performance Estimates
================================================================
+ Timing: 
    * Summary: 
    +--------+---------+----------+------------+
    |  Clock |  Target | Estimated| Uncertainty|
    +--------+---------+----------+------------+
    |ap_clk  |  4.00 ns|  2.920 ns|     1.08 ns|
    +--------+---------+----------+------------+

+ Latency: 
    * Summary: 
    +---------+---------+----------+----------+-----+-----+---------+
    |  Latency (cycles) |  Latency (absolute) |  Interval | Pipeline|
    |   min   |   max   |    min   |    max   | min | max |   Type  |
    +---------+---------+----------+----------+-----+-----+---------+
    |       74|       74|  0.296 us|  0.296 us|   74|   74|       no|
    +---------+---------+----------+----------+-----+-----+---------+

    + Detail: 
        * Instance: 
        N/A

        * Loop: 
        N/A



================================================================
== Utilization Estimates
================================================================
* Summary: 
+---------------------+---------+------+---------+---------+-----+
|         Name        | BRAM_18K|  DSP |    FF   |   LUT   | URAM|
+---------------------+---------+------+---------+---------+-----+
|DSP                  |        -|     -|        -|        -|    -|
|Expression           |        -|     -|        0|      132|    -|
|FIFO                 |        -|     -|        -|        -|    -|
|Instance             |        -|     -|        -|        -|    -|
|Memory               |        -|     -|        -|        -|    -|
|Multiplexer          |        -|     -|        0|      450|    -|
|Register             |        -|     -|      841|        -|    -|
+---------------------+---------+------+---------+---------+-----+
|Total                |        0|     0|      841|      582|    0|
+---------------------+---------+------+---------+---------+-----+
|Available SLR        |     1344|  3008|   869120|   434560|  320|
+---------------------+---------+------+---------+---------+-----+
|Utilization SLR (%)  |        0|     0|       ~0|       ~0|    0|
+---------------------+---------+------+---------+---------+-----+
|Available            |     4032|  9024|  2607360|  1303680|  960|
+---------------------+---------+------+---------+---------+-----+
|Utilization (%)      |        0|     0|       ~0|       ~0|    0|
+---------------------+---------+------+---------+---------+-----+

+ Detail: 
    * Instance: 
    N/A

    * DSP: 
    N/A

    * Memory: 
    N/A

    * FIFO: 
    N/A

    * Expression: 
    +-----------------------+----------+----+---+----+------------+------------+
    |     Variable Name     | Operation| DSP| FF| LUT| Bitwidth P0| Bitwidth P1|
    +-----------------------+----------+----+---+----+------------+------------+
    |add_ln168_1_fu_195_p2  |         +|   0|  0|  64|          64|          64|
    |add_ln168_fu_189_p2    |         +|   0|  0|  64|          64|          64|
    |ap_block_state1        |        or|   0|  0|   2|           1|           1|
    |ap_block_state75       |        or|   0|  0|   2|           1|           1|
    +-----------------------+----------+----+---+----+------------+------------+
    |Total                  |          |   0|  0| 132|         130|         130|
    +-----------------------+----------+----+---+----+------------+------------+

    * Multiplexer: 
    +---------------------------+-----+-----------+-----+-----------+
    |            Name           | LUT | Input Size| Bits| Total Bits|
    +---------------------------+-----+-----------+-----+-----------+
    |Pcurrs_blk_n               |    9|          2|    1|          2|
    |adj_lists_blk_n            |    9|          2|    1|          2|
    |ap_NS_fsm                  |  351|         76|    1|         76|
    |ap_done                    |    9|          2|    1|          2|
    |gmem_CHN_0_blk_n_AR        |    9|          2|    1|          2|
    |gmem_CHN_0_blk_n_R         |    9|          2|    1|          2|
    |taskIn_TDATA_blk_n         |    9|          2|    1|          2|
    |taskToWrite_blk_n          |    9|          2|    1|          2|
    |v_neighbours_stream_blk_n  |    9|          2|    1|          2|
    |v_size_0_blk_n             |    9|          2|    1|          2|
    |v_size_1_blk_n             |    9|          2|    1|          2|
    |v_size_2_blk_n             |    9|          2|    1|          2|
    +---------------------------+-----+-----------+-----+-----------+
    |Total                      |  450|         98|   12|         98|
    +---------------------------+-----+-----------+-----+-----------+

    * Register: 
    +---------------------------+-----+----+-----+-----------+
    |            Name           |  FF | LUT| Bits| Const Bits|
    +---------------------------+-----+----+-----+-----------+
    |ap_CS_fsm                  |   75|   0|   75|          0|
    |ap_done_reg                |    1|   0|    1|          0|
    |task_pGraph_reg_234        |   64|   0|   64|          0|
    |task_pPrCurr_reg_229       |   64|   0|   64|          0|
    |trunc_ln179_reg_244        |  480|   0|  480|          0|
    |trunc_ln_reg_239           |   61|   0|   61|          0|
    |v_neighbours_reg_255       |   64|   0|   64|          0|
    |v_neighbours_size_reg_260  |   32|   0|   32|          0|
    +---------------------------+-----+----+-----+-----------+
    |Total                      |  841|   0|  841|          0|
    +---------------------------+-----+----+-----+-----------+



================================================================
== Interface
================================================================
* Summary: 
+------------------------------------+-----+-----+------------+---------------------+--------------+
|              RTL Ports             | Dir | Bits|  Protocol  |    Source Object    |    C Type    |
+------------------------------------+-----+-----+------------+---------------------+--------------+
|ap_clk                              |   in|    1|  ap_ctrl_hs|            read_task|  return value|
|ap_rst                              |   in|    1|  ap_ctrl_hs|            read_task|  return value|
|ap_start                            |   in|    1|  ap_ctrl_hs|            read_task|  return value|
|ap_done                             |  out|    1|  ap_ctrl_hs|            read_task|  return value|
|ap_continue                         |   in|    1|  ap_ctrl_hs|            read_task|  return value|
|ap_idle                             |  out|    1|  ap_ctrl_hs|            read_task|  return value|
|ap_ready                            |  out|    1|  ap_ctrl_hs|            read_task|  return value|
|m_axi_gmem_CHN_0_0_AWVALID          |  out|    1|       m_axi|                 gmem|       pointer|
|m_axi_gmem_CHN_0_0_AWREADY          |   in|    1|       m_axi|                 gmem|       pointer|
|m_axi_gmem_CHN_0_0_AWADDR           |  out|   64|       m_axi|                 gmem|       pointer|
|m_axi_gmem_CHN_0_0_AWID             |  out|    1|       m_axi|                 gmem|       pointer|
|m_axi_gmem_CHN_0_0_AWLEN            |  out|   32|       m_axi|                 gmem|       pointer|
|m_axi_gmem_CHN_0_0_AWSIZE           |  out|    3|       m_axi|                 gmem|       pointer|
|m_axi_gmem_CHN_0_0_AWBURST          |  out|    2|       m_axi|                 gmem|       pointer|
|m_axi_gmem_CHN_0_0_AWLOCK           |  out|    2|       m_axi|                 gmem|       pointer|
|m_axi_gmem_CHN_0_0_AWCACHE          |  out|    4|       m_axi|                 gmem|       pointer|
|m_axi_gmem_CHN_0_0_AWPROT           |  out|    3|       m_axi|                 gmem|       pointer|
|m_axi_gmem_CHN_0_0_AWQOS            |  out|    4|       m_axi|                 gmem|       pointer|
|m_axi_gmem_CHN_0_0_AWREGION         |  out|    4|       m_axi|                 gmem|       pointer|
|m_axi_gmem_CHN_0_0_AWUSER           |  out|    1|       m_axi|                 gmem|       pointer|
|m_axi_gmem_CHN_0_0_WVALID           |  out|    1|       m_axi|                 gmem|       pointer|
|m_axi_gmem_CHN_0_0_WREADY           |   in|    1|       m_axi|                 gmem|       pointer|
|m_axi_gmem_CHN_0_0_WDATA            |  out|   64|       m_axi|                 gmem|       pointer|
|m_axi_gmem_CHN_0_0_WSTRB            |  out|    8|       m_axi|                 gmem|       pointer|
|m_axi_gmem_CHN_0_0_WLAST            |  out|    1|       m_axi|                 gmem|       pointer|
|m_axi_gmem_CHN_0_0_WID              |  out|    1|       m_axi|                 gmem|       pointer|
|m_axi_gmem_CHN_0_0_WUSER            |  out|    1|       m_axi|                 gmem|       pointer|
|m_axi_gmem_CHN_0_0_ARVALID          |  out|    1|       m_axi|                 gmem|       pointer|
|m_axi_gmem_CHN_0_0_ARREADY          |   in|    1|       m_axi|                 gmem|       pointer|
|m_axi_gmem_CHN_0_0_ARADDR           |  out|   64|       m_axi|                 gmem|       pointer|
|m_axi_gmem_CHN_0_0_ARID             |  out|    1|       m_axi|                 gmem|       pointer|
|m_axi_gmem_CHN_0_0_ARLEN            |  out|   32|       m_axi|                 gmem|       pointer|
|m_axi_gmem_CHN_0_0_ARSIZE           |  out|    3|       m_axi|                 gmem|       pointer|
|m_axi_gmem_CHN_0_0_ARBURST          |  out|    2|       m_axi|                 gmem|       pointer|
|m_axi_gmem_CHN_0_0_ARLOCK           |  out|    2|       m_axi|                 gmem|       pointer|
|m_axi_gmem_CHN_0_0_ARCACHE          |  out|    4|       m_axi|                 gmem|       pointer|
|m_axi_gmem_CHN_0_0_ARPROT           |  out|    3|       m_axi|                 gmem|       pointer|
|m_axi_gmem_CHN_0_0_ARQOS            |  out|    4|       m_axi|                 gmem|       pointer|
|m_axi_gmem_CHN_0_0_ARREGION         |  out|    4|       m_axi|                 gmem|       pointer|
|m_axi_gmem_CHN_0_0_ARUSER           |  out|    1|       m_axi|                 gmem|       pointer|
|m_axi_gmem_CHN_0_0_RVALID           |   in|    1|       m_axi|                 gmem|       pointer|
|m_axi_gmem_CHN_0_0_RREADY           |  out|    1|       m_axi|                 gmem|       pointer|
|m_axi_gmem_CHN_0_0_RDATA            |   in|   64|       m_axi|                 gmem|       pointer|
|m_axi_gmem_CHN_0_0_RLAST            |   in|    1|       m_axi|                 gmem|       pointer|
|m_axi_gmem_CHN_0_0_RID              |   in|    1|       m_axi|                 gmem|       pointer|
|m_axi_gmem_CHN_0_0_RFIFONUM         |   in|    9|       m_axi|                 gmem|       pointer|
|m_axi_gmem_CHN_0_0_RUSER            |   in|    1|       m_axi|                 gmem|       pointer|
|m_axi_gmem_CHN_0_0_RRESP            |   in|    2|       m_axi|                 gmem|       pointer|
|m_axi_gmem_CHN_0_0_BVALID           |   in|    1|       m_axi|                 gmem|       pointer|
|m_axi_gmem_CHN_0_0_BREADY           |  out|    1|       m_axi|                 gmem|       pointer|
|m_axi_gmem_CHN_0_0_BRESP            |   in|    2|       m_axi|                 gmem|       pointer|
|m_axi_gmem_CHN_0_0_BID              |   in|    1|       m_axi|                 gmem|       pointer|
|m_axi_gmem_CHN_0_0_BUSER            |   in|    1|       m_axi|                 gmem|       pointer|
|mem                                 |   in|   64|     ap_none|                  mem|        scalar|
|taskIn_TDATA                        |   in|  512|        axis|               taskIn|       pointer|
|taskIn_TVALID                       |   in|    1|        axis|               taskIn|       pointer|
|taskIn_TREADY                       |  out|    1|        axis|               taskIn|       pointer|
|v_neighbours_stream_din             |  out|   64|     ap_fifo|  v_neighbours_stream|       pointer|
|v_neighbours_stream_full_n          |   in|    1|     ap_fifo|  v_neighbours_stream|       pointer|
|v_neighbours_stream_write           |  out|    1|     ap_fifo|  v_neighbours_stream|       pointer|
|v_neighbours_stream_num_data_valid  |   in|    5|     ap_fifo|  v_neighbours_stream|       pointer|
|v_neighbours_stream_fifo_cap        |   in|    5|     ap_fifo|  v_neighbours_stream|       pointer|
|Pcurrs_din                          |  out|   64|     ap_fifo|               Pcurrs|       pointer|
|Pcurrs_full_n                       |   in|    1|     ap_fifo|               Pcurrs|       pointer|
|Pcurrs_write                        |  out|    1|     ap_fifo|               Pcurrs|       pointer|
|Pcurrs_num_data_valid               |   in|    5|     ap_fifo|               Pcurrs|       pointer|
|Pcurrs_fifo_cap                     |   in|    5|     ap_fifo|               Pcurrs|       pointer|
|adj_lists_din                       |  out|   64|     ap_fifo|            adj_lists|       pointer|
|adj_lists_full_n                    |   in|    1|     ap_fifo|            adj_lists|       pointer|
|adj_lists_write                     |  out|    1|     ap_fifo|            adj_lists|       pointer|
|adj_lists_num_data_valid            |   in|    5|     ap_fifo|            adj_lists|       pointer|
|adj_lists_fifo_cap                  |   in|    5|     ap_fifo|            adj_lists|       pointer|
|v_size_0_din                        |  out|   32|     ap_fifo|             v_size_0|       pointer|
|v_size_0_full_n                     |   in|    1|     ap_fifo|             v_size_0|       pointer|
|v_size_0_write                      |  out|    1|     ap_fifo|             v_size_0|       pointer|
|v_size_0_num_data_valid             |   in|    5|     ap_fifo|             v_size_0|       pointer|
|v_size_0_fifo_cap                   |   in|    5|     ap_fifo|             v_size_0|       pointer|
|v_size_1_din                        |  out|   32|     ap_fifo|             v_size_1|       pointer|
|v_size_1_full_n                     |   in|    1|     ap_fifo|             v_size_1|       pointer|
|v_size_1_write                      |  out|    1|     ap_fifo|             v_size_1|       pointer|
|v_size_1_num_data_valid             |   in|    5|     ap_fifo|             v_size_1|       pointer|
|v_size_1_fifo_cap                   |   in|    5|     ap_fifo|             v_size_1|       pointer|
|v_size_2_din                        |  out|   32|     ap_fifo|             v_size_2|       pointer|
|v_size_2_full_n                     |   in|    1|     ap_fifo|             v_size_2|       pointer|
|v_size_2_write                      |  out|    1|     ap_fifo|             v_size_2|       pointer|
|v_size_2_num_data_valid             |   in|    5|     ap_fifo|             v_size_2|       pointer|
|v_size_2_fifo_cap                   |   in|    5|     ap_fifo|             v_size_2|       pointer|
|taskToWrite_din                     |  out|  480|     ap_fifo|          taskToWrite|       pointer|
|taskToWrite_full_n                  |   in|    1|     ap_fifo|          taskToWrite|       pointer|
|taskToWrite_write                   |  out|    1|     ap_fifo|          taskToWrite|       pointer|
|taskToWrite_num_data_valid          |   in|    5|     ap_fifo|          taskToWrite|       pointer|
|taskToWrite_fifo_cap                |   in|    5|     ap_fifo|          taskToWrite|       pointer|
+------------------------------------+-----+-----+------------+---------------------+--------------+

