

================================================================
== Vitis HLS Report for 'vertex_map'
================================================================
* Date:           Wed Apr  1 19:51:44 2026

* Version:        2025.1 (Build 6135595 on May 21 2025)
* Project:        vertex_map
* Solution:       hls (Vivado IP Flow Target)
* Product family: virtexuplusHBM
* Target device:  xcu55c-fsvh2892-2LV-e


================================================================
== Performance Estimates
================================================================
+ Timing: 
    * Summary: 
    +--------+---------+----------+------------+
    |  Clock |  Target | Estimated| Uncertainty|
    +--------+---------+----------+------------+
    |ap_clk  |  4.00 ns|  2.920 ns|     1.08 ns|
    +--------+---------+----------+------------+

+ Latency: 
    * Summary: 
    +---------+---------+----------+----------+-----+-----+----------+
    |  Latency (cycles) |  Latency (absolute) |  Interval | Pipeline |
    |   min   |   max   |    min   |    max   | min | max |   Type   |
    +---------+---------+----------+----------+-----+-----+----------+
    |        ?|        ?|         ?|         ?|    ?|    ?|  dataflow|
    +---------+---------+----------+----------+-----+-----+----------+

    + Detail: 
        * Instance: 
        +---------------------+------------------+---------+---------+----------+----------+-----+-----+---------+
        |                     |                  |  Latency (cycles) |  Latency (absolute) |  Interval | Pipeline|
        |       Instance      |      Module      |   min   |   max   |    min   |    max   | min | max |   Type  |
        +---------------------+------------------+---------+---------+----------+----------+-----+-----+---------+
        |entry_proc_U0        |entry_proc        |        0|        0|      0 ns|      0 ns|    0|    0|       no|
        |read_task_U0         |read_task         |       74|       74|  0.296 us|  0.296 us|   74|   74|       no|
        |readVertex_U0        |readVertex        |        ?|        ?|         ?|         ?|    ?|    ?|       no|
        |feed_adder_value_U0  |feed_adder_value  |        ?|        ?|         ?|         ?|    ?|    ?|       no|
        |adder_function_U0    |adder_function    |        ?|        ?|         ?|         ?|    ?|    ?|       no|
        |write_arg_U0         |write_arg         |       97|       97|  0.388 us|  0.388 us|   97|   97|       no|
        +---------------------+------------------+---------+---------+----------+----------+-----+-----+---------+

        * Loop: 
        N/A



================================================================
== Utilization Estimates
================================================================
* Summary: 
+---------------------+---------+------+---------+---------+-----+
|         Name        | BRAM_18K|  DSP |    FF   |   LUT   | URAM|
+---------------------+---------+------+---------+---------+-----+
|DSP                  |        -|     -|        -|        -|    -|
|Expression           |        -|     -|        -|        -|    -|
|FIFO                 |        0|     -|     1971|     1673|    -|
|Instance             |        8|     7|     6725|     6867|    0|
|Memory               |        -|     -|        -|        -|    -|
|Multiplexer          |        -|     -|        -|        -|    -|
|Register             |        -|     -|        -|        -|    -|
+---------------------+---------+------+---------+---------+-----+
|Total                |        8|     7|     8696|     8540|    0|
+---------------------+---------+------+---------+---------+-----+
|Available SLR        |     1344|  3008|   869120|   434560|  320|
+---------------------+---------+------+---------+---------+-----+
|Utilization SLR (%)  |       ~0|    ~0|        1|        1|    0|
+---------------------+---------+------+---------+---------+-----+
|Available            |     4032|  9024|  2607360|  1303680|  960|
+---------------------+---------+------+---------+---------+-----+
|Utilization (%)      |       ~0|    ~0|       ~0|       ~0|    0|
+---------------------+---------+------+---------+---------+-----+

+ Detail: 
    * Instance: 
    +---------------------+------------------+---------+----+------+------+-----+
    |       Instance      |      Module      | BRAM_18K| DSP|  FF  |  LUT | URAM|
    +---------------------+------------------+---------+----+------+------+-----+
    |adder_function_U0    |adder_function    |        0|   2|   584|   609|    0|
    |control_s_axi_U      |control_s_axi     |        0|   0|   310|   552|    0|
    |entry_proc_U0        |entry_proc        |        0|   0|     2|    20|    0|
    |feed_adder_value_U0  |feed_adder_value  |        0|   0|    81|   280|    0|
    |gmem_m_axi_U         |gmem_m_axi        |        8|   0|  2654|  1622|    0|
    |readVertex_U0        |readVertex        |        0|   0|  1232|  1888|    0|
    |read_task_U0         |read_task         |        0|   0|   841|   582|    0|
    |write_arg_U0         |write_arg         |        0|   5|  1021|  1314|    0|
    +---------------------+------------------+---------+----+------+------+-----+
    |Total                |                  |        8|   7|  6725|  6867|    0|
    +---------------------+------------------+---------+----+------+------+-----+

    * DSP: 
    N/A

    * Memory: 
    N/A

    * FIFO: 
    +-----------------------+---------+------+----+-----+------+-----+---------+
    |          Name         | BRAM_18K|  FF  | LUT| URAM| Depth| Bits| Size:D*B|
    +-----------------------+---------+------+----+-----+------+-----+---------+
    |Pcurrs_U               |        0|     7|   0|    -|     9|   64|      576|
    |adder_in_feed_0_U      |        0|   121|   0|    -|   128|   32|     4096|
    |adder_in_feed_1_U      |        0|   121|   0|    -|   128|   32|     4096|
    |adder_results_U        |        0|   121|   0|    -|   128|   32|     4096|
    |adj_lists_U            |        0|     7|   0|    -|     9|   64|      576|
    |mem_5_c_U              |        0|     7|   0|    -|     5|   64|      320|
    |sums_stream_U          |        0|     7|   0|    -|     9|   32|      288|
    |taskToWrite_U          |        0|  1552|   0|    -|     9|  480|     4320|
    |v_neighbours_stream_U  |        0|     7|   0|    -|     9|   64|      576|
    |v_size_0_U             |        0|     7|   0|    -|     9|   32|      288|
    |v_size_1_U             |        0|     7|   0|    -|     9|   32|      288|
    |v_size_2_U             |        0|     7|   0|    -|     9|   32|      288|
    +-----------------------+---------+------+----+-----+------+-----+---------+
    |Total                  |        0|  1971|   0|    0|   461|  960|    19808|
    +-----------------------+---------+------+----+-----+------+-----+---------+

    * Expression: 
    N/A

    * Multiplexer: 
    N/A

    * Register: 
    N/A



================================================================
== Interface
================================================================
* Summary: 
+-----------------------+-----+-----+--------------+--------------+--------------+
|       RTL Ports       | Dir | Bits|   Protocol   | Source Object|    C Type    |
+-----------------------+-----+-----+--------------+--------------+--------------+
|s_axi_control_AWVALID  |   in|    1|         s_axi|       control|        scalar|
|s_axi_control_AWREADY  |  out|    1|         s_axi|       control|        scalar|
|s_axi_control_AWADDR   |   in|    6|         s_axi|       control|        scalar|
|s_axi_control_WVALID   |   in|    1|         s_axi|       control|        scalar|
|s_axi_control_WREADY   |  out|    1|         s_axi|       control|        scalar|
|s_axi_control_WDATA    |   in|   32|         s_axi|       control|        scalar|
|s_axi_control_WSTRB    |   in|    4|         s_axi|       control|        scalar|
|s_axi_control_ARVALID  |   in|    1|         s_axi|       control|        scalar|
|s_axi_control_ARREADY  |  out|    1|         s_axi|       control|        scalar|
|s_axi_control_ARADDR   |   in|    6|         s_axi|       control|        scalar|
|s_axi_control_RVALID   |  out|    1|         s_axi|       control|        scalar|
|s_axi_control_RREADY   |   in|    1|         s_axi|       control|        scalar|
|s_axi_control_RDATA    |  out|   32|         s_axi|       control|        scalar|
|s_axi_control_RRESP    |  out|    2|         s_axi|       control|        scalar|
|s_axi_control_BVALID   |  out|    1|         s_axi|       control|        scalar|
|s_axi_control_BREADY   |   in|    1|         s_axi|       control|        scalar|
|s_axi_control_BRESP    |  out|    2|         s_axi|       control|        scalar|
|ap_clk                 |   in|    1|  ap_ctrl_none|    vertex_map|  return value|
|ap_rst_n               |   in|    1|  ap_ctrl_none|    vertex_map|  return value|
|m_axi_gmem_AWVALID     |  out|    1|         m_axi|          gmem|       pointer|
|m_axi_gmem_AWREADY     |   in|    1|         m_axi|          gmem|       pointer|
|m_axi_gmem_AWADDR      |  out|   64|         m_axi|          gmem|       pointer|
|m_axi_gmem_AWID        |  out|    3|         m_axi|          gmem|       pointer|
|m_axi_gmem_AWLEN       |  out|    8|         m_axi|          gmem|       pointer|
|m_axi_gmem_AWSIZE      |  out|    3|         m_axi|          gmem|       pointer|
|m_axi_gmem_AWBURST     |  out|    2|         m_axi|          gmem|       pointer|
|m_axi_gmem_AWLOCK      |  out|    2|         m_axi|          gmem|       pointer|
|m_axi_gmem_AWCACHE     |  out|    4|         m_axi|          gmem|       pointer|
|m_axi_gmem_AWPROT      |  out|    3|         m_axi|          gmem|       pointer|
|m_axi_gmem_AWQOS       |  out|    4|         m_axi|          gmem|       pointer|
|m_axi_gmem_AWREGION    |  out|    4|         m_axi|          gmem|       pointer|
|m_axi_gmem_AWUSER      |  out|    1|         m_axi|          gmem|       pointer|
|m_axi_gmem_WVALID      |  out|    1|         m_axi|          gmem|       pointer|
|m_axi_gmem_WREADY      |   in|    1|         m_axi|          gmem|       pointer|
|m_axi_gmem_WDATA       |  out|  256|         m_axi|          gmem|       pointer|
|m_axi_gmem_WSTRB       |  out|   32|         m_axi|          gmem|       pointer|
|m_axi_gmem_WLAST       |  out|    1|         m_axi|          gmem|       pointer|
|m_axi_gmem_WID         |  out|    3|         m_axi|          gmem|       pointer|
|m_axi_gmem_WUSER       |  out|    1|         m_axi|          gmem|       pointer|
|m_axi_gmem_ARVALID     |  out|    1|         m_axi|          gmem|       pointer|
|m_axi_gmem_ARREADY     |   in|    1|         m_axi|          gmem|       pointer|
|m_axi_gmem_ARADDR      |  out|   64|         m_axi|          gmem|       pointer|
|m_axi_gmem_ARID        |  out|    3|         m_axi|          gmem|       pointer|
|m_axi_gmem_ARLEN       |  out|    8|         m_axi|          gmem|       pointer|
|m_axi_gmem_ARSIZE      |  out|    3|         m_axi|          gmem|       pointer|
|m_axi_gmem_ARBURST     |  out|    2|         m_axi|          gmem|       pointer|
|m_axi_gmem_ARLOCK      |  out|    2|         m_axi|          gmem|       pointer|
|m_axi_gmem_ARCACHE     |  out|    4|         m_axi|          gmem|       pointer|
|m_axi_gmem_ARPROT      |  out|    3|         m_axi|          gmem|       pointer|
|m_axi_gmem_ARQOS       |  out|    4|         m_axi|          gmem|       pointer|
|m_axi_gmem_ARREGION    |  out|    4|         m_axi|          gmem|       pointer|
|m_axi_gmem_ARUSER      |  out|    1|         m_axi|          gmem|       pointer|
|m_axi_gmem_RVALID      |   in|    1|         m_axi|          gmem|       pointer|
|m_axi_gmem_RREADY      |  out|    1|         m_axi|          gmem|       pointer|
|m_axi_gmem_RDATA       |   in|  256|         m_axi|          gmem|       pointer|
|m_axi_gmem_RLAST       |   in|    1|         m_axi|          gmem|       pointer|
|m_axi_gmem_RID         |   in|    3|         m_axi|          gmem|       pointer|
|m_axi_gmem_RUSER       |   in|    1|         m_axi|          gmem|       pointer|
|m_axi_gmem_RRESP       |   in|    2|         m_axi|          gmem|       pointer|
|m_axi_gmem_BVALID      |   in|    1|         m_axi|          gmem|       pointer|
|m_axi_gmem_BREADY      |  out|    1|         m_axi|          gmem|       pointer|
|m_axi_gmem_BRESP       |   in|    2|         m_axi|          gmem|       pointer|
|m_axi_gmem_BID         |   in|    3|         m_axi|          gmem|       pointer|
|m_axi_gmem_BUSER       |   in|    1|         m_axi|          gmem|       pointer|
|taskIn_TDATA           |   in|  512|          axis|        taskIn|       pointer|
|taskIn_TVALID          |   in|    1|          axis|        taskIn|       pointer|
|taskIn_TREADY          |  out|    1|          axis|        taskIn|       pointer|
|argOut_TDATA           |  out|   64|          axis|        argOut|       pointer|
|argOut_TVALID          |  out|    1|          axis|        argOut|       pointer|
|argOut_TREADY          |   in|    1|          axis|        argOut|       pointer|
+-----------------------+-----+-----+--------------+--------------+--------------+

