

================================================================
== Vitis HLS Report for 'pageRankReduce'
================================================================
* Date:           Thu Aug 14 16:12:00 2025

* Version:        2024.1 (Build 5069499 on May 21 2024)
* Project:        pageRankReduce
* Solution:       hls (Vivado IP Flow Target)
* Product family: virtexuplusHBM
* Target device:  xcu55c-fsvh2892-2LV-e


================================================================
== Performance Estimates
================================================================
+ Timing: 
    * Summary: 
    +--------+---------+----------+------------+
    |  Clock |  Target | Estimated| Uncertainty|
    +--------+---------+----------+------------+
    |ap_clk  |  4.00 ns|  3.231 ns|     1.08 ns|
    +--------+---------+----------+------------+

+ Latency: 
    * Summary: 
    +---------+---------+----------+----------+-----+-----+---------+
    |  Latency (cycles) |  Latency (absolute) |  Interval | Pipeline|
    |   min   |   max   |    min   |    max   | min | max |   Type  |
    +---------+---------+----------+----------+-----+-----+---------+
    |        ?|        ?|         ?|         ?|    ?|    ?|       no|
    +---------+---------+----------+----------+-----+-----+---------+

    + Detail: 
        * Instance: 
        +----------------------------------------------------+-----------------------------------------+---------+---------+----------+----------+-----+-----+-----------------------------------------------+
        |                                                    |                                         |  Latency (cycles) |  Latency (absolute) |  Interval |                    Pipeline                   |
        |                      Instance                      |                  Module                 |   min   |   max   |    min   |    max   | min | max |                      Type                     |
        +----------------------------------------------------+-----------------------------------------+---------+---------+----------+----------+-----+-----+-----------------------------------------------+
        |grp_pageRankReduce_Pipeline_VITIS_LOOP_38_2_fu_180  |pageRankReduce_Pipeline_VITIS_LOOP_38_2  |        ?|        ?|         ?|         ?|    0|    0|  loop auto-rewind stp(delay=0 clock cycles(s))|
        |grp_pageRankReduce_Pipeline_VITIS_LOOP_55_3_fu_192  |pageRankReduce_Pipeline_VITIS_LOOP_55_3  |        ?|        ?|         ?|         ?|    0|    0|  loop auto-rewind stp(delay=0 clock cycles(s))|
        |grp_pageRankReduce_Pipeline_VITIS_LOOP_62_4_fu_203  |pageRankReduce_Pipeline_VITIS_LOOP_62_4  |       27|       27|  0.108 us|  0.108 us|   26|   26|  loop auto-rewind stp(delay=0 clock cycles(s))|
        +----------------------------------------------------+-----------------------------------------+---------+---------+----------+----------+-----+-----+-----------------------------------------------+

        * Loop: 
        +-------------------+---------+---------+----------+-----------+-----------+------+----------+
        |                   |  Latency (cycles) | Iteration|  Initiation Interval  | Trip |          |
        |     Loop Name     |   min   |   max   |  Latency |  achieved |   target  | Count| Pipelined|
        +-------------------+---------+---------+----------+-----------+-----------+------+----------+
        |- VITIS_LOOP_34_1  |        ?|        ?|         ?|          -|          -|     ?|        no|
        +-------------------+---------+---------+----------+-----------+-----------+------+----------+



================================================================
== Utilization Estimates
================================================================
* Summary: 
+---------------------+---------+------+---------+---------+-----+
|         Name        | BRAM_18K|  DSP |    FF   |   LUT   | URAM|
+---------------------+---------+------+---------+---------+-----+
|DSP                  |        -|     -|        -|        -|    -|
|Expression           |        -|     -|        0|      188|    -|
|FIFO                 |        -|     -|        -|        -|    -|
|Instance             |        -|     2|      962|     1103|    -|
|Memory               |        -|     -|        -|        -|    -|
|Multiplexer          |        -|     -|        0|      142|    -|
|Register             |        -|     -|     1271|        -|    -|
+---------------------+---------+------+---------+---------+-----+
|Total                |        0|     2|     2233|     1433|    0|
+---------------------+---------+------+---------+---------+-----+
|Available SLR        |     1344|  3008|   869120|   434560|  320|
+---------------------+---------+------+---------+---------+-----+
|Utilization SLR (%)  |        0|    ~0|       ~0|       ~0|    0|
+---------------------+---------+------+---------+---------+-----+
|Available            |     4032|  9024|  2607360|  1303680|  960|
+---------------------+---------+------+---------+---------+-----+
|Utilization (%)      |        0|    ~0|       ~0|       ~0|    0|
+---------------------+---------+------+---------+---------+-----+

+ Detail: 
    * Instance: 
    +----------------------------------------------------+-----------------------------------------+---------+----+-----+-----+-----+
    |                      Instance                      |                  Module                 | BRAM_18K| DSP|  FF | LUT | URAM|
    +----------------------------------------------------+-----------------------------------------+---------+----+-----+-----+-----+
    |fcmp_32ns_32ns_1_2_no_dsp_1_U24                     |fcmp_32ns_32ns_1_2_no_dsp_1              |        0|   0|    0|    0|    0|
    |grp_pageRankReduce_Pipeline_VITIS_LOOP_38_2_fu_180  |pageRankReduce_Pipeline_VITIS_LOOP_38_2  |        0|   0|   67|  129|    0|
    |grp_pageRankReduce_Pipeline_VITIS_LOOP_55_3_fu_192  |pageRankReduce_Pipeline_VITIS_LOOP_55_3  |        0|   0|  500|  623|    0|
    |grp_pageRankReduce_Pipeline_VITIS_LOOP_62_4_fu_203  |pageRankReduce_Pipeline_VITIS_LOOP_62_4  |        0|   2|  395|  351|    0|
    +----------------------------------------------------+-----------------------------------------+---------+----+-----+-----+-----+
    |Total                                               |                                         |        0|   2|  962| 1103|    0|
    +----------------------------------------------------+-----------------------------------------+---------+----+-----+-----+-----+

    * DSP: 
    N/A

    * Memory: 
    N/A

    * FIFO: 
    N/A

    * Expression: 
    +-------------------------------------------------------------------------+----------+----+---+----+------------+------------+
    |                              Variable Name                              | Operation| DSP| FF| LUT| Bitwidth P0| Bitwidth P1|
    +-------------------------------------------------------------------------+----------+----+---+----+------------+------------+
    |add_ln34_fu_402_p2                                                       |         +|   0|  0|  39|          32|           1|
    |and_ln70_1_fu_391_p2                                                     |       and|   0|  0|   2|           1|           1|
    |and_ln70_fu_385_p2                                                       |       and|   0|  0|   2|           1|           1|
    |ap_block_state10                                                         |       and|   0|  0|   2|           1|           1|
    |ap_block_state11                                                         |       and|   0|  0|   2|           1|           1|
    |grp_pageRankReduce_Pipeline_VITIS_LOOP_38_2_fu_180_taskOutGlobal_TREADY  |       and|   0|  0|   2|           1|           1|
    |icmp_ln70_1_fu_365_p2                                                    |      icmp|   0|  0|  15|           8|           2|
    |icmp_ln70_2_fu_371_p2                                                    |      icmp|   0|  0|  30|          23|           1|
    |icmp_ln70_3_fu_310_p2                                                    |      icmp|   0|  0|  15|           8|           2|
    |icmp_ln70_4_fu_316_p2                                                    |      icmp|   0|  0|  30|          23|           1|
    |icmp_ln70_fu_322_p2                                                      |      icmp|   0|  0|  39|          32|          32|
    |ap_block_state1                                                          |        or|   0|  0|   2|           1|           1|
    |ap_block_state12                                                         |        or|   0|  0|   2|           1|           1|
    |or_ln70_1_fu_377_p2                                                      |        or|   0|  0|   2|           1|           1|
    |or_ln70_2_fu_381_p2                                                      |        or|   0|  0|   2|           1|           1|
    |or_ln70_fu_397_p2                                                        |        or|   0|  0|   2|           1|           1|
    +-------------------------------------------------------------------------+----------+----+---+----+------------+------------+
    |Total                                                                    |          |   0|  0| 188|         136|          49|
    +-------------------------------------------------------------------------+----------+----+---+----+------------+------------+

    * Multiplexer: 
    +--------------------------------------+----+-----------+-----+-----------+
    |                 Name                 | LUT| Input Size| Bits| Total Bits|
    +--------------------------------------+----+-----------+-----+-----------+
    |ap_NS_fsm                             |  65|         13|    1|         13|
    |ap_phi_mux_done_flag_1_phi_fu_171_p4  |   9|          2|    1|          2|
    |argOut_TDATA_blk_n                    |   9|          2|    1|          2|
    |base_task_pPrCurr_3_reg_133           |   9|          2|   64|        128|
    |base_task_pPrNext_3_reg_143           |   9|          2|   64|        128|
    |done_flag_reg_155                     |   9|          2|    1|          2|
    |iter_fu_96                            |   9|          2|   32|         64|
    |taskIn_TDATA_blk_n                    |   9|          2|    1|          2|
    |taskIn_TREADY_int_regslice            |  14|          3|    1|          3|
    +--------------------------------------+----+-----------+-----+-----------+
    |Total                                 | 142|         30|  166|        344|
    +--------------------------------------+----+-----------+-----+-----------+

    * Register: 
    +-----------------------------------------------------------------+-----+----+-----+-----------+
    |                               Name                              |  FF | LUT| Bits| Const Bits|
    +-----------------------------------------------------------------+-----+----+-----+-----------+
    |ap_CS_fsm                                                        |   12|   0|   12|          0|
    |base_task_cont_reg_487                                           |   64|   0|   64|          0|
    |base_task_epsilon_reg_482                                        |   32|   0|   32|          0|
    |base_task_iteration_count_reg_461                                |   32|   0|   32|          0|
    |base_task_pPrCurr_3_reg_133                                      |   64|   0|   64|          0|
    |base_task_pPrNext_3_reg_143                                      |   64|   0|   64|          0|
    |base_task_vertex_count_reg_476                                   |   32|   0|   32|          0|
    |done_flag_1_reg_166                                              |    1|   0|    1|          0|
    |done_flag_reg_155                                                |    1|   0|    1|          0|
    |grp_pageRankReduce_Pipeline_VITIS_LOOP_38_2_fu_180_ap_start_reg  |    1|   0|    1|          0|
    |grp_pageRankReduce_Pipeline_VITIS_LOOP_55_3_fu_192_ap_start_reg  |    1|   0|    1|          0|
    |grp_pageRankReduce_Pipeline_VITIS_LOOP_62_4_fu_203_ap_start_reg  |    1|   0|    1|          0|
    |icmp_ln70_1_reg_522                                              |    1|   0|    1|          0|
    |icmp_ln70_2_reg_527                                              |    1|   0|    1|          0|
    |icmp_ln70_3_reg_492                                              |    1|   0|    1|          0|
    |icmp_ln70_4_reg_497                                              |    1|   0|    1|          0|
    |icmp_ln70_reg_502                                                |    1|   0|    1|          0|
    |iter_fu_96                                                       |   32|   0|   32|          0|
    |or_ln70_reg_532                                                  |    1|   0|    1|          0|
    |taskIn_read_reg_450                                              |  512|   0|  512|          0|
    |trunc_ln29_reg_456                                               |  416|   0|  416|          0|
    +-----------------------------------------------------------------+-----+----+-----+-----------+
    |Total                                                            | 1271|   0| 1271|          0|
    +-----------------------------------------------------------------+-----+----+-----+-----------+



================================================================
== Interface
================================================================
* Summary: 
+----------------------+-----+-----+------------+----------------+--------------+
|       RTL Ports      | Dir | Bits|  Protocol  |  Source Object |    C Type    |
+----------------------+-----+-----+------------+----------------+--------------+
|ap_clk                |   in|    1|  ap_ctrl_hs|  pageRankReduce|  return value|
|ap_rst_n              |   in|    1|  ap_ctrl_hs|  pageRankReduce|  return value|
|ap_start              |   in|    1|  ap_ctrl_hs|  pageRankReduce|  return value|
|ap_done               |  out|    1|  ap_ctrl_hs|  pageRankReduce|  return value|
|ap_idle               |  out|    1|  ap_ctrl_hs|  pageRankReduce|  return value|
|ap_ready              |  out|    1|  ap_ctrl_hs|  pageRankReduce|  return value|
|taskOutGlobal_TDATA   |  out|  512|        axis|   taskOutGlobal|       pointer|
|taskOutGlobal_TVALID  |  out|    1|        axis|   taskOutGlobal|       pointer|
|taskOutGlobal_TREADY  |   in|    1|        axis|   taskOutGlobal|       pointer|
|taskIn_TDATA          |   in|  512|        axis|          taskIn|       pointer|
|taskIn_TVALID         |   in|    1|        axis|          taskIn|       pointer|
|taskIn_TREADY         |  out|    1|        axis|          taskIn|       pointer|
|argOut_TDATA          |  out|   64|        axis|          argOut|       pointer|
|argOut_TVALID         |  out|    1|        axis|          argOut|       pointer|
|argOut_TREADY         |   in|    1|        axis|          argOut|       pointer|
+----------------------+-----+-----+------------+----------------+--------------+

