

================================================================
== Vitis HLS Report for 'pageRankReduce_Pipeline_VITIS_LOOP_38_2'
================================================================
* Date:           Thu Aug 14 16:12:00 2025

* Version:        2024.1 (Build 5069499 on May 21 2024)
* Project:        pageRankReduce
* Solution:       hls (Vivado IP Flow Target)
* Product family: virtexuplusHBM
* Target device:  xcu55c-fsvh2892-2LV-e


================================================================
== Performance Estimates
================================================================
+ Timing: 
    * Summary: 
    +--------+---------+----------+------------+
    |  Clock |  Target | Estimated| Uncertainty|
    +--------+---------+----------+------------+
    |ap_clk  |  4.00 ns|  1.654 ns|     1.08 ns|
    +--------+---------+----------+------------+

+ Latency: 
    * Summary: 
    +---------+---------+----------+----------+-----+-----+-----------------------------------------------+
    |  Latency (cycles) |  Latency (absolute) |  Interval |                    Pipeline                   |
    |   min   |   max   |    min   |    max   | min | max |                      Type                     |
    +---------+---------+----------+----------+-----+-----+-----------------------------------------------+
    |        ?|        ?|         ?|         ?|    0|    0|  loop auto-rewind stp(delay=0 clock cycles(s))|
    +---------+---------+----------+----------+-----+-----+-----------------------------------------------+

    + Detail: 
        * Instance: 
        N/A

        * Loop: 
        +-------------------+---------+---------+----------+-----------+-----------+------+----------+
        |                   |  Latency (cycles) | Iteration|  Initiation Interval  | Trip |          |
        |     Loop Name     |   min   |   max   |  Latency |  achieved |   target  | Count| Pipelined|
        +-------------------+---------+---------+----------+-----------+-----------+------+----------+
        |- VITIS_LOOP_38_2  |        ?|        ?|         2|          1|          1|     ?|       yes|
        +-------------------+---------+---------+----------+-----------+-----------+------+----------+



================================================================
== Utilization Estimates
================================================================
* Summary: 
+---------------------+---------+------+---------+---------+-----+
|         Name        | BRAM_18K|  DSP |    FF   |   LUT   | URAM|
+---------------------+---------+------+---------+---------+-----+
|DSP                  |        -|     -|        -|        -|    -|
|Expression           |        -|     -|        0|       84|    -|
|FIFO                 |        -|     -|        -|        -|    -|
|Instance             |        -|     -|        -|        -|    -|
|Memory               |        -|     -|        -|        -|    -|
|Multiplexer          |        -|     -|        0|       45|    -|
|Register             |        -|     -|       67|        -|    -|
+---------------------+---------+------+---------+---------+-----+
|Total                |        0|     0|       67|      129|    0|
+---------------------+---------+------+---------+---------+-----+
|Available SLR        |     1344|  3008|   869120|   434560|  320|
+---------------------+---------+------+---------+---------+-----+
|Utilization SLR (%)  |        0|     0|       ~0|       ~0|    0|
+---------------------+---------+------+---------+---------+-----+
|Available            |     4032|  9024|  2607360|  1303680|  960|
+---------------------+---------+------+---------+---------+-----+
|Utilization (%)      |        0|     0|       ~0|       ~0|    0|
+---------------------+---------+------+---------+---------+-----+

+ Detail: 
    * Instance: 
    N/A

    * DSP: 
    N/A

    * Memory: 
    N/A

    * FIFO: 
    N/A

    * Expression: 
    +---------------------------+----------+----+---+----+------------+------------+
    |       Variable Name       | Operation| DSP| FF| LUT| Bitwidth P0| Bitwidth P1|
    +---------------------------+----------+----+---+----+------------+------------+
    |i_fu_107_p2                |         +|   0|  0|  39|          32|           1|
    |ap_block_pp0_stage0_01001  |       and|   0|  0|   2|           1|           1|
    |ap_block_pp0_stage0_11001  |       and|   0|  0|   2|           1|           1|
    |icmp_ln38_fu_101_p2        |      icmp|   0|  0|  39|          32|          32|
    |ap_enable_pp0              |       xor|   0|  0|   2|           1|           2|
    +---------------------------+----------+----+---+----+------------+------------+
    |Total                      |          |   0|  0|  84|          67|          37|
    +---------------------------+----------+----+---+----+------------+------------+

    * Multiplexer: 
    +---------------------------+----+-----------+-----+-----------+
    |            Name           | LUT| Input Size| Bits| Total Bits|
    +---------------------------+----+-----------+-----+-----------+
    |ap_done_int                |   9|          2|    1|          2|
    |ap_enable_reg_pp0_iter1    |   9|          2|    1|          2|
    |ap_sig_allocacmp_i_3       |   9|          2|   32|         64|
    |taskOutGlobal_TDATA_blk_n  |   9|          2|    1|          2|
    |vmap_task_vertex_fu_58     |   9|          2|   32|         64|
    +---------------------------+----+-----------+-----+-----------+
    |Total                      |  45|         10|   67|        134|
    +---------------------------+----+-----------+-----+-----------+

    * Register: 
    +-------------------------+----+----+-----+-----------+
    |           Name          | FF | LUT| Bits| Const Bits|
    +-------------------------+----+----+-----+-----------+
    |ap_CS_fsm                |   1|   0|    1|          0|
    |ap_done_reg              |   1|   0|    1|          0|
    |ap_enable_reg_pp0_iter1  |   1|   0|    1|          0|
    |i_3_reg_189              |  32|   0|   32|          0|
    |vmap_task_vertex_fu_58   |  32|   0|   32|          0|
    +-------------------------+----+----+-----+-----------+
    |Total                    |  67|   0|   67|          0|
    +-------------------------+----+----+-----+-----------+



================================================================
== Interface
================================================================
* Summary: 
+-------------------------+-----+-----+------------+-----------------------------------------+--------------+
|        RTL Ports        | Dir | Bits|  Protocol  |              Source Object              |    C Type    |
+-------------------------+-----+-----+------------+-----------------------------------------+--------------+
|ap_clk                   |   in|    1|  ap_ctrl_hs|  pageRankReduce_Pipeline_VITIS_LOOP_38_2|  return value|
|ap_rst                   |   in|    1|  ap_ctrl_hs|  pageRankReduce_Pipeline_VITIS_LOOP_38_2|  return value|
|ap_start                 |   in|    1|  ap_ctrl_hs|  pageRankReduce_Pipeline_VITIS_LOOP_38_2|  return value|
|ap_done                  |  out|    1|  ap_ctrl_hs|  pageRankReduce_Pipeline_VITIS_LOOP_38_2|  return value|
|ap_idle                  |  out|    1|  ap_ctrl_hs|  pageRankReduce_Pipeline_VITIS_LOOP_38_2|  return value|
|ap_ready                 |  out|    1|  ap_ctrl_hs|  pageRankReduce_Pipeline_VITIS_LOOP_38_2|  return value|
|taskOutGlobal_TREADY     |   in|    1|        axis|                            taskOutGlobal|       pointer|
|taskOutGlobal_TDATA      |  out|  512|        axis|                            taskOutGlobal|       pointer|
|taskOutGlobal_TVALID     |  out|    1|        axis|                            taskOutGlobal|       pointer|
|base_task_vertex_count4  |   in|   32|     ap_none|                  base_task_vertex_count4|        scalar|
|empty                    |   in|  416|     ap_none|                                    empty|        scalar|
|base_task_pPrCurr_3      |   in|   64|     ap_none|                      base_task_pPrCurr_3|        scalar|
|base_task_pPrNext_3      |   in|   64|     ap_none|                      base_task_pPrNext_3|        scalar|
+-------------------------+-----+-----+------------+-----------------------------------------+--------------+

