

================================================================
== Vitis HLS Report for 'pageRankReduce_Pipeline_VITIS_LOOP_55_3'
================================================================
* Date:           Thu Aug 14 16:12:00 2025

* Version:        2024.1 (Build 5069499 on May 21 2024)
* Project:        pageRankReduce
* Solution:       hls (Vivado IP Flow Target)
* Product family: virtexuplusHBM
* Target device:  xcu55c-fsvh2892-2LV-e


================================================================
== Performance Estimates
================================================================
+ Timing: 
    * Summary: 
    +--------+---------+----------+------------+
    |  Clock |  Target | Estimated| Uncertainty|
    +--------+---------+----------+------------+
    |ap_clk  |  4.00 ns|  3.231 ns|     1.08 ns|
    +--------+---------+----------+------------+

+ Latency: 
    * Summary: 
    +---------+---------+----------+----------+-----+-----+-----------------------------------------------+
    |  Latency (cycles) |  Latency (absolute) |  Interval |                    Pipeline                   |
    |   min   |   max   |    min   |    max   | min | max |                      Type                     |
    +---------+---------+----------+----------+-----+-----+-----------------------------------------------+
    |        ?|        ?|         ?|         ?|    0|    0|  loop auto-rewind stp(delay=0 clock cycles(s))|
    +---------+---------+----------+----------+-----+-----+-----------------------------------------------+

    + Detail: 
        * Instance: 
        N/A

        * Loop: 
        +-------------------+---------+---------+----------+-----------+-----------+------+----------+
        |                   |  Latency (cycles) | Iteration|  Initiation Interval  | Trip |          |
        |     Loop Name     |   min   |   max   |  Latency |  achieved |   target  | Count| Pipelined|
        +-------------------+---------+---------+----------+-----------+-----------+------+----------+
        |- VITIS_LOOP_55_3  |        ?|        ?|         5|          1|          1|     ?|       yes|
        +-------------------+---------+---------+----------+-----------+-----------+------+----------+



================================================================
== Utilization Estimates
================================================================
* Summary: 
+---------------------+---------+------+---------+---------+-----+
|         Name        | BRAM_18K|  DSP |    FF   |   LUT   | URAM|
+---------------------+---------+------+---------+---------+-----+
|DSP                  |        -|     -|        -|        -|    -|
|Expression           |        -|     -|        0|       84|    -|
|FIFO                 |        -|     -|        -|        -|    -|
|Instance             |        -|     0|      168|      358|    -|
|Memory               |        -|     -|        -|        -|    -|
|Multiplexer          |        -|     -|        0|      117|    -|
|Register             |        -|     -|      332|       64|    -|
+---------------------+---------+------+---------+---------+-----+
|Total                |        0|     0|      500|      623|    0|
+---------------------+---------+------+---------+---------+-----+
|Available SLR        |     1344|  3008|   869120|   434560|  320|
+---------------------+---------+------+---------+---------+-----+
|Utilization SLR (%)  |        0|     0|       ~0|       ~0|    0|
+---------------------+---------+------+---------+---------+-----+
|Available            |     4032|  9024|  2607360|  1303680|  960|
+---------------------+---------+------+---------+---------+-----+
|Utilization (%)      |        0|     0|       ~0|       ~0|    0|
+---------------------+---------+------+---------+---------+-----+

+ Detail: 
    * Instance: 
    +---------------------------------+------------------------------+---------+----+-----+-----+-----+
    |             Instance            |            Module            | BRAM_18K| DSP|  FF | LUT | URAM|
    +---------------------------------+------------------------------+---------+----+-----+-----+-----+
    |fadd_32ns_32ns_32_4_no_dsp_1_U6  |fadd_32ns_32ns_32_4_no_dsp_1  |        0|   0|  168|  338|    0|
    |sparsemux_9_2_32_1_1_U7          |sparsemux_9_2_32_1_1          |        0|   0|    0|   20|    0|
    +---------------------------------+------------------------------+---------+----+-----+-----+-----+
    |Total                            |                              |        0|   0|  168|  358|    0|
    +---------------------------------+------------------------------+---------+----+-----+-----+-----+

    * DSP: 
    N/A

    * Memory: 
    N/A

    * FIFO: 
    N/A

    * Expression: 
    +----------------------------------+----------+----+---+----+------------+------------+
    |           Variable Name          | Operation| DSP| FF| LUT| Bitwidth P0| Bitwidth P1|
    +----------------------------------+----------+----+---+----+------------+------------+
    |i_2_fu_152_p2                     |         +|   0|  0|  39|          32|           1|
    |ap_block_pp0_stage0_01001         |       and|   0|  0|   2|           1|           1|
    |ap_block_state1_pp0_stage0_iter0  |       and|   0|  0|   2|           1|           1|
    |icmp_ln55_fu_146_p2               |      icmp|   0|  0|  39|          32|          32|
    |ap_enable_pp0                     |       xor|   0|  0|   2|           1|           2|
    +----------------------------------+----------+----+---+----+------------+------------+
    |Total                             |          |   0|  0|  84|          67|          37|
    +----------------------------------+----------+----+---+----+------------+------------+

    * Multiplexer: 
    +----------------------------------------+----+-----------+-----+-----------+
    |                  Name                  | LUT| Input Size| Bits| Total Bits|
    +----------------------------------------+----+-----------+-----+-----------+
    |ap_done_int                             |   9|          2|    1|          2|
    |ap_enable_reg_pp0_iter1                 |   9|          2|    1|          2|
    |ap_sig_allocacmp_i                      |   9|          2|   32|         64|
    |ap_sig_allocacmp_partial_sums_1_load_1  |   9|          2|   32|         64|
    |ap_sig_allocacmp_partial_sums_2_load_1  |   9|          2|   32|         64|
    |ap_sig_allocacmp_partial_sums_3_load_1  |   9|          2|   32|         64|
    |ap_sig_allocacmp_partial_sums_load_1    |   9|          2|   32|         64|
    |i_1_fu_54                               |   9|          2|   32|         64|
    |partial_sums_1_fu_66                    |   9|          2|   32|         64|
    |partial_sums_2_fu_62                    |   9|          2|   32|         64|
    |partial_sums_3_fu_58                    |   9|          2|   32|         64|
    |partial_sums_fu_70                      |   9|          2|   32|         64|
    |taskIn_TDATA_blk_n                      |   9|          2|    1|          2|
    +----------------------------------------+----+-----------+-----+-----------+
    |Total                                   | 117|         26|  323|        646|
    +----------------------------------------+----+-----------+-----+-----------+

    * Register: 
    +----------------------------------+----+----+-----+-----------+
    |               Name               | FF | LUT| Bits| Const Bits|
    +----------------------------------+----+----+-----+-----------+
    |ap_CS_fsm                         |   1|   0|    1|          0|
    |ap_done_reg                       |   1|   0|    1|          0|
    |ap_enable_reg_pp0_iter1           |   1|   0|    1|          0|
    |ap_enable_reg_pp0_iter2           |   1|   0|    1|          0|
    |ap_enable_reg_pp0_iter3           |   1|   0|    1|          0|
    |ap_enable_reg_pp0_iter4           |   1|   0|    1|          0|
    |ap_loop_exit_ready_pp0_iter1_reg  |   1|   0|    1|          0|
    |ap_loop_exit_ready_pp0_iter2_reg  |   1|   0|    1|          0|
    |ap_loop_exit_ready_pp0_iter3_reg  |   1|   0|    1|          0|
    |i_1_fu_54                         |  32|   0|   32|          0|
    |icmp_ln55_reg_286                 |   1|   0|    1|          0|
    |partial_sums_1_fu_66              |  32|   0|   32|          0|
    |partial_sums_2_fu_62              |  32|   0|   32|          0|
    |partial_sums_3_fu_58              |  32|   0|   32|          0|
    |partial_sums_fu_70                |  32|   0|   32|          0|
    |trunc_ln55_reg_290                |   2|   0|    2|          0|
    |trunc_ln57_reg_295                |  32|   0|   32|          0|
    |icmp_ln55_reg_286                 |  64|  32|    1|          0|
    |trunc_ln55_reg_290                |  64|  32|    2|          0|
    +----------------------------------+----+----+-----+-----------+
    |Total                             | 332|  64|  207|          0|
    +----------------------------------+----+----+-----+-----------+



================================================================
== Interface
================================================================
* Summary: 
+--------------------------------+-----+-----+------------+-----------------------------------------+--------------+
|            RTL Ports           | Dir | Bits|  Protocol  |              Source Object              |    C Type    |
+--------------------------------+-----+-----+------------+-----------------------------------------+--------------+
|ap_clk                          |   in|    1|  ap_ctrl_hs|  pageRankReduce_Pipeline_VITIS_LOOP_55_3|  return value|
|ap_rst                          |   in|    1|  ap_ctrl_hs|  pageRankReduce_Pipeline_VITIS_LOOP_55_3|  return value|
|ap_start                        |   in|    1|  ap_ctrl_hs|  pageRankReduce_Pipeline_VITIS_LOOP_55_3|  return value|
|ap_done                         |  out|    1|  ap_ctrl_hs|  pageRankReduce_Pipeline_VITIS_LOOP_55_3|  return value|
|ap_idle                         |  out|    1|  ap_ctrl_hs|  pageRankReduce_Pipeline_VITIS_LOOP_55_3|  return value|
|ap_ready                        |  out|    1|  ap_ctrl_hs|  pageRankReduce_Pipeline_VITIS_LOOP_55_3|  return value|
|taskIn_TVALID                   |   in|    1|        axis|                                   taskIn|       pointer|
|taskIn_TDATA                    |   in|  512|        axis|                                   taskIn|       pointer|
|taskIn_TREADY                   |  out|    1|        axis|                                   taskIn|       pointer|
|base_task_vertex_count4         |   in|   32|     ap_none|                  base_task_vertex_count4|        scalar|
|partial_sums_load_out           |  out|   32|      ap_vld|                    partial_sums_load_out|       pointer|
|partial_sums_load_out_ap_vld    |  out|    1|      ap_vld|                    partial_sums_load_out|       pointer|
|partial_sums_1_load_out         |  out|   32|      ap_vld|                  partial_sums_1_load_out|       pointer|
|partial_sums_1_load_out_ap_vld  |  out|    1|      ap_vld|                  partial_sums_1_load_out|       pointer|
|partial_sums_2_load_out         |  out|   32|      ap_vld|                  partial_sums_2_load_out|       pointer|
|partial_sums_2_load_out_ap_vld  |  out|    1|      ap_vld|                  partial_sums_2_load_out|       pointer|
|partial_sums_3_load_out         |  out|   32|      ap_vld|                  partial_sums_3_load_out|       pointer|
|partial_sums_3_load_out_ap_vld  |  out|    1|      ap_vld|                  partial_sums_3_load_out|       pointer|
+--------------------------------+-----+-----+------------+-----------------------------------------+--------------+

