

================================================================
== Vitis HLS Report for 'pageRankReduce_Pipeline_VITIS_LOOP_62_4'
================================================================
* Date:           Thu Aug 14 16:12:00 2025

* Version:        2024.1 (Build 5069499 on May 21 2024)
* Project:        pageRankReduce
* Solution:       hls (Vivado IP Flow Target)
* Product family: virtexuplusHBM
* Target device:  xcu55c-fsvh2892-2LV-e


================================================================
== Performance Estimates
================================================================
+ Timing: 
    * Summary: 
    +--------+---------+----------+------------+
    |  Clock |  Target | Estimated| Uncertainty|
    +--------+---------+----------+------------+
    |ap_clk  |  4.00 ns|  2.729 ns|     1.08 ns|
    +--------+---------+----------+------------+

+ Latency: 
    * Summary: 
    +---------+---------+----------+----------+-----+-----+-----------------------------------------------+
    |  Latency (cycles) |  Latency (absolute) |  Interval |                    Pipeline                   |
    |   min   |   max   |    min   |    max   | min | max |                      Type                     |
    +---------+---------+----------+----------+-----+-----+-----------------------------------------------+
    |       27|       27|  0.108 us|  0.108 us|   26|   26|  loop auto-rewind stp(delay=0 clock cycles(s))|
    +---------+---------+----------+----------+-----+-----+-----------------------------------------------+

    + Detail: 
        * Instance: 
        N/A

        * Loop: 
        +-------------------+---------+---------+----------+-----------+-----------+------+----------+
        |                   |  Latency (cycles) | Iteration|  Initiation Interval  | Trip |          |
        |     Loop Name     |   min   |   max   |  Latency |  achieved |   target  | Count| Pipelined|
        +-------------------+---------+---------+----------+-----------+-----------+------+----------+
        |- VITIS_LOOP_62_4  |       25|       25|         8|          6|          1|     4|       yes|
        +-------------------+---------+---------+----------+-----------+-----------+------+----------+



================================================================
== Utilization Estimates
================================================================
* Summary: 
+---------------------+---------+------+---------+---------+-----+
|         Name        | BRAM_18K|  DSP |    FF   |   LUT   | URAM|
+---------------------+---------+------+---------+---------+-----+
|DSP                  |        -|     -|        -|        -|    -|
|Expression           |        -|     -|        0|       24|    -|
|FIFO                 |        -|     -|        -|        -|    -|
|Instance             |        -|     2|      318|      218|    -|
|Memory               |        -|     -|        -|        -|    -|
|Multiplexer          |        -|     -|        0|      109|    -|
|Register             |        -|     -|       77|        -|    -|
+---------------------+---------+------+---------+---------+-----+
|Total                |        0|     2|      395|      351|    0|
+---------------------+---------+------+---------+---------+-----+
|Available SLR        |     1344|  3008|   869120|   434560|  320|
+---------------------+---------+------+---------+---------+-----+
|Utilization SLR (%)  |        0|    ~0|       ~0|       ~0|    0|
+---------------------+---------+------+---------+---------+-----+
|Available            |     4032|  9024|  2607360|  1303680|  960|
+---------------------+---------+------+---------+---------+-----+
|Utilization (%)      |        0|    ~0|       ~0|       ~0|    0|
+---------------------+---------+------+---------+---------+-----+

+ Detail: 
    * Instance: 
    +------------------------------------+--------------------------------+---------+----+-----+-----+-----+
    |              Instance              |             Module             | BRAM_18K| DSP|  FF | LUT | URAM|
    +------------------------------------+--------------------------------+---------+----+-----+-----+-----+
    |fadd_32ns_32ns_32_7_full_dsp_1_U16  |fadd_32ns_32ns_32_7_full_dsp_1  |        0|   2|  318|  198|    0|
    |sparsemux_9_2_32_1_1_U17            |sparsemux_9_2_32_1_1            |        0|   0|    0|   20|    0|
    +------------------------------------+--------------------------------+---------+----+-----+-----+-----+
    |Total                               |                                |        0|   2|  318|  218|    0|
    +------------------------------------+--------------------------------+---------+----+-----+-----+-----+

    * DSP: 
    N/A

    * Memory: 
    N/A

    * FIFO: 
    N/A

    * Expression: 
    +---------------------+----------+----+---+----+------------+------------+
    |    Variable Name    | Operation| DSP| FF| LUT| Bitwidth P0| Bitwidth P1|
    +---------------------+----------+----+---+----+------------+------------+
    |add_ln62_fu_114_p2   |         +|   0|  0|  10|           3|           1|
    |icmp_ln62_fu_108_p2  |      icmp|   0|  0|  12|           3|           4|
    |ap_enable_pp0        |       xor|   0|  0|   2|           1|           2|
    +---------------------+----------+----+---+----+------------+------------+
    |Total                |          |   0|  0|  24|           7|           7|
    +---------------------+----------+----+---+----+------------+------------+

    * Multiplexer: 
    +-----------------------------+----+-----------+-----+-----------+
    |             Name            | LUT| Input Size| Bits| Total Bits|
    +-----------------------------+----+-----------+-----+-----------+
    |ap_NS_fsm                    |  37|          7|    1|          7|
    |ap_done_int                  |   9|          2|    1|          2|
    |ap_enable_reg_pp0_iter0      |   9|          2|    1|          2|
    |ap_enable_reg_pp0_iter0_reg  |   9|          2|    1|          2|
    |ap_enable_reg_pp0_iter1      |   9|          2|    1|          2|
    |ap_sig_allocacmp_i_1         |   9|          2|    3|          6|
    |ap_sig_allocacmp_sum_load    |   9|          2|   32|         64|
    |i_fu_56                      |   9|          2|    3|          6|
    |sum_fu_52                    |   9|          2|   32|         64|
    +-----------------------------+----+-----------+-----+-----------+
    |Total                        | 109|         23|   75|        155|
    +-----------------------------+----+-----------+-----+-----------+

    * Register: 
    +-----------------------------+----+----+-----+-----------+
    |             Name            | FF | LUT| Bits| Const Bits|
    +-----------------------------+----+----+-----+-----------+
    |ap_CS_fsm                    |   6|   0|    6|          0|
    |ap_done_reg                  |   1|   0|    1|          0|
    |ap_enable_reg_pp0_iter0_reg  |   1|   0|    1|          0|
    |ap_enable_reg_pp0_iter1      |   1|   0|    1|          0|
    |i_fu_56                      |   3|   0|    3|          0|
    |icmp_ln62_reg_181            |   1|   0|    1|          0|
    |sum_fu_52                    |  32|   0|   32|          0|
    |tmp_3_reg_185                |  32|   0|   32|          0|
    +-----------------------------+----+----+-----+-----------+
    |Total                        |  77|   0|   77|          0|
    +-----------------------------+----+----+-----+-----------+



================================================================
== Interface
================================================================
* Summary: 
+----------------------------+-----+-----+------------+-----------------------------------------+--------------+
|          RTL Ports         | Dir | Bits|  Protocol  |              Source Object              |    C Type    |
+----------------------------+-----+-----+------------+-----------------------------------------+--------------+
|ap_clk                      |   in|    1|  ap_ctrl_hs|  pageRankReduce_Pipeline_VITIS_LOOP_62_4|  return value|
|ap_rst                      |   in|    1|  ap_ctrl_hs|  pageRankReduce_Pipeline_VITIS_LOOP_62_4|  return value|
|ap_start                    |   in|    1|  ap_ctrl_hs|  pageRankReduce_Pipeline_VITIS_LOOP_62_4|  return value|
|ap_done                     |  out|    1|  ap_ctrl_hs|  pageRankReduce_Pipeline_VITIS_LOOP_62_4|  return value|
|ap_idle                     |  out|    1|  ap_ctrl_hs|  pageRankReduce_Pipeline_VITIS_LOOP_62_4|  return value|
|ap_ready                    |  out|    1|  ap_ctrl_hs|  pageRankReduce_Pipeline_VITIS_LOOP_62_4|  return value|
|partial_sums_load_reload    |   in|   32|     ap_none|                 partial_sums_load_reload|        scalar|
|partial_sums_1_load_reload  |   in|   32|     ap_none|               partial_sums_1_load_reload|        scalar|
|partial_sums_2_load_reload  |   in|   32|     ap_none|               partial_sums_2_load_reload|        scalar|
|partial_sums_3_load_reload  |   in|   32|     ap_none|               partial_sums_3_load_reload|        scalar|
|sum_out                     |  out|   32|      ap_vld|                                  sum_out|       pointer|
|sum_out_ap_vld              |  out|    1|      ap_vld|                                  sum_out|       pointer|
+----------------------------+-----+-----+------------+-----------------------------------------+--------------+

